  M=6 s=1.000 |I|=3 a=0.000: T~ - T_eps at nu = 0.0
  M=4 s=0.911 |I|=2 a=0.098: T~ - T_eps at nu = 0.0
  M=4 s=1.000 |I|=1 a=0.000: T~ - T_eps at nu = 0.0
  M=5 s=0.978 |I|=2 a=0.023: T~ - T_eps at nu = 0.0
  M=5 s=1.000 |I|=3 a=0.000: T~ - T_eps at nu = 0.0
  M=5 s=0.889 |I|=1 a=0.000: T~ - T_eps at nu = 0.0
  M=5 s=1.000 |I|=1 a=0.000: T~ - T_eps at nu = 0.0
  M=4 s=0.483 |I|=2 a=1.071: T~ - T_eps at nu = 0.0
  M=4 s=1.000 |I|=2 a=0.000: T~ - T_eps at nu = 0.0
  M=5 s=0.414 |I|=2 a=0.000: T~ - T_eps at nu = 0.0
  M=3 s=1.000 |I|=2 a=0.000: T~ - T_eps at nu = 0.0
  M=3 s=0.444 |I|=1 a=1.252: T~ - T_eps at nu = 0.0
(1) T_eps <= T~ near nu: violations 0/60;  (2) max |d_x T~ - i d_y T~ - f_0(nu_k)| = 1.55e-48
(3) M=4 m=2 s=1.0 n=2: r=0.01: D=7.46126e-5 lead=7.4627e-5 |D-lead|/r^(2n)=1.439 | r=0.001: D=5.40885e-7 lead=5.40886e-7 |D-lead|/r^(2n)=1.224 | r=0.0001: D=-2.0827e-8 lead=-2.0827e-8 |D-lead|/r^(2n)=0.07616
(3) M=4 m=3 s=0.7 n=2: r=0.01: D=0.000151044 lead=0.000151029 |D-lead|/r^(2n)=1.479 | r=0.001: D=-1.77456e-6 lead=-1.77456e-6 |D-lead|/r^(2n)=1.075 | r=0.0001: D=-4.06376e-9 lead=-4.06376e-9 |D-lead|/r^(2n)=1.456
(3) M=4 m=3 s=0.7 n=3: r=0.01: D=3.13165e-6 lead=3.13165e-6 |D-lead|/r^(2n)=0.8888 | r=0.001: D=-3.42401e-9 lead=-3.42401e-9 |D-lead|/r^(2n)=0.3791 | r=0.0001: D=3.60027e-12 lead=3.60027e-12 |D-lead|/r^(2n)=0.1347
(3) M=5 m=3 s=1.0 n=2: r=0.01: D=0.000202905 lead=0.000202908 |D-lead|/r^(2n)=0.3417 | r=0.001: D=-2.06759e-6 lead=-2.06759e-6 |D-lead|/r^(2n)=1.219 | r=0.0001: D=-1.64755e-8 lead=-1.64755e-8 |D-lead|/r^(2n)=1.704
(3) M=5 m=3 s=1.0 n=3: r=0.01: D=2.81437e-6 lead=2.81437e-6 |D-lead|/r^(2n)=0.8254 | r=0.001: D=-5.91812e-10 lead=-5.91812e-10 |D-lead|/r^(2n)=0.2969 | r=0.0001: D=3.56082e-12 lead=3.56082e-12 |D-lead|/r^(2n)=0.3874
(3) M=6 m=4 s=0.8 n=2: r=0.01: D=-0.000307826 lead=-0.000307829 |D-lead|/r^(2n)=0.3094 | r=0.001: D=1.36299e-6 lead=1.36299e-6 |D-lead|/r^(2n)=1.411 | r=0.0001: D=2.67805e-8 lead=2.67805e-8 |D-lead|/r^(2n)=2.033
(3) M=6 m=4 s=0.8 n=3: r=0.01: D=-1.64204e-6 lead=-1.64204e-6 |D-lead|/r^(2n)=0.5347 | r=0.001: D=-1.5361e-10 lead=-1.5361e-10 |D-lead|/r^(2n)=0.04743 | r=0.0001: D=2.56437e-12 lead=2.56437e-12 |D-lead|/r^(2n)=0.5201
(3) M=6 m=4 s=0.8 n=4: r=0.01: D=1.14462e-8 lead=1.14462e-8 |D-lead|/r^(2n)=0.1365 | r=0.001: D=-3.16798e-12 lead=-3.16798e-12 |D-lead|/r^(2n)=0.04213 | r=0.0001: D=3.12308e-16 lead=3.12308e-16 |D-lead|/r^(2n)=0.03684
(4) interior local minima found: 0; with mixed-sign quantiles: 0; min T there = 1.000e+09
