rv_03_lemma6_A.log J 2 newton zero (3.7558886219008424e-09-2.967551796524178j) -> 50-digit root (-1.00026791425e-69 - 2.9675517953j) | r_- sign change within 1e-5: True
rv_03_lemma6_A.log J 8 newton zero (1.0367209922600032e-09-3.336256110280683j) -> 50-digit root (0.0 - 3.33625611008j) | r_- sign change within 1e-5: True
rv_03_lemma6_A.log J 1 newton zero (1.3555016530626804e-08-1.8201137130072267j) -> 50-digit root (0.0 - 1.8201137034j) | r_- sign change within 1e-5: True
rv_03_lemma6_A.log J 1 newton zero (9.3597443534363e-09-1.2355939534223441j) -> 50-digit root (2.20131364293e-134 - 1.23559391372j) | r_- sign change within 1e-5: True
rv_03_lemma6_A.log J 4 newton zero (4.08166420401643e-09-0.7699449380742049j) -> 50-digit root (1.88324520276e-79 - 0.7699449224j) | r_- sign change within 1e-5: True
rv_03_lemma6_A.log J 6 newton zero (6.942879838235595e-08-1.7703645738359968j) -> 50-digit root (3.43364999057e-54 - 1.7703645969j) | r_- sign change within 1e-5: True
rv_03_lemma6_A.log J 5 newton zero (5.391427038149e-09-2.961604213468164j) -> 50-digit root (0.0 - 2.96160418692j) | r_- sign change within 1e-5: True
rv_03_lemma6_A.log J 4 newton zero (8.293782200773157e-09-1.913866284822676j) -> 50-digit root (-2.88530581806e-129 - 1.91386629053j) | r_- sign change within 1e-5: True
rv_03_lemma6_B.log J 8 newton zero (1.0215533020462454e-09-5.041672495246604j) -> 50-digit root (-2.81768146295e-132 - 5.04167249405j) | r_- sign change within 1e-5: True
rv_03_lemma6_B.log J 2 newton zero (1.2465821784959712e-09-4.278284599764638j) -> 50-digit root (1.15581123628e-63 - 4.27828463845j) | r_- sign change within 1e-5: True
rv_03_lemma6_B.log J 6 newton zero (1.1766506606881197e-09-7.658015518491464j) -> 50-digit root (-1.14335844658e-67 - 7.65801551826j) | r_- sign change within 1e-5: True
rv_03_lemma6_B.log J 7 newton zero (6.8821974335804906e-09-5.8481838636959536j) -> 50-digit root (-5.50328410732e-135 - 5.84818386801j) | r_- sign change within 1e-5: True
rv_03_lemma6_B.log J 6 newton zero (6.881308834009233e-09-8.491704637931972j) -> 50-digit root (-2.42036994678e-122 - 8.49170463149j) | r_- sign change within 1e-5: True
rv_03_lemma6_B.log J 3 newton zero (1.1447400661938889e-08-7.121409452641169j) -> 50-digit root (0.0 - 7.12140945681j) | r_- sign change within 1e-5: True
rv_03_lemma6_B.log J 8 newton zero (1.8653667136923815e-08-7.192391328120558j) -> 50-digit root (-5.74718282713e-64 - 7.19239137086j) | r_- sign change within 1e-5: True
rv_03_lemma6_C.log J 1 newton zero (1.5654249151206973e-07-1.9728831102148836j) -> 50-digit root (5.7199359383e-64 - 1.97288404876j) | r_- sign change within 1e-5: True
rv_03_lemma6_C.log J 1 newton zero (3.643938311855032e-08-1.972883841892682j) -> 50-digit root (7.66299410189e-61 - 1.97288404876j) | r_- sign change within 1e-5: True
rv_03_lemma6_C.log J 5 newton zero (1.2463440248388843e-09-2.1008754508917837j) -> 50-digit root (8.0292927651e-62 - 2.10087545162j) | r_- sign change within 1e-5: True
rv_03_lemma6_C.log J 8 newton zero (1.1813386022446054e-09-0.6986205244370037j) -> 50-digit root (-1.13911737586e-59 - 0.69862052453j) | r_- sign change within 1e-5: True
rv_03_lemma6_C.log J 4 newton zero (1.4311366732585196e-08-2.629311178107146j) -> 50-digit root (-2.4784588255e-119 - 2.6293111751j) | r_- sign change within 1e-5: True
rv_03_lemma6_C.log J 8 newton zero (1.6293835414273581e-09-0.7529147003612855j) -> 50-digit root (0.0 - 0.752914701816j) | r_- sign change within 1e-5: True
rv_03_lemma6_C.log J 2 newton zero (2.3118267465404077e-09-2.6693389039714295j) -> 50-digit root (0.0 - 2.66933889309j) | r_- sign change within 1e-5: True
rv_03_lemma6_C.log J 8 newton zero (5.048295946232699e-09-1.0436655616453374j) -> 50-digit root (-1.23483454864e-59 - 1.04366555566j) | r_- sign change within 1e-5: True
rv_03_lemma6_C.log J 3 newton zero (7.415278979400002e-08-3.2684973755775366j) -> 50-digit root (-7.04420365737e-133 - 3.26849738418j) | r_- sign change within 1e-5: True
