rv_07_worst_allM5_M5_g300_s14_abs.npy          double -2.823e-09   50-digit 4.16365e-11
rv_07_worst_allM5_M5_g300_s14_ratio.npy        double  7.305e+00   50-digit -
rv_07_worst_allM5_M5_g30_s14_abs.npy           double -2.657e-11   50-digit 4.16019e-12
rv_07_worst_allM5_M5_g30_s14_ratio.npy         double  3.053e+00   50-digit -
rv_07_worst_allM5_M5_g3_s14_abs.npy            double -9.592e-14   50-digit 1.48663e-14
rv_07_worst_allM5_M5_g3_s14_ratio.npy          double  7.441e-01   50-digit -
rv_07_worst_rank1_M3_g25_s1_abs.npy            double -3.482e-13   50-digit 3.19869e-15
rv_07_worst_rank1_M3_g25_s1_ratio.npy          double  3.870e+00   50-digit -
rv_07_worst_rank1_M3_g300_s11_abs.npy          double -4.572e-10   50-digit 1.68934e-11
rv_07_worst_rank1_M3_g300_s11_ratio.npy        double  9.919e+00   50-digit -
rv_07_worst_rank1_M3_g30_s11_abs.npy           double -6.416e-12   50-digit 2.81784e-14
rv_07_worst_rank1_M3_g30_s11_ratio.npy         double  2.138e+00   50-digit -
rv_07_worst_rank1_M3_g3_s11_abs.npy            double -2.576e-14   50-digit 4.65418e-15
rv_07_worst_rank1_M3_g3_s11_ratio.npy          double  6.262e-01   50-digit -
rv_07_worst_rank1_M4_g300_s11_abs.npy          double -1.084e-09   50-digit 2.92827e-12
rv_07_worst_rank1_M4_g300_s11_ratio.npy        double  1.030e+01   50-digit -
rv_07_worst_rank1_M4_g30_s11_abs.npy           double -7.574e-12   50-digit 3.38798e-14
rv_07_worst_rank1_M4_g30_s11_ratio.npy         double  1.544e+00   50-digit -
rv_07_worst_rank1_M4_g3_s11_abs.npy            double -3.908e-14   50-digit 1.02447e-15
rv_07_worst_rank1_M4_g3_s11_ratio.npy          double  4.479e-01   50-digit -
rv_07_worst_rank1_M5_g300_s12_abs.npy          double -1.954e-09   50-digit 1.61722e-11
rv_07_worst_rank1_M5_g300_s12_ratio.npy        double  2.262e+00   50-digit -
rv_07_worst_rank1_M5_g30_s12_abs.npy           double -1.563e-11   50-digit 2.83898e-13
rv_07_worst_rank1_M5_g30_s12_ratio.npy         double  2.090e+00   50-digit -
rv_07_worst_rank1_M5_g3_s12_abs.npy            double -2.309e-14   50-digit 1.96801e-15
rv_07_worst_rank1_M5_g3_s12_ratio.npy          double  5.086e-01   50-digit -
rv_07_worst_rank1_M6_g300_s12_abs.npy          double -2.432e-09   50-digit 1.4039e-10
rv_07_worst_rank1_M6_g300_s12_ratio.npy        double  2.299e+00   50-digit -
rv_07_worst_rank1_M6_g30_s12_abs.npy           double -1.282e-11   50-digit 1.80148e-13
rv_07_worst_rank1_M6_g30_s12_ratio.npy         double  4.015e+00   50-digit -
rv_07_worst_rank1_M6_g3_s12_abs.npy            double -1.643e-14   50-digit 4.3223e-16
rv_07_worst_rank1_M6_g3_s12_ratio.npy          double  7.025e-01   50-digit -
rv_07_worst_rank1_M7_g300_s13_abs.npy          double -1.405e-09   50-digit 8.50941e-11
rv_07_worst_rank1_M7_g300_s13_ratio.npy        double  1.178e+01   50-digit -
rv_07_worst_rank1_M7_g30_s13_abs.npy           double -1.108e-11   50-digit 3.01578e-12
rv_07_worst_rank1_M7_g30_s13_ratio.npy         double  3.514e+00   50-digit -
rv_07_worst_rank1_M7_g3_s13_abs.npy            double -1.030e-13   50-digit 3.08787e-14
rv_07_worst_rank1_M7_g3_s13_ratio.npy          double  1.153e+00   50-digit -
rv_07_worst_rank1_M8_g300_s13_abs.npy          double -3.030e-09   50-digit 2.54623e-10
rv_07_worst_rank1_M8_g300_s13_ratio.npy        double  1.034e+01   50-digit -
rv_07_worst_rank1_M8_g30_s13_abs.npy           double -4.457e-11   50-digit 3.62857e-12
rv_07_worst_rank1_M8_g30_s13_ratio.npy         double  2.765e+00   50-digit -
rv_07_worst_rank1_M8_g3_s13_abs.npy            double -2.487e-14   50-digit 2.57415e-15
rv_07_worst_rank1_M8_g3_s13_ratio.npy          double  6.576e-01   50-digit -
rv_09_worst_M2_g300_s21_abs.npy                double -4.633e-11   50-digit 2.53607e-12
rv_09_worst_M2_g300_s21_rel.npy                double -6.904e-11   50-digit 6.5362e-13
rv_09_worst_M2_g30_s21_abs.npy                 double -5.045e-13   50-digit 6.36663e-14
rv_09_worst_M2_g30_s21_rel.npy                 double -7.868e-13   50-digit 1.05254e-14
rv_09_worst_M2_g3_s21_abs.npy                  double  1.036e-11   50-digit 1.03681e-11
rv_09_worst_M2_g3_s21_rel.npy                  double  1.285e-07   50-digit -
rv_09_worst_M3_g300_s21_abs.npy                double -4.701e-10   50-digit 4.86686e-11
rv_09_worst_M3_g300_s21_rel.npy                double -4.340e-10   50-digit 6.3236e-12
rv_09_worst_M3_g30_s21_abs.npy                 double -5.940e-12   50-digit 5.37898e-14
rv_09_worst_M3_g30_s21_rel.npy                 double -6.111e-12   50-digit 9.6277e-15
rv_09_worst_M3_g3_s21_abs.npy                  double  1.877e-11   50-digit 1.87814e-11
rv_09_worst_M3_g3_s21_rel.npy                  double  9.532e-11   50-digit 9.53325e-11
rv_09_worst_M4_g300_s21_abs.npy                double -5.724e-10   50-digit 3.8995e-11
rv_09_worst_M4_g300_s21_rel.npy                double -7.991e-10   50-digit 6.35439e-11
rv_09_worst_M4_g30_s21_abs.npy                 double -9.237e-12   50-digit 7.71685e-13
rv_09_worst_M4_g30_s21_rel.npy                 double -1.057e-11   50-digit 6.62091e-13
rv_09_worst_M4_g3_s21_abs.npy                  double  8.628e-11   50-digit 8.62822e-11
rv_09_worst_M4_g3_s21_rel.npy                  double  2.791e-10   50-digit 2.79189e-10
rv_09_worst_M5_g300_s21_abs.npy                double -2.089e-09   50-digit 5.96672e-11
rv_09_worst_M5_g300_s21_rel.npy                double -1.788e-09   50-digit 2.4429e-11
rv_09_worst_M5_g30_s21_abs.npy                 double -1.334e-11   50-digit 9.6522e-13
rv_09_worst_M5_g30_s21_rel.npy                 double -1.377e-11   50-digit 7.95119e-13
rv_09_worst_M5_g3_s21_abs.npy                  double  1.005e-12   50-digit 1.09687e-12
rv_09_worst_M5_g3_s21_rel.npy                  double  2.323e-12   50-digit 2.45784e-12
rv_09_worst_M6_g300_s21_abs.npy                double -2.385e-09   50-digit 6.39748e-11
rv_09_worst_M6_g300_s21_rel.npy                double -2.283e-09   50-digit 1.31756e-10
rv_09_worst_M6_g30_s21_abs.npy                 double -1.711e-11   50-digit 4.54499e-12
rv_09_worst_M6_g30_s21_rel.npy                 double -1.949e-11   50-digit 1.68851e-12
rv_09_worst_M6_g3_s21_abs.npy                  double  1.157e-09   50-digit -
rv_09_worst_M6_g3_s21_rel.npy                  double  2.949e-10   50-digit 2.94878e-10
rv_11_worst_M3_g300_s31_x0.02_s1.npy           double  3.203e-02   50-digit -
rv_11_worst_M3_g300_s31_x0.02_sub.npy          double  4.592e-02   50-digit -
rv_11_worst_M3_g300_s31_x0.1_s1.npy            double  4.675e-01   50-digit -
rv_11_worst_M3_g300_s31_x0.1_sub.npy           double  2.818e-10   50-digit 3.93233e-10
rv_11_worst_M3_g30_s1_s1.npy                   double -3.553e-12   50-digit 8.13541e-13
rv_11_worst_M3_g30_s1_sub.npy                  double -1.208e-12   50-digit 9.22236e-15
rv_11_worst_M3_g30_s1_x0.02_s1.npy             double  1.364e-02   50-digit -
rv_11_worst_M3_g30_s1_x0.02_sub.npy            double  1.302e-02   50-digit -
rv_11_worst_M3_g30_s31_x0.02_s1.npy            double  9.459e-03   50-digit -
rv_11_worst_M3_g30_s31_x0.02_sub.npy           double  1.204e-02   50-digit -
rv_11_worst_M3_g30_s31_x0.1_s1.npy             double  6.333e-02   50-digit -
rv_11_worst_M3_g30_s31_x0.1_sub.npy            double  1.461e-01   50-digit -
rv_11_worst_M3_g3_s31_x0.02_s1.npy             double  9.686e-03   50-digit -
rv_11_worst_M3_g3_s31_x0.02_sub.npy            double  7.424e-03   50-digit -
rv_11_worst_M3_g3_s31_x0.1_s1.npy              double  5.026e-02   50-digit -
rv_11_worst_M3_g3_s31_x0.1_sub.npy             double  2.571e-02   50-digit -
rv_11_worst_M4_g300_s31_x0.02_s1.npy           double  1.322e-01   50-digit -
rv_11_worst_M4_g300_s31_x0.02_sub.npy          double -1.808e-11   50-digit 1.4513e-10
rv_11_worst_M4_g300_s31_x0.1_s1.npy            double  1.493e+00   50-digit -
rv_11_worst_M4_g300_s31_x0.1_sub.npy           double -1.536e-10   50-digit 9.68676e-11
rv_11_worst_M4_g30_s31_x0.02_s1.npy            double  2.201e-02   50-digit -
rv_11_worst_M4_g30_s31_x0.02_sub.npy           double  2.347e-02   50-digit -
rv_11_worst_M4_g30_s31_x0.1_s1.npy             double  2.045e-01   50-digit -
rv_11_worst_M4_g30_s31_x0.1_sub.npy            double  1.846e-01   50-digit -
rv_11_worst_M4_g3_s31_x0.02_s1.npy             double  1.335e-02   50-digit -
rv_11_worst_M4_g3_s31_x0.02_sub.npy            double  1.586e-02   50-digit -
rv_11_worst_M4_g3_s31_x0.1_s1.npy              double  7.110e-02   50-digit -
rv_11_worst_M4_g3_s31_x0.1_sub.npy             double  6.890e-02   50-digit -
rv_11_worst_M5_g30_s31_x0.02_s1.npy            double  3.712e-02   50-digit -
rv_11_worst_M5_g30_s31_x0.02_sub.npy           double  8.164e-02   50-digit -
rv_11_worst_M5_g30_s31_x0.1_s1.npy             double  6.440e-01   50-digit -
rv_11_worst_M5_g3_s31_x0.02_s1.npy             double  1.664e-02   50-digit -
rv_11_worst_M5_g3_s31_x0.02_sub.npy            double  2.281e-02   50-digit -
rv_11_worst_M5_g3_s31_x0.1_s1.npy              double  1.113e-01   50-digit -
rv_11_worst_M5_g3_s31_x0.1_sub.npy             double  1.726e-01   50-digit -
points with NEGATIVE 50-digit value: 0 of 109
