A competitor projectors and behaviour (exact, own Q(sqrt2)), d = 3..12: True  (3s)
  B [even (q = CHSH)]: f_c(q) < 0 on [0,1/3]: True; f_c(n) > 0 on (0,1/3]: True; G_F >= 0 for all 1116 facets: True (8 identically 0); v* = closed form d=3..60: True
  B [odd (q = (1-t) CHSH + t delta_0000)]: f_c(q) < 0 on [0,1/3]: True; f_c(n) > 0 on (0,1/3]: True; G_F >= 0 for all 1116 facets: True (8 identically 0); v* = closed form d=3..60: True
B Prop. 5 by root isolation (own facet list, all t in [0,1/3]): True  (177s)
  C d= 3 [odd ]: exact local model at v* = 0.762974279322: True
  C d= 3 [even(Phi_2)]: exact local model at v* = 0.682132773235: True
  C d= 4 [even]: exact local model at v* = 0.644211701564: True; lifted to full 4-outcome model, exact: True
  C d= 5 [odd ]: exact local model at v* = 0.658862678520: True; lifted to full 5-outcome model, exact: True
  C d= 5 [even(Phi_2)]: exact local model at v* = 0.607087617578: True; lifted to full 5-outcome model, exact: True
  C d= 6 [even]: exact local model at v* = 0.572874043197: True
  C d= 7 [odd ]: exact local model at v* = 0.579752581421: True
  C d= 7 [even(Phi_2)]: exact local model at v* = 0.541803962018: True
  C d= 8 [even]: exact local model at v* = 0.513670345675: True
  C d= 9 [odd ]: exact local model at v* = 0.517603563835: True
  C d= 9 [even(Phi_2)]: exact local model at v* = 0.488167293505: True
  C d=10 [even]: exact local model at v* = 0.464987979410: True
  C d=11 [odd ]: exact local model at v* = 0.467489102303: True
  C d=11 [even(Phi_2)]: exact local model at v* = 0.443853423788: True
  C d=12 [even]: exact local model at v* = 0.424518846314: True
  C d=13 [odd ]: exact local model at v* = 0.426222199391: True
  C d=13 [even(Phi_2)]: exact local model at v* = 0.406772449283: True
  C d=14 [even]: exact local model at v* = 0.390431842336: True
  C d=15 [odd ]: exact local model at v* = 0.391649889794: True
  C d=15 [even(Phi_2)]: exact local model at v* = 0.375340022368: True
  C d=16 [even]: exact local model at v* = 0.361361599012: True
  C d=17 [odd ]: exact local model at v* = 0.362265335553: True
  C d=17 [even(Phi_2)]: exact local model at v* = 0.348379481087: True
  C d=18 [even]: exact local model at v* = 0.336292053555: True
  C d=19 [odd ]: exact local model at v* = 0.336982355614: True
  C d=19 [even(Phi_2)]: exact local model at v* = 0.325010805682: True
  C d=20 [even]: exact local model at v* = 0.314458350213: True
  C d=21 [odd ]: exact local model at v* = 0.314998211196: True
  C d=21 [even(Phi_2)]: exact local model at v* = 0.304566772014: True
  C d=22 [even]: exact local model at v* = 0.295276250492: True
  C d=23 [odd ]: exact local model at v* = 0.295706811676: True
  C d=23 [even(Phi_2)]: exact local model at v* = 0.286533908055: True
  C d=24 [even]: exact local model at v* = 0.278292844791: True
C explicit exact local models at v*, d = 3..24: True  (178s)
RESULT: PASS
exit=0
