rc01 RI: L(H) vs R(H) at dps 40  (L by exact-branch-point piecewise quadrature, err = |GL - TS|)
  rand_M2_r1                     M=2 r=1 #bp= 2 pairs/piece=[0, 1, 0]  L=1.724873734152916335402955  R=1.724873734152916335402955  |L-R|=2.3e-41 rel=1.33e-41 quad-err=0.0  (1s)
  rand_M3_r1                     M=3 r=1 #bp= 2 pairs/piece=[0, 1, 0]  L=1.324971104760059509007145  R=1.324971104760059509007145  |L-R|=3.3e-30 rel=2.49e-30 quad-err=3.3e-30  (3s)
  rand_M3_r2                     M=3 r=2 #bp= 2 pairs/piece=[0, 1, 0]  L=1.13724469247378841885653  R=1.13724469247378841885653  |L-R|=2.3e-41 rel=2.02e-41 quad-err=0.0  (2s)
  rand_M4_r2                     M=4 r=2 #bp= 2 pairs/piece=[0, 1, 1, 1, 0]  L=1.705648238420791056144253  R=1.705648238420791056144253  |L-R|=2.76e-40 rel=1.62e-40 quad-err=0.0  (16s)
  rand_M5_r2                     M=5 r=2 #bp= 4 pairs/piece=[0, 1, 2, 1, 0]  L=3.377175665413701975766167  R=3.377175665413701975766167  |L-R|=5.05e-40 rel=1.5e-40 quad-err=0.0  (17s)
  rand_M5_r3                     M=5 r=3 #bp= 4 pairs/piece=[0, 1, 1, 2, 2, 1, 0]  L=2.788514609759876246899693  R=2.788514609759876246899693  |L-R|=4.59e-41 rel=1.65e-41 quad-err=0.0  (46s)
  rand_M6_r3                     M=6 r=3 #bp= 6 pairs/piece=[0, 1, 2, 3, 3, 2, 1, 0, 0]  L=2.077492629969746403909887  R=2.077492629969746403909887  |L-R|=7.35e-40 rel=3.54e-40 quad-err=0.0  (61s)
  rank1B_M7                      M=7 r=1 #bp= 2 pairs/piece=[0, 1, 1, 0]  L=2.684987086468528125410327  R=2.684987086468528125410327  |L-R|=9.18e-40 rel=3.42e-40 quad-err=0.0  (52s)
  corank1_M7                     M=7 r=6 #bp= 2 pairs/piece=[0, 1, 0]  L=3.924989381646092427973998  R=3.924989381646092427973998  |L-R|=9.02e-35 rel=2.3e-35 quad-err=9.02e-35  (29s)
  degenH_222m1m10_M6             M=6 r=3 #bp= 7 pairs/piece=[0, 1, 2, 1, 1, 2, 1, 0]  L=0.8193173099242242157476052  R=0.8193173099242242157476052  |L-R|=1.38e-40 rel=1.68e-40 quad-err=0.0  (45s)
  degenH_33m3m3_M4               M=4 r=2 #bp= 4 pairs/piece=[0, 1, 2, 1, 0]  L=2.999540034314461590558533  R=2.999540034314461590558533  |L-R|=0.0 rel=0.0 quad-err=0.0  (14s)
  degen_blocks_PHP11m2_BHB.5.5   M=5 r=2 #bp= 4 pairs/piece=[0, 1, 2, 1, 0]  L=3.674835887500119267742122  R=3.674835887500119267742122  |L-R|=0.0 rel=0.0 quad-err=0.0  (17s)
  H1+H1_all_roots_double         M=4 r=2 #bp= 2 pairs/piece=[0, 2, 0]  L=3.420385423067351087117705  R=3.420385423067351087117705  |L-R|=0.0 rel=0.0 quad-err=0.0  (1s)
  zero_BHB_M4                    M=4 r=2 #bp= 2 pairs/piece=[2, 1, 0]  L=3.691168334632502643099592  R=3.691168334632502643099592  |L-R|=1.38e-40 rel=3.73e-41 quad-err=0.0  (5s)
  zero_both_diag_blocks_M5       M=5 r=2 #bp= 0 pairs/piece=[2]  L=5.774043235584793470284478  R=5.774043235584793470284478  |L-R|=2.76e-40 rel=4.77e-41 quad-err=0.0  (1s)
  rank2_singular_M5              M=5 r=2 #bp= 4 pairs/piece=[0, 0, 1, 0, 0]  L=0.1547018028554711680957513  R=0.1547018028554711680957513  |L-R|=1.92e-40 rel=1.24e-39 quad-err=0.0  (5s)
  near_commuting_1e-6_M4         M=4 r=2 #bp= 4 pairs/piece=[0, 1, 0, 1, 0]  L=1.103355159553191812045996e-12  R=1.103355159553191812045996e-12  |L-R|=2.79e-41 rel=2.53e-29 quad-err=6.65e-53  (1s)
  near_commuting_1e-9_M5         M=5 r=2 #bp= 6 pairs/piece=[0, 1, 0, 1, 0, 1, 0]  L=4.374583301538388381243774e-18  R=4.374583301538388381243598e-18  |L-R|=1.76e-40 rel=4.03e-23 quad-err=9.63e-58  (4s)
  wide_range_1e-3..1e3_M5        M=5 r=2 #bp= 6 pairs/piece=[0, 1, 1, 0, 1, 0, 1, 0]  L=0.5023297673485950349768694  R=0.5023297673485956411577372  |L-R|=6.06e-16 rel=1.21e-15 quad-err=6.06e-16  (29s)
  scale1e4_M6_r2                 M=6 r=2 #bp= 4 pairs/piece=[0, 1, 2, 2, 1, 0]  L=25662.98293282057896906246  R=25662.98293282057896906246  |L-R|=2.26e-36 rel=8.79e-41 quad-err=0.0  (61s)
  rand_M8_r4                     M=8 r=4 #bp= 8 pairs/piece=[0, 1, 2, 3, 3, 4, 3, 2, 1, 0]  L=5.908278465825147187261093  R=5.908278465825147187261093  |L-R|=5.51e-40 rel=9.33e-41 quad-err=0.0  (168s)
max |L - R| = 6.06e-16 ; max relative = 1.21e-15

shifted form L(H + c0) = R(H + c0)
  rand_M4_r2                     c0=-17/3    L=0.0 R=0.0 |L-R|=0.0 quad-err=0.0 (0s)
  rand_M4_r2                     c0=-119/30  L=0.7167803730929899051882 R=0.7167803730929899051882 |L-R|=9.18e-41 quad-err=0.0 (4s)
  rand_M4_r2                     c0=-161/54  L=1.433447039759656571856 R=1.433447039759656571855 |L-R|=9.94e-22 quad-err=9.94e-22 (10s)
  rand_M4_r2                     c0=-165/64  L=1.568268346233115991842 R=1.568268346233115991842 |L-R|=1.52e-37 quad-err=1.52e-37 (13s)
  rand_M4_r2                     c0=-71/58   L=1.70265224938508547674 R=1.70265224938508547674 |L-R|=2.3e-40 quad-err=0.0 (9s)
  rand_M4_r2                     c0=7/57     L=1.828455255964650697704 R=1.828455255964650705267 |L-R|=7.56e-18 quad-err=7.56e-18 (12s)
  rand_M4_r2                     c0=34/31    L=1.955648238420791056144 R=1.955648238420791056144 |L-R|=3.44e-40 quad-err=0.0 (6s)
  rand_M4_r2                     c0=39/8     L=0.0 R=0.0 |L-R|=0.0 quad-err=0.0 (0s)
  degenH_222m1m10_M6             c0=-3       L=0.0 R=0.0 |L-R|=0.0 quad-err=0.0 (0s)
  degenH_222m1m10_M6             c0=-97/49   L=0.06122448979591836734694 R=0.06122448979591836734694 |L-R|=1.69e-40 quad-err=0.0 (24s)
  degenH_222m1m10_M6             c0=-49/26   L=0.2719578496773968660024 R=0.2719578496773968660024 |L-R|=1.38e-40 quad-err=0.0 (33s)
  degenH_222m1m10_M6             c0=-29/18   L=0.6197995628763582510323 R=0.6197995628763582510323 |L-R|=9.18e-41 quad-err=0.0 (31s)
  degenH_222m1m10_M6             c0=-12/17   L=0.8193173099242242157476 R=0.8193173099242242157476 |L-R|=8.04e-41 quad-err=0.0 (31s)
  degenH_222m1m10_M6             c0=2/41     L=0.8680977977291022645281 R=0.8680977977291022645281 |L-R|=1.72e-40 quad-err=0.0 (65s)
  degenH_222m1m10_M6             c0=14/61    L=0.9169788525705048343906 R=0.9169788525705048343906 |L-R|=2.07e-40 quad-err=0.0 (62s)
  degenH_222m1m10_M6             c0=2        L=0.0 R=-1.836709923159824231201e-40 |L-R|=1.84e-40 quad-err=0.0 (0s)
  degen_blocks_PHP11m2_BHB.5.5   c0=-29/6    L=0.0 R=0.0 |L-R|=0.0 quad-err=0.0 (0s)
  degen_blocks_PHP11m2_BHB.5.5   c0=-75/26   L=0.9564424019487462008608 R=0.9564424019487462008608 |L-R|=1.15e-41 quad-err=0.0 (13s)
  degen_blocks_PHP11m2_BHB.5.5   c0=-60/41   L=2.841864727041293486442 R=2.841864727041293486442 |L-R|=1.26e-34 quad-err=1.26e-34 (40s)
  degen_blocks_PHP11m2_BHB.5.5   c0=-61/64   L=3.768693995333976413271 R=3.768693995333976413271 |L-R|=0.0 quad-err=0.0 (29s)
  degen_blocks_PHP11m2_BHB.5.5   c0=-45/64   L=3.971710887500119267742 R=3.971710887500119267742 |L-R|=0.0 quad-err=0.0 (16s)
  degen_blocks_PHP11m2_BHB.5.5   c0=2/45     L=3.630391443055674823298 R=3.630391443055674823298 |L-R|=0.0 quad-err=0.0 (17s)
  degen_blocks_PHP11m2_BHB.5.5   c0=79/61    L=3.08547481838050428709 R=3.08547481838050428709 |L-R|=4.59e-41 quad-err=0.0 (8s)
  degen_blocks_PHP11m2_BHB.5.5   c0=49/8     L=0.0 R=3.673419846319648462402e-40 |L-R|=3.67e-40 quad-err=0.0 (0s)
  rank2_singular_M5              c0=-31/4    L=0.0 R=0.0 |L-R|=0.0 quad-err=0.0 (0s)
  rank2_singular_M5              c0=-317/54  L=0.8864763760440699774784 R=0.8864763760440699774784 |L-R|=1.26e-40 quad-err=0.0 (8s)
  rank2_singular_M5              c0=-208/63  L=1.7727357916053660163 R=1.7727357916053660163 |L-R|=2.07e-40 quad-err=0.0 (7s)
  rank2_singular_M5              c0=-38/47   L=0.9632124411533435085213 R=0.9632124411533435085213 |L-R|=2.64e-40 quad-err=4.38e-41 (13s)
  rank2_singular_M5              c0=0        L=0.1547018028554711680958 R=0.1547018028554711680958 |L-R|=1.92e-40 quad-err=0.0 (5s)
  rank2_singular_M5              c0=0        L=0.1547018028554711680958 R=0.1547018028554711680958 |L-R|=1.92e-40 quad-err=0.0 (5s)
  rank2_singular_M5              c0=0        L=0.1547018028554711680958 R=0.1547018028554711680958 |L-R|=1.92e-40 quad-err=0.0 (5s)
  rank2_singular_M5              c0=25/2     L=0.0 R=-7.346839692639296924805e-40 |L-R|=7.35e-40 quad-err=0.0 (0s)
max |L - R| (shifted) = 7.56e-18
