(1) Theorem RI-C: Psi(c) = E(c)
  rand_M3_r1             c=(1.4166667 + 8.5j)           Psi=(-0.1173295037945531641322 + 0.9439443163922683979982j) |Psi-E|=4.46e-40 quad-err=0.0 (1s)
  rand_M3_r1             c=(-2.125 + 2.125j)            Psi=(1.512129001400077173181 + 2.055236642282819812654j) |Psi-E|=6.49e-41 quad-err=0.0 (2s)
  rand_M3_r1             c=(0.85 + 0.2125j)             Psi=(-2.181484168460071736357 + 4.669113651456710688658j) |Psi-E|=1.3e-40 quad-err=0.0 (8s)
  rand_M3_r1             c=(0.0 + 0.014166667j)         Psi=(-0.1567350132607149085743 + 6.089101515551254467598j) |Psi-E|=2.13e-40 quad-err=0.0 (13s)
  rand_M4_r2             c=(1.9166667 + 11.5j)          Psi=(-0.2022439929157717475526 + 1.634735077777662629878j) |Psi-E|=1.91e-40 quad-err=0.0 (3s)
  rand_M4_r2             c=(-2.875 + 2.875j)            Psi=(2.143938931466263104117 + 3.569956179409023480893j) |Psi-E|=1.56e-39 quad-err=0.0 (4s)
  rand_M4_r2             c=(1.15 + 0.2875j)             Psi=(0.002719639798078670630484 + 7.009283051586616641352j) |Psi-E|=4.59e-40 quad-err=5.83e-43 (17s)
  rand_M4_r2             c=(0.0 + 0.019166667j)         Psi=(0.6740318596505918452777 + 6.665667788713619925372j) |Psi-E|=5.81e-40 quad-err=0.0 (54s)
  rand_M5_r3             c=(2.0833333 + 12.5j)          Psi=(-0.4168345519907951999313 + 2.449316766653188618565j) |Psi-E|=5.21e-40 quad-err=0.0 (6s)
  rand_M5_r3             c=(-3.125 + 3.125j)            Psi=(3.175215915057447963934 + 5.965693320662278179318j) |Psi-E|=7.17e-40 quad-err=0.0 (10s)
  rand_M5_r3             c=(1.25 + 0.3125j)             Psi=(-5.311165450372191836997 + 10.95047086926918235448j) |Psi-E|=1.03e-39 quad-err=0.0 (47s)
  rand_M5_r3             c=(0.0 + 0.020833333j)         Psi=(-1.456905023192175407145 + 14.52204742230507257506j) |Psi-E|=9.76e-40 quad-err=0.0 (107s)
  rank1B_M6              c=(2.2222222 + 13.333333j)     Psi=(-0.1752914785539415275368 + 1.331603330077712027652j) |Psi-E|=1.13e-39 quad-err=0.0 (10s)
  rank1B_M6              c=(-3.3333333 + 3.3333333j)    Psi=(2.136644745564061445289 + 2.728076961291425017543j) |Psi-E|=1.56e-39 quad-err=0.0 (11s)
  rank1B_M6              c=(1.3333333 + 0.33333333j)    Psi=(-1.60846129097515596247 + 8.36731916154165481942j) |Psi-E|=2.39e-39 quad-err=0.0 (45s)
  rank1B_M6              c=(0.0 + 0.022222222j)         Psi=(1.237123676796024390527 + 9.0723516410588391076j) |Psi-E|=1.84e-39 quad-err=0.0 (85s)
  corank1_M6             c=(2.3333333 + 14.0j)          Psi=(-0.1462212683703681925415 + 1.535850271832917855619j) |Psi-E|=2.79e-39 quad-err=0.0 (9s)
  corank1_M6             c=(-3.5 + 3.5j)                Psi=(2.29854399693526503701 + 3.011810218951047992227j) |Psi-E|=2.24e-39 quad-err=0.0 (13s)
  corank1_M6             c=(1.4 + 0.35j)                Psi=(0.8273970385930701074218 + 8.541860919636184255668j) |Psi-E|=2.38e-39 quad-err=0.0 (45s)
  corank1_M6             c=(0.0 + 0.023333333j)         Psi=(2.071567525366824722635 + 6.604887247263273521009j) |Psi-E|=2.26e-39 quad-err=0.0 (80s)
  degenH_M5              c=(0.66666667 + 4.0j)          Psi=(-0.01615369063637057500685 + 0.410384336257620026092j) |Psi-E|=3.5e-40 quad-err=0.0 (6s)
  degenH_M5              c=(-1.0 + 1.0j)                Psi=(0.711203383370352899549 + 0.6491505516007540718872j) |Psi-E|=2.67e-40 quad-err=0.0 (7s)
  degenH_M5              c=(0.4 + 0.1j)                 Psi=(0.1328521490265422248632 + 2.185703311351011045454j) |Psi-E|=1.54e-40 quad-err=0.0 (53s)
  degenH_M5              c=(0.0 + 0.0066666667j)        Psi=(0.7294945504283543906831 + 2.308474070988237083096j) |Psi-E|=9.81e-41 quad-err=0.0 (96s)
  degen_blocks_M4        c=(1.2222222 + 7.3333333j)     Psi=(-0.2554182654168032134837 + 1.655833428204078525658j) |Psi-E|=7.8e-40 quad-err=0.0 (3s)
  degen_blocks_M4        c=(-1.8333333 + 1.8333333j)    Psi=(2.244979871748347010918 + 3.816267222498430027437j) |Psi-E|=1.01e-39 quad-err=0.0 (6s)
  degen_blocks_M4        c=(0.73333333 + 0.18333333j)   Psi=(-2.301248671345829660076 + 8.298855333195952401924j) |Psi-E|=7.57e-40 quad-err=0.0 (25s)
  degen_blocks_M4        c=(0.0 + 0.012222222j)         Psi=(-4.515903254171773763719e-47 + 8.970808166324159392921j) |Psi-E|=4.72e-40 quad-err=2.11e-46 (54s)
  zero_BHB_M4            c=(2.25 + 13.5j)               Psi=(-0.4505111671725384451968 + 1.771335406928893116609j) |Psi-E|=1.15e-39 quad-err=0.0 (3s)
  zero_BHB_M4            c=(-3.375 + 3.375j)            Psi=(1.960350730192596262611 + 5.190076176398423535668j) |Psi-E|=5.36e-40 quad-err=0.0 (5s)
  zero_BHB_M4            c=(1.35 + 0.3375j)             Psi=(-7.212773608164770788854 + 7.966792482991065780561j) |Psi-E|=4.59e-40 quad-err=0.0 (25s)
  zero_BHB_M4            c=(0.0 + 0.0225j)              Psi=(-3.235938789637412226925 + 12.93107910954746065414j) |Psi-E|=1.13e-7 quad-err=1.13e-7 (34s)
  near_comm_1e-6_M5      c=(1.0833333 + 6.5j)           Psi=(-7.137661351913643706907e-13 + 2.703023791655200266307e-12j) |Psi-E|=6.81e-40 quad-err=1.64e-45 (4s)
  near_comm_1e-6_M5      c=(-1.625 + 1.625j)            Psi=(-7.637636918692202494841e-13 + 7.743215484749516976255e-12j) |Psi-E|=8.23e-40 quad-err=5.09e-46 (5s)
  near_comm_1e-6_M5      c=(0.65 + 0.1625j)             Psi=(-2.342464541824729459689e-12 + 3.375002405024954933916e-12j) |Psi-E|=7.52e-40 quad-err=2.39e-46 (32s)
  near_comm_1e-6_M5      c=(0.0 + 0.010833333j)         Psi=(-3.454101371050957181945e-12 + 3.145516612249945320075e-12j) |Psi-E|=5.97e-40 quad-err=3.45e-46 (69s)
  scale1e3_M4            c=(1754.5 + 10527.0j)          Psi=(-117.6642778152968617011 + 1422.323568611632043866j) |Psi-E|=2.62e-36 quad-err=0.0 (3s)
  scale1e3_M4            c=(-2631.75 + 2631.75j)        Psi=(2383.001721388030100658 + 2662.060283353022699513j) |Psi-E|=2.12e-36 quad-err=0.0 (7s)
  scale1e3_M4            c=(1052.7 + 263.175j)          Psi=(-638.0255317683291534475 + 7604.546260035909939258j) |Psi-E|=2.44e-36 quad-err=0.0 (18s)
  scale1e3_M4            c=(0.0 + 17.545j)              Psi=(1407.956477179893419264 + 8095.4002862693413863j) |Psi-E|=3.57e-36 quad-err=3.59e-37 (37s)
max |Psi - E|/max(1,|E|) = 8.45e-9

(2) Lemma A (count, Im bounds), Lemma B (i),(ii),(iii), trace identity: random samples
  samples 400, count failures 0
  Lemma A(a) max [Im c/(1-tau)]/Im y (C_+) and [Im c/tau]/|Im y| (C_-): 1.0  (must be <= 1)
  Lemma B(i)  max |y| min(tau,1-tau)/K: 0.999999999999 (<= 1)
  Lemma B(ii) max |y| sqrt(tau(1-tau))/K on the stated half-plane/half-interval: 0.970279736569 (<= 1)
  same ratio for C_+ roots with tau > 1/2 (NOT claimed bounded): 8.20521e+6
  Lemma B(iii) max |S_+ - S0_+|/(M K (2 + (tau(1-tau))^-1/2)): 0.168991171518 (<= 1)
  trace identity max |S_+ + S_- - S0_+ - S0_-|/(|S_+|+|S_-|): 2.78e-61

(3) Lemma E: Im S_+(tau, c0 + i eps) -> (1/2) sum |Im y_i(tau, c0)|
  rand_M3_r1             tau=0.137  target=8.16784148782  |diff| at eps=1e-2,-5,-10,-20: 0.016, 1.6e-5, 1.6e-10, 1.6e-20
  rand_M3_r1             tau=0.5    target=4.93736434579  |diff| at eps=1e-2,-5,-10,-20: 0.023, 2.3e-5, 2.3e-10, 2.3e-20
  rand_M3_r1             tau=0.861  target=4.44511685865  |diff| at eps=1e-2,-5,-10,-20: 0.1, 0.0001, 1.0e-9, 1.0e-19
  rand_M4_r2             tau=0.137  target=8.60687702822  |diff| at eps=1e-2,-5,-10,-20: 0.0055, 5.6e-6, 5.6e-11, 5.6e-21
  rand_M4_r2             tau=0.5    target=8.46635197035  |diff| at eps=1e-2,-5,-10,-20: 0.0004, 4.0e-10, 4.0e-20, 1.8e-40
  rand_M4_r2             tau=0.861  target=2.9990714953  |diff| at eps=1e-2,-5,-10,-20: 0.15, 0.00014, 1.4e-9, 1.4e-19
  rand_M5_r3             tau=0.137  target=14.4127322675  |diff| at eps=1e-2,-5,-10,-20: 0.059, 5.9e-5, 5.9e-10, 5.9e-20
  rand_M5_r3             tau=0.5    target=14.0772486968  |diff| at eps=1e-2,-5,-10,-20: 0.0026, 2.6e-6, 2.6e-11, 2.6e-21
  rand_M5_r3             tau=0.861  target=10.7800302138  |diff| at eps=1e-2,-5,-10,-20: 0.2, 0.0002, 2.0e-9, 2.0e-19
  rank1B_M6              tau=0.137  target=11.5183960429  |diff| at eps=1e-2,-5,-10,-20: 0.016, 1.6e-5, 1.6e-10, 1.6e-20
  rank1B_M6              tau=0.5    target=8.22673530052  |diff| at eps=1e-2,-5,-10,-20: 0.081, 8.1e-5, 8.1e-10, 8.1e-20
  rank1B_M6              tau=0.861  target=10.6099281595  |diff| at eps=1e-2,-5,-10,-20: 0.32, 0.00032, 3.2e-9, 3.2e-19
  corank1_M6             tau=0.137  target=1.57876556396  |diff| at eps=1e-2,-5,-10,-20: 0.0036, 1.9e-5, 1.9e-10, 1.9e-20
  corank1_M6             tau=0.5    target=7.11215542888  |diff| at eps=1e-2,-5,-10,-20: 0.012, 1.2e-5, 1.2e-10, 1.2e-20
  corank1_M6             tau=0.861  target=12.7628537152  |diff| at eps=1e-2,-5,-10,-20: 0.034, 3.4e-5, 3.4e-10, 3.4e-20
  degenH_M5              tau=0.137  target=0.762572405668  |diff| at eps=1e-2,-5,-10,-20: 0.019, 6.7e-6, 6.8e-11, 6.8e-21
  degenH_M5              tau=0.5    target=2.49540389126  |diff| at eps=1e-2,-5,-10,-20: 0.048, 4.8e-5, 4.8e-10, 4.8e-20
  degenH_M5              tau=0.861  target=3.54583199061  |diff| at eps=1e-2,-5,-10,-20: 0.17, 0.00017, 1.7e-9, 1.7e-19

(4) Step 1: d/dc Psi_delta = (Lam_+ - Lam0_+)(1-delta) - (Lam_+ - Lam0_+)(delta)
  rand_M3_r1             delta=0.1   Psi_delta' = (-0.351417288644509354 - 0.169045824043195773j)  boundary = (-0.351417288644509354 - 0.169045824043195773j)  diff 5.77e-41
  rand_M3_r1             delta=0.01  Psi_delta' = (-0.435114538413833416 - 0.223789856482567048j)  boundary = (-0.435114538413833416 - 0.223789856482567048j)  diff 4.06e-41
  rand_M4_r2             delta=0.1   Psi_delta' = (-0.431423231703123676 - 0.139460403236521701j)  boundary = (-0.431423231703123676 - 0.139460403236521701j)  diff 6.42e-42
  rand_M4_r2             delta=0.01  Psi_delta' = (-0.53761800213648902 - 0.162580857444520077j)  boundary = (-0.53761800213648902 - 0.162580857444520077j)  diff 5.8e-41
  rand_M5_r3             delta=0.1   Psi_delta' = (-0.585376084557845483 - 0.369660203349704023j)  boundary = (-0.585376084557845483 - 0.369660203349704023j)  diff 2.37e-41
  rand_M5_r3             delta=0.01  Psi_delta' = (-0.697180520106200406 - 0.446526269506344025j)  boundary = (-0.697180520106200406 - 0.446526269506344025j)  diff 2.57e-41
  rank1B_M6              delta=0.1   Psi_delta' = (-0.382443891459096309 - 0.167577719803086868j)  boundary = (-0.382443891459096309 - 0.167577719803086868j)  diff 4.6e-41
  rank1B_M6              delta=0.01  Psi_delta' = (-0.475514818023966531 - 0.213918935799309534j)  boundary = (-0.475514818023966531 - 0.213918935799309534j)  diff 8.69e-41
  corank1_M6             delta=0.1   Psi_delta' = (-0.379316902673375815 - 0.0918735427550755191j)  boundary = (-0.379316902673375815 - 0.0918735427550755191j)  diff 1.16e-41
  corank1_M6             delta=0.01  Psi_delta' = (-0.48422302963598405 - 0.111124561935019631j)  boundary = (-0.48422302963598405 - 0.111124561935019631j)  diff 4.06e-41
