(1) Theorem RI-B at c0 = 0 and shifted
  b=(0,3/8,1)                          M=3 c0=0    #bp= 4 pairs/piece=[0, 1, 0, 0, 1, 0] L_B=1.20815102738515121039626 R=1.20815102738515121039626 |L_B-R|=9.18e-41 quad-err=0.0 (3s)
  b=(0,3/8,1)                          M=3 c0=1/3  #bp= 4 pairs/piece=[0, 1, 0, 0, 1, 0] L_B=1.20815102738515121039626 R=1.20815102738515121039626 |L_B-R|=9.18e-41 quad-err=0.0 (3s)
  b=(-1,1/5,1/2,2)                     M=4 c0=0    #bp= 4 pairs/piece=[0, 1, 1, 2, 1, 1, 0] L_B=4.73928762087885916491682 R=4.73928762087885916491682 |L_B-R|=1.84e-40 quad-err=0.0 (22s)
  b=(-1,1/5,1/2,2)                     M=4 c0=1/3  #bp= 4 pairs/piece=[0, 1, 1, 2, 1, 1, 0] L_B=4.65595428754552583158349 R=4.65595428754552583158349 |L_B-R|=1.02e-26 quad-err=1.02e-26 (22s)
  b=(0,3/5^2,1)                        M=4 c0=0    #bp= 4 pairs/piece=[0, 1, 0, 0, 1, 0] L_B=2.67754589078940111524086 R=2.67754589078940111524086 |L_B-R|=4.59e-41 quad-err=0.0 (11s)
  b=(0,3/5^2,1)                        M=4 c0=1/3  #bp= 4 pairs/piece=[0, 1, 1, 0, 0, 1, 1, 0] L_B=2.86945511760685574957635 R=2.86945511760685574957635 |L_B-R|=9.18e-41 quad-err=0.0 (19s)
  b=(0,.3^2,.31,1)                     M=5 c0=0    #bp= 6 pairs/piece=[0, 1, 1, 0, 1, 1, 1, 2, 1, 1, 0] L_B=5.7674650739415758118424 R=5.7674650739415758118424 |L_B-R|=3.79e-36 quad-err=3.79e-36 (45s)
  b=(0,.3^2,.31,1)                     M=5 c0=1/3  #bp= 4 pairs/piece=[0, 1, 1, 1, 1, 1, 2, 1, 1, 0] L_B=5.7674650739415758118424 R=5.7674650739415758118424 |L_B-R|=9.18e-41 quad-err=0.0 (48s)
  b=(-.5,.1^2,.9,2^2)                  M=6 c0=0    #bp= 6 pairs/piece=[0, 1, 1, 2, 3, 2, 2, 1, 0] L_B=6.9396206811510413095165 R=6.93962068115104130951834 |L_B-R|=1.84e-21 quad-err=1.84e-21 (84s)
  b=(-.5,.1^2,.9,2^2)                  M=6 c0=1/3  #bp= 6 pairs/piece=[0, 1, 1, 2, 2, 3, 2, 2, 1, 0] L_B=6.93962068115104130951834 R=6.93962068115104130951834 |L_B-R|=4.98e-32 quad-err=4.98e-32 (123s)
  b=(0,1/2^3,1) Pi2HPi2 spec(1,1,-1)   M=5 c0=0    #bp= 2 pairs/piece=[0, 1, 1, 1, 1, 1, 0] L_B=3.88206213412646668249926 R=3.88206213412646668249926 |L_B-R|=2.3e-40 quad-err=0.0 (34s)
  b=(0,1/2^3,1) Pi2HPi2 spec(1,1,-1)   M=5 c0=1/3  #bp= 2 pairs/piece=[0, 1, 1, 1, 0] L_B=3.54872880079313334916593 R=3.54872880079313334916593 |L_B-R|=7.69e-27 quad-err=7.69e-27 (34s)
  b=(0,2/5^2,1) block3 decoupled       M=4 c0=0    #bp= 4 pairs/piece=[0, 1, 0, 0, 0, 0] L_B=0.965901800260779142219766 R=0.965901800260779142219766 |L_B-R|=1.72e-40 quad-err=0.0 (1s)
  b=(0,2/5^2,1) block3 decoupled       M=4 c0=1/3  #bp= 4 pairs/piece=[0, 1, 0, 0, 0, 0] L_B=0.965901800260779142219766 R=0.965901800260779142219766 |L_B-R|=1.72e-40 quad-err=0.0 (1s)
max |L_B - R| = 1.84e-21

(2) Psi_B(c) = E(c)
  b=(0,3/8,1)                          c=(0.3 + 1.1j) Psi_B=(-1.6126597811715405944 + 2.896067921033917473j) |Psi_B - E|=1.84e-40 quad-err=0.0
  b=(0,3/8,1)                          c=(-0.7 + 0.2j) Psi_B=(-1.7567876167569407108 + 4.0915096938709146711j) |Psi_B - E|=4.11e-40 quad-err=4.88e-40
  b=(-1,1/5,1/2,2)                     c=(0.3 + 1.1j) Psi_B=(-2.848978630003118577 + 10.583065713141511927j) |Psi_B - E|=5.97e-40 quad-err=0.0
  b=(-1,1/5,1/2,2)                     c=(-0.7 + 0.2j) Psi_B=(0.018228430248634945464 + 14.12728561116505316j) |Psi_B - E|=9.11e-39 quad-err=9.43e-39
  b=(0,3/5^2,1)                        c=(0.3 + 1.1j) Psi_B=(0.15873841339854368687 + 6.1503054658264802454j) |Psi_B - E|=1.75e-39 quad-err=9.81e-41
  b=(0,3/5^2,1)                        c=(-0.7 + 0.2j) Psi_B=(3.065275494995338923 + 7.6270746758608131996j) |Psi_B - E|=1.76e-39 quad-err=9.18e-41
  b=(0,.3^2,.31,1)                     c=(0.3 + 1.1j) Psi_B=(1.1910051810902643695 + 14.278278003886765035j) |Psi_B - E|=3.31e-39 quad-err=1.36e-39
  b=(0,.3^2,.31,1)                     c=(-0.7 + 0.2j) Psi_B=(5.2553326077525311453 + 17.014897178675864739j) |Psi_B - E|=5.32e-27 quad-err=5.32e-27
  b=(-.5,.1^2,.9,2^2)                  c=(0.3 + 1.1j) Psi_B=(-0.98341922975981172738 + 17.325197580358110949j) |Psi_B - E|=8.11e-40 quad-err=0.0
  b=(-.5,.1^2,.9,2^2)                  c=(-0.7 + 0.2j) Psi_B=(2.8499889356949553423 + 21.269542865751354324j) |Psi_B - E|=8.23e-38 quad-err=8.26e-38
  b=(0,1/2^3,1) Pi2HPi2 spec(1,1,-1)   c=(0.3 + 1.1j) Psi_B=(-3.8953053094128056232 + 8.4801550264343095613j) |Psi_B - E|=8.43e-40 quad-err=0.0
  b=(0,1/2^3,1) Pi2HPi2 spec(1,1,-1)   c=(-0.7 + 0.2j) Psi_B=(-2.2485586780101461527 + 13.307310464846745824j) |Psi_B - E|=1.36e-28 quad-err=1.36e-28
  b=(0,2/5^2,1) block3 decoupled       c=(0.3 + 1.1j) Psi_B=(-0.70081558702998843854 + 2.5438716306987668852j) |Psi_B - E|=6.6e-40 quad-err=0.0
  b=(0,2/5^2,1) block3 decoupled       c=(-0.7 + 0.2j) Psi_B=(-0.47201940045263840428 + 3.0058607100526226232j) |Psi_B - E|=1.23e-31 quad-err=1.23e-31
max |Psi_B - E| = 5.32e-27

(3) interior b_k: Lam_+ - Lam0_+ at b_k - e and b_k + e
  b=(0,3/8,1)                          b_2=0.375  |left - right| at e=1e-6,-12,-24,-36: 7.4e-6, 7.4e-12, 7.4e-24, 7.4e-36   (value (0.591074498526 + 0.375214244527j))
  b=(-1,1/5,1/2,2)                     b_2=0.2    |left - right| at e=1e-6,-12,-24,-36: 5.0e-5, 5.0e-11, 5.0e-23, 5.0e-35   (value (2.80758163206 + 0.649247660607j))
  b=(-1,1/5,1/2,2)                     b_3=0.5    |left - right| at e=1e-6,-12,-24,-36: 1.9e-5, 1.9e-11, 1.9e-23, 1.9e-35   (value (0.400244829755 + 1.09971140633j))
  b=(0,3/5^2,1)                        b_2=0.6    |left - right| at e=1e-6,-12,-24,-36: 2.5e-5, 2.5e-11, 2.5e-23, 2.5e-35   (value (1.9323115604 + 0.754006219897j))
  b=(0,.3^2,.31,1)                     b_2=0.3    |left - right| at e=1e-6,-12,-24,-36: 0.00021, 2.1e-10, 2.1e-22, 2.1e-34   (value (2.67578060071 + 0.524346954841j))
  b=(0,.3^2,.31,1)                     b_3=0.31   |left - right| at e=1e-6,-12,-24,-36: 0.0018, 1.8e-9, 1.8e-21, 1.8e-33   (value (0.896947406025 + 0.86004640133j))
  b=(-.5,.1^2,.9,2^2)                  b_2=0.1    |left - right| at e=1e-6,-12,-24,-36: 2.3e-6, 2.3e-12, 2.3e-24, 2.3e-36   (value (3.53098601339 - 0.421561200326j))
  b=(-.5,.1^2,.9,2^2)                  b_3=0.9    |left - right| at e=1e-6,-12,-24,-36: 8.8e-6, 8.8e-12, 8.8e-24, 8.8e-36   (value (1.80048222725 + 0.241323829538j))
  b=(0,1/2^3,1) Pi2HPi2 spec(1,1,-1)   b_2=0.5    |left - right| at e=1e-6,-12,-24,-36: 5.6e-6, 5.6e-12, 5.6e-24, 5.6e-36   (value (1.26768838292 + 0.924052088845j))
  b=(0,2/5^2,1) block3 decoupled       b_2=0.4    |left - right| at e=1e-6,-12,-24,-36: 3.2e-6, 3.2e-12, 3.2e-24, 3.2e-36   (value (-2.97400070758e-36 - 1.22582020272e-36j))

(4) bounds (B') and the kappa = 0 bound on random samples
  count failures 0; max |S_+ - S0_+|/(M K (2/delta_l + sqrt(2/(d_- d_+)))) = 0.0550805 (<= 1); max |y| sqrt(d_- d_+/2)/K on the stated half-gap = 0.508617 (<= 1); max kappa-ratio = 0.0955786 (<= 1)
