Theorem 1 (projection) / Theorem 3 (general B): D(a,t)/a^2 vs direct 2D integral of e^{as - t tau} F
  proj_M3_r1: tau cut points ['0.000000', '0.575150', '1.000000']
    (a,t)=((0.8+0.6j), (0.3-1.1j)): D/a^2 = 0.93799715543637+1.3425942446898j  2D = 0.9383349575458+1.342707712378j  |diff| = 3.56e-04  (2D self-consistency 4.1e-04)
    (a,t)=((-0.5+1.2j), (2+0.5j)): D/a^2 = -2.6848038254377-0.8836061601729j  2D = -2.684630655323-0.88380241611558j  |diff| = 2.62e-04  (2D self-consistency 3.3e-04)
    (a,t)=(0.9, 0.9j): D/a^2 = 2.9555046795514-1.9464822182383j  2D = 2.9558598529313-1.9466761848254j  |diff| = 4.05e-04  (2D self-consistency 4.5e-04)
    (a,t)=(0.9, (-0-0.9j)): D/a^2 = 2.9555046795514+1.9464822182383j  2D = 2.9558598529313+1.9466761848254j  |diff| = 4.05e-04  (2D self-consistency 4.5e-04)
    (a,t)=(1.0, 0.7): D/a^2 = 2.4699741144035+8.1042032979369e-47j  2D = 2.4702362973509+0j  |diff| = 2.62e-04  (2D self-consistency 2.9e-04)
    (a,t)=(-1.3, -2.0): D/a^2 = 291.99895423818+2.1015913594715e-44j  2D = 292.00254929912+0j  |diff| = 3.60e-03  (2D self-consistency 3.7e-03)
    (2s)
  proj_M4_r2: tau cut points ['0.000000', '0.139689', '0.234189', '0.250831', '0.265286', '0.495491', '0.579693', '0.685023', '0.739853', '1.000000']
    (a,t)=((0.8+0.6j), (0.3-1.1j)): D/a^2 = -176.18284007585-89.626346635414j  2D = -176.182331517-89.626158079423j  |diff| = 5.42e-04  (2D self-consistency 1.2e-04)
    (a,t)=((-0.5+1.2j), (2+0.5j)): D/a^2 = -0.86189248311316-1.5431127022943j  2D = -0.86189678167272-1.543131031712j  |diff| = 1.88e-05  (2D self-consistency 4.2e-05)
    (a,t)=(0.9, 0.9j): D/a^2 = 447.73745461072-257.92474209672j  2D = 447.73677804919-257.92389751665j  |diff| = 1.08e-03  (2D self-consistency 1.1e-04)
    (a,t)=(0.9, (-0-0.9j)): D/a^2 = 447.73745461072+257.92474209672j  2D = 447.73677804919+257.92389751665j  |diff| = 1.08e-03  (2D self-consistency 1.1e-04)
    (a,t)=(1.0, 0.7): D/a^2 = 593.85430899698+5.5036260846114e-43j  2D = 593.85349553388+0j  |diff| = 8.13e-04  (2D self-consistency 5.9e-05)
    (a,t)=(-1.3, -2.0): D/a^2 = 206.84930853457+1.1214145289155e-44j  2D = 206.85059889209+0j  |diff| = 1.29e-03  (2D self-consistency 1.1e-03)
    (14s)
  generalB_b=(0,1/2,1): tau cut points ['0.000000', '0.372086', '0.499999', '0.500000', '0.635361', '1.000000']
    (a,t)=((0.8+0.6j), (0.3-1.1j)): D/a^2 = 3.9872162534902+9.1090010570215j  2D = 3.9870151127038+9.1088690919666j  |diff| = 2.41e-04  (2D self-consistency 1.8e-04)
    (a,t)=((-0.5+1.2j), (2+0.5j)): D/a^2 = -1.018969983615-0.55356930839876j  2D = -1.0190872191576-0.55365585788957j  |diff| = 1.46e-04  (2D self-consistency 3.3e-04)
    (a,t)=(0.9, 0.9j): D/a^2 = 14.245875335614-4.7623365009891j  2D = 14.245614091373-4.7622697037925j  |diff| = 2.70e-04  (2D self-consistency 1.3e-04)
    (a,t)=(0.9, (-0-0.9j)): D/a^2 = 14.245875335614+4.7623365009891j  2D = 14.245614091373+4.7622697037925j  |diff| = 2.70e-04  (2D self-consistency 1.3e-04)
    (a,t)=(1.0, 0.7): D/a^2 = 14.085603149306-3.1483728536533e-44j  2D = 14.085375832098+0j  |diff| = 2.27e-04  (2D self-consistency 3.3e-05)
    (a,t)=(-1.3, -2.0): D/a^2 = 232.15464196597+5.5202685765297e-46j  2D = 232.15593478197+0j  |diff| = 1.29e-03  (2D self-consistency 5.0e-03)
    (5s)

NOTE (referee): first, crude run (double-precision numpy roots for the s-branch points, no splitting at near-real
complex branch points): agreement only ~1e-4.  SUPERSEDED by rc06b_thm1_2d.log (agreement 7.5e-14 .. 2.7e-9).
