Theorem 1 (projection) / Theorem 3 (general B): D(a,t)/a^2 vs direct 2D integral of e^{as - t tau} F
  proj_M3_r1: tau cut points ['0.000000', '0.575150', '1.000000']
    (a,t)=((0.8+0.6j), (0.3-1.1j)): D/a^2 = 0.93799715543637+1.3425942446898j  2D = 0.93799715542313+1.342594244707j  |diff| = 2.17e-11  (2D self-consistency 2.0e-07)
    (a,t)=((-0.5+1.2j), (2+0.5j)): D/a^2 = -2.6848038254377-0.8836061601729j  2D = -2.6848038254419-0.88360616009481j  |diff| = 7.82e-11  (2D self-consistency 2.2e-07)
    (a,t)=(0.9, 0.9j): D/a^2 = 2.9555046795514-1.9464822182383j  2D = 2.9555046795412-1.9464822182347j  |diff| = 1.08e-11  (2D self-consistency 2.1e-07)
    (a,t)=(0.9, (-0-0.9j)): D/a^2 = 2.9555046795514+1.9464822182383j  2D = 2.9555046795412+1.9464822182347j  |diff| = 1.08e-11  (2D self-consistency 2.1e-07)
    (a,t)=(1.0, 0.7): D/a^2 = 2.4699741144035+8.1042032979369e-47j  2D = 2.4699741143979+0j  |diff| = 5.63e-12  (2D self-consistency 1.5e-07)
    (a,t)=(-1.3, -2.0): D/a^2 = 291.99895423818+2.1015913594715e-44j  2D = 291.99895423756+0j  |diff| = 6.20e-10  (2D self-consistency 5.3e-07)
    (8s)
  proj_M4_r2: tau cut points ['0.000000', '0.139689', '0.234189', '0.250831', '0.265286', '0.495491', '0.579693', '0.685023', '0.739853', '1.000000']
    (a,t)=((0.8+0.6j), (0.3-1.1j)): D/a^2 = -176.18284007585-89.626346635414j  2D = -176.18284007585-89.626346635415j  |diff| = 4.72e-13  (2D self-consistency 2.0e-09)
    (a,t)=((-0.5+1.2j), (2+0.5j)): D/a^2 = -0.86189248311316-1.5431127022943j  2D = -0.86189248311316-1.5431127022944j  |diff| = 7.53e-14  (2D self-consistency 2.8e-09)
    (a,t)=(0.9, 0.9j): D/a^2 = 447.73745461072-257.92474209672j  2D = 447.73745461072-257.92474209672j  |diff| = 1.47e-12  (2D self-consistency 2.0e-09)
    (a,t)=(0.9, (-0-0.9j)): D/a^2 = 447.73745461072+257.92474209672j  2D = 447.73745461072+257.92474209672j  |diff| = 1.47e-12  (2D self-consistency 2.0e-09)
    (a,t)=(1.0, 0.7): D/a^2 = 593.85430899698+5.5036260846114e-43j  2D = 593.85430899698+0j  |diff| = 1.71e-12  (2D self-consistency 1.1e-09)
    (a,t)=(-1.3, -2.0): D/a^2 = 206.84930853457+1.1214145289155e-44j  2D = 206.84930853457+0j  |diff| = 1.53e-12  (2D self-consistency 1.7e-08)
    (125s)
  generalB_b=(0,1/2,1): tau cut points ['0.000000', '0.372086', '0.499999', '0.500000', '0.635361', '1.000000']
    (a,t)=((0.8+0.6j), (0.3-1.1j)): D/a^2 = 3.9872162534902+9.1090010570215j  2D = 3.9872162555162+9.1090010584088j  |diff| = 2.46e-09  (2D self-consistency 2.3e-06)
    (a,t)=((-0.5+1.2j), (2+0.5j)): D/a^2 = -1.018969983615-0.55356930839876j  2D = -1.0189699829558-0.55356930780336j  |diff| = 8.88e-10  (2D self-consistency 8.9e-07)
    (a,t)=(0.9, 0.9j): D/a^2 = 14.245875335614-4.7623365009891j  2D = 14.245875338252-4.7623365016362j  |diff| = 2.72e-09  (2D self-consistency 2.3e-06)
    (a,t)=(0.9, (-0-0.9j)): D/a^2 = 14.245875335614+4.7623365009891j  2D = 14.245875338252+4.7623365016362j  |diff| = 2.72e-09  (2D self-consistency 2.3e-06)
    (a,t)=(1.0, 0.7): D/a^2 = 14.085603149306-3.1483728536533e-44j  2D = 14.08560315168+0j  |diff| = 2.37e-09  (2D self-consistency 1.9e-06)
    (a,t)=(-1.3, -2.0): D/a^2 = 232.15464196597+5.5202685765297e-46j  2D = 232.15464196364+0j  |diff| = 2.33e-09  (2D self-consistency 4.1e-06)
    (39s)
