rand_M2_r1         c=   (0.08249 + 0.8911j)  |Lam_+-Lam0_+| at tau=1-1e-2,-4,-6,-8: 0.024, 0.00024, 2.4e-6, 2.4e-8
                                             |Lam_+-Lam0_+-Theta| at tau=1e-2,-4,-6,-8: 0.02, 0.0002, 2.0e-6, 2.0e-8
rand_M3_r1         c=    (0.05052 + 1.461j)  |Lam_+-Lam0_+| at tau=1-1e-2,-4,-6,-8: 0.0095, 9.6e-5, 9.6e-7, 9.6e-9
                                             |Lam_+-Lam0_+-Theta| at tau=1e-2,-4,-6,-8: 0.0075, 7.5e-5, 7.5e-7, 7.5e-9
rand_M3_r2         c=    (-1.757 + 0.8956j)  |Lam_+-Lam0_+| at tau=1-1e-2,-4,-6,-8: 0.0095, 9.4e-5, 9.4e-7, 9.4e-9
                                             |Lam_+-Lam0_+-Theta| at tau=1e-2,-4,-6,-8: 0.0088, 7.5e-5, 7.5e-7, 7.5e-9
rand_M4_r1         c=   (-0.4578 + 0.8763j)  |Lam_+-Lam0_+| at tau=1-1e-2,-4,-6,-8: 0.0072, 7.2e-5, 7.2e-7, 7.2e-9
                                             |Lam_+-Lam0_+-Theta| at tau=1e-2,-4,-6,-8: 0.04, 0.00042, 4.2e-6, 4.2e-8
rand_M4_r2         c=    (-1.047 + 0.9541j)  |Lam_+-Lam0_+| at tau=1-1e-2,-4,-6,-8: 0.03, 0.00029, 2.9e-6, 2.9e-8
                                             |Lam_+-Lam0_+-Theta| at tau=1e-2,-4,-6,-8: 0.031, 0.00031, 3.1e-6, 3.1e-8
rand_M4_r3         c=     (0.675 + 0.4442j)  |Lam_+-Lam0_+| at tau=1-1e-2,-4,-6,-8: 0.068, 0.00069, 6.9e-6, 6.9e-8
                                             |Lam_+-Lam0_+-Theta| at tau=1e-2,-4,-6,-8: 0.058, 0.00062, 6.2e-6, 6.2e-8
rand_M5_r2         c=    (0.8931 + 0.6475j)  |Lam_+-Lam0_+| at tau=1-1e-2,-4,-6,-8: 0.017, 0.00017, 1.7e-6, 1.7e-8
                                             |Lam_+-Lam0_+-Theta| at tau=1e-2,-4,-6,-8: 0.0062, 6.1e-5, 6.1e-7, 6.1e-9
rand_M5_r3         c=      (0.3285 + 0.59j)  |Lam_+-Lam0_+| at tau=1-1e-2,-4,-6,-8: 0.44, 0.0087, 8.8e-5, 8.8e-7
                                             |Lam_+-Lam0_+-Theta| at tau=1e-2,-4,-6,-8: 0.39, 0.0065, 6.5e-5, 6.5e-7
rand_M6_r3         c=    (-0.8776 + 0.629j)  |Lam_+-Lam0_+| at tau=1-1e-2,-4,-6,-8: 0.035, 0.0004, 4.0e-6, 4.0e-8
                                             |Lam_+-Lam0_+-Theta| at tau=1e-2,-4,-6,-8: 0.02, 0.0002, 2.0e-6, 2.0e-8
repeated_PHP       c=    (0.3819 + 0.1568j)  |Lam_+-Lam0_+| at tau=1-1e-2,-4,-6,-8: 0.003, 3.0e-5, 3.0e-7, 3.0e-9
                                             |Lam_+-Lam0_+-Theta| at tau=1e-2,-4,-6,-8: 0.12, 0.0013, 1.3e-5, 1.3e-7
zero_diag_blocks   c=     (0.7217 + 1.084j)  |Lam_+-Lam0_+| at tau=1-1e-2,-4,-6,-8: 0.035, 0.00035, 3.5e-6, 3.5e-8
                                             |Lam_+-Lam0_+-Theta| at tau=1e-2,-4,-6,-8: 0.035, 0.00035, 3.5e-6, 3.5e-8
near_commuting     c=     (0.6728 + 1.346j)  |Lam_+-Lam0_+| at tau=1-1e-2,-4,-6,-8: 1.5e-8, 1.5e-10, 1.5e-12, 1.5e-14
                                             |Lam_+-Lam0_+-Theta| at tau=1e-2,-4,-6,-8: 2.0e-8, 2.0e-10, 2.0e-12, 2.0e-14
exp(Theta) = det(H+c)/det(H_d+c): max rel. error 1.39e-40
Theta = Theta_1 (branch constant k = 0): max |Theta - Theta_1| = 2.84e-40
ALL OK
