rand_M2_r1         c=        (-1.2029 + 2.0j)  Psi=(0.4240163891033278 + 0.6567610511870081j)  |Psi - E|=2.37e-30
rand_M2_r1         c=        (-1.9865 + 0.5j)  Psi=(0.8934291217597593 + 0.2364311406675114j)  |Psi - E|=2.56e-30
rand_M2_r1         c=      (-0.37254 + 0.05j)  Psi=(1.944249013085742 + 2.488279550243528j)  |Psi - E|=8.13e-31
rand_M2_r1         c=      (-1.5681 + 0.003j)  Psi=(1.255946704198214 + 0.002888552910184019j)  |Psi - E|=1.17e-30
rand_M3_r1         c=        (0.63067 + 2.0j)  Psi=(-0.3293489055496877 + 0.8682599691223072j)  |Psi - E|=1.02e-30
rand_M3_r1         c=         (1.7041 + 0.5j)  Psi=(-1.130958911806917 + 0.3887848520969928j)  |Psi - E|=1.61e-30
rand_M3_r1         c=       (0.16456 + 0.05j)  Psi=(-0.928508637342949 + 3.003822022665078j)  |Psi - E|=2.96e-31
rand_M3_r1         c=      (-1.2214 + 0.003j)  Psi=(2.298995927417464 + 1.887682860724012j)  |Psi - E|=5.92e-31
rand_M3_r2         c=       (-0.82897 + 2.0j)  Psi=(0.4893931746227536 + 2.70787023676555j)  |Psi - E|=2.06e-30
rand_M3_r2         c=        (-1.1772 + 0.5j)  Psi=(1.772720957103444 + 4.011413235499271j)  |Psi - E|=2.44e-30
rand_M3_r2         c=        (1.1231 + 0.05j)  Psi=(-3.344248638785799 + 5.007967690246043j)  |Psi - E|=2.53e-30
rand_M3_r2         c=      (-2.6608 + 0.003j)  Psi=(4.057572079847633 + 2.719782982725809j)  |Psi - E|=2.12e-30
rand_M4_r1         c=         (2.4522 + 2.0j)  Psi=(-0.7208828565441691 + 0.6294856570902628j)  |Psi - E|=7.7e-31
rand_M4_r1         c=        (0.40915 + 0.5j)  Psi=(-0.8417199993378417 + 1.969415952679197j)  |Psi - E|=2.85e-30
rand_M4_r1         c=         (-1.85 + 0.05j)  Psi=(2.340476920800541 + 2.499332849789963j)  |Psi - E|=4.27e-30
rand_M4_r1         c=      (-1.9485 + 0.003j)  Psi= (2.64132443191389 + 2.283148785274847j)  |Psi - E|=8.69e-30
rand_M4_r2         c=        (-1.4374 + 2.0j)  Psi=(1.911996520382345 + 3.180664797970875j)  |Psi - E|=3.62e-30
rand_M4_r2         c=            (2.4 + 0.5j)  Psi=(-2.991589288944298 + 6.054052681936007j)  |Psi - E|=1.76e-30
rand_M4_r2         c=       (0.30432 + 0.05j)  Psi=(2.070115153808826 + 7.365932714103556j)  |Psi - E|=3.18e-30
rand_M4_r2         c=      (-4.5251 + 0.003j)  Psi=(2.903018952586074 + 0.002524012241276378j)  |Psi - E|=1.18e-29
rand_M4_r3         c=        (-2.5982 + 2.0j)  Psi=(0.6350899693336072 + 0.6458363545858521j)  |Psi - E|=2.66e-30
rand_M4_r3         c=       (-0.12554 + 0.5j)  Psi=(0.479715727097374 + 2.070013311690062j)  |Psi - E|=2.2e-30
rand_M4_r3         c=       (-1.7448 + 0.05j)  Psi=(1.358615781082551 + 1.661177427320673j)  |Psi - E|=1.69e-30
rand_M4_r3         c=      (-2.3469 + 0.003j)  Psi=(2.261184967632055 + 0.6896786347859586j)  |Psi - E|=3.79e-30
rand_M5_r2         c=       (-0.94393 + 2.0j)  Psi=(0.07654785303068598 + 0.6887167126259578j)  |Psi - E|=4.6e-30
rand_M5_r2         c=       (-0.73201 + 0.5j)  Psi=(0.08208647731267032 + 1.152467835646042j)  |Psi - E|=2.61e-30
rand_M5_r2         c=         (-1.07 + 0.05j)  Psi=(0.1486320574733741 + 1.257024556090735j)  |Psi - E|=2.13e-30
rand_M5_r2         c=      (-1.4395 + 0.003j)  Psi=(0.3198500820584085 + 1.497781672407852j)  |Psi - E|=1.9e-30
rand_M5_r3         c=        (0.83007 + 2.0j)  Psi=(2.232004344422142 + 13.60930438290949j)  |Psi - E|=8.68e-30
rand_M5_r3         c=      (-0.094629 + 0.5j)  Psi=(5.008903840161015 + 16.80422460434424j)  |Psi - E|=3.94e-30
rand_M5_r3         c=      (-0.88415 + 0.05j)  Psi=(8.485515331163558 + 16.43227396527605j)  |Psi - E|=7.06e-30
rand_M5_r3         c=      (-12.153 + 0.003j)  Psi=(5.862107582247861 + 0.00156999681772321j)  |Psi - E|=2.48e-29
rand_M6_r3         c=        (0.61446 + 2.0j)  Psi=(-0.9977547032020708 + 2.904436159905975j)  |Psi - E|=2.37e-30
rand_M6_r3         c=         (1.2448 + 0.5j)  Psi=(-2.495152761229374 + 3.170040101852432j)  |Psi - E|=2.49e-30
rand_M6_r3         c=       (-2.4645 + 0.05j)  Psi=(4.022131871575775 + 4.964982115113763j)  |Psi - E|=8.5e-30
rand_M6_r3         c=      (-3.4451 + 0.003j)  Psi=(4.999006705425705 + 1.947949100793291j)  |Psi - E|=5.58e-30
repeated_PHP       c=        (-0.3851 + 2.0j)  Psi=(-0.004675554468490014 + 0.26380708663355j)  |Psi - E|=1.11e-30
repeated_PHP       c=        (-1.4711 + 0.5j)  Psi=(0.348102784008773 + 0.3460686827845484j)  |Psi - E|=8.21e-31
repeated_PHP       c=      (-0.25973 + 0.05j)  Psi=(-0.07157171102946181 + 0.839125519334731j)  |Psi - E|=3.16e-31
repeated_PHP       c=     (-0.67591 + 0.003j)  Psi=(0.1608455998486066 + 0.8650361586338843j)  |Psi - E|=5.92e-31
zero_diag_blocks   c=        (-1.9341 + 2.0j)  Psi=(1.332438185446115 + 1.642027183266748j)  |Psi - E|=1.82e-30
zero_diag_blocks   c=       (0.031036 + 0.5j)  Psi=(-0.1443522857895056 + 5.924942620787112j)  |Psi - E|=2.37e-30
zero_diag_blocks   c=     (-0.056829 + 0.05j)  Psi=(0.7357405713358472 + 9.176823468718893j)  |Psi - E|=3.17e-30
zero_diag_blocks   c=      (-2.1361 + 0.003j)  Psi=(3.915426039880466 + 0.3219367876583847j)  |Psi - E|=5.16e-30
near_commuting     c=       (-0.45651 + 2.0j)  Psi=(9.460409704440076e-7 + 1.818733784677792e-6j)  |Psi - E|=5.54e-30
near_commuting     c=        (-1.5719 + 0.5j)  Psi=(2.235246505237408e-6 + 6.196821875348272e-7j)  |Psi - E|=4.33e-30
near_commuting     c=      (-0.59429 + 0.05j)  Psi=(3.387691668534643e-6 + 3.66878499594615e-6j)  |Psi - E|=7.85e-30
near_commuting     c=      (-1.9574 + 0.003j)  Psi=(2.011437893061949e-6 + 2.683315975708004e-9j)  |Psi - E|=8.75e-30
max relative |Psi - E| over 48 (instance, c) pairs: 8.75e-30
Step 1 check: d/dc Psi_delta vs boundary terms of Lam_+ - Lam0_+
  rand_M2_r1         delta=   0.1: d/dc Psi_delta = (0.021088558426044 + 0.78919300442078j), boundary terms = (0.021088558426044 + 0.78919300442078j)
  rand_M2_r1         delta= 0.001: d/dc Psi_delta = (0.095123038598883 + 0.96347287897527j), boundary terms = (0.095123038598883 + 0.96347287897527j)
  rand_M3_r1         delta=   0.1: d/dc Psi_delta = (-0.3385381980975 + 0.79528980800268j), boundary terms = (-0.3385381980975 + 0.79528980800268j)
  rand_M3_r1         delta= 0.001: d/dc Psi_delta = (-0.40212121767773 + 1.0483016283944j), boundary terms = (-0.40212121767773 + 1.0483016283944j)
  rand_M3_r2         delta=   0.1: d/dc Psi_delta = (-1.3480054160275 - 0.29232935380929j), boundary terms = (-1.3480054160275 - 0.29232935380929j)
  rand_M3_r2         delta= 0.001: d/dc Psi_delta = (-1.7115978816972 - 0.2305946909645j), boundary terms = (-1.7115978816972 - 0.2305946909645j)
  rand_M4_r1         delta=   0.1: d/dc Psi_delta = (-0.89987181541758 + 0.16530970810718j), boundary terms = (-0.89987181541758 + 0.16530970810718j)
  rand_M4_r1         delta= 0.001: d/dc Psi_delta = (-1.0787998748389 + 0.25292243735027j), boundary terms = (-1.0787998748389 + 0.25292243735027j)
  rand_M4_r2         delta=   0.1: d/dc Psi_delta = (-1.896146085233 + 0.039410055956397j), boundary terms = (-1.896146085233 + 0.039410055956397j)
  rand_M4_r2         delta= 0.001: d/dc Psi_delta = (-1.9123571075951 + 0.058919165472825j), boundary terms = (-1.9123571075951 + 0.058919165472825j)
  rand_M4_r3         delta=   0.1: d/dc Psi_delta = (-0.86920053296651 - 0.23491054257869j), boundary terms = (-0.86920053296651 - 0.23491054257869j)
  rand_M4_r3         delta= 0.001: d/dc Psi_delta = (-1.2250846808176 - 0.40959715744612j), boundary terms = (-1.2250846808176 - 0.40959715744612j)
Step 1: max |difference| = 1.42e-28
ALL OK
