(1) RI at c0 = 0
  rand_M2_r1         M=2 r=1 #branchpts= 2  L=   1.157750924348887726444  R=   1.157750924348887726444  |L-R|=1.97e-31
  rand_M3_r1         M=3 r=1 #branchpts= 2  L=  0.9984951618143305844709  R=  0.9984951618143305844709  |L-R|=9.86e-32
  rand_M3_r2         M=3 r=2 #branchpts= 2  L=   1.825574126063544870322  R=   1.825574126063544870322  |L-R|=1.38e-30
  rand_M4_r1         M=4 r=1 #branchpts= 2  L=  0.7330863047026498464978  R=  0.7330863047026498464978  |L-R|=5.92e-31
  rand_M4_r2         M=4 r=2 #branchpts= 4  L=   2.128115787614536448217  R=   2.128115787614536448217  |L-R|=3.94e-31
  rand_M4_r3         M=4 r=3 #branchpts= 2  L=  0.9060565653768843391608  R=  0.9060565653768843391608  |L-R|=1.08e-30
  rand_M5_r2         M=5 r=2 #branchpts= 4  L=  0.6395938589056698359339  R=  0.6395938589056698359339  |L-R|=3.25e-30
  rand_M5_r3         M=5 r=3 #branchpts= 4  L=   6.138074166660265316919  R=   6.138074166660265316919  |L-R|=0.0
  rand_M6_r3         M=6 r=3 #branchpts= 4  L=   2.023177755078924712344  R=   2.023177755078924712344  |L-R|=1.18e-30
  repeated_PHP       M=4 r=2 #branchpts= 3  L=   0.275914226434159522825  R=   0.275914226434159522825  |L-R|=2.96e-31
  zero_diag_blocks   M=4 r=2 #branchpts= 2  L=   3.236067977499789696409  R=   3.236067977499789696409  |L-R|=3.94e-31
  near_commuting     M=5 r=2 #branchpts= 6  L=9.430689654741421121197e-7  R=9.430689654741421121197e-7  |L-R|=9.34e-33
  scale40_M4_r2      M=4 r=2 #branchpts= 4  L=    36.1862996610201675755  R=    36.1862996610201675755  |L-R|=4.42e-29
  wide_spec_M5_r2    M=5 r=2 #branchpts= 8  L=  0.6779368741361847210099  R=  0.6779368741361847210099  |L-R|=2.17e-30
  rank1B_M6          M=6 r=1 #branchpts= 2  L=   1.852974500517879994658  R=   1.852974500517879994658  |L-R|=5.92e-31
  corank1_M6         M=6 r=5 #branchpts= 2  L=  0.6202650542580560491198  R=  0.6202650542580560491198  |L-R|=2.07e-30
  max |L - R| = 4.42e-29
(2) shifted form L(H + c0) = R(H + c0)
  rand_M3_r1         c0=  -2.2811806  L=                   0.0  R=                   0.0  diff=0.0
  rand_M3_r1         c0=    -1.79336  L=  0.187820519582961798  R=  0.187820519582961798  diff=1.73e-31
  rand_M3_r1         c0=  -1.3055395  L=  0.517469167435165735  R=  0.517469167435165735  diff=0.0
  rand_M3_r1         c0=   -0.817719  L=  0.998495161814330584  R=  0.998495161814330584  diff=9.86e-32
  rand_M3_r1         c0= -0.32989848  L=  0.998495161814330584  R=  0.998495161814330584  diff=9.86e-32
  rand_M3_r1         c0=  0.15792204  L=  0.998495161814330584  R=  0.998495161814330584  diff=9.86e-32
  rand_M3_r1         c0=  0.64574256  L=  0.675641039165923596  R=  0.675641039165923596  diff=3.94e-31
  rand_M3_r1         c0=   1.1335631  L=  0.187820519582961798  R=  0.187820519582961798  diff=7.4e-31
  rand_M3_r1         c0=   1.6213836  L=                   0.0  R=                   0.0  diff=0.0
  rand_M3_r1         c0=   1.3213836  L=                   0.0  R=                   0.0  diff=0.0
  rand_M3_r1         c0=  -1.7501525  L=  0.231028057770348975  R=  0.231028057770348975  diff=1.48e-31
  rand_M4_r2         c0=  -3.8693611  L=                   0.0  R=                   0.0  diff=0.0
  rand_M4_r2         c0=  -2.7700588  L=     0.799302253998366  R=     0.799302253998366  diff=6.9e-31
  rand_M4_r2         c0=  -1.6707565  L=   1.41956405264453135  R=   1.41956405264453135  diff=3.94e-31
  rand_M4_r2         c0=  -0.5714543  L=   1.55666149242557348  R=   1.55666149242557348  diff=0.0
  rand_M4_r2         c0=  0.52784796  L=   2.42416352783119823  R=   2.42416352783119823  diff=0.0
  rand_M4_r2         c0=   1.6271502  L=   2.42416352783119823  R=   2.42416352783119823  diff=3.94e-31
  rand_M4_r2         c0=   2.7264525  L=   2.32208970101520642  R=   2.32208970101520642  diff=3.94e-31
  rand_M4_r2         c0=   3.8257547  L=     0.799302253998366  R=     0.799302253998366  diff=2.96e-31
  rand_M4_r2         c0=    4.925057  L=                   0.0  R=3.15544362088404722e-30  diff=3.16e-30
  rand_M4_r2         c0=    4.625057  L=                   0.0  R=                   0.0  diff=0.0
  rand_M4_r2         c0=   -2.149797  L=   1.41956405264453135  R=   1.41956405264453135  diff=3.94e-31
  zero_diag_blocks   c0=   -2.536068  L=                   0.0  R=                   0.0  diff=0.0
  zero_diag_blocks   c0=   -1.902051  L=  0.334016994374947424  R=  0.334016994374947424  diff=4.93e-31
  zero_diag_blocks   c0=   -1.268034  L=  0.968033988749894848  R=  0.968033988749894848  diff=5.92e-31
  zero_diag_blocks   c0= -0.63401699  L=   1.96803398874989485  R=   1.96803398874989485  diff=5.92e-31
  zero_diag_blocks   c0=         0.0  L=    3.2360679774997897  R=    3.2360679774997897  diff=3.94e-31
  zero_diag_blocks   c0=  0.63401699  L=   1.96803398874989485  R=   1.96803398874989485  diff=3.94e-31
  zero_diag_blocks   c0=    1.268034  L=  0.968033988749894848  R=  0.968033988749894848  diff=5.92e-31
  zero_diag_blocks   c0=    1.902051  L=  0.334016994374947424  R=  0.334016994374947424  diff=4.93e-31
  zero_diag_blocks   c0=    2.536068  L=                   0.0  R=                   0.0  diff=0.0
  zero_diag_blocks   c0=    2.236068  L=                   0.0  R=                   0.0  diff=0.0
  zero_diag_blocks   c0=         0.0  L=    3.2360679774997897  R=    3.2360679774997897  diff=3.94e-31
  max |L - R| = 3.16e-30
(3) boundary values: Im Psi(c0 + i eps)/pi -> L(H + c0)
  eps=   0.3: Im E/pi =    2.036773927420744  (Im E/pi - L =     -0.261);  quadrature Im Psi/pi = 2.036773927420744
  eps=   0.1: Im E/pi =    2.200221316821776  (Im E/pi - L =    -0.0979);  quadrature Im Psi/pi = 2.200221316821776
  eps=  0.03: Im E/pi =    2.267996513366391  (Im E/pi - L =    -0.0301);  quadrature Im Psi/pi = 2.267996513462306
  eps=  0.01: Im E/pi =      2.2880502444955  (Im E/pi - L =    -0.0101)
  eps=  1e-3: Im E/pi =    2.297108908766577  (Im E/pi - L =   -0.00101)
  eps=  1e-4: Im E/pi =    2.298015099404582  (Im E/pi - L =  -0.000101)
  eps=  1e-6: Im E/pi =    2.298114780732404  (Im E/pi - L =   -1.01e-6)
  L(H + c0) = 2.298115787614536,  R(H + c0) = 2.298115787614536
ALL OK
