  alpha=-0.0137 beta=+2.0923 |gamma|^2=1.0741:  L=  0.42446433709231725628  closed=  0.42446433709231725628  R=  0.42446433709231725628
  alpha=+3.2376 beta=-2.4111 |gamma|^2=2.1372:  L=  0.35593120344264190379  closed=  0.35593120344264190379  R=  0.35593120344264190379
  alpha=-0.2155 beta=+1.9975 |gamma|^2=0.2464:  L=   0.1062314483982774005  closed=   0.1062314483982774005  R=   0.1062314483982774005
  alpha=-3.8215 beta=+0.2941 |gamma|^2=3.9746:  L=  0.80734246891070583429  closed=  0.80734246891070583429  R=  0.80734246891070583429
  alpha=+1.7737 beta=+1.8987 |gamma|^2=0.3789:  L=                     0.0  closed=                     0.0  R=                     0.0
  alpha=+1.3158 beta=-0.6888 |gamma|^2=0.2606:  L=  0.12249277221370502222  closed=  0.12249277221370502222  R=  0.12249277221370502222
  alpha=-1.2109 beta=-1.1887 |gamma|^2=0.6109:  L=                     0.0  closed=                     0.0  R=                     0.0
  alpha=+1.5327 beta=-3.1922 |gamma|^2=1.0696:  L=  0.21645936718179633312  closed=  0.21645936718179633312  R=  0.21645936718179633312
  alpha=-1.0919 beta=-2.7017 |gamma|^2=0.0821:  L=                     0.0  closed=                     0.0  R=                     0.0
  alpha=+0.3829 beta=-1.0675 |gamma|^2=3.3201:  L=   1.2358989726125260843  closed=   1.2358989726125260843  R=   1.2358989726125260843
  alpha=+0.0000 beta=+0.0000 |gamma|^2=1.0000:  L=                     1.0  closed=                     1.0  R=                     1.0
  alpha=+1.0000 beta=+2.0000 |gamma|^2=0.2500:  L=                     0.0  closed=                     0.0  R=                     0.0
  alpha=+1.0000 beta=+2.0000 |gamma|^2=2.0000:  L=9.1144115435492306587e-17  closed=9.1144115435492227183e-17  R=9.1144115435492424398e-17
  alpha=+1.0000 beta=+2.0000 |gamma|^2=4.0000:  L=  0.56155281280883027491  closed=  0.56155281280883027491  R=  0.56155281280883027491
  alpha=-1.0000 beta=+3.0000 |gamma|^2=0.0100:  L=0.0024984394500785730469  closed=0.0024984394500785730469  R=0.0024984394500785730469
  alpha=+0.0000 beta=+2.0000 |gamma|^2=0.2500:  L=  0.11803398874989485317  closed=  0.11803398874989485317  R=  0.11803398874989485317
  alpha=-2.0000 beta=-1.0000 |gamma|^2=1.0000:  L=                     0.0  closed=                     0.0  R=                     0.0
  alpha=+1.0000 beta=+1.0000 |gamma|^2=0.0000:  L=                     0.0  closed=                     0.0  R=                     0.0
  alpha=+5.0000 beta=-0.2000 |gamma|^2=0.0000:  L=                     0.0  closed=                     0.0  R=                     0.0
integrand formula: max abs error 1.36e-30;  max |L - closed|, |R - closed| = 3.94e-31
ALL OK
