(a) complex Jensen  S_+ - S0_+ = (i/2pi) int ell dx
    rand_M2_r1         lhs = (0.0112897352111562 + 1.89273714135934j)  rhs = (0.0112897352111562 + 1.89273714135934j)
    rand_M3_r1         lhs = (-0.870923271359318 + 1.72328646289352j)  rhs = (-0.870923271359318 + 1.72328646289352j)
    rand_M3_r2         lhs = (-1.3033043810564 + 4.07663627887415j)  rhs = (-1.3033043810564 + 4.07663627887415j)
    rand_M4_r1         lhs = (-0.748593580652893 + 2.17455510335645j)  rhs = (-0.748593580652893 + 2.17455510335645j)
    rand_M4_r2         lhs = (2.17667593315312 + 6.86941613176556j)  rhs = (2.17667593315312 + 6.86941613176556j)
    rand_M4_r3         lhs = (-0.0327744699552792 + 1.81120327457177j)  rhs = (-0.0327744699552792 + 1.81120327457177j)
    max |diff| = 4.26e-25
(b) int_0^1 ell dtau = (Phi_B - Phi_P)/x
    max |diff| = 9.08e-25
(c) (i/2pi) int (Phi_B - Phi_P) dx/x = E(c)
    rand_M2_r1         last c: integral = (1.9433362159201 + 0.747707626430134j)  E(c) = (1.9433362159201 + 0.747707626430134j)
    rand_M3_r1         last c: integral = (1.6092453760035 + 2.29284571887735j)  E(c) = (1.6092453760035 + 2.29284571887735j)
    rand_M3_r2         last c: integral = (2.08228265221949 + 4.8511438877562j)  E(c) = (2.08228265221949 + 4.8511438877562j)
    rand_M4_r1         last c: integral = (0.495644089864921 + 2.90031641827006j)  E(c) = (0.495644089864921 + 2.90031641827006j)
    rand_M4_r2         last c: integral = (3.07105641570424 + 4.47578032948508j)  E(c) = (3.07105641570433 + 4.47578032948511j)
    rand_M4_r3         last c: integral = (0.905092848320496 + 1.6767640938649j)  E(c) = (0.905092848320488 + 1.6767640938649j)
    rand_M5_r2         last c: integral = (0.150609693853719 + 1.23964072598102j)  E(c) = (0.150609693853719 + 1.23964072598102j)
    max |diff| = 9.88e-14
(d) real form: (1/2pi^2) int dx/x [Lam-traces] = R(H + c0)
    rand_M2_r1         c0 = 0.31: (1/2pi^2) int =      1.157750924348888  R(H + c0) =      1.157750924348888
    rand_M3_r1         c0 = 0.31: (1/2pi^2) int =     0.9984951618143306  R(H + c0) =     0.9984951618143306
    rand_M3_r2         c0 = 0.31: (1/2pi^2) int =      1.825574126063545  R(H + c0) =      1.825574126063545
    rand_M4_r1         c0 = 0.31: (1/2pi^2) int =     0.7330863047026498  R(H + c0) =     0.7330863047026498
    rand_M4_r2         c0 = 0.31: (1/2pi^2) int =      2.424163527831198  R(H + c0) =      2.424163527831198
    rand_M4_r3         c0 = 0.31: (1/2pi^2) int =      1.096614822242913  R(H + c0) =      1.096614822242913
    rand_M5_r2         c0 = 0.31: (1/2pi^2) int =     0.4336666328749802  R(H + c0) =     0.4336666328749802
    repeated_PHP       c0 = 0.31: (1/2pi^2) int =     0.2759142264341595  R(H + c0) =     0.2759142264341595
    zero_diag_blocks   c0 = 0.31: (1/2pi^2) int =       2.61606797749979  R(H + c0) =       2.61606797749979
    max |diff| = 2.07e-25
ALL OK
