bell22d.py:166: RuntimeWarning: divide by zero encountered in divide
  M = float((Ej_m @ (qj_m / p)).max())
bell22d.py:166: RuntimeWarning: invalid value encountered in matmul
  M = float((Ej_m @ (qj_m / p)).max())
start   0 (entry attempts 1): S^UNI = 0.0577830255  S^COR >= 0.0577830255 bits  I_CGLMP = 0.769811
start   1 (entry attempts 1): S^UNI = 0.0308492312  S^COR >= 0.0308492312 bits  I_CGLMP = -0.146447
start   2 (entry attempts 1): S^UNI = 0.0308492312  S^COR >= 0.0308492312 bits  I_CGLMP = 1.707092
start   3 (entry attempts 1): S^UNI = 0.0577830255  S^COR >= 0.0577830255 bits  I_CGLMP = -1.488042
start   4 (entry attempts 1): S^UNI = 0.0577830255  S^COR >= 0.0577830255 bits  I_CGLMP = -1.436446
start   5 (entry attempts 2): S^UNI = 0.0577830255  S^COR >= 0.0577830255 bits  I_CGLMP = -0.051566
start   6 (entry attempts 2): S^UNI = 0.0577830255  S^COR >= 0.0577830255 bits  I_CGLMP = -1.539592
start   7 (entry attempts 3): S^UNI = 0.0308492312  S^COR >= 0.0308492312 bits  I_CGLMP = 0.999970
start   8 (entry attempts 1): S^UNI = 0.0577830255  S^COR >= 0.0577830255 bits  I_CGLMP = -0.000004
start   9 (entry attempts 3): S^UNI = 0.0481313412  S^COR >= 0.0481603915 bits  I_CGLMP = 0.383113
start  10 (entry attempts 2): S^UNI = 0.0308492312  S^COR >= 0.0308492312 bits  I_CGLMP = 0.292908
start  11 (entry attempts 1): S^UNI = 0.0308492312  S^COR >= 0.0308492312 bits  I_CGLMP = -0.146432
start  12 (entry attempts 2): S^UNI = 0.0308492312  S^COR >= 0.0308492312 bits  I_CGLMP = -0.853538
start  13 (entry attempts 1): S^UNI = 0.0577830255  S^COR >= 0.0577830255 bits  I_CGLMP = 1.436476
start  14 (entry attempts 2): S^UNI = 0.0481313412  S^COR >= 0.0481603915 bits  I_CGLMP = -0.348859
start  15 (entry attempts 1): S^UNI = 0.0577830255  S^COR >= 0.0577830255 bits  I_CGLMP = -0.769790
start  16 (entry attempts 2): S^UNI = 0.0577830255  S^COR >= 0.0577830255 bits  I_CGLMP = -0.718227
start  17 (entry attempts 1): S^UNI = 0.0577830255  S^COR >= 0.0577830255 bits  I_CGLMP = 0.103134
start  18 (entry attempts 1): S^UNI = 0.0308492312  S^COR >= 0.0308492312 bits  I_CGLMP = -0.853557
start  19 (entry attempts 1): S^UNI = 0.0308492312  S^COR >= 0.0308492312 bits  I_CGLMP = 1.000000
start  20 (entry attempts 4): S^UNI = 0.0308492312  S^COR >= 0.0308492312 bits  I_CGLMP = 1.707107
start  21 (entry attempts 1): S^UNI = 0.0577830255  S^COR >= 0.0577830255 bits  I_CGLMP = 1.436459
start  22 (entry attempts 2): S^UNI = 0.0308492312  S^COR >= 0.0308492312 bits  I_CGLMP = -0.853539
start  23 (entry attempts 2): S^UNI = 0.0308492312  S^COR >= 0.0308492312 bits  I_CGLMP = -0.853569
start  24 (entry attempts 1): S^UNI = 0.0308492312  S^COR >= 0.0308492312 bits  I_CGLMP = 0.292879
start  25 (entry attempts 1): S^UNI = 0.0577830255  S^COR >= 0.0577830255 bits  I_CGLMP = 0.000020
start  26 (entry attempts 1): S^UNI = 0.0577830255  S^COR >= 0.0577830255 bits  I_CGLMP = 0.769793
start  27 (entry attempts 5): S^UNI = 0.0577830255  S^COR >= 0.0577830255 bits  I_CGLMP = -0.000015
start  28 (entry attempts 1): S^UNI = 0.0308492312  S^COR >= 0.0308492312 bits  I_CGLMP = 1.707121
start  29 (entry attempts 2): S^UNI = 0.0308492312  S^COR >= 0.0308492312 bits  I_CGLMP = -0.853568
start  30 (entry attempts 2): S^UNI = 0.0308492312  S^COR >= 0.0308492312 bits  I_CGLMP = -0.853567
start  31 (entry attempts 1): S^UNI = 0.0577830255  S^COR >= 0.0577830255 bits  I_CGLMP = 0.718220
start  32 (entry attempts 2): S^UNI = 0.0308492312  S^COR >= 0.0308492312 bits  I_CGLMP = 1.000028
start  33 (entry attempts 1): S^UNI = 0.0577830255  S^COR >= 0.0577830255 bits  I_CGLMP = 0.000010
start  34 (entry attempts 1): S^UNI = 0.0308492312  S^COR >= 0.0308492312 bits  I_CGLMP = 1.000000
start  35 (entry attempts 2): S^UNI = 0.0577830255  S^COR >= 0.0577830255 bits  I_CGLMP = 0.666653
start  36 (entry attempts 1): S^UNI = 0.0308492312  S^COR >= 0.0308492312 bits  I_CGLMP = 0.292878
start  37 (entry attempts 1): S^UNI = 0.0577830255  S^COR >= 0.0577830255 bits  I_CGLMP = -0.000007
start  38 (entry attempts 1): S^UNI = 0.0577830255  S^COR >= 0.0577830255 bits  I_CGLMP = -0.821367
start  39 (entry attempts 2): S^UNI = 0.0308492312  S^COR >= 0.0308492312 bits  I_CGLMP = 0.292878
start  40 (entry attempts 1): S^UNI = 0.0308492312  S^COR >= 0.0308492312 bits  I_CGLMP = 0.292908
start  41 (entry attempts 2): S^UNI = 0.0577830255  S^COR >= 0.0577830255 bits  I_CGLMP = -0.718238
start  42 (entry attempts 1): S^UNI = 0.0308492312  S^COR >= 0.0308492312 bits  I_CGLMP = 1.000000
start  43 (entry attempts 2): S^UNI = 0.0577830255  S^COR >= 0.0577830255 bits  I_CGLMP = 0.000006
start  44 (entry attempts 2): S^UNI = 0.0308492312  S^COR >= 0.0308492312 bits  I_CGLMP = 1.707123
start  45 (entry attempts 1): S^UNI = 0.0308492312  S^COR >= 0.0308492312 bits  I_CGLMP = -0.853588
start  46 (entry attempts 1): S^UNI = 0.0308492312  S^COR >= 0.0308492312 bits  I_CGLMP = -0.853553
start  47 (entry attempts 1): S^UNI = 0.0577830255  S^COR >= 0.0577830255 bits  I_CGLMP = -0.769809
start  48 (entry attempts 2): S^UNI = 0.0577830255  S^COR >= 0.0577830255 bits  I_CGLMP = -0.103140
start  49 (entry attempts 1): S^UNI = 0.0308492312  S^COR >= 0.0308492312 bits  I_CGLMP = -0.853568
start  50 (entry attempts 1): S^UNI = 0.0481313412  S^COR >= 0.0481603913 bits  I_CGLMP = -0.357060
start  51 (entry attempts 1): S^UNI = 0.0577830255  S^COR >= 0.0577830255 bits  I_CGLMP = -0.000006
start  52 (entry attempts 1): S^UNI = 0.0308492312  S^COR >= 0.0308492312 bits  I_CGLMP = -0.853553
start  53 (entry attempts 1): S^UNI = 0.0577830255  S^COR >= 0.0577830255 bits  I_CGLMP = 1.488034
start  54 (entry attempts 1): S^UNI = 0.0577830255  S^COR >= 0.0577830255 bits  I_CGLMP = 0.769807
start  55 (entry attempts 1): S^UNI = 0.0308492312  S^COR >= 0.0308492312 bits  I_CGLMP = -0.146462
start  56 (entry attempts 1): S^UNI = 0.0308492312  S^COR >= 0.0308492312 bits  I_CGLMP = 1.707107
start  57 (entry attempts 1): S^UNI = 0.0308492312  S^COR >= 0.0308492312 bits  I_CGLMP = -0.146433
start  58 (entry attempts 1): S^UNI = 0.0577830255  S^COR >= 0.0577830255 bits  I_CGLMP = -0.051567
start  59 (entry attempts 1): S^UNI = 0.0308492312  S^COR >= 0.0308492312 bits  I_CGLMP = -0.853568
start  60 (entry attempts 2): S^UNI = 0.0308492312  S^COR >= 0.0308492312 bits  I_CGLMP = -1.292865
start  61 (entry attempts 1): S^UNI = 0.0308492312  S^COR >= 0.0308492312 bits  I_CGLMP = -0.146477
start  62 (entry attempts 2): S^UNI = 0.0577830255  S^COR >= 0.0577830255 bits  I_CGLMP = -0.769800
start  63 (entry attempts 1): S^UNI = 0.0308492312  S^COR >= 0.0308492312 bits  I_CGLMP = -0.414214
start  64 (entry attempts 1): S^UNI = 0.0308492312  S^COR >= 0.0308492312 bits  I_CGLMP = -2.707137
start  65 (entry attempts 1): S^UNI = 0.0308492312  S^COR >= 0.0308492312 bits  I_CGLMP = -0.853553
start  66 (entry attempts 1): S^UNI = 0.0308492312  S^COR >= 0.0308492312 bits  I_CGLMP = -0.146447
start  67 (entry attempts 2): S^UNI = 0.0577830255  S^COR >= 0.0577830255 bits  I_CGLMP = -0.000008
start  68 (entry attempts 1): S^UNI = 0.0308492312  S^COR >= 0.0308492312 bits  I_CGLMP = -0.146475
start  69 (entry attempts 1): S^UNI = 0.0577830255  S^COR >= 0.0577830255 bits  I_CGLMP = 0.051564
start  70 (entry attempts 2): S^UNI = 0.0577830255  S^COR >= 0.0577830255 bits  I_CGLMP = -0.103133
start  71 (entry attempts 1): S^UNI = 0.0577830255  S^COR >= 0.0577830255 bits  I_CGLMP = -0.051583
start  72 (entry attempts 1): S^UNI = 0.0308492312  S^COR >= 0.0308492312 bits  I_CGLMP = -0.146433
start  73 (entry attempts 5): S^UNI = 0.0308492312  S^COR >= 0.0308492312 bits  I_CGLMP = -0.853540
start  74 (entry attempts 3): S^UNI = 0.0308492312  S^COR >= 0.0308492312 bits  I_CGLMP = 0.292893
start  75 (entry attempts 2): S^UNI = 0.0308492312  S^COR >= 0.0308492312 bits  I_CGLMP = -0.146462
start  76 (entry attempts 2): S^UNI = 0.0308492312  S^COR >= 0.0308492312 bits  I_CGLMP = -0.146431
start  77 (entry attempts 3): S^UNI = 0.0577830255  S^COR >= 0.0577830255 bits  I_CGLMP = 0.718212
start  78 (entry attempts 2): S^UNI = 0.0577830255  S^COR >= 0.0577830255 bits  I_CGLMP = 0.051568
start  79 (entry attempts 1): S^UNI = 0.0308492312  S^COR >= 0.0308492312 bits  I_CGLMP = -0.853528
start  80 (entry attempts 1): S^UNI = 0.0481313412  S^COR >= 0.0481603913 bits  I_CGLMP = 0.454199
start  81 (entry attempts 1): S^UNI = 0.0308492312  S^COR >= 0.0308492312 bits  I_CGLMP = -2.707107
start  82 (entry attempts 1): S^UNI = 0.0577830255  S^COR >= 0.0577830255 bits  I_CGLMP = 0.666677
start  83 (entry attempts 1): S^UNI = 0.0577830255  S^COR >= 0.0577830255 bits  I_CGLMP = -0.103140
start  84 (entry attempts 2): S^UNI = 0.0577830255  S^COR >= 0.0577830255 bits  I_CGLMP = 0.718234
start  85 (entry attempts 1): S^UNI = 0.0308492312  S^COR >= 0.0308492312 bits  I_CGLMP = 1.000000
start  86 (entry attempts 3): S^UNI = 0.0308492312  S^COR >= 0.0308492312 bits  I_CGLMP = 0.292907
start  87 (entry attempts 2): S^UNI = 0.0308492312  S^COR >= 0.0308492312 bits  I_CGLMP = -0.146478
start  88 (entry attempts 1): S^UNI = 0.0308492312  S^COR >= 0.0308492312 bits  I_CGLMP = 0.999987
start  89 (entry attempts 1): S^UNI = 0.0577830255  S^COR >= 0.0577830255 bits  I_CGLMP = -0.718240
start  90 (entry attempts 2): S^UNI = 0.0577830255  S^COR >= 0.0577830255 bits  I_CGLMP = 0.000009
start  91 (entry attempts 2): S^UNI = 0.0308492312  S^COR >= 0.0308492312 bits  I_CGLMP = -0.853524
start  92 (entry attempts 1): S^UNI = 0.0577830255  S^COR >= 0.0577830255 bits  I_CGLMP = 0.103153
start  93 (entry attempts 3): S^UNI = 0.0308492312  S^COR >= 0.0308492312 bits  I_CGLMP = -0.853554
start  94 (entry attempts 1): S^UNI = 0.0577830255  S^COR >= 0.0577830255 bits  I_CGLMP = 0.000006
start  95 (entry attempts 1): S^UNI = 0.0577830255  S^COR >= 0.0577830255 bits  I_CGLMP = 1.436457
start  96 (entry attempts 3): S^UNI = 0.0577830255  S^COR >= 0.0577830255 bits  I_CGLMP = 0.000004
start  97 (entry attempts 1): S^UNI = 0.0577830255  S^COR >= 0.0577830255 bits  I_CGLMP = -0.000013
start  98 (entry attempts 1): S^UNI = 0.0577830255  S^COR >= 0.0577830255 bits  I_CGLMP = 0.103114
start  99 (entry attempts 1): S^UNI = 0.0577830255  S^COR >= 0.0577830255 bits  I_CGLMP = -0.051560
start 100 (entry attempts 3): S^UNI = 0.0308492312  S^COR >= 0.0308492312 bits  I_CGLMP = 0.999970
start 101 (entry attempts 2): S^UNI = 0.0577830255  S^COR >= 0.0577830255 bits  I_CGLMP = -1.436467
start 102 (entry attempts 3): S^UNI = 0.0577830255  S^COR >= 0.0577830255 bits  I_CGLMP = 0.103147
start 103 (entry attempts 2): S^UNI = 0.0577830255  S^COR >= 0.0577830255 bits  I_CGLMP = 1.488034
start 104 (entry attempts 1): S^UNI = 0.0308492312  S^COR >= 0.0308492312 bits  I_CGLMP = -0.853553
start 105 (entry attempts 1): S^UNI = 0.0308492312  S^COR >= 0.0308492312 bits  I_CGLMP = 0.560655
start 106 (entry attempts 2): S^UNI = 0.0308492312  S^COR >= 0.0308492312 bits  I_CGLMP = 1.707097
start 107 (entry attempts 1): S^UNI = 0.0308492312  S^COR >= 0.0308492312 bits  I_CGLMP = -0.146461
start 108 (entry attempts 1): S^UNI = 0.0577830255  S^COR >= 0.0577830255 bits  I_CGLMP = -0.718226
start 109 (entry attempts 1): S^UNI = 0.0308492312  S^COR >= 0.0308492312 bits  I_CGLMP = -0.146418
start 110 (entry attempts 1): S^UNI = 0.0577830255  S^COR >= 0.0577830255 bits  I_CGLMP = 0.051566
start 111 (entry attempts 1): S^UNI = 0.0308492312  S^COR >= 0.0308492312 bits  I_CGLMP = -1.560660
start 112 (entry attempts 3): S^UNI = 0.0577830255  S^COR >= 0.0577830255 bits  I_CGLMP = -0.821367
start 113 (entry attempts 1): S^UNI = 0.0308492312  S^COR >= 0.0308492312 bits  I_CGLMP = 1.000029
start 114 (entry attempts 1): S^UNI = 0.0308492312  S^COR >= 0.0308492312 bits  I_CGLMP = 0.292893
start 115 (entry attempts 1): S^UNI = 0.0308492312  S^COR >= 0.0308492312 bits  I_CGLMP = 0.560660
start 116 (entry attempts 1): S^UNI = 0.0308492312  S^COR >= 0.0308492312 bits  I_CGLMP = -0.146461
start 117 (entry attempts 3): S^UNI = 0.0308492312  S^COR >= 0.0308492312 bits  I_CGLMP = 0.999970
start 118 (entry attempts 1): S^UNI = 0.0577830255  S^COR >= 0.0577830255 bits  I_CGLMP = -0.666667
start 119 (entry attempts 1): S^UNI = 0.0481313412  S^COR >= 0.0481603913 bits  I_CGLMP = 1.858039
start 120 (entry attempts 4): S^UNI = 0.0481313412  S^COR >= 0.0481603914 bits  I_CGLMP = 0.653015
start 121 (entry attempts 1): S^UNI = 0.0308492312  S^COR >= 0.0308492312 bits  I_CGLMP = 0.999985
start 122 (entry attempts 1): S^UNI = 0.0577830255  S^COR >= 0.0577830255 bits  I_CGLMP = -0.000020
start 123 (entry attempts 1): S^UNI = 0.0308492312  S^COR >= 0.0308492312 bits  I_CGLMP = 1.000000
start 124 (entry attempts 1): S^UNI = 0.0308492312  S^COR >= 0.0308492312 bits  I_CGLMP = -0.853550
start 125 (entry attempts 1): S^UNI = 0.0577830255  S^COR >= 0.0577830255 bits  I_CGLMP = -0.051586
start 126 (entry attempts 1): S^UNI = 0.0308492312  S^COR >= 0.0308492312 bits  I_CGLMP = -1.560674
start 127 (entry attempts 1): S^UNI = 0.0577830255  S^COR >= 0.0577830255 bits  I_CGLMP = -0.051579
start 128 (entry attempts 1): S^UNI = 0.0481313412  S^COR >= 0.0481603913 bits  I_CGLMP = -1.931976
start 129 (entry attempts 1): S^UNI = 0.0308492312  S^COR >= 0.0308492312 bits  I_CGLMP = -0.853566
start 130 (entry attempts 1): S^UNI = 0.0577830255  S^COR >= 0.0577830255 bits  I_CGLMP = -0.000022
start 131 (entry attempts 2): S^UNI = 0.0577830255  S^COR >= 0.0577830255 bits  I_CGLMP = 0.000019
start 132 (entry attempts 2): S^UNI = 0.0577830255  S^COR >= 0.0577830255 bits  I_CGLMP = 0.718233
start 133 (entry attempts 1): S^UNI = 0.0308492312  S^COR >= 0.0308492312 bits  I_CGLMP = -0.853539
start 134 (entry attempts 2): S^UNI = 0.0577830255  S^COR >= 0.0577830255 bits  I_CGLMP = -0.718232
start 135 (entry attempts 1): S^UNI = 0.0308492312  S^COR >= 0.0308492312 bits  I_CGLMP = -0.146447
start 136 (entry attempts 1): S^UNI = 0.0308492312  S^COR >= 0.0308492312 bits  I_CGLMP = -1.560645
start 137 (entry attempts 3): S^UNI = 0.0308492312  S^COR >= 0.0308492312 bits  I_CGLMP = -0.146457
start 138 (entry attempts 2): S^UNI = 0.0308492312  S^COR >= 0.0308492312 bits  I_CGLMP = -0.853553
start 139 (entry attempts 2): S^UNI = 0.0308492312  S^COR >= 0.0308492312 bits  I_CGLMP = -0.146461
start 140 (entry attempts 1): S^UNI = 0.0308492312  S^COR >= 0.0308492312 bits  I_CGLMP = 1.000016
start 141 (entry attempts 3): S^UNI = 0.0577830255  S^COR >= 0.0577830255 bits  I_CGLMP = 1.539608
start 142 (entry attempts 2): S^UNI = 0.0308492312  S^COR >= 0.0308492312 bits  I_CGLMP = -0.146416
start 143 (entry attempts 1): S^UNI = 0.0308492312  S^COR >= 0.0308492312 bits  I_CGLMP = 0.999984
start 144 (entry attempts 2): S^UNI = 0.0577830255  S^COR >= 0.0577830255 bits  I_CGLMP = -0.718241
start 145 (entry attempts 2): S^UNI = 0.0577830255  S^COR >= 0.0577830255 bits  I_CGLMP = -1.539601
start 146 (entry attempts 2): S^UNI = 0.0308492312  S^COR >= 0.0308492312 bits  I_CGLMP = -0.146418
start 147 (entry attempts 1): S^UNI = 0.0577830255  S^COR >= 0.0577830255 bits  I_CGLMP = -0.051567
start 148 (entry attempts 2): S^UNI = 0.0308492312  S^COR >= 0.0308492312 bits  I_CGLMP = 1.000000
start 149 (entry attempts 2): S^UNI = 0.0308492312  S^COR >= 0.0308492312 bits  I_CGLMP = -0.853538
SUMMARY seed 11: 150 starts; max S^UNI 0.0577830255, max S^COR 0.0577830255; #S^UNI within 1e-7 of DKZ_3: 64; #above DKZ_3 + 1e-9: 0 (UNI), 0 (COR); distinct S^UNI values (6 dp): [0.030849 0.048131 0.057783]
