(2) h_lam: Li2 formula vs strip Poisson integral: max diff 2.22e-16
(6b) lam* = 0.110317800076: f(lam*) - G/pi^2 = 0.00e+00;  f(lam*+-0.05) - f(lam*) = 1.183e-03, 1.312e-03;  f'(lam*) ~ -5.20e-11
d=3 M=2 cells=[0.646 1.621 0.733]:
   (1) Herglotz closed form vs integral: 1.67e-15
   (5) int tau(A g) dm = 0.0072903126, Q^ell/N^2 = 0.0072903126, diff 1.18e-13  (Phi_c = 0.0928067182)
   (4,6) lam=+0.1103: int tau(A(g-lam)) = -0.02028914 <= int tau((P(g-lam)P)_+) = 0.06522154 <= int u*/M = 0.06522745 vs h_lam(1/4) = 0.06522727 (diff 1.8e-07)
   (4,6) lam=-0.4000: int tau(A(g-lam)) = 0.10729031 <= int tau((P(g-lam)P)_+) = 0.32261195 <= int u*/M = 0.32261770 vs h_lam(1/4) = 0.32261911 (diff -1.4e-06)
   (4,6) lam=+0.0000: int tau(A(g-lam)) = 0.00729031 <= int tau((P(g-lam)P)_+) = 0.09947940 <= int u*/M = 0.09948408 vs h_lam(1/4) = 0.09948445 (diff -3.7e-07)
   (4,6) lam=+0.6000: int tau(A(g-lam)) = -0.14270969 <= int tau((P(g-lam)P)_+) = 0.01148654 <= int u*/M = 0.01149133 vs h_lam(1/4) = 0.01148982 (diff 1.5e-06)
   (3) mean value on circles (mean u/M - h(1/4)): {(0.3, np.float64(0.1103178000763258)): '0.0e+00', (0.3, -0.4): '-5.6e-17', (0.7, np.float64(0.1103178000763258)): '0.0e+00', (0.7, -0.4): '-5.6e-17', (0.95, np.float64(0.1103178000763258)): '3.7e-15', (0.95, -0.4): '4.6e-15'}
d=4 M=3 cells=[0.933 0.302 1.026 1.739]:
   (1) Herglotz closed form vs integral: 2.01e-15
   (5) int tau(A g) dm = 0.0005125074, Q^ell/N^2 = 0.0005125074, diff 4.08e-14  (Phi_c = 0.0928067182)
   (4,6) lam=+0.1103: int tau(A(g-lam)) = -0.02706694 <= int tau((P(g-lam)P)_+) = 0.06196888 <= int u*/M = 0.06522716 vs h_lam(1/4) = 0.06522727 (diff -1.1e-07)
   (4,6) lam=-0.4000: int tau(A(g-lam)) = 0.10051251 <= int tau((P(g-lam)P)_+) = 0.32072403 <= int u*/M = 0.32261799 vs h_lam(1/4) = 0.32261911 (diff -1.1e-06)
   (4,6) lam=+0.0000: int tau(A(g-lam)) = 0.00051251 <= int tau((P(g-lam)P)_+) = 0.09618861 <= int u*/M = 0.09948420 vs h_lam(1/4) = 0.09948445 (diff -2.5e-07)
   (4,6) lam=+0.6000: int tau(A(g-lam)) = -0.14948749 <= int tau((P(g-lam)P)_+) = 0.00995816 <= int u*/M = 0.01149049 vs h_lam(1/4) = 0.01148982 (diff 6.6e-07)
   (3) mean value on circles (mean u/M - h(1/4)): {(0.3, np.float64(0.1103178000763258)): '0.0e+00', (0.3, -0.4): '0.0e+00', (0.7, np.float64(0.1103178000763258)): '0.0e+00', (0.7, -0.4): '0.0e+00', (0.95, np.float64(0.1103178000763258)): '-1.5e-15', (0.95, -0.4): '-1.7e-15'}
d=4 M=2 cells=[0.45  0.    1.763 1.787]:
   (1) Herglotz closed form vs integral: 4.69e-15
   (5) int tau(A g) dm = 0.0250770321, Q^ell/N^2 = 0.0250770321, diff -2.87e-14  (Phi_c = 0.0928067182)
   (4,6) lam=+0.1103: int tau(A(g-lam)) = -0.00250242 <= int tau((P(g-lam)P)_+) = 0.05929883 <= int u*/M = 0.06522718 vs h_lam(1/4) = 0.06522727 (diff -8.4e-08)
   (4,6) lam=-0.4000: int tau(A(g-lam)) = 0.12507703 <= int tau((P(g-lam)P)_+) = 0.31891280 <= int u*/M = 0.32262137 vs h_lam(1/4) = 0.32261911 (diff 2.3e-06)
   (4,6) lam=+0.0000: int tau(A(g-lam)) = 0.02507703 <= int tau((P(g-lam)P)_+) = 0.09357862 <= int u*/M = 0.09948491 vs h_lam(1/4) = 0.09948445 (diff 4.6e-07)
   (4,6) lam=+0.6000: int tau(A(g-lam)) = -0.12492297 <= int tau((P(g-lam)P)_+) = 0.00895388 <= int u*/M = 0.01149066 vs h_lam(1/4) = 0.01148982 (diff 8.3e-07)
   (3) mean value on circles (mean u/M - h(1/4)): {(0.3, np.float64(0.1103178000763258)): '0.0e+00', (0.3, -0.4): '-5.6e-17', (0.7, np.float64(0.1103178000763258)): '1.4e-17', (0.7, -0.4): '-5.6e-17', (0.95, np.float64(0.1103178000763258)): '1.7e-15', (0.95, -0.4): '2.1e-15'}
