C:\Users\anshm\AppData\Roaming\Python\Python314\site-packages\cupy\_environment.py:286: UserWarning: CUDA path could not be detected. Set CUDA_PATH environment variable if CuPy fails to load.
  warnings.warn(
seesaw_check.py:31: UserWarning: Solution may be inaccurate. Try another solver, adjusting the solver settings, or solve with verbose=True for more information.
  prob.solve(solver=cp.CLARABEL, tol_gap_abs=1e-11, tol_gap_rel=1e-11, tol_feas=1e-11)
best_d3_D2_sweep.npz: d=3 D=2 I = 2.6213203435596  I-I_ME = -2.52e-01  best-response gaps (X1,Y1,X2,Y2) = -8.5e-10, -1.7e-10, -5.4e-11, -2.7e-10
best_d3_D3_sweep.npz: d=3 D=3 I = 2.8729340511723  I-I_ME = +5.77e-15  best-response gaps (X1,Y1,X2,Y2) = -2.9e-11, -2.9e-11, -2.9e-11, -2.9e-11
best_d3_D4_sweep.npz: d=3 D=4 I = 2.6547005383793  I-I_ME = -2.18e-01  best-response gaps (X1,Y1,X2,Y2) = -4.2e-10, -7.7e-10, -2.3e-10, -4.0e-10
best_d3_D5_sweep.npz: d=3 D=5 I = 2.7722885681273  I-I_ME = -1.01e-01  best-response gaps (X1,Y1,X2,Y2) = -1.2e-10, -2.6e-09, -6.2e-09, -1.6e-08
best_d3_D6_sweep.npz: d=3 D=6 I = 2.8729340511724  I-I_ME = +2.18e-14  best-response gaps (X1,Y1,X2,Y2) = -1.0e-10, -1.0e-10, -1.0e-10, -1.0e-10
best_d4_D2_sweep.npz: d=4 D=2 I = 2.5522847498308  I-I_ME = -3.44e-01  best-response gaps (X1,Y1,X2,Y2) = -2.5e-11, -2.4e-12, -2.0e-09, -2.7e-10
best_d4_D3_sweep.npz: d=4 D=3 I = 2.7759413788199  I-I_ME = -1.20e-01  best-response gaps (X1,Y1,X2,Y2) = -6.5e-09, -6.3e-09, -5.0e-09, -8.7e-09
best_d4_D4_sweep.npz: d=4 D=4 I = 2.8962432184587  I-I_ME = +4.44e-15  best-response gaps (X1,Y1,X2,Y2) = 7.4e-12, 7.4e-12, 7.4e-12, 7.3e-12
best_d4_D5_sweep.npz: d=4 D=5 I = 2.7169945747670  I-I_ME = -1.79e-01  best-response gaps (X1,Y1,X2,Y2) = -4.0e-10, -1.6e-10, -1.8e-10, -7.8e-09
best_d4_D6_sweep.npz: d=4 D=6 I = 2.7815903955827  I-I_ME = -1.15e-01  best-response gaps (X1,Y1,X2,Y2) = -8.3e-11, -6.2e-10, -1.9e-10, -1.7e-08
best_d4_D7_sweep.npz: d=4 D=7 I = 2.8446852871849  I-I_ME = -5.16e-02  best-response gaps (X1,Y1,X2,Y2) = -7.8e-09, -1.1e-08, -3.8e-10, -2.9e-09
best_d4_D8_sweep.npz: d=4 D=8 I = 2.8962432184587  I-I_ME = +4.44e-15  best-response gaps (X1,Y1,X2,Y2) = -2.3e-10, -2.3e-10, -2.3e-10, -2.3e-10
best_d5_D10_sweep.npz: d=5 D=10 I = 2.9105448080721  I-I_ME = +3.11e-15  best-response gaps (X1,Y1,X2,Y2) = -6.5e-10, -6.5e-10, -6.5e-10, -6.5e-10
best_d5_D2_sweep.npz: d=5 D=2 I = 2.5177669529664  I-I_ME = -3.93e-01  best-response gaps (X1,Y1,X2,Y2) = -2.9e-12, -2.2e-12, -1.3e-11, -2.4e-10
best_d5_D3_sweep.npz: d=5 D=3 I = 2.7274450426436  I-I_ME = -1.83e-01  best-response gaps (X1,Y1,X2,Y2) = -1.4e-08, -1.2e-08, -5.5e-09, -2.1e-08
best_d5_D4_sweep.npz: d=5 D=4 I = 2.8402280173050  I-I_ME = -7.03e-02  best-response gaps (X1,Y1,X2,Y2) = -3.3e-09, -3.1e-09, -1.1e-08, -7.5e-09
best_d5_D5_sweep.npz: d=5 D=5 I = 2.9105448080721  I-I_ME = +3.11e-15  best-response gaps (X1,Y1,X2,Y2) = -1.2e-08, -1.8e-10, -1.8e-10, -1.8e-10
best_d5_D6_sweep.npz: d=5 D=6 I = 2.7587873400601  I-I_ME = -1.52e-01  best-response gaps (X1,Y1,X2,Y2) = -3.4e-10, -3.6e-10, -3.8e-10, -4.6e-10
best_d5_D7_sweep.npz: d=5 D=7 I = 2.7983225637562  I-I_ME = -1.12e-01  best-response gaps (X1,Y1,X2,Y2) = -4.7e-09, -1.3e-08, -1.8e-08, -1.6e-08
best_d5_D8_sweep.npz: d=5 D=8 I = 2.8418823960364  I-I_ME = -6.87e-02  best-response gaps (X1,Y1,X2,Y2) = -1.9e-09, -3.6e-08, -3.9e-09, -2.6e-08
best_d5_D9_sweep.npz: d=5 D=9 I = 2.8792929010645  I-I_ME = -3.13e-02  best-response gaps (X1,Y1,X2,Y2) = -1.9e-08, -3.4e-08, -1.3e-08, -3.7e-08
best_d6_D10_sweep.npz: d=6 D=10 I = 2.8747697224726  I-I_ME = -4.54e-02  best-response gaps (X1,Y1,X2,Y2) = -1.3e-08, -1.6e-08, -1.6e-08, -1.6e-08
best_d6_D11_sweep.npz: d=6 D=11 I = 2.8992578833655  I-I_ME = -2.09e-02  best-response gaps (X1,Y1,X2,Y2) = -3.1e-08, -7.1e-09, -2.3e-08, -1.8e-08
best_d6_D12_sweep.npz: d=6 D=12 I = 2.9202036063791  I-I_ME = +3.11e-15  best-response gaps (X1,Y1,X2,Y2) = -2.2e-09, -2.2e-09, -2.2e-09, -2.2e-09
best_d6_D2_sweep.npz: d=6 D=2 I = 2.4970562748477  I-I_ME = -4.23e-01  best-response gaps (X1,Y1,X2,Y2) = -5.3e-11, -3.8e-11, -1.6e-10, -2.3e-11
best_d6_D3_sweep.npz: d=6 D=3 I = 2.6983472409379  I-I_ME = -2.22e-01  best-response gaps (X1,Y1,X2,Y2) = -2.8e-08, -4.8e-09, -8.6e-09, -9.5e-09
best_d6_D4_sweep.npz: d=6 D=4 I = 2.8066188966128  I-I_ME = -1.14e-01  best-response gaps (X1,Y1,X2,Y2) = -7.6e-09, -2.6e-08, -2.6e-08, -6.5e-09
best_d6_D5_sweep.npz: d=6 D=5 I = 2.8741230157492  I-I_ME = -4.61e-02  best-response gaps (X1,Y1,X2,Y2) = -9.5e-09, -1.0e-08, -3.3e-09, -7.8e-09
best_d6_D6_sweep.npz: d=6 D=6 I = 2.9202036063791  I-I_ME = +3.11e-15  best-response gaps (X1,Y1,X2,Y2) = -4.3e-10, -4.3e-10, -4.3e-10, -4.3e-10
best_d6_D7_sweep.npz: d=6 D=7 I = 2.7887459483249  I-I_ME = -1.31e-01  best-response gaps (X1,Y1,X2,Y2) = -2.2e-10, -1.2e-09, -4.5e-09, -5.4e-10
best_d6_D8_sweep.npz: d=6 D=8 I = 2.8144167734962  I-I_ME = -1.06e-01  best-response gaps (X1,Y1,X2,Y2) = -2.2e-09, -1.6e-08, -2.0e-08, -9.6e-10
best_d6_D9_sweep.npz: d=6 D=9 I = 2.8462514845653  I-I_ME = -7.40e-02  best-response gaps (X1,Y1,X2,Y2) = -1.4e-08, -2.9e-09, -4.0e-08, -1.3e-08
best_d7_D10_sweep.npz: d=7 D=10 I = 2.8526972716374  I-I_ME = -7.45e-02  best-response gaps (X1,Y1,X2,Y2) = -2.0e-08, -2.6e-08, -3.2e-09, -2.9e-08
best_d7_D11_sweep.npz: d=7 D=11 I = 2.8751798055979  I-I_ME = -5.20e-02  best-response gaps (X1,Y1,X2,Y2) = -1.7e-08, -1.9e-08, -3.2e-08, -4.6e-08
best_d7_D12_sweep.npz: d=7 D=12 I = 2.8949446417757  I-I_ME = -3.22e-02  best-response gaps (X1,Y1,X2,Y2) = -5.2e-09, -2.0e-08, -3.1e-09, -3.6e-09
best_d7_D13_sweep.npz: d=7 D=13 I = 2.9121523821166  I-I_ME = -1.50e-02  best-response gaps (X1,Y1,X2,Y2) = -1.6e-08, -3.7e-09, -1.3e-08, -3.5e-09
best_d7_D14_sweep.npz: d=7 D=14 I = 2.9271609424245  I-I_ME = +3.55e-15  best-response gaps (X1,Y1,X2,Y2) = -6.0e-09, -6.0e-09, -6.0e-09, -1.4e-10
best_d7_D2_sweep.npz: d=7 D=2 I = 2.4832491561019  I-I_ME = -4.44e-01  best-response gaps (X1,Y1,X2,Y2) = -4.3e-12, -7.7e-11, -5.4e-10, -1.7e-12
best_d7_D3_sweep.npz: d=7 D=3 I = 2.6789487064674  I-I_ME = -2.48e-01  best-response gaps (X1,Y1,X2,Y2) = -5.4e-09, -1.0e-08, -4.8e-08, -5.0e-09
best_d7_D4_sweep.npz: d=7 D=4 I = 2.7842128161514  I-I_ME = -1.43e-01  best-response gaps (X1,Y1,X2,Y2) = -1.2e-08, -4.0e-09, -1.8e-08, -5.0e-09
best_d7_D5_sweep.npz: d=7 D=5 I = 2.8498418208673  I-I_ME = -7.73e-02  best-response gaps (X1,Y1,X2,Y2) = -2.0e-08, -4.1e-08, -2.0e-08, -1.6e-08
best_d7_D6_sweep.npz: d=7 D=6 I = 2.8946423950908  I-I_ME = -3.25e-02  best-response gaps (X1,Y1,X2,Y2) = -3.8e-09, -9.0e-09, -3.2e-08, -7.8e-09
best_d7_D7_sweep.npz: d=7 D=7 I = 2.9271609424245  I-I_ME = +3.55e-15  best-response gaps (X1,Y1,X2,Y2) = -8.2e-10, -8.2e-10, -8.2e-10, -8.2e-10
best_d7_D8_sweep.npz: d=7 D=8 I = 2.8112658246215  I-I_ME = -1.16e-01  best-response gaps (X1,Y1,X2,Y2) = -1.9e-09, -1.5e-09, -2.0e-09, -1.5e-09
best_d7_D9_sweep.npz: d=7 D=9 I = 2.8285138787973  I-I_ME = -9.86e-02  best-response gaps (X1,Y1,X2,Y2) = -9.6e-09, -8.4e-09, -1.4e-08, -2.8e-09
best_d8_D10_sweep.npz: d=8 D=10 I = 2.8406050726488  I-I_ME = -9.18e-02  best-response gaps (X1,Y1,X2,Y2) = -1.1e-09, -2.1e-09, -1.3e-08, -5.7e-09
best_d8_D11_sweep.npz: d=8 D=11 I = 2.8595049728079  I-I_ME = -7.29e-02  best-response gaps (X1,Y1,X2,Y2) = -3.4e-09, -1.6e-08, -1.2e-08, -2.2e-09
best_d8_D12_sweep.npz: d=8 D=12 I = 2.8776758967912  I-I_ME = -5.47e-02  best-response gaps (X1,Y1,X2,Y2) = -4.5e-09, -1.2e-08, -9.8e-09, -4.9e-08
best_d8_D13_sweep.npz: d=8 D=13 I = 2.8939821092940  I-I_ME = -3.84e-02  best-response gaps (X1,Y1,X2,Y2) = -2.4e-08, -1.1e-08, -2.8e-08, -8.7e-09
best_d8_D14_sweep.npz: d=8 D=14 I = 2.9083987994144  I-I_ME = -2.40e-02  best-response gaps (X1,Y1,X2,Y2) = -8.7e-08, -1.1e-08, -1.9e-08, -1.4e-08
best_d8_D15_sweep.npz: d=8 D=15 I = 2.9211301268936  I-I_ME = -1.13e-02  best-response gaps (X1,Y1,X2,Y2) = -7.0e-09, -2.6e-08, -7.3e-09, -2.5e-08
best_d8_D16_sweep.npz: d=8 D=16 I = 2.9324096087045  I-I_ME = +3.55e-15  best-response gaps (X1,Y1,X2,Y2) = -2.2e-10, -2.2e-10, -2.2e-10, -2.2e-10
best_d8_D2_sweep.npz: d=8 D=2 I = 2.4733869284264  I-I_ME = -4.59e-01  best-response gaps (X1,Y1,X2,Y2) = -1.2e-10, -1.4e-11, -2.3e-11, -2.2e-10
best_d8_D3_sweep.npz: d=8 D=3 I = 2.6650926104170  I-I_ME = -2.67e-01  best-response gaps (X1,Y1,X2,Y2) = -5.4e-10, -1.6e-09, -1.4e-09, -5.8e-09
best_d8_D4_sweep.npz: d=8 D=4 I = 2.7682084729646  I-I_ME = -1.64e-01  best-response gaps (X1,Y1,X2,Y2) = -3.4e-09, -6.7e-09, -1.0e-08, -3.3e-09
best_d8_D5_sweep.npz: d=8 D=5 I = 2.8324981102373  I-I_ME = -9.99e-02  best-response gaps (X1,Y1,X2,Y2) = -1.2e-08, -7.9e-09, -7.9e-09, -1.4e-08
best_d8_D6_sweep.npz: d=8 D=6 I = 2.8763843870277  I-I_ME = -5.60e-02  best-response gaps (X1,Y1,X2,Y2) = -1.4e-08, -1.0e-08, -3.6e-09, -2.4e-08
best_d8_D7_sweep.npz: d=8 D=7 I = 2.9082392905383  I-I_ME = -2.42e-02  best-response gaps (X1,Y1,X2,Y2) = -4.1e-08, -7.4e-09, -4.7e-09, -8.2e-09
best_d8_D8_sweep.npz: d=8 D=8 I = 2.9324096087045  I-I_ME = +4.44e-15  best-response gaps (X1,Y1,X2,Y2) = -2.2e-09, -2.2e-09, -2.2e-09, -2.2e-09
best_d8_D9_sweep.npz: d=8 D=9 I = 2.8288085410706  I-I_ME = -1.04e-01  best-response gaps (X1,Y1,X2,Y2) = -9.5e-11, -3.8e-09, -4.4e-09, -8.1e-10
