# d=8 D=10 nstart=90 seed=8010  I_ME(d) = 2.9324096087045
start    0 gauss    I = 2.7459276869636  I-I_ME = -1.865e-01  |grad| = 8.2e-10  nonproj = 9.2e-02  ranks = [(1, 1, 2, 2, 3, 3, 2, 2), (1, 1, 2, 1, 2, 1, 1, 1), (1, 2, 2, 1, 2, 1, 1, 1), (3, 3, 2, 2, 2, 1, 2, 2)]  below  [1s]
start    1 rank     I = 2.6157768382437  I-I_ME = -3.166e-01  |grad| = 6.8e-10  nonproj = 1.1e-01  ranks = [(3, 3, 2, 1, 3, 0, 1, 1), (3, 3, 1, 2, 3, 0, 1, 2), (2, 2, 0, 2, 2, 1, 4, 3), (0, 2, 1, 3, 1, 4, 3, 1)]  below  [2s]
start    2 rank1    I = 2.8406050726488  I-I_ME = -9.180e-02  |grad| = 1.7e-10  nonproj = 2.7e-02  ranks = [(1, 1, 1, 1, 2, 1, 1, 2), (1, 1, 1, 1, 2, 1, 1, 2), (2, 2, 2, 2, 2, 2, 2, 2), (2, 1, 1, 1, 1, 2, 1, 1)]  below  [3s]
start    3 frame    I = 2.8406050726488  I-I_ME = -9.180e-02  |grad| = 1.4e-09  nonproj = 4.9e-02  ranks = [(1, 2, 1, 1, 1, 1, 2, 1), (2, 2, 1, 1, 1, 2, 2, 2), (1, 1, 1, 2, 2, 2, 1, 2), (1, 1, 2, 2, 1, 1, 1, 2)]  below  [4s]
start    4 dkzpert  I = 2.8352952865019  I-I_ME = -9.711e-02  |grad| = 5.1e-10  nonproj = 4.0e-02  ranks = [(0, 2, 2, 1, 1, 2, 2, 1), (0, 2, 2, 1, 1, 2, 1, 1), (1, 2, 2, 2, 2, 2, 1, 1), (2, 1, 2, 2, 1, 1, 1, 2)]  below  [4s]
start    5 dkzcomp  I = 2.8406050726488  I-I_ME = -9.180e-02  |grad| = 6.9e-10  nonproj = 1.1e-02  ranks = [(2, 1, 1, 1, 2, 2, 2, 1), (2, 1, 1, 2, 2, 1, 1, 1), (2, 1, 1, 2, 1, 1, 1, 2), (1, 2, 2, 2, 1, 1, 1, 2)]  below  [6s]
start    6 gauss    I = 2.8406050726488  I-I_ME = -9.180e-02  |grad| = 1.7e-11  nonproj = 8.8e-02  ranks = [(2, 1, 1, 2, 2, 1, 1, 1), (2, 2, 2, 2, 1, 1, 2, 2), (1, 2, 1, 1, 1, 2, 2, 1), (1, 2, 1, 1, 1, 2, 1, 1)]  below  [7s]
start    7 rank     I = 2.6014885579962  I-I_ME = -3.309e-01  |grad| = 4.9e-10  nonproj = 1.4e-01  ranks = [(1, 2, 2, 3, 4, 1, 3, 1), (3, 2, 2, 3, 2, 0, 3, 0), (4, 1, 0, 2, 1, 2, 3, 1), (3, 0, 1, 2, 1, 3, 2, 3)]  below  [8s]
start    8 rank1    I = 2.8406050726488  I-I_ME = -9.180e-02  |grad| = 1.1e-08  nonproj = 7.6e-02  ranks = [(1, 1, 1, 2, 2, 1, 1, 1), (1, 1, 2, 2, 2, 1, 1, 1), (2, 2, 2, 1, 2, 1, 2, 2), (1, 1, 1, 1, 2, 2, 2, 1)]  below  [9s]
start    9 frame    I = 2.7459276869635  I-I_ME = -1.865e-01  |grad| = 8.4e-10  nonproj = 9.8e-02  ranks = [(1, 1, 2, 2, 2, 2, 1, 2), (1, 2, 2, 2, 2, 2, 2, 2), (2, 2, 2, 1, 1, 1, 1, 1), (2, 2, 2, 1, 1, 1, 2, 2)]  below  [9s]
start   10 dkzpert  I = 2.8406050726488  I-I_ME = -9.180e-02  |grad| = 3.0e-10  nonproj = 8.3e-02  ranks = [(1, 1, 2, 2, 1, 1, 2, 2), (2, 2, 2, 1, 1, 1, 2, 1), (2, 1, 1, 1, 1, 2, 2, 1), (2, 1, 1, 1, 2, 2, 1, 1)]  below  [10s]
start   11 dkzcomp  I = 2.7459276869636  I-I_ME = -1.865e-01  |grad| = 4.4e-10  nonproj = 4.4e-02  ranks = [(1, 2, 2, 1, 1, 1, 1, 1), (2, 2, 2, 1, 2, 2, 2, 2), (1, 1, 1, 2, 3, 2, 1, 1), (1, 1, 2, 2, 2, 1, 1, 1)]  below  [11s]
start   12 gauss    I = 2.8406050726488  I-I_ME = -9.180e-02  |grad| = 6.5e-10  nonproj = 6.6e-02  ranks = [(2, 1, 1, 2, 2, 1, 1, 2), (1, 1, 1, 2, 1, 1, 2, 2), (1, 1, 2, 2, 1, 1, 2, 1), (1, 2, 2, 1, 1, 2, 2, 1)]  below  [12s]
start   13 rank     I = 2.5913155462413  I-I_ME = -3.411e-01  |grad| = 1.1e-06  nonproj = 1.0e-01  ranks = [(1, 0, 1, 3, 3, 1, 4, 4), (0, 0, 4, 3, 1, 2, 4, 1), (3, 4, 4, 0, 0, 4, 3, 1), (3, 1, 0, 0, 1, 4, 1, 1)]  below  [14s]
start   14 rank1    I = 2.8406050726488  I-I_ME = -9.180e-02  |grad| = 4.1e-10  nonproj = 2.8e-02  ranks = [(1, 1, 1, 1, 1, 2, 1, 2), (2, 2, 2, 2, 2, 2, 1, 2), (2, 1, 1, 1, 1, 1, 1, 2), (2, 1, 1, 1, 1, 1, 2, 2)]  below  [15s]
start   15 frame    I = 2.7459276869636  I-I_ME = -1.865e-01  |grad| = 8.1e-10  nonproj = 7.9e-02  ranks = [(1, 1, 2, 2, 2, 2, 1, 1), (2, 2, 2, 2, 2, 1, 1, 1), (2, 1, 2, 1, 1, 1, 2, 2), (2, 2, 2, 1, 1, 2, 2, 2)]  below  [15s]
start   16 dkzpert  I = 2.8406050726488  I-I_ME = -9.180e-02  |grad| = 6.0e-10  nonproj = 4.8e-02  ranks = [(2, 2, 1, 2, 1, 1, 1, 1), (2, 1, 1, 2, 1, 1, 1, 2), (1, 1, 2, 2, 1, 1, 1, 2), (1, 1, 2, 1, 2, 2, 2, 2)]  below  [16s]
start   17 dkzcomp  I = 2.7459276869636  I-I_ME = -1.865e-01  |grad| = 5.4e-10  nonproj = 8.2e-02  ranks = [(3, 2, 1, 1, 1, 1, 2, 2), (2, 1, 1, 1, 2, 2, 2, 1), (2, 1, 1, 2, 2, 2, 2, 2), (1, 2, 2, 2, 2, 1, 1, 1)]  below  [17s]
start   18 gauss    I = 2.7459276869636  I-I_ME = -1.865e-01  |grad| = 2.3e-06  nonproj = 5.6e-02  ranks = [(2, 2, 1, 1, 1, 1, 2, 1), (2, 1, 1, 2, 2, 3, 3, 2), (1, 1, 1, 2, 2, 2, 1, 1), (2, 2, 2, 3, 2, 1, 1, 2)]  below  [18s]
start   19 rank     I = 2.7235324443045  I-I_ME = -2.089e-01  |grad| = 2.1e-11  nonproj = 1.0e-01  ranks = [(1, 1, 2, 2, 3, 3, 2, 0), (2, 1, 2, 1, 3, 2, 0, 0), (2, 0, 3, 2, 3, 2, 0, 1), (2, 2, 3, 1, 2, 2, 1, 3)]  below  [19s]
start   20 rank1    I = 2.8406050726488  I-I_ME = -9.180e-02  |grad| = 5.2e-10  nonproj = 8.4e-02  ranks = [(1, 2, 2, 1, 1, 1, 1, 2), (1, 2, 1, 1, 1, 1, 1, 2), (1, 2, 1, 1, 1, 1, 2, 2), (2, 2, 1, 2, 2, 2, 2, 1)]  below  [20s]
start   21 frame    I = 2.7459276869634  I-I_ME = -1.865e-01  |grad| = 1.7e-08  nonproj = 6.1e-02  ranks = [(2, 1, 1, 2, 2, 1, 1, 2), (2, 2, 2, 2, 1, 2, 2, 2), (2, 1, 1, 1, 2, 2, 1, 1), (2, 2, 2, 2, 2, 2, 2, 2)]  below  [21s]
start   22 dkzpert  I = 2.7459276869636  I-I_ME = -1.865e-01  |grad| = 1.7e-10  nonproj = 6.4e-02  ranks = [(2, 2, 2, 2, 2, 2, 2, 2), (2, 2, 1, 2, 2, 2, 1, 2), (1, 1, 1, 2, 1, 1, 2, 2), (1, 2, 2, 2, 1, 2, 2, 1)]  below  [21s]
start   23 dkzcomp  I = 2.8406050726488  I-I_ME = -9.180e-02  |grad| = 1.9e-10  nonproj = 5.1e-02  ranks = [(2, 2, 2, 2, 1, 1, 2, 2), (1, 1, 1, 2, 1, 1, 2, 1), (1, 1, 1, 2, 1, 1, 2, 1), (1, 1, 1, 2, 2, 2, 2, 1)]  below  [22s]
start   24 gauss    I = 2.7459276869635  I-I_ME = -1.865e-01  |grad| = 8.5e-10  nonproj = 9.2e-02  ranks = [(2, 2, 1, 1, 2, 2, 2, 2), (2, 1, 2, 2, 3, 2, 2, 2), (1, 1, 2, 1, 2, 1, 1, 1), (2, 2, 3, 2, 2, 1, 1, 1)]  below  [23s]
start   25 rank     I = 2.3072833891858  I-I_ME = -6.251e-01  |grad| = 9.2e-11  nonproj = 1.6e-01  ranks = [(1, 2, 1, 0, 3, 2, 6, 0), (1, 1, 1, 5, 6, 2, 5, 1), (1, 3, 4, 7, 1, 2, 2, 1), (1, 4, 4, 3, 0, 1, 1, 6)]  below  [24s]
start   26 rank1    I = 2.8406050726488  I-I_ME = -9.180e-02  |grad| = 5.2e-10  nonproj = 5.3e-02  ranks = [(2, 2, 1, 1, 2, 2, 1, 2), (1, 1, 1, 2, 2, 1, 1, 2), (1, 1, 2, 2, 1, 1, 1, 2), (1, 1, 2, 1, 1, 1, 2, 2)]  below  [25s]
start   27 frame    I = 2.8406050726488  I-I_ME = -9.180e-02  |grad| = 1.6e-10  nonproj = 6.5e-02  ranks = [(1, 1, 1, 2, 1, 1, 2, 1), (1, 1, 1, 2, 1, 1, 2, 1), (2, 2, 2, 2, 1, 2, 2, 1), (2, 1, 1, 1, 2, 2, 1, 2)]  below  [25s]
start   28 dkzpert  I = 2.7459276869635  I-I_ME = -1.865e-01  |grad| = 1.9e-09  nonproj = 1.0e-01  ranks = [(2, 2, 2, 2, 1, 1, 2, 2), (1, 1, 1, 2, 2, 2, 2, 2), (2, 2, 2, 2, 1, 2, 2, 1), (2, 1, 1, 1, 2, 2, 1, 1)]  below  [26s]
start   29 dkzcomp  I = 2.8406050726488  I-I_ME = -9.180e-02  |grad| = 5.4e-10  nonproj = 1.2e-01  ranks = [(2, 1, 2, 1, 1, 1, 1, 1), (2, 1, 2, 1, 2, 2, 2, 2), (1, 2, 2, 2, 2, 1, 1, 1), (1, 2, 1, 2, 1, 1, 1, 1)]  below  [27s]
start   30 gauss    I = 2.7459276869636  I-I_ME = -1.865e-01  |grad| = 6.3e-10  nonproj = 5.6e-02  ranks = [(1, 2, 2, 1, 2, 2, 2, 1), (2, 2, 2, 2, 2, 1, 1, 1), (2, 2, 2, 1, 1, 1, 2, 2), (2, 2, 1, 2, 2, 2, 2, 2)]  below  [28s]
start   31 rank     I = 2.1995277831250  I-I_ME = -7.329e-01  |grad| = 1.0e-09  nonproj = 1.5e-01  ranks = [(2, 0, 1, 3, 1, 1, 5, 6), (0, 0, 2, 6, 3, 1, 6, 2), (1, 3, 4, 7, 1, 3, 1, 0), (6, 7, 5, 3, 1, 1, 0, 2)]  below  [29s]
start   32 rank1    I = 2.8406050726488  I-I_ME = -9.180e-02  |grad| = 1.2e-07  nonproj = 7.4e-02  ranks = [(1, 2, 1, 2, 1, 1, 1, 1), (1, 2, 2, 2, 1, 1, 1, 1), (2, 2, 2, 1, 1, 1, 1, 1), (2, 1, 2, 1, 2, 2, 2, 2)]  below  [30s]
start   33 frame    I = 2.8406050726488  I-I_ME = -9.180e-02  |grad| = 4.5e-10  nonproj = 5.8e-02  ranks = [(2, 1, 2, 2, 2, 2, 1, 1), (2, 2, 2, 1, 1, 1, 2, 2), (1, 2, 1, 1, 1, 1, 2, 1), (1, 2, 1, 1, 1, 1, 2, 1)]  below  [31s]
start   34 dkzpert  I = 2.7459276869636  I-I_ME = -1.865e-01  |grad| = 6.1e-10  nonproj = 7.1e-02  ranks = [(1, 1, 2, 2, 2, 2, 2, 1), (1, 1, 2, 1, 2, 1, 1, 1), (2, 2, 2, 2, 2, 1, 2, 2), (2, 2, 1, 1, 2, 2, 2, 2)]  below  [32s]
start   35 dkzcomp  I = 2.8406050726488  I-I_ME = -9.180e-02  |grad| = 5.5e-10  nonproj = 1.6e-02  ranks = [(2, 2, 1, 1, 1, 1, 1, 1), (2, 2, 1, 1, 1, 1, 1, 1), (2, 2, 2, 2, 2, 2, 2, 2), (1, 2, 2, 1, 1, 1, 1, 1)]  below  [33s]
start   36 gauss    I = 2.8406050726488  I-I_ME = -9.180e-02  |grad| = 1.2e-11  nonproj = 5.6e-02  ranks = [(2, 1, 1, 1, 2, 2, 1, 1), (2, 1, 1, 2, 2, 1, 2, 2), (1, 1, 2, 2, 1, 1, 2, 1), (1, 2, 2, 1, 1, 1, 2, 1)]  below  [34s]
start   37 rank     I = 2.5109264408039  I-I_ME = -4.215e-01  |grad| = 5.6e-10  nonproj = 1.1e-01  ranks = [(2, 0, 2, 0, 1, 1, 5, 2), (1, 2, 2, 1, 3, 4, 4, 1), (2, 3, 1, 3, 4, 3, 1, 1), (4, 4, 2, 3, 2, 1, 0, 4)]  below  [35s]
start   38 rank1    I = 2.8406050726488  I-I_ME = -9.180e-02  |grad| = 5.6e-10  nonproj = 4.6e-02  ranks = [(2, 2, 2, 1, 1, 1, 2, 2), (1, 2, 1, 2, 2, 2, 2, 1), (1, 2, 1, 2, 1, 1, 1, 1), (1, 2, 1, 2, 1, 1, 1, 1)]  below  [36s]
start   39 frame    I = 2.8406050726488  I-I_ME = -9.180e-02  |grad| = 4.3e-10  nonproj = 1.0e-01  ranks = [(1, 2, 2, 1, 2, 2, 2, 1), (1, 2, 1, 1, 2, 1, 1, 1), (2, 2, 1, 1, 2, 1, 1, 1), (2, 1, 1, 2, 2, 1, 1, 2)]  below  [36s]
start   40 dkzpert  I = 2.8406050726488  I-I_ME = -9.180e-02  |grad| = 1.5e-07  nonproj = 8.4e-02  ranks = [(1, 1, 2, 1, 1, 1, 1, 2), (1, 1, 2, 1, 1, 1, 1, 2), (1, 2, 2, 1, 1, 2, 2, 2), (2, 2, 1, 2, 2, 2, 1, 1)]  below  [37s]
start   41 dkzcomp  I = 2.7459276869635  I-I_ME = -1.865e-01  |grad| = 2.6e-10  nonproj = 6.9e-02  ranks = [(1, 1, 1, 2, 2, 2, 2, 2), (1, 2, 2, 2, 2, 1, 1, 1), (2, 3, 2, 1, 1, 1, 1, 1), (2, 2, 1, 1, 2, 2, 2, 2)]  below  [40s]
start   42 gauss    I = 2.8406050726488  I-I_ME = -9.180e-02  |grad| = 9.4e-07  nonproj = 5.7e-02  ranks = [(1, 2, 2, 1, 2, 2, 2, 1), (1, 2, 1, 2, 2, 1, 1, 1), (2, 2, 1, 2, 1, 1, 1, 2), (1, 1, 1, 2, 1, 1, 1, 2)]  below  [40s]
start   43 rank     I = 2.7104542239286  I-I_ME = -2.220e-01  |grad| = 2.2e-09  nonproj = 9.5e-02  ranks = [(2, 1, 0, 1, 3, 3, 2, 1), (3, 1, 1, 3, 3, 1, 2, 1), (3, 0, 2, 2, 1, 0, 2, 2), (2, 2, 3, 1, 1, 0, 3, 3)]  below  [41s]
start   44 rank1    I = 2.8406050726488  I-I_ME = -9.180e-02  |grad| = 5.1e-10  nonproj = 7.0e-02  ranks = [(1, 1, 1, 2, 1, 2, 2, 2), (1, 1, 2, 2, 2, 2, 1, 1), (2, 2, 2, 1, 2, 1, 1, 1), (2, 1, 1, 1, 2, 1, 1, 1)]  below  [42s]
start   45 frame    I = 2.7459276869636  I-I_ME = -1.865e-01  |grad| = 5.7e-10  nonproj = 8.0e-02  ranks = [(1, 2, 2, 2, 2, 2, 2, 2), (2, 2, 2, 2, 1, 1, 1, 1), (2, 2, 1, 1, 1, 2, 2, 2), (2, 2, 1, 1, 2, 2, 1, 1)]  below  [43s]
start   46 dkzpert  I = 2.8406050726488  I-I_ME = -9.180e-02  |grad| = 1.0e-09  nonproj = 9.0e-02  ranks = [(1, 2, 1, 2, 2, 1, 1, 1), (1, 2, 1, 2, 1, 1, 1, 1), (2, 2, 1, 2, 1, 2, 2, 2), (1, 1, 2, 2, 1, 2, 1, 1)]  below  [44s]
start   47 dkzcomp  I = 2.8406050726488  I-I_ME = -9.180e-02  |grad| = 6.3e-10  nonproj = 6.8e-02  ranks = [(1, 1, 1, 2, 2, 2, 1, 1), (1, 2, 2, 2, 1, 2, 1, 1), (1, 2, 1, 1, 1, 2, 2, 2), (1, 1, 1, 1, 1, 2, 2, 1)]  below  [47s]
start   48 gauss    I = 2.8406050726488  I-I_ME = -9.180e-02  |grad| = 7.3e-10  nonproj = 5.9e-02  ranks = [(1, 2, 1, 2, 2, 2, 1, 1), (2, 2, 1, 2, 1, 1, 1, 1), (2, 1, 1, 2, 1, 1, 1, 2), (1, 1, 2, 2, 1, 1, 2, 2)]  below  [48s]
start   49 rank     I = 2.4162490551187  I-I_ME = -5.162e-01  |grad| = 2.3e-09  nonproj = 1.3e-01  ranks = [(4, 2, 0, 1, 1, 2, 2, 4), (2, 1, 1, 3, 2, 4, 5, 4), (1, 2, 3, 5, 3, 3, 2, 0), (2, 5, 5, 3, 1, 1, 1, 1)]  below  [49s]
start   50 rank1    I = 2.7459276869636  I-I_ME = -1.865e-01  |grad| = 9.2e-11  nonproj = 9.1e-02  ranks = [(2, 2, 2, 2, 2, 2, 2, 2), (1, 1, 1, 1, 2, 2, 2, 2), (2, 2, 2, 2, 2, 2, 1, 1), (2, 1, 1, 1, 1, 2, 1, 1)]  below  [50s]
start   51 frame    I = 2.8406050726488  I-I_ME = -9.180e-02  |grad| = 6.9e-10  nonproj = 6.9e-02  ranks = [(1, 1, 2, 2, 1, 2, 1, 1), (1, 2, 2, 1, 1, 2, 1, 1), (2, 2, 1, 1, 1, 2, 2, 2), (1, 1, 1, 1, 2, 2, 2, 1)]  below  [50s]
start   52 dkzpert  I = 2.7459276869636  I-I_ME = -1.865e-01  |grad| = 5.6e-10  nonproj = 8.2e-02  ranks = [(1, 1, 2, 1, 1, 1, 2, 2), (2, 2, 2, 2, 2, 2, 2, 2), (1, 1, 2, 2, 1, 1, 2, 2), (2, 2, 2, 2, 2, 2, 2, 1)]  below  [51s]
start   53 dkzcomp  I = 2.8406050726488  I-I_ME = -9.180e-02  |grad| = 3.3e-10  nonproj = 8.3e-02  ranks = [(1, 2, 2, 2, 1, 1, 1, 2), (1, 2, 1, 1, 1, 2, 2, 2), (2, 2, 1, 1, 1, 2, 1, 1), (2, 1, 1, 1, 2, 2, 1, 1)]  below  [52s]
start   54 gauss    I = 2.8406050726488  I-I_ME = -9.180e-02  |grad| = 5.7e-10  nonproj = 6.7e-02  ranks = [(1, 1, 1, 2, 1, 2, 1, 1), (2, 2, 2, 2, 1, 2, 2, 2), (1, 1, 1, 1, 2, 2, 2, 1), (1, 1, 1, 1, 2, 1, 2, 1)]  below  [54s]
start   55 rank     I = 2.4162490551174  I-I_ME = -5.162e-01  |grad| = 1.8e-07  nonproj = 1.3e-01  ranks = [(3, 3, 0, 0, 4, 4, 1, 4), (1, 1, 0, 3, 5, 3, 1, 2), (2, 1, 5, 6, 3, 2, 0, 2), (3, 3, 5, 1, 0, 1, 3, 3)]  below  [57s]
start   56 rank1    I = 2.8406050726488  I-I_ME = -9.180e-02  |grad| = 3.1e-10  nonproj = 4.3e-02  ranks = [(2, 2, 2, 2, 1, 2, 1, 2), (1, 1, 1, 1, 2, 2, 1, 2), (1, 1, 1, 1, 2, 1, 1, 2), (1, 1, 1, 1, 2, 1, 2, 2)]  below  [58s]
start   57 frame    I = 2.7459276869563  I-I_ME = -1.865e-01  |grad| = 3.9e-09  nonproj = 8.5e-02  ranks = [(2, 2, 2, 2, 2, 2, 2, 1), (2, 1, 2, 1, 1, 1, 1, 1), (2, 2, 2, 1, 1, 2, 2, 1), (2, 1, 1, 1, 2, 2, 1, 2)]  below  [62s]
start   58 dkzpert  I = 2.8406050726488  I-I_ME = -9.180e-02  |grad| = 3.3e-10  nonproj = 1.1e-01  ranks = [(2, 2, 1, 1, 1, 2, 2, 2), (1, 2, 1, 1, 1, 2, 1, 1), (1, 2, 1, 1, 1, 2, 1, 1), (1, 2, 2, 2, 2, 2, 1, 1)]  below  [62s]
start   59 dkzcomp  I = 2.8406050726488  I-I_ME = -9.180e-02  |grad| = 9.8e-10  nonproj = 1.1e-01  ranks = [(1, 2, 1, 1, 2, 1, 1, 1), (1, 2, 1, 1, 2, 1, 1, 1), (2, 2, 1, 2, 2, 2, 2, 2), (1, 1, 2, 2, 1, 2, 1, 1)]  below  [63s]
start   60 gauss    I = 2.7304448890621  I-I_ME = -2.020e-01  |grad| = 1.4e-11  nonproj = 1.3e-01  ranks = [(2, 1, 1, 1, 1, 1, 2, 1), (2, 1, 1, 1, 1, 2, 3, 3), (0, 1, 2, 2, 2, 3, 2, 2), (1, 3, 3, 2, 2, 2, 1, 2)]  below  [64s]
start   61 rank     I = 2.7253584153406  I-I_ME = -2.071e-01  |grad| = 3.6e-11  nonproj = 9.3e-02  ranks = [(1, 2, 2, 2, 1, 2, 3, 2), (2, 3, 1, 1, 0, 2, 2, 2), (3, 2, 0, 1, 1, 2, 1, 3), (2, 1, 1, 2, 1, 1, 1, 3)]  below  [64s]
start   62 rank1    I = 2.8406050726488  I-I_ME = -9.180e-02  |grad| = 3.7e-10  nonproj = 5.3e-02  ranks = [(2, 2, 1, 1, 1, 1, 1, 1), (2, 2, 1, 1, 1, 2, 2, 2), (1, 2, 1, 1, 2, 2, 1, 1), (1, 2, 2, 2, 2, 1, 1, 1)]  below  [65s]
start   63 frame    I = 2.7459276869636  I-I_ME = -1.865e-01  |grad| = 2.8e-10  nonproj = 5.9e-02  ranks = [(2, 2, 2, 1, 1, 1, 2, 2), (2, 1, 1, 1, 1, 1, 2, 1), (2, 1, 1, 1, 2, 2, 2, 2), (1, 2, 2, 2, 2, 2, 2, 1)]  below  [66s]
start   64 dkzpert  I = 2.8406050726488  I-I_ME = -9.180e-02  |grad| = 5.2e-10  nonproj = 8.2e-02  ranks = [(2, 1, 2, 2, 2, 1, 1, 1), (2, 1, 1, 1, 2, 1, 1, 1), (2, 1, 1, 1, 2, 1, 2, 2), (1, 1, 1, 1, 2, 2, 2, 1)]  below  [67s]
start   65 dkzcomp  I = 2.8406050726488  I-I_ME = -9.180e-02  |grad| = 5.9e-07  nonproj = 1.1e-01  ranks = [(2, 2, 1, 1, 2, 1, 1, 1), (2, 1, 2, 2, 2, 1, 1, 1), (2, 1, 2, 1, 1, 1, 2, 2), (1, 1, 2, 1, 1, 2, 2, 1)]  below  [68s]
start   66 gauss    I = 2.8406050726488  I-I_ME = -9.180e-02  |grad| = 5.8e-10  nonproj = 7.8e-02  ranks = [(1, 1, 1, 2, 2, 2, 2, 1), (1, 2, 2, 2, 2, 1, 1, 1), (2, 2, 1, 1, 2, 1, 1, 2), (1, 1, 1, 1, 2, 1, 1, 2)]  below  [69s]
start   67 rank     I = 2.5109264408039  I-I_ME = -4.215e-01  |grad| = 4.0e-07  nonproj = 1.5e-01  ranks = [(1, 3, 4, 4, 4, 1, 2, 3), (3, 3, 3, 2, 2, 0, 4, 2), (3, 0, 2, 1, 1, 2, 5, 1), (2, 0, 1, 1, 2, 4, 3, 0)]  below  [70s]
start   68 rank1    I = 2.7459276869636  I-I_ME = -1.865e-01  |grad| = 5.6e-10  nonproj = 5.2e-02  ranks = [(2, 1, 2, 2, 1, 1, 1, 1), (2, 2, 2, 2, 2, 2, 2, 2), (2, 2, 2, 2, 1, 1, 2, 2), (1, 2, 2, 1, 2, 2, 2, 1)]  below  [71s]
start   69 frame    I = 2.8406050726488  I-I_ME = -9.180e-02  |grad| = 3.8e-10  nonproj = 5.4e-02  ranks = [(2, 2, 2, 1, 1, 1, 2, 2), (1, 1, 2, 1, 1, 2, 2, 1), (1, 1, 2, 1, 2, 2, 1, 1), (1, 1, 2, 2, 2, 1, 1, 1)]  below  [72s]
start   70 dkzpert  I = 2.8406050726488  I-I_ME = -9.180e-02  |grad| = 1.9e-06  nonproj = 9.5e-02  ranks = [(2, 1, 1, 1, 2, 2, 1, 2), (1, 1, 1, 1, 2, 1, 1, 2), (1, 2, 2, 2, 2, 1, 1, 2), (1, 2, 1, 1, 1, 1, 2, 2)]  below  [73s]
start   71 dkzcomp  I = 2.8406050726488  I-I_ME = -9.180e-02  |grad| = 3.3e-10  nonproj = 4.6e-02  ranks = [(1, 1, 1, 2, 1, 1, 2, 1), (1, 1, 2, 2, 1, 1, 2, 1), (1, 1, 2, 1, 1, 1, 2, 1), (2, 2, 2, 1, 2, 2, 2, 2)]  below  [74s]
start   72 gauss    I = 2.8406050726488  I-I_ME = -9.180e-02  |grad| = 1.6e-11  nonproj = 6.8e-02  ranks = [(2, 1, 1, 1, 2, 2, 2, 1), (2, 1, 1, 1, 2, 1, 1, 2), (1, 1, 1, 2, 2, 1, 1, 2), (1, 2, 2, 2, 1, 1, 1, 2)]  below  [75s]
start   73 rank     I = 2.5068111723109  I-I_ME = -4.256e-01  |grad| = 3.3e-11  nonproj = 1.1e-01  ranks = [(0, 0, 1, 2, 2, 4, 4, 2), (0, 2, 4, 5, 3, 4, 3, 0), (0, 4, 3, 2, 0, 2, 2, 0), (4, 5, 1, 1, 0, 2, 3, 3)]  below  [76s]
start   74 rank1    I = 2.8406050726488  I-I_ME = -9.180e-02  |grad| = 5.3e-09  nonproj = 1.0e-01  ranks = [(1, 1, 1, 1, 2, 1, 1, 2), (1, 1, 1, 2, 2, 1, 1, 2), (1, 1, 1, 2, 1, 2, 2, 2), (2, 2, 2, 2, 1, 2, 1, 1)]  below  [77s]
start   75 frame    I = 2.8406050726488  I-I_ME = -9.180e-02  |grad| = 5.9e-10  nonproj = 9.9e-02  ranks = [(2, 2, 2, 2, 2, 1, 2, 2), (2, 1, 1, 1, 1, 2, 2, 1), (2, 1, 1, 1, 1, 2, 1, 1), (2, 1, 1, 1, 1, 2, 1, 1)]  below  [78s]
start   76 dkzpert  I = 2.8406050726488  I-I_ME = -9.180e-02  |grad| = 7.0e-09  nonproj = 1.1e-01  ranks = [(2, 1, 2, 1, 1, 1, 1, 1), (2, 2, 2, 1, 1, 1, 2, 2), (1, 2, 1, 1, 1, 2, 2, 1), (1, 2, 1, 2, 2, 2, 1, 1)]  below  [79s]
start   77 dkzcomp  I = 2.7459276869636  I-I_ME = -1.865e-01  |grad| = 1.1e-09  nonproj = 6.0e-02  ranks = [(1, 2, 2, 2, 2, 1, 2, 2), (2, 2, 1, 1, 1, 1, 2, 2), (1, 1, 1, 2, 2, 2, 2, 2), (2, 1, 2, 2, 1, 2, 2, 2)]  below  [79s]
start   78 gauss    I = 2.8406050726488  I-I_ME = -9.180e-02  |grad| = 5.9e-10  nonproj = 9.4e-02  ranks = [(2, 1, 1, 1, 2, 2, 2, 2), (1, 1, 1, 2, 2, 2, 1, 1), (1, 2, 2, 2, 1, 2, 1, 1), (1, 2, 1, 1, 1, 2, 1, 1)]  below  [80s]
start   79 rank     I = 2.6205080179004  I-I_ME = -3.119e-01  |grad| = 5.9e-11  nonproj = 1.1e-01  ranks = [(3, 2, 1, 2, 2, 1, 3, 2), (1, 1, 4, 3, 3, 2, 2, 0), (2, 2, 4, 1, 1, 2, 1, 2), (0, 2, 3, 1, 2, 3, 1, 2)]  below  [82s]
start   80 rank1    I = 2.8406050726488  I-I_ME = -9.180e-02  |grad| = 4.5e-10  nonproj = 1.0e-01  ranks = [(2, 2, 2, 1, 1, 2, 2, 2), (1, 1, 2, 1, 2, 2, 1, 1), (1, 1, 2, 1, 2, 1, 1, 1), (1, 1, 2, 2, 2, 1, 1, 1)]  below  [82s]
start   81 frame    I = 2.7459276869635  I-I_ME = -1.865e-01  |grad| = 5.4e-08  nonproj = 5.9e-02  ranks = [(2, 1, 2, 1, 1, 1, 2, 2), (1, 2, 2, 1, 1, 2, 2, 1), (2, 2, 1, 2, 2, 2, 2, 2), (1, 2, 2, 2, 2, 2, 1, 1)]  below  [84s]
start   82 dkzpert  I = 2.8406050726488  I-I_ME = -9.180e-02  |grad| = 5.3e-10  nonproj = 7.7e-02  ranks = [(1, 2, 2, 2, 1, 1, 1, 1), (2, 2, 2, 1, 1, 2, 2, 2), (1, 1, 2, 1, 2, 2, 1, 1), (1, 1, 2, 1, 2, 1, 1, 1)]  below  [85s]
start   83 dkzcomp  I = 2.8406050726488  I-I_ME = -9.180e-02  |grad| = 7.4e-10  nonproj = 9.0e-02  ranks = [(2, 2, 2, 2, 1, 2, 2, 2), (1, 1, 2, 1, 1, 2, 1, 1), (1, 1, 2, 1, 2, 2, 1, 1), (1, 1, 2, 1, 2, 1, 1, 1)]  below  [86s]
start   84 gauss    I = 2.7459276869636  I-I_ME = -1.865e-01  |grad| = 4.0e-10  nonproj = 6.3e-02  ranks = [(1, 3, 2, 2, 1, 1, 1, 1), (3, 3, 1, 1, 1, 2, 2, 2), (2, 1, 1, 1, 1, 2, 1, 1), (2, 1, 2, 2, 3, 3, 2, 2)]  below  [87s]
start   85 rank     I = 2.6145667783717  I-I_ME = -3.178e-01  |grad| = 1.8e-06  nonproj = 1.1e-01  ranks = [(2, 2, 2, 0, 3, 1, 0, 3), (2, 3, 2, 3, 4, 1, 3, 3), (2, 4, 1, 1, 1, 0, 2, 0), (4, 4, 0, 2, 1, 2, 3, 1)]  below  [88s]
start   86 rank1    I = 2.8406050726488  I-I_ME = -9.180e-02  |grad| = 1.1e-09  nonproj = 5.7e-02  ranks = [(2, 1, 1, 2, 1, 2, 2, 2), (1, 1, 2, 2, 1, 2, 1, 1), (1, 2, 2, 1, 2, 2, 1, 1), (1, 2, 1, 1, 2, 1, 1, 1)]  below  [89s]
start   87 frame    I = 2.7459276869636  I-I_ME = -1.865e-01  |grad| = 9.0e-10  nonproj = 9.2e-02  ranks = [(2, 2, 2, 2, 2, 2, 2, 2), (1, 2, 2, 2, 2, 2, 1, 1), (2, 2, 1, 2, 1, 1, 2, 2), (1, 1, 2, 2, 1, 2, 2, 1)]  below  [90s]
start   88 dkzpert  I = 2.8352952865013  I-I_ME = -9.711e-02  |grad| = 7.2e-09  nonproj = 7.5e-02  ranks = [(1, 2, 2, 2, 2, 2, 1, 2), (1, 2, 1, 2, 1, 1, 0, 2), (2, 2, 1, 2, 1, 1, 0, 2), (2, 1, 1, 2, 1, 1, 1, 2)]  below  [91s]
start   89 dkzcomp  I = 2.8406050726488  I-I_ME = -9.180e-02  |grad| = 1.1e-09  nonproj = 9.0e-02  ranks = [(2, 2, 2, 2, 2, 2, 1, 1), (2, 1, 1, 1, 1, 2, 1, 1), (2, 1, 1, 1, 1, 2, 2, 2), (1, 1, 1, 1, 1, 2, 2, 1)]  below  [92s]
# BEST d=8 D=10: I = 2.8406050726488  I_ME = 2.9324096087045  I-I_ME = -9.180e-02  (init dkzpert)  counts {'below': 90}
