# d=8 D=13 nstart=90 seed=8013  I_ME(d) = 2.9324096087045
start    0 gauss    I = 2.8101623662688  I-I_ME = -1.222e-01  |grad| = 4.6e-10  nonproj = 8.1e-02  ranks = [(3, 3, 2, 3, 2, 1, 2, 2), (2, 2, 2, 2, 1, 1, 2, 2), (2, 2, 2, 1, 1, 2, 3, 3), (1, 2, 2, 1, 2, 3, 2, 2)]  below  [2s]
start    1 rank     I = 2.5465032491749  I-I_ME = -3.859e-01  |grad| = 1.1e-09  nonproj = 9.9e-02  ranks = [(2, 5, 2, 4, 2, 2, 5, 2), (5, 4, 1, 2, 2, 2, 3, 0), (6, 1, 3, 2, 3, 3, 2, 4), (2, 1, 2, 0, 4, 2, 0, 4)]  below  [8s]
start    2 rank1    I = 2.8939821092940  I-I_ME = -3.843e-02  |grad| = 1.4e-10  nonproj = 6.9e-02  ranks = [(2, 2, 2, 2, 1, 2, 2, 1), (2, 2, 1, 2, 2, 2, 2, 2), (1, 2, 1, 2, 2, 1, 2, 2), (1, 2, 1, 2, 2, 1, 2, 2)]  below  [9s]
start    3 frame    I = 2.8101623662688  I-I_ME = -1.222e-01  |grad| = 5.4e-10  nonproj = 8.0e-02  ranks = [(2, 1, 2, 2, 1, 2, 2, 2), (1, 2, 2, 2, 2, 2, 2, 2), (2, 2, 2, 2, 2, 1, 2, 1), (2, 2, 1, 2, 2, 1, 2, 1)]  below  [11s]
start    4 dkzpert  I = 2.8939821092940  I-I_ME = -3.843e-02  |grad| = 1.9e-08  nonproj = 6.5e-02  ranks = [(2, 2, 1, 2, 2, 2, 1, 1), (2, 2, 1, 2, 2, 2, 2, 2), (1, 2, 1, 2, 2, 2, 2, 1), (1, 2, 2, 2, 2, 2, 2, 1)]  below  [13s]
start    5 dkzcomp  I = 2.8101623662688  I-I_ME = -1.222e-01  |grad| = 4.2e-10  nonproj = 8.0e-02  ranks = [(2, 2, 2, 3, 3, 2, 1, 2), (2, 2, 2, 2, 2, 1, 2, 2), (2, 1, 2, 1, 2, 1, 2, 2), (2, 1, 2, 1, 2, 2, 3, 2)]  below  [15s]
start    6 gauss    I = 2.8101623662688  I-I_ME = -1.222e-01  |grad| = 3.4e-10  nonproj = 5.0e-02  ranks = [(2, 3, 3, 2, 2, 1, 2, 2), (2, 2, 2, 1, 1, 1, 2, 2), (2, 2, 2, 1, 1, 2, 3, 3), (1, 2, 2, 2, 2, 3, 2, 2)]  below  [17s]
start    7 rank     I = 2.7100463287920  I-I_ME = -2.224e-01  |grad| = 1.9e-11  nonproj = 8.7e-02  ranks = [(3, 2, 0, 3, 3, 1, 0, 4), (2, 1, 1, 3, 3, 0, 2, 4), (3, 2, 3, 2, 3, 3, 4, 2), (3, 2, 3, 1, 4, 3, 1, 0)]  below  [21s]
start    8 rank1    I = 2.8101623662687  I-I_ME = -1.222e-01  |grad| = 7.3e-10  nonproj = 9.1e-02  ranks = [(2, 2, 1, 2, 2, 1, 2, 1), (2, 2, 2, 2, 2, 1, 2, 2), (2, 2, 2, 1, 2, 2, 2, 2), (2, 2, 2, 2, 2, 2, 2, 2)]  below  [24s]
start    9 frame    I = 2.8101623662688  I-I_ME = -1.222e-01  |grad| = 3.9e-10  nonproj = 6.2e-02  ranks = [(2, 2, 2, 2, 1, 2, 2, 2), (1, 2, 1, 2, 1, 2, 2, 2), (2, 2, 2, 2, 2, 2, 2, 2), (2, 1, 2, 2, 2, 1, 1, 2)]  below  [26s]
start   10 dkzpert  I = 2.8939821092940  I-I_ME = -3.843e-02  |grad| = 2.0e-10  nonproj = 6.0e-02  ranks = [(2, 2, 1, 2, 1, 2, 2, 2), (2, 2, 1, 2, 2, 2, 2, 1), (2, 2, 1, 2, 2, 1, 2, 1), (2, 2, 2, 2, 2, 1, 2, 1)]  below  [27s]
start   11 dkzcomp  I = 2.8939821092940  I-I_ME = -3.843e-02  |grad| = 2.5e-10  nonproj = 4.2e-02  ranks = [(2, 2, 2, 2, 2, 1, 2, 1), (2, 2, 1, 2, 2, 1, 2, 1), (2, 2, 1, 2, 2, 1, 2, 1), (2, 2, 1, 2, 2, 2, 2, 2)]  below  [29s]
start   12 gauss    I = 2.8101623662687  I-I_ME = -1.222e-01  |grad| = 5.8e-09  nonproj = 5.0e-02  ranks = [(3, 3, 3, 3, 2, 1, 2, 2), (2, 2, 2, 1, 1, 2, 3, 2), (2, 2, 2, 1, 2, 2, 2, 2), (1, 2, 2, 1, 2, 2, 2, 2)]  below  [32s]
start   13 rank     I = 2.6307967700207  I-I_ME = -3.016e-01  |grad| = 4.5e-10  nonproj = 9.5e-02  ranks = [(2, 0, 1, 4, 5, 2, 4, 0), (2, 0, 4, 5, 2, 2, 3, 0), (5, 4, 5, 2, 1, 3, 3, 2), (3, 2, 1, 1, 1, 4, 2, 4)]  below  [34s]
start   14 rank1    I = 2.8101623662688  I-I_ME = -1.222e-01  |grad| = 5.9e-10  nonproj = 8.2e-02  ranks = [(2, 2, 2, 2, 2, 2, 2, 1), (2, 2, 1, 2, 2, 2, 2, 2), (1, 2, 2, 2, 2, 2, 2, 1), (2, 2, 2, 2, 2, 2, 1, 2)]  below  [37s]
start   15 frame    I = 2.8939821092940  I-I_ME = -3.843e-02  |grad| = 3.9e-10  nonproj = 7.5e-02  ranks = [(2, 2, 2, 2, 1, 2, 2, 2), (1, 2, 1, 2, 1, 2, 2, 2), (1, 2, 1, 2, 1, 2, 2, 2), (1, 2, 1, 2, 2, 2, 2, 2)]  below  [38s]
start   16 dkzpert  I = 2.8939821092940  I-I_ME = -3.843e-02  |grad| = 1.1e-09  nonproj = 7.0e-02  ranks = [(1, 2, 1, 2, 2, 2, 2, 2), (1, 2, 1, 2, 2, 2, 2, 1), (1, 2, 1, 2, 2, 2, 2, 1), (2, 2, 2, 2, 2, 2, 2, 1)]  below  [40s]
start   17 dkzcomp  I = 2.8939821092940  I-I_ME = -3.843e-02  |grad| = 1.7e-10  nonproj = 5.1e-02  ranks = [(2, 2, 2, 1, 2, 1, 2, 2), (1, 2, 2, 1, 2, 1, 2, 2), (1, 2, 2, 2, 2, 1, 2, 2), (1, 2, 2, 2, 1, 2, 2, 2)]  below  [42s]
start   18 gauss    I = 2.8101623662687  I-I_ME = -1.222e-01  |grad| = 8.2e-10  nonproj = 1.2e-01  ranks = [(1, 2, 3, 2, 2, 2, 2, 2), (2, 2, 2, 1, 2, 2, 2, 1), (3, 2, 2, 1, 2, 2, 2, 1), (3, 1, 1, 2, 3, 3, 3, 2)]  below  [44s]
start   19 rank     I = 2.5618806838901  I-I_ME = -3.705e-01  |grad| = 5.2e-10  nonproj = 1.1e-01  ranks = [(2, 6, 4, 1, 1, 2, 0, 1), (4, 5, 1, 1, 1, 4, 2, 2), (4, 3, 1, 1, 4, 6, 2, 2), (2, 1, 3, 6, 6, 3, 2, 2)]  below  [46s]
start   20 rank1    I = 2.8101623662688  I-I_ME = -1.222e-01  |grad| = 2.4e-10  nonproj = 4.8e-02  ranks = [(2, 2, 2, 1, 1, 2, 2, 1), (2, 2, 2, 1, 2, 2, 2, 2), (1, 2, 2, 2, 2, 2, 1, 2), (2, 2, 2, 2, 2, 2, 2, 2)]  below  [49s]
start   21 frame    I = 2.8101623662688  I-I_ME = -1.222e-01  |grad| = 3.6e-10  nonproj = 7.0e-02  ranks = [(2, 1, 2, 2, 2, 2, 2, 2), (1, 2, 2, 2, 2, 1, 2, 2), (2, 2, 2, 2, 2, 2, 2, 2), (2, 2, 1, 2, 1, 2, 2, 2)]  below  [51s]
start   22 dkzpert  I = 2.8939821092940  I-I_ME = -3.843e-02  |grad| = 7.1e-10  nonproj = 1.6e-02  ranks = [(2, 2, 1, 2, 1, 2, 2, 2), (2, 1, 2, 2, 2, 2, 2, 2), (2, 1, 2, 1, 2, 1, 2, 2), (2, 1, 2, 1, 2, 1, 2, 2)]  below  [53s]
start   23 dkzcomp  I = 2.8939821092940  I-I_ME = -3.843e-02  |grad| = 8.2e-10  nonproj = 7.0e-02  ranks = [(2, 2, 1, 2, 2, 2, 2, 2), (2, 1, 2, 2, 2, 1, 2, 2), (2, 1, 2, 1, 2, 1, 2, 2), (2, 1, 2, 1, 2, 1, 2, 2)]  below  [55s]
start   24 gauss    I = 2.8101623662688  I-I_ME = -1.222e-01  |grad| = 4.5e-10  nonproj = 7.0e-02  ranks = [(2, 2, 2, 3, 2, 2, 1, 2), (3, 3, 2, 2, 1, 1, 2, 3), (2, 2, 2, 2, 2, 2, 3, 2), (2, 2, 2, 1, 2, 1, 2, 1)]  below  [57s]
start   25 rank     I = 2.3820293542741  I-I_ME = -5.504e-01  |grad| = 2.8e-10  nonproj = 1.4e-01  ranks = [(3, 5, 6, 5, 7, 2, 0, 2), (5, 6, 3, 4, 2, 0, 1, 7), (1, 2, 0, 4, 2, 4, 7, 7), (0, 1, 1, 4, 1, 5, 4, 1)]  below  [60s]
start   26 rank1    I = 2.8939821092940  I-I_ME = -3.843e-02  |grad| = 3.2e-10  nonproj = 5.2e-02  ranks = [(1, 2, 2, 1, 2, 1, 2, 2), (1, 2, 2, 1, 2, 1, 2, 2), (1, 2, 2, 1, 2, 2, 2, 2), (2, 2, 2, 2, 2, 2, 1, 2)]  below  [62s]
start   27 frame    I = 2.8939821092940  I-I_ME = -3.843e-02  |grad| = 4.4e-10  nonproj = 5.0e-02  ranks = [(2, 1, 2, 2, 1, 1, 2, 2), (2, 1, 2, 2, 1, 1, 2, 2), (2, 2, 2, 2, 1, 2, 2, 2), (2, 2, 1, 2, 2, 2, 1, 2)]  below  [64s]
start   28 dkzpert  I = 2.8939821092940  I-I_ME = -3.843e-02  |grad| = 1.6e-10  nonproj = 6.8e-02  ranks = [(1, 2, 2, 1, 2, 1, 2, 2), (2, 2, 2, 1, 2, 1, 2, 2), (2, 1, 2, 2, 2, 2, 2, 2), (2, 1, 2, 2, 1, 2, 1, 2)]  below  [65s]
start   29 dkzcomp  I = 2.8101623662687  I-I_ME = -1.222e-01  |grad| = 1.4e-09  nonproj = 7.8e-02  ranks = [(2, 2, 2, 1, 2, 1, 2, 2), (2, 2, 2, 1, 2, 2, 2, 2), (1, 2, 2, 2, 3, 3, 2, 1), (2, 2, 2, 2, 2, 2, 1, 1)]  below  [67s]
start   30 gauss    I = 2.8001021967492  I-I_ME = -1.323e-01  |grad| = 1.1e-11  nonproj = 7.5e-02  ranks = [(1, 1, 2, 2, 2, 1, 2, 2), (2, 2, 3, 3, 2, 2, 3, 2), (2, 1, 2, 2, 1, 2, 2, 1), (3, 2, 2, 2, 2, 3, 2, 2)]  below  [69s]
start   31 rank     I = 2.6193320073955  I-I_ME = -3.131e-01  |grad| = 9.4e-10  nonproj = 8.5e-02  ranks = [(5, 0, 3, 2, 5, 3, 0, 1), (4, 1, 2, 1, 4, 1, 1, 3), (2, 1, 2, 3, 4, 1, 4, 4), (0, 4, 3, 3, 2, 3, 5, 1)]  below  [72s]
start   32 rank1    I = 2.8101623662688  I-I_ME = -1.222e-01  |grad| = 6.8e-10  nonproj = 5.7e-02  ranks = [(2, 2, 2, 2, 2, 2, 2, 2), (2, 2, 1, 2, 2, 2, 2, 1), (2, 2, 2, 2, 2, 2, 1, 2), (2, 2, 2, 2, 1, 2, 1, 2)]  below  [73s]
start   33 frame    I = 2.8101623662688  I-I_ME = -1.222e-01  |grad| = 2.8e-10  nonproj = 5.4e-02  ranks = [(1, 2, 2, 2, 2, 2, 2, 2), (1, 2, 2, 2, 2, 1, 2, 2), (2, 2, 2, 2, 1, 2, 2, 2), (2, 2, 2, 2, 2, 2, 2, 2)]  below  [75s]
start   34 dkzpert  I = 2.8939821092939  I-I_ME = -3.843e-02  |grad| = 3.9e-10  nonproj = 8.9e-02  ranks = [(2, 2, 2, 2, 1, 1, 1, 2), (2, 2, 2, 2, 1, 1, 2, 2), (2, 2, 2, 2, 1, 2, 2, 1), (2, 2, 2, 2, 2, 2, 1, 1)]  below  [77s]
start   35 dkzcomp  I = 2.8101623662688  I-I_ME = -1.222e-01  |grad| = 5.0e-10  nonproj = 6.8e-02  ranks = [(2, 2, 2, 2, 2, 2, 2, 3), (1, 2, 2, 1, 2, 1, 2, 2), (1, 2, 2, 1, 2, 2, 3, 2), (2, 2, 2, 2, 3, 2, 2, 1)]  below  [79s]
start   36 gauss    I = 2.8001021967492  I-I_ME = -1.323e-01  |grad| = 1.2e-09  nonproj = 8.0e-02  ranks = [(3, 1, 2, 2, 2, 3, 2, 1), (3, 1, 2, 1, 2, 2, 1, 2), (2, 2, 3, 2, 3, 2, 2, 3), (1, 3, 2, 1, 2, 1, 2, 2)]  below  [81s]
start   37 rank     I = 2.4658490972994  I-I_ME = -4.666e-01  |grad| = 8.6e-07  nonproj = 1.2e-01  ranks = [(2, 3, 2, 7, 3, 1, 1, 3), (1, 7, 4, 4, 0, 1, 1, 4), (3, 6, 0, 0, 0, 4, 6, 6), (3, 3, 0, 0, 4, 6, 3, 2)]  below  [84s]
start   38 rank1    I = 2.8001021967492  I-I_ME = -1.323e-01  |grad| = 5.1e-10  nonproj = 5.9e-02  ranks = [(1, 2, 2, 2, 2, 1, 2, 2), (2, 2, 2, 2, 1, 2, 2, 2), (2, 2, 2, 1, 1, 2, 2, 1), (2, 2, 2, 1, 2, 2, 2, 2)]  below  [86s]
start   39 frame    I = 2.8939821092940  I-I_ME = -3.843e-02  |grad| = 4.2e-10  nonproj = 5.6e-02  ranks = [(1, 2, 2, 2, 1, 2, 2, 2), (1, 2, 2, 2, 1, 2, 1, 2), (2, 2, 2, 2, 1, 2, 1, 2), (2, 1, 2, 2, 2, 2, 1, 2)]  below  [87s]
start   40 dkzpert  I = 2.8939821092940  I-I_ME = -3.843e-02  |grad| = 4.0e-10  nonproj = 5.3e-03  ranks = [(2, 1, 2, 2, 1, 2, 2, 2), (2, 2, 2, 1, 1, 2, 2, 2), (2, 2, 1, 1, 2, 2, 2, 2), (2, 2, 1, 1, 2, 1, 2, 2)]  below  [90s]
start   41 dkzcomp  I = 2.8101623662688  I-I_ME = -1.222e-01  |grad| = 4.0e-10  nonproj = 7.3e-02  ranks = [(1, 2, 2, 2, 2, 2, 2, 2), (2, 2, 2, 1, 2, 2, 2, 2), (2, 2, 1, 2, 2, 2, 2, 1), (2, 2, 2, 2, 1, 2, 2, 2)]  below  [92s]
start   42 gauss    I = 2.8101623662688  I-I_ME = -1.222e-01  |grad| = 1.9e-06  nonproj = 7.0e-02  ranks = [(1, 2, 1, 2, 3, 3, 2, 2), (1, 2, 1, 2, 2, 2, 1, 2), (2, 3, 3, 3, 2, 2, 1, 2), (3, 2, 2, 1, 1, 2, 2, 3)]  below  [94s]
start   43 rank     I = 2.5501426181437  I-I_ME = -3.823e-01  |grad| = 4.3e-10  nonproj = 1.3e-01  ranks = [(3, 6, 4, 3, 1, 0, 1, 1), (6, 4, 1, 3, 0, 3, 5, 5), (1, 1, 1, 4, 2, 6, 3, 1), (1, 1, 3, 5, 4, 4, 0, 1)]  below  [103s]
start   44 rank1    I = 2.8939821092940  I-I_ME = -3.843e-02  |grad| = 6.8e-11  nonproj = 5.0e-02  ranks = [(2, 1, 2, 2, 2, 1, 1, 2), (2, 1, 2, 2, 2, 1, 2, 2), (2, 2, 2, 2, 2, 2, 2, 1), (2, 2, 1, 2, 2, 2, 1, 1)]  below  [106s]
start   45 frame    I = 2.8101623662687  I-I_ME = -1.222e-01  |grad| = 2.7e-07  nonproj = 6.1e-02  ranks = [(2, 2, 2, 2, 1, 2, 2, 2), (2, 2, 2, 1, 1, 2, 2, 2), (2, 2, 1, 2, 2, 2, 2, 2), (2, 2, 2, 2, 2, 1, 1, 2)]  below  [109s]
start   46 dkzpert  I = 2.8939821092940  I-I_ME = -3.843e-02  |grad| = 6.8e-11  nonproj = 6.3e-02  ranks = [(2, 1, 1, 2, 2, 2, 1, 2), (2, 1, 2, 2, 2, 2, 2, 2), (2, 2, 2, 1, 2, 2, 2, 1), (2, 2, 1, 1, 2, 2, 2, 1)]  below  [111s]
start   47 dkzcomp  I = 2.8939821092940  I-I_ME = -3.843e-02  |grad| = 2.1e-10  nonproj = 9.6e-02  ranks = [(1, 2, 2, 2, 2, 2, 1, 2), (1, 2, 1, 2, 2, 2, 2, 2), (2, 2, 1, 2, 2, 2, 2, 1), (2, 1, 1, 2, 2, 2, 2, 1)]  below  [114s]
start   48 gauss    I = 2.8101623662683  I-I_ME = -1.222e-01  |grad| = 7.4e-10  nonproj = 7.1e-02  ranks = [(1, 2, 2, 3, 3, 3, 3, 2), (1, 3, 3, 2, 2, 1, 2, 1), (2, 3, 2, 1, 2, 1, 2, 2), (2, 2, 2, 1, 2, 1, 2, 2)]  below  [118s]
start   49 rank     I = 2.3797945784097  I-I_ME = -5.526e-01  |grad| = 8.9e-11  nonproj = 1.3e-01  ranks = [(3, 7, 6, 3, 1, 3, 1, 0), (7, 5, 1, 2, 1, 3, 1, 4), (4, 1, 0, 3, 1, 7, 5, 6), (1, 0, 2, 6, 6, 6, 3, 3)]  below  [120s]
start   50 rank1    I = 2.8939821092940  I-I_ME = -3.843e-02  |grad| = 8.5e-11  nonproj = 1.5e-02  ranks = [(2, 2, 2, 1, 1, 1, 2, 2), (2, 2, 2, 2, 2, 2, 2, 2), (2, 2, 2, 2, 1, 1, 1, 2), (2, 2, 2, 2, 1, 1, 1, 2)]  below  [122s]
start   51 frame    I = 2.8939821092940  I-I_ME = -3.843e-02  |grad| = 3.0e-10  nonproj = 4.4e-02  ranks = [(2, 2, 1, 2, 2, 1, 2, 1), (2, 2, 2, 2, 2, 2, 2, 1), (2, 2, 2, 1, 2, 2, 1, 2), (1, 2, 2, 1, 2, 2, 1, 2)]  below  [124s]
start   52 dkzpert  I = 2.8939821092940  I-I_ME = -3.843e-02  |grad| = 1.1e-10  nonproj = 3.7e-02  ranks = [(2, 1, 1, 2, 2, 2, 2, 2), (2, 1, 2, 2, 2, 2, 2, 1), (2, 1, 2, 1, 2, 2, 2, 1), (2, 2, 2, 1, 2, 2, 2, 1)]  below  [125s]
start   53 dkzcomp  I = 2.8939821092940  I-I_ME = -3.843e-02  |grad| = 2.7e-10  nonproj = 4.7e-02  ranks = [(2, 2, 2, 2, 2, 2, 2, 2), (2, 1, 2, 2, 1, 2, 1, 2), (2, 1, 2, 2, 1, 2, 1, 2), (2, 1, 2, 2, 1, 2, 1, 2)]  below  [127s]
start   54 gauss    I = 2.8101623662688  I-I_ME = -1.222e-01  |grad| = 4.2e-10  nonproj = 5.8e-02  ranks = [(3, 2, 2, 1, 2, 2, 2, 2), (2, 1, 2, 2, 3, 2, 2, 3), (1, 2, 2, 2, 2, 2, 1, 2), (1, 2, 2, 3, 2, 2, 1, 2)]  below  [129s]
start   55 rank     I = 2.2263116683156  I-I_ME = -7.061e-01  |grad| = 6.3e-10  nonproj = 1.2e-01  ranks = [(3, 3, 6, 8, 3, 5, 0, 0), (7, 4, 6, 5, 2, 1, 2, 4), (5, 5, 3, 2, 0, 0, 5, 5), (2, 3, 0, 1, 2, 5, 10, 5)]  below  [132s]
start   56 rank1    I = 2.8939821092940  I-I_ME = -3.843e-02  |grad| = 1.9e-06  nonproj = 4.1e-02  ranks = [(2, 2, 2, 2, 2, 2, 1, 2), (2, 2, 2, 2, 1, 1, 1, 2), (2, 2, 2, 2, 1, 1, 1, 2), (2, 2, 2, 2, 1, 1, 2, 2)]  below  [134s]
start   57 frame    I = 2.8101623662688  I-I_ME = -1.222e-01  |grad| = 5.3e-10  nonproj = 3.8e-02  ranks = [(2, 2, 2, 2, 1, 2, 2, 2), (1, 2, 2, 1, 2, 2, 2, 2), (2, 2, 2, 2, 2, 2, 2, 1), (2, 2, 2, 1, 2, 2, 2, 1)]  below  [135s]
start   58 dkzpert  I = 2.8101623662688  I-I_ME = -1.222e-01  |grad| = 4.2e-10  nonproj = 7.2e-02  ranks = [(2, 2, 2, 2, 2, 2, 2, 1), (2, 2, 2, 2, 1, 2, 2, 1), (3, 2, 2, 2, 2, 2, 2, 2), (1, 1, 2, 1, 2, 2, 2, 2)]  below  [137s]
start   59 dkzcomp  I = 2.8939821092940  I-I_ME = -3.843e-02  |grad| = 1.2e-06  nonproj = 3.3e-02  ranks = [(2, 2, 1, 2, 2, 2, 1, 2), (2, 1, 2, 2, 2, 2, 2, 2), (2, 1, 2, 1, 2, 2, 2, 1), (2, 1, 2, 1, 2, 2, 2, 1)]  below  [139s]
start   60 gauss    I = 2.8101623662688  I-I_ME = -1.222e-01  |grad| = 3.1e-10  nonproj = 6.3e-02  ranks = [(2, 1, 2, 3, 1, 1, 2, 2), (2, 2, 2, 2, 2, 2, 2, 2), (3, 3, 2, 2, 2, 1, 1, 2), (3, 2, 1, 1, 3, 2, 2, 3)]  below  [141s]
start   61 rank     I = 2.6425348357669  I-I_ME = -2.899e-01  |grad| = 9.7e-10  nonproj = 9.0e-02  ranks = [(2, 3, 3, 5, 3, 1, 1, 2), (5, 5, 2, 3, 0, 2, 2, 2), (5, 2, 1, 1, 0, 3, 2, 2), (4, 2, 1, 1, 2, 5, 3, 3)]  below  [144s]
start   62 rank1    I = 2.8939821092940  I-I_ME = -3.843e-02  |grad| = 5.1e-10  nonproj = 2.0e-02  ranks = [(2, 2, 2, 1, 2, 1, 2, 2), (2, 1, 2, 1, 2, 1, 2, 2), (2, 1, 2, 1, 2, 1, 2, 2), (2, 1, 2, 2, 2, 2, 2, 2)]  below  [146s]
start   63 frame    I = 2.8101623662688  I-I_ME = -1.222e-01  |grad| = 1.4e-10  nonproj = 7.2e-02  ranks = [(2, 1, 2, 1, 2, 2, 1, 2), (2, 2, 2, 2, 2, 2, 2, 2), (2, 2, 2, 2, 2, 2, 2, 2), (2, 2, 1, 2, 1, 2, 2, 2)]  below  [148s]
start   64 dkzpert  I = 2.8101623662688  I-I_ME = -1.222e-01  |grad| = 1.8e-10  nonproj = 3.7e-02  ranks = [(2, 2, 2, 1, 2, 2, 2, 1), (2, 2, 1, 2, 2, 2, 2, 2), (1, 2, 1, 2, 2, 3, 2, 2), (2, 2, 2, 2, 2, 2, 2, 2)]  below  [149s]
start   65 dkzcomp  I = 2.8939821092940  I-I_ME = -3.843e-02  |grad| = 5.1e-10  nonproj = 5.4e-02  ranks = [(2, 2, 2, 1, 1, 2, 2, 1), (2, 2, 2, 1, 1, 2, 2, 1), (2, 2, 2, 1, 1, 2, 2, 1), (2, 2, 2, 2, 2, 2, 2, 2)]  below  [151s]
start   66 gauss    I = 2.8101623662688  I-I_ME = -1.222e-01  |grad| = 1.9e-10  nonproj = 8.1e-02  ranks = [(2, 1, 2, 1, 2, 2, 2, 3), (1, 1, 3, 3, 3, 3, 3, 2), (2, 2, 3, 2, 1, 2, 2, 1), (2, 2, 2, 2, 1, 2, 2, 1)]  below  [154s]
start   67 rank     I = 2.6271574010500  I-I_ME = -3.053e-01  |grad| = 7.3e-10  nonproj = 7.3e-02  ranks = [(2, 3, 5, 4, 0, 1, 1, 3), (2, 5, 3, 3, 0, 1, 2, 2), (4, 4, 0, 3, 2, 2, 5, 3), (2, 2, 0, 4, 5, 3, 3, 0)]  below  [157s]
start   68 rank1    I = 2.8939821092940  I-I_ME = -3.843e-02  |grad| = 6.7e-08  nonproj = 4.7e-02  ranks = [(2, 2, 1, 2, 2, 2, 1, 1), (2, 2, 2, 2, 2, 2, 1, 1), (2, 2, 2, 1, 2, 2, 2, 2), (1, 2, 2, 1, 2, 2, 2, 1)]  below  [159s]
start   69 frame    I = 2.8939821092940  I-I_ME = -3.843e-02  |grad| = 3.3e-10  nonproj = 4.7e-02  ranks = [(2, 1, 2, 2, 2, 2, 1, 2), (1, 1, 2, 2, 2, 2, 1, 2), (1, 1, 2, 2, 2, 2, 2, 2), (1, 2, 2, 2, 2, 2, 2, 1)]  below  [160s]
start   70 dkzpert  I = 2.8939821092940  I-I_ME = -3.843e-02  |grad| = 5.0e-10  nonproj = 5.3e-02  ranks = [(2, 2, 2, 2, 2, 2, 2, 1), (2, 2, 2, 2, 2, 1, 1, 1), (2, 2, 2, 2, 2, 1, 1, 1), (2, 2, 2, 2, 2, 1, 1, 2)]  below  [162s]
start   71 dkzcomp  I = 2.8939821092940  I-I_ME = -3.843e-02  |grad| = 4.2e-10  nonproj = 6.3e-02  ranks = [(2, 2, 2, 2, 2, 1, 2, 1), (2, 2, 2, 1, 2, 1, 2, 2), (1, 2, 2, 1, 2, 1, 2, 2), (1, 2, 2, 1, 2, 2, 2, 2)]  below  [164s]
start   72 gauss    I = 2.8101623662688  I-I_ME = -1.222e-01  |grad| = 1.1e-09  nonproj = 1.2e-01  ranks = [(2, 2, 2, 1, 1, 2, 2, 2), (2, 2, 2, 1, 2, 3, 2, 2), (1, 2, 2, 2, 3, 2, 1, 2), (2, 3, 3, 3, 2, 1, 2, 2)]  below  [166s]
start   73 rank     I = 2.4773138599245  I-I_ME = -4.551e-01  |grad| = 3.8e-11  nonproj = 1.1e-01  ranks = [(1, 1, 4, 6, 7, 4, 4, 3), (2, 4, 7, 3, 2, 0, 2, 1), (5, 6, 4, 0, 1, 0, 4, 4), (4, 3, 1, 0, 1, 3, 5, 2)]  below  [168s]
start   74 rank1    I = 2.8101623662688  I-I_ME = -1.222e-01  |grad| = 3.4e-10  nonproj = 6.6e-02  ranks = [(2, 1, 2, 1, 2, 2, 2, 2), (1, 2, 2, 1, 2, 2, 2, 2), (1, 2, 2, 2, 2, 2, 2, 2), (2, 2, 2, 2, 2, 2, 1, 2)]  below  [170s]
start   75 frame    I = 2.8101623662688  I-I_ME = -1.222e-01  |grad| = 3.8e-10  nonproj = 6.1e-02  ranks = [(1, 2, 1, 2, 2, 2, 2, 2), (2, 2, 2, 2, 2, 2, 2, 2), (2, 1, 2, 2, 2, 2, 2, 2), (2, 1, 2, 1, 2, 2, 2, 2)]  below  [172s]
start   76 dkzpert  I = 2.8939821092940  I-I_ME = -3.843e-02  |grad| = 2.5e-10  nonproj = 4.9e-02  ranks = [(1, 2, 1, 2, 2, 2, 2, 2), (2, 2, 1, 2, 2, 2, 1, 2), (2, 1, 2, 2, 2, 2, 1, 2), (2, 1, 2, 1, 2, 2, 1, 2)]  below  [174s]
start   77 dkzcomp  I = 2.8939821092940  I-I_ME = -3.843e-02  |grad| = 4.3e-10  nonproj = 4.4e-02  ranks = [(1, 2, 2, 1, 2, 2, 2, 1), (2, 2, 2, 1, 2, 2, 2, 2), (1, 1, 2, 1, 2, 2, 2, 2), (1, 1, 2, 2, 2, 2, 2, 2)]  below  [178s]
start   78 gauss    I = 2.8001021967492  I-I_ME = -1.323e-01  |grad| = 6.1e-10  nonproj = 5.3e-02  ranks = [(1, 1, 2, 2, 1, 2, 2, 3), (1, 2, 3, 2, 2, 3, 2, 2), (2, 3, 2, 1, 2, 2, 1, 2), (3, 2, 1, 2, 3, 2, 2, 2)]  below  [180s]
start   79 rank     I = 2.6293921769151  I-I_ME = -3.030e-01  |grad| = 7.1e-10  nonproj = 1.0e-01  ranks = [(2, 4, 3, 1, 1, 3, 2, 1), (3, 5, 4, 3, 3, 3, 1, 0), (4, 4, 3, 1, 2, 0, 0, 2), (3, 3, 3, 3, 3, 1, 3, 4)]  below  [185s]
start   80 rank1    I = 2.8939821092940  I-I_ME = -3.843e-02  |grad| = 5.4e-10  nonproj = 1.4e-02  ranks = [(2, 1, 2, 1, 2, 2, 2, 2), (2, 1, 2, 2, 2, 2, 2, 1), (2, 1, 2, 2, 1, 2, 2, 1), (2, 2, 2, 2, 1, 2, 2, 1)]  below  [187s]
start   81 frame    I = 2.8939821092940  I-I_ME = -3.843e-02  |grad| = 1.1e-10  nonproj = 5.6e-02  ranks = [(1, 1, 2, 2, 2, 2, 1, 2), (1, 1, 2, 2, 2, 2, 1, 2), (1, 2, 2, 2, 2, 2, 1, 2), (2, 2, 1, 2, 2, 2, 2, 2)]  below  [189s]
start   82 dkzpert  I = 2.8939821092940  I-I_ME = -3.843e-02  |grad| = 1.6e-10  nonproj = 7.2e-02  ranks = [(2, 2, 1, 2, 1, 2, 1, 2), (2, 2, 2, 2, 1, 2, 2, 2), (2, 2, 2, 1, 1, 2, 2, 1), (2, 2, 2, 1, 2, 2, 2, 1)]  below  [191s]
start   83 dkzcomp  I = 2.8101623662688  I-I_ME = -1.222e-01  |grad| = 3.3e-09  nonproj = 4.7e-02  ranks = [(2, 2, 2, 1, 2, 2, 2, 2), (2, 1, 2, 2, 2, 2, 1, 2), (2, 1, 2, 2, 2, 1, 1, 2), (2, 2, 3, 3, 2, 1, 2, 2)]  below  [194s]
start   84 gauss    I = 2.8939821092940  I-I_ME = -3.843e-02  |grad| = 4.9e-10  nonproj = 5.8e-02  ranks = [(2, 2, 2, 2, 2, 1, 2, 1), (2, 2, 2, 1, 2, 1, 2, 1), (2, 2, 2, 1, 2, 1, 2, 1), (2, 2, 2, 1, 2, 2, 2, 2)]  below  [197s]
start   85 rank     I = 2.5455724338886  I-I_ME = -3.868e-01  |grad| = 4.3e-10  nonproj = 9.5e-02  ranks = [(2, 3, 1, 1, 0, 5, 6, 3), (3, 3, 2, 4, 1, 6, 3, 0), (4, 4, 6, 3, 2, 3, 0, 1), (5, 4, 4, 1, 2, 1, 0, 3)]  below  [201s]
start   86 rank1    I = 2.8101623662687  I-I_ME = -1.222e-01  |grad| = 1.7e-09  nonproj = 7.2e-02  ranks = [(2, 2, 2, 2, 2, 2, 2, 2), (2, 2, 2, 2, 1, 2, 2, 1), (2, 2, 2, 1, 2, 2, 2, 2), (2, 1, 2, 1, 2, 2, 2, 1)]  below  [205s]
start   87 frame    I = 2.8101623662688  I-I_ME = -1.222e-01  |grad| = 4.1e-10  nonproj = 5.4e-02  ranks = [(2, 2, 2, 2, 2, 2, 1, 1), (2, 2, 2, 2, 2, 2, 1, 1), (2, 2, 2, 2, 2, 1, 2, 2), (2, 2, 1, 2, 2, 2, 2, 2)]  below  [207s]
start   88 dkzpert  I = 2.8101623662688  I-I_ME = -1.222e-01  |grad| = 5.9e-10  nonproj = 4.6e-02  ranks = [(2, 2, 2, 2, 2, 2, 2, 1), (2, 2, 3, 2, 2, 2, 2, 2), (2, 2, 2, 1, 2, 1, 2, 2), (2, 1, 2, 1, 2, 2, 2, 2)]  below  [211s]
start   89 dkzcomp  I = 2.8939821092940  I-I_ME = -3.843e-02  |grad| = 2.8e-07  nonproj = 5.4e-02  ranks = [(2, 2, 2, 2, 2, 1, 2, 2), (2, 1, 1, 2, 2, 2, 2, 2), (2, 1, 1, 2, 2, 2, 1, 2), (2, 1, 1, 2, 2, 2, 1, 2)]  below  [213s]
# BEST d=8 D=13: I = 2.8939821092940  I_ME = 2.9324096087045  I-I_ME = -3.843e-02  (init dkzcomp)  counts {'below': 90}
