# d=3 D=5 nstart=150 seed=3005  I_ME(d) = 2.8729340511723
start    0 gauss    I = 2.7722885681273  I-I_ME = -1.006e-01  |grad| = 4.2e-09  nonproj = 1.3e-04  ranks = [(1, 2, 2), (1, 2, 2), (1, 2, 2), (2, 2, 2)]  below  [0s]
start    1 rank     I = 2.7722885681273  I-I_ME = -1.006e-01  |grad| = 1.8e-10  nonproj = 2.2e-02  ranks = [(2, 2, 1), (2, 2, 1), (2, 2, 2), (1, 2, 2)]  below  [0s]
start    2 rank1    I = 2.7722885681273  I-I_ME = -1.006e-01  |grad| = 1.4e-09  nonproj = 6.3e-04  ranks = [(1, 2, 2), (1, 2, 2), (1, 2, 2), (2, 2, 2)]  below  [0s]
start    3 frame    I = 2.7722885681273  I-I_ME = -1.006e-01  |grad| = 3.3e-10  nonproj = 7.9e-02  ranks = [(2, 2, 2), (2, 1, 2), (2, 1, 2), (2, 1, 2)]  below  [0s]
start    4 dkzpert  I = 2.7722885681273  I-I_ME = -1.006e-01  |grad| = 1.4e-09  nonproj = 4.0e-02  ranks = [(2, 2, 2), (2, 2, 1), (2, 2, 1), (2, 2, 1)]  below  [0s]
start    5 dkzcomp  I = 2.5237604307034  I-I_ME = -3.492e-01  |grad| = 6.1e-10  nonproj = 1.4e-01  ranks = [(1, 2, 2), (2, 3, 2), (2, 2, 1), (2, 2, 2)]  below  [0s]
start    6 gauss    I = 2.7722885681273  I-I_ME = -1.006e-01  |grad| = 3.4e-10  nonproj = 2.8e-02  ranks = [(2, 2, 1), (2, 2, 2), (1, 2, 2), (1, 2, 2)]  below  [0s]
start    7 rank     I = 2.2485281374220  I-I_ME = -6.244e-01  |grad| = 5.3e-10  nonproj = 8.7e-02  ranks = [(1, 3, 4), (2, 4, 1), (3, 3, 0), (4, 2, 0)]  below  [0s]
start    8 rank1    I = 2.7722885681273  I-I_ME = -1.006e-01  |grad| = 4.6e-09  nonproj = 1.0e-01  ranks = [(1, 2, 2), (2, 2, 2), (2, 1, 2), (2, 1, 2)]  below  [0s]
start    9 frame    I = 2.7722885681273  I-I_ME = -1.006e-01  |grad| = 9.8e-10  nonproj = 9.8e-02  ranks = [(2, 2, 2), (2, 1, 2), (2, 1, 2), (2, 1, 2)]  below  [0s]
start   10 dkzpert  I = 2.5237604307034  I-I_ME = -3.492e-01  |grad| = 8.8e-10  nonproj = 1.4e-01  ranks = [(1, 2, 2), (2, 3, 2), (2, 2, 1), (3, 2, 2)]  below  [0s]
start   11 dkzcomp  I = 2.7722885681273  I-I_ME = -1.006e-01  |grad| = 1.1e-10  nonproj = 5.3e-02  ranks = [(2, 2, 2), (2, 2, 1), (2, 2, 1), (2, 2, 1)]  below  [1s]
start   12 gauss    I = 2.7722885681273  I-I_ME = -1.006e-01  |grad| = 2.8e-10  nonproj = 7.4e-02  ranks = [(2, 2, 2), (2, 2, 1), (2, 2, 1), (2, 2, 1)]  below  [1s]
start   13 rank     I = 2.5237604307034  I-I_ME = -3.492e-01  |grad| = 2.8e-10  nonproj = 1.5e-01  ranks = [(2, 1, 3), (1, 2, 3), (1, 2, 2), (2, 3, 2)]  below  [1s]
start   14 rank1    I = 2.7722885681273  I-I_ME = -1.006e-01  |grad| = 9.9e-10  nonproj = 6.7e-02  ranks = [(2, 2, 1), (2, 2, 1), (2, 2, 2), (1, 2, 2)]  below  [1s]
start   15 frame    I = 2.7722885681273  I-I_ME = -1.006e-01  |grad| = 8.3e-10  nonproj = 8.1e-02  ranks = [(2, 2, 1), (2, 2, 1), (2, 2, 2), (1, 2, 2)]  below  [1s]
start   16 dkzpert  I = 2.7722885681273  I-I_ME = -1.006e-01  |grad| = 2.2e-10  nonproj = 6.2e-02  ranks = [(2, 2, 1), (2, 2, 1), (2, 2, 1), (2, 2, 2)]  below  [1s]
start   17 dkzcomp  I = 2.7722885681273  I-I_ME = -1.006e-01  |grad| = 1.1e-09  nonproj = 3.9e-02  ranks = [(1, 2, 2), (2, 2, 2), (2, 1, 2), (2, 1, 2)]  below  [1s]
start   18 gauss    I = 2.7722885681273  I-I_ME = -1.006e-01  |grad| = 6.8e-11  nonproj = 7.7e-02  ranks = [(2, 2, 1), (2, 2, 1), (2, 2, 1), (2, 2, 2)]  below  [1s]
start   19 rank     I = 2.7722885681273  I-I_ME = -1.006e-01  |grad| = 6.4e-09  nonproj = 8.0e-02  ranks = [(1, 2, 2), (1, 2, 2), (1, 2, 2), (2, 2, 2)]  below  [1s]
start   20 rank1    I = 2.7722885681273  I-I_ME = -1.006e-01  |grad| = 6.0e-10  nonproj = 6.6e-02  ranks = [(2, 2, 1), (2, 2, 1), (2, 2, 1), (2, 2, 2)]  below  [1s]
start   21 frame    I = 2.7722885681273  I-I_ME = -1.006e-01  |grad| = 2.7e-10  nonproj = 4.8e-02  ranks = [(1, 2, 2), (1, 2, 2), (1, 2, 2), (2, 2, 2)]  below  [1s]
start   22 dkzpert  I = 2.7722885681273  I-I_ME = -1.006e-01  |grad| = 2.0e-10  nonproj = 1.3e-01  ranks = [(2, 2, 2), (1, 2, 2), (1, 2, 2), (1, 2, 2)]  below  [1s]
start   23 dkzcomp  I = 2.7722885681273  I-I_ME = -1.006e-01  |grad| = 1.3e-10  nonproj = 1.1e-01  ranks = [(2, 2, 2), (1, 2, 2), (1, 2, 2), (1, 2, 2)]  below  [1s]
start   24 gauss    I = 2.7722885681273  I-I_ME = -1.006e-01  |grad| = 7.2e-11  nonproj = 1.8e-01  ranks = [(2, 1, 2), (2, 1, 2), (2, 2, 2), (2, 2, 1)]  below  [1s]
start   25 rank     I = 2.7722885681273  I-I_ME = -1.006e-01  |grad| = 1.1e-09  nonproj = 1.3e-03  ranks = [(1, 2, 2), (1, 2, 2), (1, 2, 2), (2, 2, 2)]  below  [1s]
start   26 rank1    I = 2.7722885681273  I-I_ME = -1.006e-01  |grad| = 1.4e-09  nonproj = 7.0e-02  ranks = [(1, 2, 2), (1, 2, 2), (1, 2, 2), (2, 2, 2)]  below  [1s]
start   27 frame    I = 2.7722885681273  I-I_ME = -1.006e-01  |grad| = 2.0e-09  nonproj = 9.7e-02  ranks = [(2, 1, 2), (2, 1, 2), (2, 2, 2), (2, 2, 1)]  below  [1s]
start   28 dkzpert  I = 2.7722885681273  I-I_ME = -1.006e-01  |grad| = 7.2e-11  nonproj = 1.4e-01  ranks = [(2, 2, 2), (2, 1, 2), (2, 1, 2), (2, 1, 2)]  below  [1s]
start   29 dkzcomp  I = 2.7722885681273  I-I_ME = -1.006e-01  |grad| = 5.0e-10  nonproj = 2.7e-02  ranks = [(2, 1, 2), (2, 1, 2), (2, 2, 2), (2, 2, 1)]  below  [1s]
start   30 gauss    I = 2.7722885681273  I-I_ME = -1.006e-01  |grad| = 2.1e-06  nonproj = 2.4e-02  ranks = [(2, 2, 2), (2, 1, 2), (2, 1, 2), (2, 1, 2)]  below  [1s]
start   31 rank     I = 2.4970562748476  I-I_ME = -3.759e-01  |grad| = 2.4e-09  nonproj = 1.4e-01  ranks = [(2, 2, 3), (2, 1, 3), (3, 1, 2), (3, 0, 2)]  below  [1s]
start   32 rank1    I = 2.7722885681273  I-I_ME = -1.006e-01  |grad| = 4.5e-10  nonproj = 1.0e-01  ranks = [(2, 2, 1), (2, 2, 1), (2, 2, 1), (2, 2, 2)]  below  [1s]
start   33 frame    I = 2.7722885681273  I-I_ME = -1.006e-01  |grad| = 6.8e-10  nonproj = 8.2e-02  ranks = [(1, 2, 2), (2, 2, 2), (2, 1, 2), (2, 1, 2)]  below  [1s]
start   34 dkzpert  I = 2.7722885681273  I-I_ME = -1.006e-01  |grad| = 3.6e-10  nonproj = 7.8e-03  ranks = [(2, 2, 2), (2, 2, 1), (2, 2, 1), (2, 2, 1)]  below  [1s]
start   35 dkzcomp  I = 2.7722885681273  I-I_ME = -1.006e-01  |grad| = 2.2e-09  nonproj = 8.2e-02  ranks = [(2, 2, 1), (2, 2, 1), (2, 2, 1), (2, 2, 2)]  below  [1s]
start   36 gauss    I = 2.7722885681273  I-I_ME = -1.006e-01  |grad| = 3.9e-10  nonproj = 9.6e-02  ranks = [(2, 2, 2), (2, 1, 2), (2, 1, 2), (2, 1, 2)]  below  [1s]
start   37 rank     I = 2.2485281374236  I-I_ME = -6.244e-01  |grad| = 1.9e-10  nonproj = 1.4e-01  ranks = [(4, 2, 1), (4, 1, 0), (4, 1, 1), (3, 2, 3)]  below  [2s]
start   38 rank1    I = 2.7722885681273  I-I_ME = -1.006e-01  |grad| = 5.0e-09  nonproj = 1.4e-01  ranks = [(2, 1, 2), (2, 1, 2), (2, 1, 2), (2, 2, 2)]  below  [2s]
start   39 frame    I = 2.7722885681273  I-I_ME = -1.006e-01  |grad| = 1.4e-09  nonproj = 6.0e-02  ranks = [(2, 2, 2), (2, 1, 2), (2, 1, 2), (2, 1, 2)]  below  [2s]
start   40 dkzpert  I = 2.7722885681273  I-I_ME = -1.006e-01  |grad| = 6.8e-10  nonproj = 9.7e-02  ranks = [(2, 1, 2), (2, 2, 2), (2, 2, 1), (2, 2, 1)]  below  [2s]
start   41 dkzcomp  I = 2.7722885681273  I-I_ME = -1.006e-01  |grad| = 6.4e-10  nonproj = 1.2e-01  ranks = [(2, 2, 1), (2, 2, 1), (2, 2, 1), (2, 2, 2)]  below  [2s]
start   42 gauss    I = 2.7722885681273  I-I_ME = -1.006e-01  |grad| = 5.1e-10  nonproj = 1.6e-01  ranks = [(1, 2, 2), (1, 2, 2), (2, 2, 2), (2, 1, 2)]  below  [2s]
start   43 rank     I = 2.5237604307033  I-I_ME = -3.492e-01  |grad| = 6.7e-10  nonproj = 1.4e-01  ranks = [(2, 2, 2), (2, 2, 2), (3, 2, 2), (2, 1, 2)]  below  [2s]
start   44 rank1    I = 2.5237604307034  I-I_ME = -3.492e-01  |grad| = 5.3e-10  nonproj = 9.1e-02  ranks = [(2, 2, 2), (2, 2, 1), (2, 2, 1), (2, 2, 2)]  below  [2s]
start   45 frame    I = 2.7722885681273  I-I_ME = -1.006e-01  |grad| = 8.5e-11  nonproj = 6.0e-02  ranks = [(2, 2, 1), (2, 2, 2), (1, 2, 2), (1, 2, 2)]  below  [2s]
start   46 dkzpert  I = 2.7722885681273  I-I_ME = -1.006e-01  |grad| = 3.7e-10  nonproj = 1.8e-02  ranks = [(1, 2, 2), (1, 2, 2), (2, 2, 2), (2, 1, 2)]  below  [2s]
start   47 dkzcomp  I = 2.7722885681273  I-I_ME = -1.006e-01  |grad| = 1.7e-09  nonproj = 1.1e-01  ranks = [(1, 2, 2), (1, 2, 2), (1, 2, 2), (2, 2, 2)]  below  [2s]
start   48 gauss    I = 2.7722885681273  I-I_ME = -1.006e-01  |grad| = 9.1e-10  nonproj = 1.3e-02  ranks = [(2, 2, 1), (2, 2, 2), (1, 2, 2), (1, 2, 2)]  below  [2s]
start   49 rank     I = 1.9999999999817  I-I_ME = -8.729e-01  |grad| = 1.8e-06  nonproj = 1.8e-01  ranks = [(3, 4, 1), (3, 3, 0), (4, 2, 3), (2, 1, 4)]  below  [2s]
start   50 rank1    I = 2.7722885681273  I-I_ME = -1.006e-01  |grad| = 3.6e-10  nonproj = 1.3e-01  ranks = [(2, 1, 2), (2, 1, 2), (2, 2, 2), (2, 2, 1)]  below  [2s]
start   51 frame    I = 2.7722885681273  I-I_ME = -1.006e-01  |grad| = 8.8e-10  nonproj = 6.0e-02  ranks = [(2, 2, 1), (2, 2, 2), (1, 2, 2), (1, 2, 2)]  below  [2s]
start   52 dkzpert  I = 2.7722885681273  I-I_ME = -1.006e-01  |grad| = 5.9e-10  nonproj = 2.3e-02  ranks = [(2, 2, 1), (2, 2, 1), (2, 2, 1), (2, 2, 2)]  below  [2s]
start   53 dkzcomp  I = 2.7722885681273  I-I_ME = -1.006e-01  |grad| = 5.0e-10  nonproj = 5.4e-03  ranks = [(2, 2, 2), (2, 2, 1), (2, 2, 1), (2, 2, 1)]  below  [2s]
start   54 gauss    I = 2.7722885681273  I-I_ME = -1.006e-01  |grad| = 2.2e-09  nonproj = 6.0e-02  ranks = [(2, 2, 2), (2, 1, 2), (2, 1, 2), (2, 1, 2)]  below  [2s]
start   55 rank     I = 2.7722885681273  I-I_ME = -1.006e-01  |grad| = 5.3e-10  nonproj = 9.7e-02  ranks = [(2, 1, 2), (2, 2, 2), (2, 2, 1), (2, 2, 1)]  below  [3s]
start   56 rank1    I = 2.7722885681273  I-I_ME = -1.006e-01  |grad| = 5.4e-10  nonproj = 1.9e-02  ranks = [(2, 2, 2), (2, 1, 2), (2, 1, 2), (2, 1, 2)]  below  [3s]
start   57 frame    I = 2.7722885681273  I-I_ME = -1.006e-01  |grad| = 1.2e-09  nonproj = 4.8e-04  ranks = [(2, 2, 1), (2, 2, 2), (1, 2, 2), (1, 2, 2)]  below  [3s]
start   58 dkzpert  I = 2.7722885681273  I-I_ME = -1.006e-01  |grad| = 6.1e-10  nonproj = 1.2e-02  ranks = [(2, 1, 2), (2, 1, 2), (2, 1, 2), (2, 2, 2)]  below  [3s]
start   59 dkzcomp  I = 2.7722885681273  I-I_ME = -1.006e-01  |grad| = 6.8e-10  nonproj = 9.7e-02  ranks = [(2, 1, 2), (2, 1, 2), (2, 2, 2), (2, 2, 1)]  below  [3s]
start   60 gauss    I = 2.7722885681273  I-I_ME = -1.006e-01  |grad| = 3.8e-10  nonproj = 2.0e-02  ranks = [(2, 1, 2), (2, 1, 2), (2, 1, 2), (2, 2, 2)]  below  [3s]
start   61 rank     I = 2.4970562748477  I-I_ME = -3.759e-01  |grad| = 4.1e-09  nonproj = 1.1e-01  ranks = [(2, 1, 2), (3, 3, 2), (3, 2, 0), (3, 2, 1)]  below  [3s]
start   62 rank1    I = 2.7722885681273  I-I_ME = -1.006e-01  |grad| = 1.2e-10  nonproj = 1.6e-02  ranks = [(2, 1, 2), (2, 1, 2), (2, 2, 2), (2, 2, 1)]  below  [3s]
start   63 frame    I = 2.7722885681273  I-I_ME = -1.006e-01  |grad| = 3.4e-10  nonproj = 5.9e-02  ranks = [(2, 1, 2), (2, 2, 2), (2, 2, 1), (2, 2, 1)]  below  [3s]
start   64 dkzpert  I = 2.7722885681273  I-I_ME = -1.006e-01  |grad| = 2.0e-10  nonproj = 8.0e-02  ranks = [(2, 1, 2), (2, 1, 2), (2, 1, 2), (2, 2, 2)]  below  [3s]
start   65 dkzcomp  I = 2.7722885681273  I-I_ME = -1.006e-01  |grad| = 9.3e-10  nonproj = 1.3e-01  ranks = [(2, 2, 2), (2, 2, 1), (2, 2, 1), (2, 2, 1)]  below  [3s]
start   66 gauss    I = 2.7722885681273  I-I_ME = -1.006e-01  |grad| = 2.4e-09  nonproj = 6.9e-02  ranks = [(2, 2, 2), (2, 1, 2), (2, 1, 2), (2, 1, 2)]  below  [3s]
start   67 rank     I = 2.5237604307034  I-I_ME = -3.492e-01  |grad| = 2.2e-09  nonproj = 9.3e-02  ranks = [(3, 1, 2), (2, 2, 3), (1, 3, 2), (1, 3, 1)]  below  [4s]
start   68 rank1    I = 2.7722885681273  I-I_ME = -1.006e-01  |grad| = 7.3e-10  nonproj = 1.0e-01  ranks = [(2, 1, 2), (2, 2, 2), (2, 2, 1), (2, 2, 1)]  below  [4s]
start   69 frame    I = 2.7722885681273  I-I_ME = -1.006e-01  |grad| = 9.2e-10  nonproj = 9.4e-02  ranks = [(2, 1, 2), (2, 2, 2), (2, 2, 1), (2, 2, 1)]  below  [4s]
start   70 dkzpert  I = 2.5237604307034  I-I_ME = -3.492e-01  |grad| = 2.2e-09  nonproj = 1.4e-01  ranks = [(2, 2, 2), (2, 2, 2), (2, 2, 2), (2, 2, 2)]  below  [4s]
start   71 dkzcomp  I = 2.7722885681273  I-I_ME = -1.006e-01  |grad| = 2.0e-10  nonproj = 1.1e-01  ranks = [(2, 1, 2), (2, 1, 2), (2, 2, 2), (2, 2, 1)]  below  [4s]
start   72 gauss    I = 2.7722885681273  I-I_ME = -1.006e-01  |grad| = 7.8e-11  nonproj = 2.9e-02  ranks = [(2, 2, 1), (2, 2, 1), (2, 2, 1), (2, 2, 2)]  below  [4s]
start   73 rank     I = 2.4970562748436  I-I_ME = -3.759e-01  |grad| = 1.3e-09  nonproj = 6.0e-02  ranks = [(2, 3, 0), (2, 3, 1), (2, 3, 2), (1, 3, 3)]  below  [4s]
start   74 rank1    I = 2.7722885681273  I-I_ME = -1.006e-01  |grad| = 6.9e-10  nonproj = 6.9e-02  ranks = [(1, 2, 2), (2, 2, 2), (2, 1, 2), (2, 1, 2)]  below  [4s]
start   75 frame    I = 2.7722885681273  I-I_ME = -1.006e-01  |grad| = 5.6e-10  nonproj = 2.3e-02  ranks = [(2, 2, 1), (2, 2, 2), (1, 2, 2), (1, 2, 2)]  below  [4s]
start   76 dkzpert  I = 2.7722885681273  I-I_ME = -1.006e-01  |grad| = 7.7e-10  nonproj = 8.6e-02  ranks = [(2, 1, 2), (2, 2, 2), (2, 2, 1), (2, 2, 1)]  below  [4s]
start   77 dkzcomp  I = 2.7722885681273  I-I_ME = -1.006e-01  |grad| = 2.9e-10  nonproj = 5.1e-02  ranks = [(2, 2, 1), (2, 2, 2), (1, 2, 2), (1, 2, 2)]  below  [4s]
start   78 gauss    I = 2.7722885681273  I-I_ME = -1.006e-01  |grad| = 5.2e-11  nonproj = 5.3e-02  ranks = [(2, 1, 2), (2, 2, 2), (2, 2, 1), (2, 2, 1)]  below  [4s]
start   79 rank     I = 2.4970562748477  I-I_ME = -3.759e-01  |grad| = 6.2e-06  nonproj = 1.1e-01  ranks = [(2, 2, 2), (1, 2, 3), (0, 2, 3), (1, 3, 3)]  below  [4s]
start   80 rank1    I = 2.7722885681273  I-I_ME = -1.006e-01  |grad| = 5.4e-10  nonproj = 1.6e-02  ranks = [(2, 2, 2), (2, 1, 2), (2, 1, 2), (2, 1, 2)]  below  [4s]
start   81 frame    I = 2.7722885681273  I-I_ME = -1.006e-01  |grad| = 1.7e-09  nonproj = 1.5e-02  ranks = [(2, 1, 2), (2, 1, 2), (2, 2, 2), (2, 2, 1)]  below  [4s]
start   82 dkzpert  I = 2.7722885681273  I-I_ME = -1.006e-01  |grad| = 1.4e-09  nonproj = 8.2e-02  ranks = [(2, 1, 2), (2, 2, 2), (2, 2, 1), (2, 2, 1)]  below  [4s]
start   83 dkzcomp  I = 2.5237604307034  I-I_ME = -3.492e-01  |grad| = 3.0e-10  nonproj = 9.6e-02  ranks = [(2, 2, 2), (1, 2, 2), (1, 2, 2), (2, 2, 2)]  below  [4s]
start   84 gauss    I = 2.5237604307034  I-I_ME = -3.492e-01  |grad| = 1.3e-09  nonproj = 8.4e-02  ranks = [(2, 2, 1), (2, 2, 2), (2, 2, 3), (1, 2, 3)]  below  [4s]
start   85 rank     I = 2.4970562748423  I-I_ME = -3.759e-01  |grad| = 3.4e-10  nonproj = 4.8e-02  ranks = [(0, 2, 3), (1, 3, 3), (3, 2, 2), (3, 0, 2)]  below  [4s]
start   86 rank1    I = 2.7722885681273  I-I_ME = -1.006e-01  |grad| = 7.6e-11  nonproj = 3.3e-02  ranks = [(2, 2, 2), (1, 2, 2), (1, 2, 2), (1, 2, 2)]  below  [4s]
start   87 frame    I = 2.7722885681273  I-I_ME = -1.006e-01  |grad| = 1.6e-09  nonproj = 3.7e-02  ranks = [(1, 2, 2), (2, 2, 2), (2, 1, 2), (2, 1, 2)]  below  [4s]
start   88 dkzpert  I = 2.7722885681273  I-I_ME = -1.006e-01  |grad| = 2.3e-10  nonproj = 1.4e-01  ranks = [(1, 2, 2), (1, 2, 2), (2, 2, 2), (2, 1, 2)]  below  [4s]
start   89 dkzcomp  I = 2.7722885681273  I-I_ME = -1.006e-01  |grad| = 1.2e-09  nonproj = 1.6e-02  ranks = [(1, 2, 2), (2, 2, 2), (2, 1, 2), (2, 1, 2)]  below  [4s]
start   90 gauss    I = 2.7722885681273  I-I_ME = -1.006e-01  |grad| = 6.4e-10  nonproj = 1.1e-01  ranks = [(2, 2, 1), (2, 2, 1), (2, 2, 2), (1, 2, 2)]  below  [4s]
start   91 rank     I = 1.9999999999955  I-I_ME = -8.729e-01  |grad| = 3.3e-09  nonproj = 1.5e-01  ranks = [(2, 1, 5), (1, 2, 4), (1, 3, 3), (3, 4, 2)]  below  [5s]
start   92 rank1    I = 2.7722885681273  I-I_ME = -1.006e-01  |grad| = 5.8e-10  nonproj = 2.0e-02  ranks = [(1, 2, 2), (1, 2, 2), (2, 2, 2), (2, 1, 2)]  below  [5s]
start   93 frame    I = 2.7722885681273  I-I_ME = -1.006e-01  |grad| = 2.2e-09  nonproj = 1.0e-01  ranks = [(2, 2, 1), (2, 2, 1), (2, 2, 2), (1, 2, 2)]  below  [5s]
start   94 dkzpert  I = 2.7722885681273  I-I_ME = -1.006e-01  |grad| = 5.2e-11  nonproj = 7.9e-02  ranks = [(2, 2, 2), (2, 1, 2), (2, 1, 2), (2, 1, 2)]  below  [5s]
start   95 dkzcomp  I = 2.7722885681273  I-I_ME = -1.006e-01  |grad| = 3.9e-10  nonproj = 5.1e-02  ranks = [(1, 2, 2), (1, 2, 2), (1, 2, 2), (2, 2, 2)]  below  [5s]
start   96 gauss    I = 2.7722885681273  I-I_ME = -1.006e-01  |grad| = 2.2e-10  nonproj = 1.1e-01  ranks = [(2, 2, 1), (2, 2, 1), (2, 2, 2), (1, 2, 2)]  below  [5s]
start   97 rank     I = 2.2485281374187  I-I_ME = -6.244e-01  |grad| = 7.0e-10  nonproj = 1.1e-01  ranks = [(4, 3, 0), (4, 1, 3), (1, 2, 4), (0, 2, 3)]  below  [5s]
start   98 rank1    I = 2.7722885681273  I-I_ME = -1.006e-01  |grad| = 2.9e-09  nonproj = 9.0e-02  ranks = [(2, 2, 1), (2, 2, 1), (2, 2, 2), (1, 2, 2)]  below  [5s]
start   99 frame    I = 2.7722885681273  I-I_ME = -1.006e-01  |grad| = 2.7e-09  nonproj = 8.4e-02  ranks = [(2, 1, 2), (2, 1, 2), (2, 2, 2), (2, 2, 1)]  below  [5s]
start  100 dkzpert  I = 2.7722885681273  I-I_ME = -1.006e-01  |grad| = 3.5e-11  nonproj = 1.0e-01  ranks = [(2, 2, 2), (2, 2, 1), (2, 2, 1), (2, 2, 1)]  below  [5s]
start  101 dkzcomp  I = 2.7722885681273  I-I_ME = -1.006e-01  |grad| = 2.7e-10  nonproj = 2.2e-02  ranks = [(2, 1, 2), (2, 1, 2), (2, 2, 2), (2, 2, 1)]  below  [5s]
start  102 gauss    I = 2.7722885681273  I-I_ME = -1.006e-01  |grad| = 6.9e-10  nonproj = 1.9e-02  ranks = [(2, 2, 2), (2, 2, 1), (2, 2, 1), (2, 2, 1)]  below  [5s]
start  103 rank     I = 2.5237604307034  I-I_ME = -3.492e-01  |grad| = 6.0e-10  nonproj = 1.1e-01  ranks = [(1, 2, 3), (1, 3, 2), (2, 3, 1), (3, 2, 1)]  below  [5s]
start  104 rank1    I = 2.7722885681273  I-I_ME = -1.006e-01  |grad| = 3.7e-10  nonproj = 5.3e-02  ranks = [(2, 2, 2), (2, 2, 1), (2, 2, 1), (2, 2, 1)]  below  [5s]
start  105 frame    I = 2.7722885681273  I-I_ME = -1.006e-01  |grad| = 2.5e-11  nonproj = 2.6e-03  ranks = [(2, 2, 2), (2, 1, 2), (2, 1, 2), (2, 1, 2)]  below  [5s]
start  106 dkzpert  I = 2.7722885681273  I-I_ME = -1.006e-01  |grad| = 3.4e-09  nonproj = 1.1e-01  ranks = [(2, 2, 2), (2, 2, 1), (2, 2, 1), (2, 2, 1)]  below  [5s]
start  107 dkzcomp  I = 2.7722885681273  I-I_ME = -1.006e-01  |grad| = 2.1e-09  nonproj = 1.1e-01  ranks = [(2, 2, 2), (2, 2, 1), (2, 2, 1), (2, 2, 1)]  below  [5s]
start  108 gauss    I = 2.7722885681273  I-I_ME = -1.006e-01  |grad| = 8.3e-11  nonproj = 1.1e-02  ranks = [(2, 2, 2), (1, 2, 2), (1, 2, 2), (1, 2, 2)]  below  [5s]
start  109 rank     I = 2.2485281374232  I-I_ME = -6.244e-01  |grad| = 9.8e-10  nonproj = 1.0e-01  ranks = [(4, 2, 1), (3, 2, 1), (2, 4, 2), (1, 4, 1)]  below  [5s]
start  110 rank1    I = 2.7722885681273  I-I_ME = -1.006e-01  |grad| = 1.3e-09  nonproj = 2.0e-02  ranks = [(1, 2, 2), (1, 2, 2), (1, 2, 2), (2, 2, 2)]  below  [5s]
start  111 frame    I = 2.7722885681273  I-I_ME = -1.006e-01  |grad| = 1.1e-10  nonproj = 4.7e-02  ranks = [(2, 1, 2), (2, 1, 2), (2, 1, 2), (2, 2, 2)]  below  [5s]
start  112 dkzpert  I = 2.7722885681273  I-I_ME = -1.006e-01  |grad| = 1.7e-10  nonproj = 8.2e-02  ranks = [(1, 2, 2), (2, 2, 2), (2, 1, 2), (2, 1, 2)]  below  [5s]
start  113 dkzcomp  I = 2.7722885681273  I-I_ME = -1.006e-01  |grad| = 2.1e-09  nonproj = 1.5e-01  ranks = [(1, 2, 2), (2, 2, 2), (2, 1, 2), (2, 1, 2)]  below  [5s]
start  114 gauss    I = 2.7722885681273  I-I_ME = -1.006e-01  |grad| = 2.3e-10  nonproj = 6.8e-02  ranks = [(2, 1, 2), (2, 2, 2), (2, 2, 1), (2, 2, 1)]  below  [5s]
start  115 rank     I = 2.5237604307034  I-I_ME = -3.492e-01  |grad| = 1.3e-09  nonproj = 9.6e-02  ranks = [(2, 2, 1), (2, 3, 2), (1, 3, 1), (2, 3, 2)]  below  [6s]
start  116 rank1    I = 2.7722885681273  I-I_ME = -1.006e-01  |grad| = 5.3e-10  nonproj = 9.6e-02  ranks = [(2, 2, 2), (2, 1, 2), (2, 1, 2), (2, 1, 2)]  below  [6s]
start  117 frame    I = 2.7722885681273  I-I_ME = -1.006e-01  |grad| = 6.5e-10  nonproj = 9.7e-02  ranks = [(2, 1, 2), (2, 1, 2), (2, 1, 2), (2, 2, 2)]  below  [6s]
start  118 dkzpert  I = 2.7722885681273  I-I_ME = -1.006e-01  |grad| = 5.6e-10  nonproj = 1.5e-02  ranks = [(2, 2, 1), (2, 2, 1), (2, 2, 1), (2, 2, 2)]  below  [6s]
start  119 dkzcomp  I = 2.7722885681273  I-I_ME = -1.006e-01  |grad| = 1.2e-09  nonproj = 7.9e-02  ranks = [(2, 1, 2), (2, 1, 2), (2, 1, 2), (2, 2, 2)]  below  [6s]
start  120 gauss    I = 2.7722885681273  I-I_ME = -1.006e-01  |grad| = 4.4e-10  nonproj = 5.7e-02  ranks = [(2, 2, 1), (2, 2, 1), (2, 2, 1), (2, 2, 2)]  below  [6s]
start  121 rank     I = 2.7722885681273  I-I_ME = -1.006e-01  |grad| = 9.4e-12  nonproj = 7.8e-02  ranks = [(1, 2, 2), (1, 2, 2), (2, 2, 2), (2, 1, 2)]  below  [6s]
start  122 rank1    I = 2.7722885681273  I-I_ME = -1.006e-01  |grad| = 3.8e-10  nonproj = 1.4e-01  ranks = [(2, 2, 2), (2, 2, 1), (2, 2, 1), (2, 2, 1)]  below  [6s]
start  123 frame    I = 2.7722885681273  I-I_ME = -1.006e-01  |grad| = 1.1e-09  nonproj = 3.3e-02  ranks = [(2, 2, 2), (2, 1, 2), (2, 1, 2), (2, 1, 2)]  below  [6s]
start  124 dkzpert  I = 2.7722885681273  I-I_ME = -1.006e-01  |grad| = 2.1e-10  nonproj = 6.6e-02  ranks = [(2, 2, 2), (1, 2, 2), (1, 2, 2), (1, 2, 2)]  below  [6s]
start  125 dkzcomp  I = 2.7722885681273  I-I_ME = -1.006e-01  |grad| = 8.1e-10  nonproj = 1.2e-01  ranks = [(2, 2, 2), (1, 2, 2), (1, 2, 2), (1, 2, 2)]  below  [6s]
start  126 gauss    I = 2.7722885681273  I-I_ME = -1.006e-01  |grad| = 5.4e-10  nonproj = 1.4e-01  ranks = [(2, 1, 2), (2, 1, 2), (2, 1, 2), (2, 2, 2)]  below  [6s]
start  127 rank     I = 2.2485281374173  I-I_ME = -6.244e-01  |grad| = 4.1e-09  nonproj = 1.3e-01  ranks = [(1, 3, 3), (0, 4, 3), (2, 4, 1), (2, 2, 2)]  below  [6s]
start  128 rank1    I = 2.7722885681273  I-I_ME = -1.006e-01  |grad| = 1.4e-09  nonproj = 3.2e-02  ranks = [(1, 2, 2), (1, 2, 2), (1, 2, 2), (2, 2, 2)]  below  [6s]
start  129 frame    I = 2.7722885681273  I-I_ME = -1.006e-01  |grad| = 8.5e-10  nonproj = 2.2e-02  ranks = [(2, 1, 2), (2, 1, 2), (2, 2, 2), (2, 2, 1)]  below  [6s]
start  130 dkzpert  I = 2.7722885681273  I-I_ME = -1.006e-01  |grad| = 8.5e-10  nonproj = 1.1e-01  ranks = [(2, 2, 2), (1, 2, 2), (1, 2, 2), (1, 2, 2)]  below  [6s]
start  131 dkzcomp  I = 2.5237604307034  I-I_ME = -3.492e-01  |grad| = 7.2e-10  nonproj = 1.4e-01  ranks = [(2, 2, 1), (2, 2, 2), (2, 1, 2), (2, 2, 2)]  below  [6s]
start  132 gauss    I = 2.7722885681273  I-I_ME = -1.006e-01  |grad| = 4.3e-06  nonproj = 6.9e-02  ranks = [(2, 2, 2), (2, 1, 2), (2, 1, 2), (2, 1, 2)]  below  [6s]
start  133 rank     I = 2.5237604307034  I-I_ME = -3.492e-01  |grad| = 2.6e-10  nonproj = 1.4e-01  ranks = [(3, 1, 2), (2, 3, 2), (1, 3, 1), (1, 3, 1)]  below  [6s]
start  134 rank1    I = 2.7722885681273  I-I_ME = -1.006e-01  |grad| = 2.0e-09  nonproj = 8.5e-02  ranks = [(1, 2, 2), (2, 2, 2), (2, 1, 2), (2, 1, 2)]  below  [6s]
start  135 frame    I = 2.7722885681273  I-I_ME = -1.006e-01  |grad| = 7.3e-10  nonproj = 1.2e-01  ranks = [(2, 1, 2), (2, 1, 2), (2, 2, 2), (2, 2, 1)]  below  [6s]
start  136 dkzpert  I = 2.7722885681273  I-I_ME = -1.006e-01  |grad| = 7.1e-10  nonproj = 7.8e-02  ranks = [(2, 1, 2), (2, 2, 2), (2, 2, 1), (2, 2, 1)]  below  [6s]
start  137 dkzcomp  I = 2.7722885681273  I-I_ME = -1.006e-01  |grad| = 4.9e-10  nonproj = 8.3e-02  ranks = [(2, 2, 1), (2, 2, 2), (1, 2, 2), (1, 2, 2)]  below  [6s]
start  138 gauss    I = 2.5237604307034  I-I_ME = -3.492e-01  |grad| = 1.2e-09  nonproj = 8.7e-02  ranks = [(2, 3, 2), (1, 2, 2), (2, 2, 3), (1, 1, 3)]  below  [6s]
start  139 rank     I = 2.5237604307034  I-I_ME = -3.492e-01  |grad| = 2.1e-09  nonproj = 1.1e-01  ranks = [(1, 3, 1), (2, 3, 2), (2, 1, 3), (1, 1, 3)]  below  [6s]
start  140 rank1    I = 2.7722885681273  I-I_ME = -1.006e-01  |grad| = 4.2e-10  nonproj = 8.8e-02  ranks = [(2, 2, 1), (2, 2, 1), (2, 2, 1), (2, 2, 2)]  below  [6s]
start  141 frame    I = 2.7722885681273  I-I_ME = -1.006e-01  |grad| = 1.5e-09  nonproj = 1.2e-01  ranks = [(2, 2, 1), (2, 2, 2), (1, 2, 2), (1, 2, 2)]  below  [6s]
start  142 dkzpert  I = 2.7722885681273  I-I_ME = -1.006e-01  |grad| = 2.7e-09  nonproj = 4.3e-02  ranks = [(2, 2, 1), (2, 2, 1), (2, 2, 2), (1, 2, 2)]  below  [6s]
start  143 dkzcomp  I = 2.7722885681273  I-I_ME = -1.006e-01  |grad| = 1.7e-06  nonproj = 1.2e-01  ranks = [(2, 2, 1), (2, 2, 2), (1, 2, 2), (1, 2, 2)]  below  [6s]
start  144 gauss    I = 2.5237604307034  I-I_ME = -3.492e-01  |grad| = 8.4e-10  nonproj = 1.5e-01  ranks = [(1, 1, 3), (2, 3, 3), (3, 2, 1), (3, 1, 1)]  below  [7s]
start  145 rank     I = 2.4970562748477  I-I_ME = -3.759e-01  |grad| = 2.9e-10  nonproj = 1.1e-01  ranks = [(2, 2, 3), (2, 3, 1), (2, 3, 0), (3, 3, 0)]  below  [7s]
start  146 rank1    I = 2.7722885681273  I-I_ME = -1.006e-01  |grad| = 3.6e-09  nonproj = 1.6e-01  ranks = [(1, 2, 2), (1, 2, 2), (2, 2, 2), (2, 1, 2)]  below  [7s]
start  147 frame    I = 2.7722885681273  I-I_ME = -1.006e-01  |grad| = 8.4e-11  nonproj = 8.2e-02  ranks = [(1, 2, 2), (1, 2, 2), (1, 2, 2), (2, 2, 2)]  below  [7s]
start  148 dkzpert  I = 2.7722885681273  I-I_ME = -1.006e-01  |grad| = 8.4e-10  nonproj = 2.6e-02  ranks = [(2, 2, 1), (2, 2, 2), (1, 2, 2), (1, 2, 2)]  below  [7s]
start  149 dkzcomp  I = 2.5237604307034  I-I_ME = -3.492e-01  |grad| = 5.3e-06  nonproj = 1.3e-01  ranks = [(2, 2, 2), (2, 2, 1), (2, 2, 2), (2, 1, 2)]  below  [7s]
# BEST d=3 D=5: I = 2.7722885681273  I_ME = 2.8729340511723  I-I_ME = -1.006e-01  (init dkzcomp)  counts {'below': 150}
