# d=8 D=16 nstart=90 seed=8016  I_ME(d) = 2.9324096087045
start    0 gauss    I = 2.8540223155409  I-I_ME = -7.839e-02  |grad| = 2.4e-07  nonproj = 4.2e-02  ranks = [(2, 2, 2, 3, 1, 2, 2, 2), (2, 2, 2, 3, 2, 3, 3, 3), (1, 2, 2, 3, 2, 2, 2, 2), (2, 3, 3, 3, 3, 2, 2, 2)]  below  [3s]
start    1 rank     I = 2.7135046690357  I-I_ME = -2.189e-01  |grad| = 2.3e-10  nonproj = 9.2e-02  ranks = [(5, 2, 2, 0, 3, 3, 3, 1), (4, 2, 1, 0, 4, 4, 4, 2), (3, 2, 1, 3, 5, 4, 3, 2), (2, 5, 4, 5, 2, 3, 2, 3)]  below  [8s]
start    2 rank1    I = 2.9324096087045  I-I_ME = +1.332e-15  |grad| = 5.2e-11  nonproj = 5.0e-16  ranks = [(2, 2, 2, 2, 2, 2, 2, 2), (2, 2, 2, 2, 2, 2, 2, 2), (2, 2, 2, 2, 2, 2, 2, 2), (2, 2, 2, 2, 2, 2, 2, 2)]  ME  [9s]
start    3 frame    I = 2.9324096087045  I-I_ME = +2.665e-15  |grad| = 1.0e-10  nonproj = 6.1e-16  ranks = [(2, 2, 2, 2, 2, 2, 2, 2), (2, 2, 2, 2, 2, 2, 2, 2), (2, 2, 2, 2, 2, 2, 2, 2), (2, 2, 2, 2, 2, 2, 2, 2)]  ME  [10s]
start    4 dkzpert  I = 2.9324096087045  I-I_ME = +2.220e-15  |grad| = 1.4e-10  nonproj = 3.9e-16  ranks = [(2, 2, 2, 2, 2, 2, 2, 2), (2, 2, 2, 2, 2, 2, 2, 2), (2, 2, 2, 2, 2, 2, 2, 2), (2, 2, 2, 2, 2, 2, 2, 2)]  ME  [12s]
start    5 dkzcomp  I = 2.9324096087045  I-I_ME = +2.220e-15  |grad| = 2.0e-10  nonproj = 5.0e-16  ranks = [(2, 2, 2, 2, 2, 2, 2, 2), (2, 2, 2, 2, 2, 2, 2, 2), (2, 2, 2, 2, 2, 2, 2, 2), (2, 2, 2, 2, 2, 2, 2, 2)]  ME  [13s]
start    6 gauss    I = 2.7948489494874  I-I_ME = -1.376e-01  |grad| = 5.0e-10  nonproj = 5.3e-02  ranks = [(4, 3, 3, 3, 2, 2, 2, 3), (3, 1, 2, 2, 1, 2, 3, 4), (2, 2, 2, 2, 2, 3, 3, 3), (2, 2, 2, 3, 3, 3, 3, 3)]  below  [22s]
start    7 rank     I = 2.5716957416937  I-I_ME = -3.607e-01  |grad| = 2.7e-08  nonproj = 8.7e-02  ranks = [(2, 4, 3, 5, 6, 0, 1, 1), (6, 6, 5, 5, 2, 0, 2, 4), (3, 2, 5, 3, 1, 3, 3, 6), (1, 2, 4, 1, 1, 7, 4, 4)]  below  [27s]
start    8 rank1    I = 2.9324096087045  I-I_ME = +3.553e-15  |grad| = 1.1e-10  nonproj = 1.4e-15  ranks = [(2, 2, 2, 2, 2, 2, 2, 2), (2, 2, 2, 2, 2, 2, 2, 2), (2, 2, 2, 2, 2, 2, 2, 2), (2, 2, 2, 2, 2, 2, 2, 2)]  ME  [29s]
start    9 frame    I = 2.9324096087045  I-I_ME = +1.332e-15  |grad| = 7.1e-11  nonproj = 7.8e-16  ranks = [(2, 2, 2, 2, 2, 2, 2, 2), (2, 2, 2, 2, 2, 2, 2, 2), (2, 2, 2, 2, 2, 2, 2, 2), (2, 2, 2, 2, 2, 2, 2, 2)]  ME  [30s]
start   10 dkzpert  I = 2.9324096087045  I-I_ME = +1.776e-15  |grad| = 2.2e-10  nonproj = 5.0e-16  ranks = [(2, 2, 2, 2, 2, 2, 2, 2), (2, 2, 2, 2, 2, 2, 2, 2), (2, 2, 2, 2, 2, 2, 2, 2), (2, 2, 2, 2, 2, 2, 2, 2)]  ME  [31s]
start   11 dkzcomp  I = 2.9324096087045  I-I_ME = +2.220e-15  |grad| = 1.2e-10  nonproj = 6.7e-16  ranks = [(2, 2, 2, 2, 2, 2, 2, 2), (2, 2, 2, 2, 2, 2, 2, 2), (2, 2, 2, 2, 2, 2, 2, 2), (2, 2, 2, 2, 2, 2, 2, 2)]  ME  [33s]
start   12 gauss    I = 2.9324096087045  I-I_ME = -1.776e-15  |grad| = 3.6e-10  nonproj = 6.1e-16  ranks = [(2, 2, 2, 2, 2, 2, 2, 2), (2, 2, 2, 2, 2, 2, 2, 2), (2, 2, 2, 2, 2, 2, 2, 2), (2, 2, 2, 2, 2, 2, 2, 2)]  ME  [34s]
start   13 rank     I = 2.4440338899539  I-I_ME = -4.884e-01  |grad| = 2.5e-10  nonproj = 1.5e-01  ranks = [(2, 4, 1, 0, 7, 5, 1, 2), (1, 2, 1, 8, 9, 3, 3, 2), (4, 4, 6, 9, 1, 1, 4, 1), (6, 0, 7, 4, 0, 5, 8, 3)]  below  [37s]
start   14 rank1    I = 2.9324096087045  I-I_ME = +2.665e-15  |grad| = 8.4e-11  nonproj = 9.4e-16  ranks = [(2, 2, 2, 2, 2, 2, 2, 2), (2, 2, 2, 2, 2, 2, 2, 2), (2, 2, 2, 2, 2, 2, 2, 2), (2, 2, 2, 2, 2, 2, 2, 2)]  ME  [38s]
start   15 frame    I = 2.9324096087045  I-I_ME = +1.776e-15  |grad| = 6.0e-11  nonproj = 6.1e-16  ranks = [(2, 2, 2, 2, 2, 2, 2, 2), (2, 2, 2, 2, 2, 2, 2, 2), (2, 2, 2, 2, 2, 2, 2, 2), (2, 2, 2, 2, 2, 2, 2, 2)]  ME  [40s]
start   16 dkzpert  I = 2.9324096087045  I-I_ME = +1.776e-15  |grad| = 8.6e-11  nonproj = 8.9e-16  ranks = [(2, 2, 2, 2, 2, 2, 2, 2), (2, 2, 2, 2, 2, 2, 2, 2), (2, 2, 2, 2, 2, 2, 2, 2), (2, 2, 2, 2, 2, 2, 2, 2)]  ME  [41s]
start   17 dkzcomp  I = 2.9324096087045  I-I_ME = +1.776e-15  |grad| = 3.9e-11  nonproj = 3.9e-16  ranks = [(2, 2, 2, 2, 2, 2, 2, 2), (2, 2, 2, 2, 2, 2, 2, 2), (2, 2, 2, 2, 2, 2, 2, 2), (2, 2, 2, 2, 2, 2, 2, 2)]  ME  [42s]
start   18 gauss    I = 2.8635594939627  I-I_ME = -6.885e-02  |grad| = 2.7e-10  nonproj = 2.3e-02  ranks = [(3, 2, 2, 2, 3, 2, 3, 3), (2, 2, 2, 3, 3, 1, 2, 2), (2, 2, 3, 3, 2, 1, 2, 2), (2, 3, 3, 2, 2, 2, 2, 2)]  below  [45s]
start   19 rank     I = 2.6442598959313  I-I_ME = -2.881e-01  |grad| = 2.7e-10  nonproj = 7.5e-02  ranks = [(5, 6, 1, 0, 3, 0, 4, 4), (3, 4, 0, 3, 5, 4, 5, 3), (2, 3, 2, 6, 3, 4, 2, 2), (2, 3, 5, 4, 0, 3, 0, 3)]  below  [47s]
start   20 rank1    I = 2.9324096087045  I-I_ME = +1.332e-15  |grad| = 4.4e-11  nonproj = 7.8e-16  ranks = [(2, 2, 2, 2, 2, 2, 2, 2), (2, 2, 2, 2, 2, 2, 2, 2), (2, 2, 2, 2, 2, 2, 2, 2), (2, 2, 2, 2, 2, 2, 2, 2)]  ME  [49s]
start   21 frame    I = 2.9324096087045  I-I_ME = +1.776e-15  |grad| = 1.3e-10  nonproj = 6.1e-16  ranks = [(2, 2, 2, 2, 2, 2, 2, 2), (2, 2, 2, 2, 2, 2, 2, 2), (2, 2, 2, 2, 2, 2, 2, 2), (2, 2, 2, 2, 2, 2, 2, 2)]  ME  [50s]
start   22 dkzpert  I = 2.9324096087045  I-I_ME = +2.220e-15  |grad| = 1.1e-10  nonproj = 2.8e-16  ranks = [(2, 2, 2, 2, 2, 2, 2, 2), (2, 2, 2, 2, 2, 2, 2, 2), (2, 2, 2, 2, 2, 2, 2, 2), (2, 2, 2, 2, 2, 2, 2, 2)]  ME  [51s]
start   23 dkzcomp  I = 2.9324096087045  I-I_ME = +1.776e-15  |grad| = 6.0e-11  nonproj = 4.0e-16  ranks = [(2, 2, 2, 2, 2, 2, 2, 2), (2, 2, 2, 2, 2, 2, 2, 2), (2, 2, 2, 2, 2, 2, 2, 2), (2, 2, 2, 2, 2, 2, 2, 2)]  ME  [53s]
start   24 gauss    I = 2.8635594939624  I-I_ME = -6.885e-02  |grad| = 8.0e-10  nonproj = 7.6e-03  ranks = [(2, 1, 2, 2, 2, 3, 2, 2), (2, 2, 3, 3, 3, 3, 2, 2), (3, 3, 2, 2, 2, 2, 3, 3), (2, 2, 1, 2, 2, 2, 3, 2)]  below  [59s]
start   25 rank     I = 2.6952593742498  I-I_ME = -2.372e-01  |grad| = 4.6e-10  nonproj = 1.0e-01  ranks = [(4, 0, 0, 5, 1, 2, 5, 4), (3, 1, 3, 5, 0, 1, 5, 2), (3, 4, 4, 2, 2, 2, 5, 2), (4, 5, 1, 0, 4, 1, 4, 3)]  below  [68s]
start   26 rank1    I = 2.9324096087045  I-I_ME = +2.220e-15  |grad| = 2.3e-10  nonproj = 6.7e-16  ranks = [(2, 2, 2, 2, 2, 2, 2, 2), (2, 2, 2, 2, 2, 2, 2, 2), (2, 2, 2, 2, 2, 2, 2, 2), (2, 2, 2, 2, 2, 2, 2, 2)]  ME  [69s]
start   27 frame    I = 2.9324096087045  I-I_ME = +1.776e-15  |grad| = 2.2e-10  nonproj = 3.9e-16  ranks = [(2, 2, 2, 2, 2, 2, 2, 2), (2, 2, 2, 2, 2, 2, 2, 2), (2, 2, 2, 2, 2, 2, 2, 2), (2, 2, 2, 2, 2, 2, 2, 2)]  ME  [71s]
start   28 dkzpert  I = 2.9324096087045  I-I_ME = +1.776e-15  |grad| = 5.2e-10  nonproj = 2.2e-16  ranks = [(2, 2, 2, 2, 2, 2, 2, 2), (2, 2, 2, 2, 2, 2, 2, 2), (2, 2, 2, 2, 2, 2, 2, 2), (2, 2, 2, 2, 2, 2, 2, 2)]  ME  [72s]
start   29 dkzcomp  I = 2.9324096087045  I-I_ME = +2.220e-15  |grad| = 7.7e-11  nonproj = 5.6e-16  ranks = [(2, 2, 2, 2, 2, 2, 2, 2), (2, 2, 2, 2, 2, 2, 2, 2), (2, 2, 2, 2, 2, 2, 2, 2), (2, 2, 2, 2, 2, 2, 2, 2)]  ME  [73s]
start   30 gauss    I = 2.8540223155409  I-I_ME = -7.839e-02  |grad| = 4.6e-10  nonproj = 5.0e-02  ranks = [(2, 3, 2, 3, 2, 3, 2, 2), (3, 3, 2, 2, 2, 3, 1, 2), (3, 2, 2, 1, 3, 3, 2, 3), (2, 2, 2, 1, 3, 2, 2, 2)]  below  [77s]
start   31 rank     I = 2.3193290255020  I-I_ME = -6.131e-01  |grad| = 6.1e-10  nonproj = 1.2e-01  ranks = [(4, 2, 1, 2, 2, 3, 6, 11), (0, 2, 0, 0, 6, 6, 9, 6), (0, 6, 0, 6, 11, 6, 4, 1), (7, 10, 5, 1, 5, 1, 1, 1)]  below  [87s]
start   32 rank1    I = 2.9324096087045  I-I_ME = +2.220e-15  |grad| = 2.5e-11  nonproj = 8.9e-16  ranks = [(2, 2, 2, 2, 2, 2, 2, 2), (2, 2, 2, 2, 2, 2, 2, 2), (2, 2, 2, 2, 2, 2, 2, 2), (2, 2, 2, 2, 2, 2, 2, 2)]  ME  [88s]
start   33 frame    I = 2.9324096087045  I-I_ME = +1.776e-15  |grad| = 7.6e-11  nonproj = 6.1e-16  ranks = [(2, 2, 2, 2, 2, 2, 2, 2), (2, 2, 2, 2, 2, 2, 2, 2), (2, 2, 2, 2, 2, 2, 2, 2), (2, 2, 2, 2, 2, 2, 2, 2)]  ME  [90s]
start   34 dkzpert  I = 2.9324096087045  I-I_ME = +0.000e+00  |grad| = 4.4e-10  nonproj = 5.6e-16  ranks = [(2, 2, 2, 2, 2, 2, 2, 2), (2, 2, 2, 2, 2, 2, 2, 2), (2, 2, 2, 2, 2, 2, 2, 2), (2, 2, 2, 2, 2, 2, 2, 2)]  ME  [91s]
start   35 dkzcomp  I = 2.9324096087045  I-I_ME = +2.220e-15  |grad| = 1.6e-10  nonproj = 5.0e-16  ranks = [(2, 2, 2, 2, 2, 2, 2, 2), (2, 2, 2, 2, 2, 2, 2, 2), (2, 2, 2, 2, 2, 2, 2, 2), (2, 2, 2, 2, 2, 2, 2, 2)]  ME  [92s]
start   36 gauss    I = 2.8635594939627  I-I_ME = -6.885e-02  |grad| = 2.1e-10  nonproj = 2.7e-02  ranks = [(3, 3, 3, 3, 3, 3, 3, 3), (2, 2, 3, 2, 1, 2, 2, 2), (2, 2, 3, 2, 1, 2, 2, 2), (2, 2, 3, 2, 1, 2, 2, 2)]  below  [97s]
start   37 rank     I = 2.5716957416941  I-I_ME = -3.607e-01  |grad| = 6.8e-10  nonproj = 1.0e-01  ranks = [(7, 5, 4, 0, 1, 3, 5, 6), (2, 0, 4, 0, 1, 7, 5, 2), (2, 0, 5, 5, 6, 7, 1, 1), (2, 3, 7, 6, 2, 1, 2, 2)]  below  [102s]
start   38 rank1    I = 2.9324096087045  I-I_ME = +1.332e-15  |grad| = 1.1e-10  nonproj = 8.9e-16  ranks = [(2, 2, 2, 2, 2, 2, 2, 2), (2, 2, 2, 2, 2, 2, 2, 2), (2, 2, 2, 2, 2, 2, 2, 2), (2, 2, 2, 2, 2, 2, 2, 2)]  ME  [103s]
start   39 frame    I = 2.9324096087045  I-I_ME = +1.776e-15  |grad| = 4.5e-10  nonproj = 6.1e-16  ranks = [(2, 2, 2, 2, 2, 2, 2, 2), (2, 2, 2, 2, 2, 2, 2, 2), (2, 2, 2, 2, 2, 2, 2, 2), (2, 2, 2, 2, 2, 2, 2, 2)]  ME  [105s]
start   40 dkzpert  I = 2.9324096087045  I-I_ME = +2.220e-15  |grad| = 9.5e-11  nonproj = 5.0e-16  ranks = [(2, 2, 2, 2, 2, 2, 2, 2), (2, 2, 2, 2, 2, 2, 2, 2), (2, 2, 2, 2, 2, 2, 2, 2), (2, 2, 2, 2, 2, 2, 2, 2)]  ME  [106s]
start   41 dkzcomp  I = 2.9324096087045  I-I_ME = +8.882e-16  |grad| = 8.5e-11  nonproj = 5.0e-16  ranks = [(2, 2, 2, 2, 2, 2, 2, 2), (2, 2, 2, 2, 2, 2, 2, 2), (2, 2, 2, 2, 2, 2, 2, 2), (2, 2, 2, 2, 2, 2, 2, 2)]  ME  [107s]
start   42 gauss    I = 2.8635594939627  I-I_ME = -6.885e-02  |grad| = 5.6e-10  nonproj = 5.2e-02  ranks = [(2, 2, 2, 2, 2, 1, 2, 3), (2, 2, 2, 2, 2, 2, 3, 3), (2, 2, 2, 2, 2, 2, 2, 2), (3, 3, 3, 3, 3, 3, 2, 2)]  below  [109s]
start   43 rank     I = 2.6450161833485  I-I_ME = -2.874e-01  |grad| = 3.5e-10  nonproj = 8.7e-02  ranks = [(1, 3, 3, 5, 4, 4, 2, 2), (0, 4, 4, 5, 4, 2, 2, 1), (3, 6, 5, 4, 3, 0, 3, 3), (1, 3, 3, 2, 3, 2, 6, 3)]  below  [112s]
start   44 rank1    I = 2.9324096087045  I-I_ME = +1.776e-15  |grad| = 1.4e-10  nonproj = 6.1e-16  ranks = [(2, 2, 2, 2, 2, 2, 2, 2), (2, 2, 2, 2, 2, 2, 2, 2), (2, 2, 2, 2, 2, 2, 2, 2), (2, 2, 2, 2, 2, 2, 2, 2)]  ME  [114s]
start   45 frame    I = 2.9324096087045  I-I_ME = +1.776e-15  |grad| = 6.1e-11  nonproj = 7.2e-16  ranks = [(2, 2, 2, 2, 2, 2, 2, 2), (2, 2, 2, 2, 2, 2, 2, 2), (2, 2, 2, 2, 2, 2, 2, 2), (2, 2, 2, 2, 2, 2, 2, 2)]  ME  [115s]
start   46 dkzpert  I = 2.9324096087045  I-I_ME = +2.220e-15  |grad| = 6.1e-11  nonproj = 4.6e-16  ranks = [(2, 2, 2, 2, 2, 2, 2, 2), (2, 2, 2, 2, 2, 2, 2, 2), (2, 2, 2, 2, 2, 2, 2, 2), (2, 2, 2, 2, 2, 2, 2, 2)]  ME  [117s]
start   47 dkzcomp  I = 2.9324096087045  I-I_ME = +8.882e-16  |grad| = 1.3e-10  nonproj = 4.4e-16  ranks = [(2, 2, 2, 2, 2, 2, 2, 2), (2, 2, 2, 2, 2, 2, 2, 2), (2, 2, 2, 2, 2, 2, 2, 2), (2, 2, 2, 2, 2, 2, 2, 2)]  ME  [118s]
start   48 gauss    I = 2.9324096087045  I-I_ME = +8.882e-16  |grad| = 4.3e-10  nonproj = 6.1e-16  ranks = [(2, 2, 2, 2, 2, 2, 2, 2), (2, 2, 2, 2, 2, 2, 2, 2), (2, 2, 2, 2, 2, 2, 2, 2), (2, 2, 2, 2, 2, 2, 2, 2)]  ME  [121s]
start   49 rank     I = 2.5113811437404  I-I_ME = -4.210e-01  |grad| = 4.5e-10  nonproj = 1.1e-01  ranks = [(0, 3, 6, 5, 4, 1, 3, 2), (1, 6, 7, 2, 1, 0, 3, 2), (8, 7, 4, 0, 2, 2, 5, 6), (4, 0, 2, 3, 4, 6, 6, 6)]  below  [127s]
start   50 rank1    I = 2.9324096087045  I-I_ME = +1.776e-15  |grad| = 2.3e-10  nonproj = 5.6e-16  ranks = [(2, 2, 2, 2, 2, 2, 2, 2), (2, 2, 2, 2, 2, 2, 2, 2), (2, 2, 2, 2, 2, 2, 2, 2), (2, 2, 2, 2, 2, 2, 2, 2)]  ME  [129s]
start   51 frame    I = 2.9324096087045  I-I_ME = +2.665e-15  |grad| = 1.9e-10  nonproj = 1.1e-15  ranks = [(2, 2, 2, 2, 2, 2, 2, 2), (2, 2, 2, 2, 2, 2, 2, 2), (2, 2, 2, 2, 2, 2, 2, 2), (2, 2, 2, 2, 2, 2, 2, 2)]  ME  [130s]
start   52 dkzpert  I = 2.9324096087045  I-I_ME = +2.665e-15  |grad| = 1.6e-10  nonproj = 5.6e-16  ranks = [(2, 2, 2, 2, 2, 2, 2, 2), (2, 2, 2, 2, 2, 2, 2, 2), (2, 2, 2, 2, 2, 2, 2, 2), (2, 2, 2, 2, 2, 2, 2, 2)]  ME  [132s]
start   53 dkzcomp  I = 2.9324096087045  I-I_ME = +1.332e-15  |grad| = 1.2e-10  nonproj = 6.7e-16  ranks = [(2, 2, 2, 2, 2, 2, 2, 2), (2, 2, 2, 2, 2, 2, 2, 2), (2, 2, 2, 2, 2, 2, 2, 2), (2, 2, 2, 2, 2, 2, 2, 2)]  ME  [134s]
start   54 gauss    I = 2.8635594939625  I-I_ME = -6.885e-02  |grad| = 6.9e-07  nonproj = 2.4e-02  ranks = [(3, 2, 2, 2, 1, 2, 2, 2), (3, 2, 2, 2, 2, 3, 3, 3), (2, 3, 3, 3, 2, 2, 2, 2), (2, 3, 2, 2, 2, 2, 2, 2)]  below  [138s]
start   55 rank     I = 2.7045744938832  I-I_ME = -2.278e-01  |grad| = 8.1e-10  nonproj = 6.6e-02  ranks = [(3, 4, 2, 2, 1, 3, 2, 4), (1, 5, 3, 2, 2, 3, 2, 4), (0, 5, 2, 0, 4, 3, 3, 3), (2, 5, 3, 3, 5, 2, 3, 3)]  below  [144s]
start   56 rank1    I = 2.9324096087045  I-I_ME = +1.332e-15  |grad| = 1.4e-10  nonproj = 5.6e-16  ranks = [(2, 2, 2, 2, 2, 2, 2, 2), (2, 2, 2, 2, 2, 2, 2, 2), (2, 2, 2, 2, 2, 2, 2, 2), (2, 2, 2, 2, 2, 2, 2, 2)]  ME  [146s]
start   57 frame    I = 2.9324096087045  I-I_ME = +8.882e-16  |grad| = 2.1e-10  nonproj = 6.7e-16  ranks = [(2, 2, 2, 2, 2, 2, 2, 2), (2, 2, 2, 2, 2, 2, 2, 2), (2, 2, 2, 2, 2, 2, 2, 2), (2, 2, 2, 2, 2, 2, 2, 2)]  ME  [147s]
start   58 dkzpert  I = 2.9324096087045  I-I_ME = +1.332e-15  |grad| = 3.3e-10  nonproj = 3.1e-16  ranks = [(2, 2, 2, 2, 2, 2, 2, 2), (2, 2, 2, 2, 2, 2, 2, 2), (2, 2, 2, 2, 2, 2, 2, 2), (2, 2, 2, 2, 2, 2, 2, 2)]  ME  [149s]
start   59 dkzcomp  I = 2.9324096087045  I-I_ME = +8.882e-16  |grad| = 1.6e-10  nonproj = 7.8e-16  ranks = [(2, 2, 2, 2, 2, 2, 2, 2), (2, 2, 2, 2, 2, 2, 2, 2), (2, 2, 2, 2, 2, 2, 2, 2), (2, 2, 2, 2, 2, 2, 2, 2)]  ME  [150s]
start   60 gauss    I = 2.8635594939627  I-I_ME = -6.885e-02  |grad| = 2.8e-07  nonproj = 3.1e-02  ranks = [(2, 1, 2, 2, 2, 2, 2, 3), (2, 1, 2, 2, 3, 3, 3, 3), (2, 3, 3, 3, 3, 2, 2, 2), (3, 3, 1, 2, 2, 2, 2, 2)]  below  [155s]
start   61 rank     I = 2.7027587384948  I-I_ME = -2.297e-01  |grad| = 8.1e-07  nonproj = 7.8e-02  ranks = [(5, 3, 4, 3, 0, 3, 3, 2), (4, 1, 4, 1, 4, 5, 2, 5), (1, 2, 4, 1, 5, 1, 0, 4), (1, 3, 4, 3, 5, 0, 1, 4)]  below  [168s]
start   62 rank1    I = 2.9324096087045  I-I_ME = +1.776e-15  |grad| = 3.5e-11  nonproj = 7.8e-16  ranks = [(2, 2, 2, 2, 2, 2, 2, 2), (2, 2, 2, 2, 2, 2, 2, 2), (2, 2, 2, 2, 2, 2, 2, 2), (2, 2, 2, 2, 2, 2, 2, 2)]  ME  [170s]
start   63 frame    I = 2.9324096087045  I-I_ME = +1.776e-15  |grad| = 2.0e-10  nonproj = 7.8e-16  ranks = [(2, 2, 2, 2, 2, 2, 2, 2), (2, 2, 2, 2, 2, 2, 2, 2), (2, 2, 2, 2, 2, 2, 2, 2), (2, 2, 2, 2, 2, 2, 2, 2)]  ME  [172s]
start   64 dkzpert  I = 2.9324096087045  I-I_ME = +1.776e-15  |grad| = 4.9e-10  nonproj = 3.1e-16  ranks = [(2, 2, 2, 2, 2, 2, 2, 2), (2, 2, 2, 2, 2, 2, 2, 2), (2, 2, 2, 2, 2, 2, 2, 2), (2, 2, 2, 2, 2, 2, 2, 2)]  ME  [173s]
start   65 dkzcomp  I = 2.9324096087045  I-I_ME = +2.665e-15  |grad| = 3.5e-10  nonproj = 5.6e-16  ranks = [(2, 2, 2, 2, 2, 2, 2, 2), (2, 2, 2, 2, 2, 2, 2, 2), (2, 2, 2, 2, 2, 2, 2, 2), (2, 2, 2, 2, 2, 2, 2, 2)]  ME  [175s]
start   66 gauss    I = 2.8540223155409  I-I_ME = -7.839e-02  |grad| = 4.4e-10  nonproj = 6.8e-02  ranks = [(2, 2, 3, 3, 2, 2, 2, 3), (1, 3, 3, 2, 1, 2, 2, 3), (2, 3, 2, 2, 2, 3, 3, 3), (2, 2, 2, 2, 2, 2, 2, 2)]  below  [179s]
start   67 rank     I = 2.4879189485066  I-I_ME = -4.445e-01  |grad| = 2.8e-11  nonproj = 1.3e-01  ranks = [(2, 6, 0, 2, 5, 7, 0, 0), (6, 6, 6, 5, 7, 3, 1, 2), (5, 2, 6, 1, 3, 0, 6, 7), (0, 1, 6, 0, 1, 1, 8, 2)]  below  [210s]
start   68 rank1    I = 2.9324096087045  I-I_ME = +4.441e-16  |grad| = 5.3e-11  nonproj = 5.0e-16  ranks = [(2, 2, 2, 2, 2, 2, 2, 2), (2, 2, 2, 2, 2, 2, 2, 2), (2, 2, 2, 2, 2, 2, 2, 2), (2, 2, 2, 2, 2, 2, 2, 2)]  ME  [212s]
start   69 frame    I = 2.9324096087045  I-I_ME = +1.332e-15  |grad| = 3.1e-10  nonproj = 5.0e-16  ranks = [(2, 2, 2, 2, 2, 2, 2, 2), (2, 2, 2, 2, 2, 2, 2, 2), (2, 2, 2, 2, 2, 2, 2, 2), (2, 2, 2, 2, 2, 2, 2, 2)]  ME  [214s]
start   70 dkzpert  I = 2.9324096087045  I-I_ME = +1.776e-15  |grad| = 2.4e-07  nonproj = 3.1e-16  ranks = [(2, 2, 2, 2, 2, 2, 2, 2), (2, 2, 2, 2, 2, 2, 2, 2), (2, 2, 2, 2, 2, 2, 2, 2), (2, 2, 2, 2, 2, 2, 2, 2)]  ME  [215s]
start   71 dkzcomp  I = 2.9324096087045  I-I_ME = +8.882e-16  |grad| = 3.9e-11  nonproj = 6.1e-16  ranks = [(2, 2, 2, 2, 2, 2, 2, 2), (2, 2, 2, 2, 2, 2, 2, 2), (2, 2, 2, 2, 2, 2, 2, 2), (2, 2, 2, 2, 2, 2, 2, 2)]  ME  [216s]
start   72 gauss    I = 2.8540223155409  I-I_ME = -7.839e-02  |grad| = 7.6e-10  nonproj = 6.4e-02  ranks = [(2, 2, 2, 3, 1, 2, 2, 2), (3, 3, 3, 3, 2, 3, 3, 2), (3, 2, 2, 2, 2, 2, 2, 1), (3, 2, 2, 2, 3, 2, 2, 2)]  below  [220s]
start   73 rank     I = 2.5769126421435  I-I_ME = -3.555e-01  |grad| = 3.5e-10  nonproj = 1.0e-01  ranks = [(7, 3, 4, 1, 1, 3, 1, 6), (3, 0, 3, 0, 4, 3, 5, 7), (2, 0, 3, 2, 5, 1, 5, 3), (2, 4, 6, 6, 5, 0, 5, 2)]  below  [222s]
start   74 rank1    I = 2.9324096087045  I-I_ME = +2.665e-15  |grad| = 3.4e-11  nonproj = 6.7e-16  ranks = [(2, 2, 2, 2, 2, 2, 2, 2), (2, 2, 2, 2, 2, 2, 2, 2), (2, 2, 2, 2, 2, 2, 2, 2), (2, 2, 2, 2, 2, 2, 2, 2)]  ME  [224s]
start   75 frame    I = 2.9324096087045  I-I_ME = +8.882e-16  |grad| = 2.9e-10  nonproj = 3.6e-16  ranks = [(2, 2, 2, 2, 2, 2, 2, 2), (2, 2, 2, 2, 2, 2, 2, 2), (2, 2, 2, 2, 2, 2, 2, 2), (2, 2, 2, 2, 2, 2, 2, 2)]  ME  [225s]
start   76 dkzpert  I = 2.9324096087045  I-I_ME = +4.441e-16  |grad| = 1.6e-10  nonproj = 2.5e-16  ranks = [(2, 2, 2, 2, 2, 2, 2, 2), (2, 2, 2, 2, 2, 2, 2, 2), (2, 2, 2, 2, 2, 2, 2, 2), (2, 2, 2, 2, 2, 2, 2, 2)]  ME  [226s]
start   77 dkzcomp  I = 2.9324096087045  I-I_ME = +1.776e-15  |grad| = 9.3e-11  nonproj = 5.6e-16  ranks = [(2, 2, 2, 2, 2, 2, 2, 2), (2, 2, 2, 2, 2, 2, 2, 2), (2, 2, 2, 2, 2, 2, 2, 2), (2, 2, 2, 2, 2, 2, 2, 2)]  ME  [228s]
start   78 gauss    I = 2.8635594939627  I-I_ME = -6.885e-02  |grad| = 1.2e-10  nonproj = 4.8e-02  ranks = [(3, 3, 3, 3, 3, 2, 1, 2), (3, 2, 2, 2, 2, 2, 1, 2), (3, 2, 2, 2, 2, 2, 1, 3), (2, 2, 2, 2, 2, 3, 3, 3)]  below  [230s]
start   79 rank     I = 2.6297278758500  I-I_ME = -3.027e-01  |grad| = 3.0e-11  nonproj = 1.1e-01  ranks = [(5, 3, 2, 4, 2, 3, 0, 3), (5, 1, 5, 3, 2, 2, 0, 6), (2, 0, 5, 0, 2, 3, 3, 6), (2, 3, 6, 1, 5, 4, 5, 3)]  below  [234s]
start   80 rank1    I = 2.9324096087045  I-I_ME = +8.882e-16  |grad| = 7.9e-11  nonproj = 5.6e-16  ranks = [(2, 2, 2, 2, 2, 2, 2, 2), (2, 2, 2, 2, 2, 2, 2, 2), (2, 2, 2, 2, 2, 2, 2, 2), (2, 2, 2, 2, 2, 2, 2, 2)]  ME  [236s]
start   81 frame    I = 2.9324096087045  I-I_ME = +1.332e-15  |grad| = 2.1e-10  nonproj = 4.4e-16  ranks = [(2, 2, 2, 2, 2, 2, 2, 2), (2, 2, 2, 2, 2, 2, 2, 2), (2, 2, 2, 2, 2, 2, 2, 2), (2, 2, 2, 2, 2, 2, 2, 2)]  ME  [238s]
start   82 dkzpert  I = 2.9324096087045  I-I_ME = +1.332e-15  |grad| = 5.6e-10  nonproj = 2.8e-16  ranks = [(2, 2, 2, 2, 2, 2, 2, 2), (2, 2, 2, 2, 2, 2, 2, 2), (2, 2, 2, 2, 2, 2, 2, 2), (2, 2, 2, 2, 2, 2, 2, 2)]  ME  [239s]
start   83 dkzcomp  I = 2.9324096087045  I-I_ME = +2.665e-15  |grad| = 1.4e-10  nonproj = 1.2e-15  ranks = [(2, 2, 2, 2, 2, 2, 2, 2), (2, 2, 2, 2, 2, 2, 2, 2), (2, 2, 2, 2, 2, 2, 2, 2), (2, 2, 2, 2, 2, 2, 2, 2)]  ME  [242s]
start   84 gauss    I = 2.8540223155409  I-I_ME = -7.839e-02  |grad| = 1.7e-09  nonproj = 4.8e-02  ranks = [(3, 2, 3, 1, 3, 3, 2, 2), (3, 2, 2, 2, 3, 2, 2, 2), (3, 2, 1, 2, 2, 2, 2, 3), (2, 2, 1, 3, 2, 2, 3, 3)]  below  [246s]
start   85 rank     I = 2.3848605239023  I-I_ME = -5.475e-01  |grad| = 4.0e-10  nonproj = 1.1e-01  ranks = [(4, 9, 8, 2, 0, 2, 0, 2), (10, 7, 2, 0, 2, 3, 1, 6), (6, 1, 1, 0, 7, 6, 7, 4), (2, 1, 3, 8, 10, 3, 4, 2)]  below  [258s]
start   86 rank1    I = 2.9324096087045  I-I_ME = +2.220e-15  |grad| = 7.0e-11  nonproj = 7.8e-16  ranks = [(2, 2, 2, 2, 2, 2, 2, 2), (2, 2, 2, 2, 2, 2, 2, 2), (2, 2, 2, 2, 2, 2, 2, 2), (2, 2, 2, 2, 2, 2, 2, 2)]  ME  [260s]
start   87 frame    I = 2.9324096087045  I-I_ME = +3.553e-15  |grad| = 1.9e-10  nonproj = 7.8e-16  ranks = [(2, 2, 2, 2, 2, 2, 2, 2), (2, 2, 2, 2, 2, 2, 2, 2), (2, 2, 2, 2, 2, 2, 2, 2), (2, 2, 2, 2, 2, 2, 2, 2)]  ME  [262s]
start   88 dkzpert  I = 2.9324096087045  I-I_ME = +1.776e-15  |grad| = 1.8e-10  nonproj = 3.6e-16  ranks = [(2, 2, 2, 2, 2, 2, 2, 2), (2, 2, 2, 2, 2, 2, 2, 2), (2, 2, 2, 2, 2, 2, 2, 2), (2, 2, 2, 2, 2, 2, 2, 2)]  ME  [263s]
start   89 dkzcomp  I = 2.9324096087045  I-I_ME = +2.220e-15  |grad| = 7.5e-07  nonproj = 7.2e-16  ranks = [(2, 2, 2, 2, 2, 2, 2, 2), (2, 2, 2, 2, 2, 2, 2, 2), (2, 2, 2, 2, 2, 2, 2, 2), (2, 2, 2, 2, 2, 2, 2, 2)]  ME  [266s]
# BEST d=8 D=16: I = 2.9324096087045  I_ME = 2.9324096087045  I-I_ME = +3.553e-15  (init rank1)  counts {'below': 28, 'ME': 62}
