# d=8 D=14 nstart=90 seed=8014  I_ME(d) = 2.9324096087045
start    0 gauss    I = 2.8301262443444  I-I_ME = -1.023e-01  |grad| = 3.5e-10  nonproj = 5.6e-02  ranks = [(2, 2, 2, 2, 2, 3, 3, 2), (2, 2, 2, 1, 2, 2, 2, 1), (2, 2, 2, 2, 3, 2, 2, 1), (3, 3, 3, 2, 2, 1, 2, 2)]  below  [4s]
start    1 rank     I = 2.3620079802221  I-I_ME = -5.704e-01  |grad| = 4.8e-10  nonproj = 1.3e-01  ranks = [(1, 0, 2, 0, 4, 5, 9, 6), (0, 0, 5, 1, 8, 5, 4, 2), (2, 7, 9, 3, 6, 2, 0, 2), (8, 7, 2, 2, 0, 1, 0, 5)]  below  [6s]
start    2 rank1    I = 2.9083987994144  I-I_ME = -2.401e-02  |grad| = 1.9e-10  nonproj = 7.4e-02  ranks = [(2, 2, 2, 2, 2, 2, 2, 2), (2, 1, 2, 2, 2, 1, 2, 2), (2, 1, 2, 2, 2, 1, 2, 2), (2, 1, 2, 2, 2, 1, 2, 2)]  below  [8s]
start    3 frame    I = 2.9083987994144  I-I_ME = -2.401e-02  |grad| = 9.7e-11  nonproj = 5.1e-02  ranks = [(2, 1, 2, 2, 2, 1, 2, 2), (2, 1, 2, 2, 2, 2, 2, 2), (2, 2, 2, 2, 2, 2, 1, 2), (2, 2, 1, 2, 2, 2, 1, 2)]  below  [9s]
start    4 dkzpert  I = 2.9083987994144  I-I_ME = -2.401e-02  |grad| = 7.5e-11  nonproj = 6.7e-02  ranks = [(2, 2, 1, 2, 2, 2, 2, 2), (2, 2, 1, 2, 1, 2, 2, 2), (2, 2, 2, 2, 1, 2, 2, 2), (2, 2, 2, 1, 1, 2, 2, 2)]  below  [12s]
start    5 dkzcomp  I = 2.8301262443444  I-I_ME = -1.023e-01  |grad| = 3.6e-10  nonproj = 6.1e-02  ranks = [(2, 2, 2, 2, 2, 2, 2, 2), (2, 1, 2, 2, 2, 2, 2, 1), (2, 2, 2, 2, 2, 2, 2, 1), (3, 2, 2, 2, 2, 1, 2, 2)]  below  [15s]
start    6 gauss    I = 2.8301262443444  I-I_ME = -1.023e-01  |grad| = 6.1e-10  nonproj = 5.4e-02  ranks = [(2, 1, 3, 2, 2, 1, 2, 2), (3, 2, 3, 1, 2, 2, 3, 3), (2, 2, 2, 2, 2, 3, 2, 2), (2, 2, 1, 2, 2, 3, 1, 2)]  below  [18s]
start    7 rank     I = 2.4879198023614  I-I_ME = -4.445e-01  |grad| = 1.4e-08  nonproj = 8.7e-02  ranks = [(2, 3, 4, 3, 3, 2, 7, 0), (6, 4, 3, 1, 4, 5, 5, 1), (6, 1, 0, 1, 3, 5, 2, 4), (3, 0, 1, 2, 4, 5, 0, 7)]  below  [22s]
start    8 rank1    I = 2.9083987994144  I-I_ME = -2.401e-02  |grad| = 4.8e-11  nonproj = 3.1e-02  ranks = [(2, 2, 2, 2, 2, 2, 2, 2), (2, 1, 2, 1, 2, 2, 2, 2), (2, 1, 2, 1, 2, 2, 2, 2), (2, 1, 2, 1, 2, 2, 2, 2)]  below  [24s]
start    9 frame    I = 2.9083987994144  I-I_ME = -2.401e-02  |grad| = 1.7e-10  nonproj = 3.2e-02  ranks = [(1, 2, 2, 2, 2, 2, 1, 2), (1, 2, 2, 2, 2, 2, 1, 2), (2, 2, 2, 2, 2, 2, 2, 2), (2, 1, 2, 2, 2, 2, 2, 1)]  below  [26s]
start   10 dkzpert  I = 2.9083987994144  I-I_ME = -2.401e-02  |grad| = 1.8e-06  nonproj = 4.1e-02  ranks = [(2, 2, 2, 2, 1, 2, 1, 2), (2, 2, 2, 2, 1, 2, 1, 2), (2, 2, 2, 2, 2, 2, 2, 2), (2, 2, 2, 2, 2, 1, 2, 1)]  below  [30s]
start   11 dkzcomp  I = 2.9083987994144  I-I_ME = -2.401e-02  |grad| = 3.8e-10  nonproj = 1.6e-02  ranks = [(1, 2, 2, 1, 2, 2, 2, 2), (1, 2, 2, 1, 2, 2, 2, 2), (2, 2, 2, 1, 2, 2, 2, 2), (2, 1, 2, 2, 2, 2, 2, 2)]  below  [31s]
start   12 gauss    I = 2.8301262443445  I-I_ME = -1.023e-01  |grad| = 4.8e-10  nonproj = 5.9e-02  ranks = [(2, 2, 1, 2, 2, 1, 2, 3), (1, 2, 1, 2, 2, 2, 3, 3), (2, 2, 2, 3, 3, 3, 2, 2), (2, 2, 3, 2, 2, 2, 1, 2)]  below  [34s]
start   13 rank     I = 2.3755933087260  I-I_ME = -5.568e-01  |grad| = 1.2e-08  nonproj = 1.2e-01  ranks = [(4, 2, 1, 1, 1, 7, 5, 5), (1, 1, 3, 7, 4, 8, 2, 1), (3, 3, 7, 7, 3, 3, 0, 2), (3, 6, 7, 3, 1, 0, 0, 5)]  below  [40s]
start   14 rank1    I = 2.9083987994144  I-I_ME = -2.401e-02  |grad| = 3.9e-10  nonproj = 1.4e-02  ranks = [(2, 2, 1, 2, 2, 2, 2, 1), (2, 2, 1, 2, 2, 2, 2, 1), (2, 2, 1, 2, 2, 2, 2, 2), (1, 2, 2, 2, 2, 2, 2, 2)]  below  [42s]
start   15 frame    I = 2.9083987994144  I-I_ME = -2.401e-02  |grad| = 3.6e-10  nonproj = 2.1e-02  ranks = [(1, 2, 2, 2, 2, 2, 2, 2), (1, 2, 2, 2, 2, 2, 1, 2), (1, 2, 2, 2, 2, 2, 1, 2), (2, 2, 2, 2, 2, 2, 1, 2)]  below  [45s]
start   16 dkzpert  I = 2.9083987994144  I-I_ME = -2.401e-02  |grad| = 1.6e-10  nonproj = 5.0e-02  ranks = [(2, 2, 1, 2, 1, 2, 2, 2), (2, 2, 2, 2, 1, 2, 2, 2), (2, 2, 2, 1, 2, 2, 2, 2), (2, 2, 2, 1, 2, 1, 2, 2)]  below  [47s]
start   17 dkzcomp  I = 2.8199203298819  I-I_ME = -1.125e-01  |grad| = 3.2e-10  nonproj = 6.6e-02  ranks = [(1, 2, 2, 2, 1, 2, 2, 2), (2, 2, 2, 2, 2, 3, 3, 2), (2, 2, 2, 2, 2, 2, 2, 1), (2, 2, 2, 2, 2, 2, 2, 2)]  below  [49s]
start   18 gauss    I = 2.9083987994144  I-I_ME = -2.401e-02  |grad| = 1.3e-10  nonproj = 2.4e-02  ranks = [(1, 2, 2, 2, 2, 2, 2, 1), (1, 2, 2, 2, 2, 2, 2, 1), (2, 2, 2, 2, 2, 2, 2, 1), (2, 1, 2, 2, 2, 2, 2, 2)]  below  [51s]
start   19 rank     I = 2.6520622969107  I-I_ME = -2.803e-01  |grad| = 3.7e-10  nonproj = 1.1e-01  ranks = [(0, 4, 2, 2, 2, 3, 3, 5), (0, 4, 0, 3, 4, 4, 0, 4), (4, 5, 2, 5, 4, 2, 0, 2), (5, 1, 2, 3, 2, 1, 0, 2)]  below  [54s]
start   20 rank1    I = 2.8301262443445  I-I_ME = -1.023e-01  |grad| = 2.3e-10  nonproj = 4.9e-02  ranks = [(2, 1, 2, 2, 2, 1, 2, 2), (2, 1, 2, 2, 2, 2, 2, 2), (2, 2, 2, 2, 2, 2, 2, 1), (2, 2, 2, 2, 2, 2, 2, 2)]  below  [57s]
start   21 frame    I = 2.8301262443444  I-I_ME = -1.023e-01  |grad| = 6.3e-10  nonproj = 6.8e-02  ranks = [(2, 2, 2, 2, 2, 2, 2, 1), (2, 2, 2, 2, 1, 2, 2, 1), (2, 2, 2, 2, 1, 2, 2, 2), (2, 2, 2, 1, 2, 2, 2, 2)]  below  [60s]
start   22 dkzpert  I = 2.9083987994144  I-I_ME = -2.401e-02  |grad| = 2.2e-10  nonproj = 6.9e-03  ranks = [(2, 2, 2, 2, 2, 2, 2, 2), (1, 2, 1, 2, 2, 2, 2, 2), (1, 2, 1, 2, 2, 2, 2, 2), (1, 2, 1, 2, 2, 2, 2, 2)]  below  [63s]
start   23 dkzcomp  I = 2.9083987994144  I-I_ME = -2.401e-02  |grad| = 1.8e-10  nonproj = 4.9e-02  ranks = [(2, 2, 2, 2, 2, 1, 2, 1), (2, 2, 2, 2, 2, 1, 2, 2), (1, 2, 2, 2, 2, 1, 2, 2), (1, 2, 2, 2, 2, 2, 2, 2)]  below  [65s]
start   24 gauss    I = 2.9083987994144  I-I_ME = -2.401e-02  |grad| = 4.7e-10  nonproj = 3.7e-02  ranks = [(2, 2, 2, 1, 2, 2, 1, 2), (2, 2, 2, 1, 2, 2, 1, 2), (2, 2, 2, 2, 2, 2, 1, 2), (2, 2, 2, 2, 1, 2, 2, 2)]  below  [68s]
start   25 rank     I = 2.6593287338752  I-I_ME = -2.731e-01  |grad| = 4.8e-10  nonproj = 9.7e-02  ranks = [(5, 0, 3, 1, 2, 1, 4, 2), (3, 1, 4, 1, 3, 3, 5, 1), (2, 2, 4, 2, 3, 2, 3, 3), (0, 5, 3, 2, 2, 3, 2, 3)]  below  [71s]
start   26 rank1    I = 2.9083987994144  I-I_ME = -2.401e-02  |grad| = 6.8e-10  nonproj = 2.9e-02  ranks = [(1, 2, 2, 2, 2, 2, 2, 2), (1, 2, 2, 1, 2, 2, 2, 2), (1, 2, 2, 1, 2, 2, 2, 2), (2, 2, 2, 1, 2, 2, 2, 2)]  below  [73s]
start   27 frame    I = 2.9083987994144  I-I_ME = -2.401e-02  |grad| = 1.8e-10  nonproj = 3.0e-02  ranks = [(1, 2, 2, 2, 2, 2, 2, 2), (2, 2, 2, 2, 2, 2, 2, 1), (2, 1, 2, 2, 2, 2, 2, 1), (2, 1, 2, 2, 2, 2, 2, 1)]  below  [75s]
start   28 dkzpert  I = 2.9083987994144  I-I_ME = -2.401e-02  |grad| = 1.0e-10  nonproj = 1.3e-02  ranks = [(2, 2, 2, 2, 2, 2, 1, 2), (2, 2, 1, 2, 2, 2, 1, 2), (2, 2, 1, 2, 2, 2, 1, 2), (2, 2, 1, 2, 2, 2, 2, 2)]  below  [78s]
start   29 dkzcomp  I = 2.9083987994144  I-I_ME = -2.401e-02  |grad| = 3.4e-10  nonproj = 5.7e-03  ranks = [(1, 2, 2, 2, 1, 2, 2, 2), (2, 2, 2, 2, 2, 2, 2, 2), (2, 1, 2, 2, 2, 1, 2, 2), (2, 1, 2, 2, 2, 1, 2, 2)]  below  [81s]
start   30 gauss    I = 2.7522936258210  I-I_ME = -1.801e-01  |grad| = 1.1e-06  nonproj = 5.5e-02  ranks = [(3, 2, 2, 1, 3, 3, 3, 3), (2, 1, 2, 2, 3, 2, 2, 2), (2, 2, 3, 3, 3, 3, 2, 2), (2, 3, 3, 3, 2, 2, 1, 2)]  below  [85s]
start   31 rank     I = 2.5857398578764  I-I_ME = -3.467e-01  |grad| = 4.1e-10  nonproj = 1.3e-01  ranks = [(5, 6, 1, 3, 2, 1, 2, 2), (4, 1, 3, 3, 3, 2, 4, 4), (1, 0, 5, 3, 5, 5, 5, 3), (0, 0, 6, 2, 4, 2, 1, 1)]  below  [88s]
start   32 rank1    I = 2.9083987994144  I-I_ME = -2.401e-02  |grad| = 3.1e-10  nonproj = 4.7e-02  ranks = [(1, 2, 1, 2, 2, 2, 2, 2), (2, 2, 1, 2, 2, 2, 2, 2), (2, 1, 1, 2, 2, 2, 2, 2), (2, 1, 2, 2, 2, 2, 2, 2)]  below  [91s]
start   33 frame    I = 2.8301262443444  I-I_ME = -1.023e-01  |grad| = 3.4e-10  nonproj = 4.9e-02  ranks = [(1, 2, 2, 2, 1, 2, 2, 2), (2, 2, 2, 2, 2, 2, 2, 2), (2, 1, 2, 2, 2, 2, 2, 2), (2, 2, 2, 2, 2, 2, 2, 2)]  below  [94s]
start   34 dkzpert  I = 2.9083987994144  I-I_ME = -2.401e-02  |grad| = 1.1e-10  nonproj = 8.4e-02  ranks = [(2, 2, 2, 2, 1, 2, 1, 2), (2, 2, 2, 2, 1, 2, 2, 2), (2, 2, 2, 2, 1, 2, 2, 1), (2, 2, 2, 2, 2, 2, 2, 1)]  below  [96s]
start   35 dkzcomp  I = 2.8301262443444  I-I_ME = -1.023e-01  |grad| = 2.0e-10  nonproj = 2.7e-02  ranks = [(2, 1, 2, 2, 2, 3, 3, 2), (2, 2, 2, 2, 2, 2, 2, 1), (3, 2, 2, 1, 2, 2, 2, 2), (2, 2, 2, 2, 2, 2, 2, 2)]  below  [100s]
start   36 gauss    I = 2.9083987994144  I-I_ME = -2.401e-02  |grad| = 1.7e-10  nonproj = 6.8e-02  ranks = [(2, 2, 1, 2, 2, 2, 1, 2), (2, 2, 1, 2, 2, 2, 1, 2), (2, 2, 1, 2, 2, 2, 1, 2), (2, 2, 2, 2, 2, 2, 2, 2)]  below  [102s]
start   37 rank     I = 2.6627081479188  I-I_ME = -2.697e-01  |grad| = 2.4e-10  nonproj = 8.7e-02  ranks = [(3, 3, 0, 2, 0, 2, 5, 4), (1, 3, 0, 2, 2, 5, 5, 1), (1, 3, 2, 4, 4, 3, 2, 1), (3, 5, 5, 3, 3, 0, 2, 2)]  below  [106s]
start   38 rank1    I = 2.8301262443444  I-I_ME = -1.023e-01  |grad| = 1.7e-10  nonproj = 6.4e-02  ranks = [(1, 2, 2, 1, 2, 2, 2, 2), (1, 2, 2, 2, 2, 2, 2, 2), (2, 2, 2, 2, 2, 2, 1, 2), (2, 2, 2, 2, 2, 2, 2, 2)]  below  [109s]
start   39 frame    I = 2.9083987994144  I-I_ME = -2.401e-02  |grad| = 2.7e-10  nonproj = 4.5e-02  ranks = [(2, 2, 2, 2, 2, 2, 2, 2), (2, 1, 2, 2, 2, 2, 2, 1), (2, 1, 2, 2, 2, 2, 2, 1), (2, 1, 2, 2, 2, 2, 2, 1)]  below  [111s]
start   40 dkzpert  I = 2.8301262443445  I-I_ME = -1.023e-01  |grad| = 1.0e-10  nonproj = 8.3e-02  ranks = [(3, 3, 3, 2, 1, 2, 2, 2), (2, 2, 2, 1, 2, 2, 3, 2), (1, 2, 2, 2, 2, 2, 2, 2), (1, 2, 2, 2, 2, 2, 2, 2)]  below  [114s]
start   41 dkzcomp  I = 2.9083987994144  I-I_ME = -2.401e-02  |grad| = 5.0e-10  nonproj = 3.4e-02  ranks = [(2, 2, 1, 2, 1, 2, 2, 2), (2, 2, 2, 2, 1, 2, 2, 2), (2, 2, 2, 1, 1, 2, 2, 2), (2, 2, 2, 1, 2, 2, 2, 2)]  below  [116s]
start   42 gauss    I = 2.9083987994144  I-I_ME = -2.401e-02  |grad| = 8.8e-12  nonproj = 1.1e-02  ranks = [(1, 2, 2, 2, 2, 1, 2, 2), (1, 2, 2, 2, 2, 1, 2, 2), (2, 2, 2, 2, 2, 1, 2, 2), (2, 1, 2, 2, 2, 2, 2, 2)]  below  [118s]
start   43 rank     I = 2.3755933087258  I-I_ME = -5.568e-01  |grad| = 2.7e-10  nonproj = 1.2e-01  ranks = [(7, 7, 8, 8, 1, 1, 1, 1), (9, 2, 3, 1, 0, 2, 4, 8), (2, 1, 1, 0, 0, 5, 4, 5), (1, 1, 1, 1, 8, 7, 5, 3)]  below  [123s]
start   44 rank1    I = 2.9083987994144  I-I_ME = -2.401e-02  |grad| = 5.2e-10  nonproj = 2.6e-02  ranks = [(2, 2, 2, 2, 1, 2, 2, 1), (2, 2, 2, 2, 1, 2, 2, 2), (1, 2, 2, 2, 2, 2, 2, 2), (1, 2, 2, 2, 2, 1, 2, 2)]  below  [125s]
start   45 frame    I = 2.8301262443444  I-I_ME = -1.023e-01  |grad| = 5.0e-10  nonproj = 7.9e-02  ranks = [(2, 2, 2, 1, 2, 1, 2, 2), (2, 2, 2, 1, 2, 2, 2, 2), (2, 2, 2, 2, 2, 2, 2, 1), (2, 2, 2, 2, 2, 2, 2, 2)]  below  [128s]
start   46 dkzpert  I = 2.9083987994144  I-I_ME = -2.401e-02  |grad| = 3.0e-10  nonproj = 4.6e-02  ranks = [(2, 2, 2, 1, 2, 2, 2, 1), (2, 2, 2, 1, 2, 2, 2, 1), (2, 2, 2, 2, 2, 2, 2, 1), (2, 2, 2, 2, 1, 2, 2, 2)]  below  [130s]
start   47 dkzcomp  I = 2.9083987994144  I-I_ME = -2.401e-02  |grad| = 1.2e-10  nonproj = 5.8e-02  ranks = [(2, 2, 2, 2, 1, 2, 2, 2), (2, 2, 2, 2, 1, 2, 2, 1), (2, 2, 2, 2, 2, 2, 2, 1), (2, 2, 2, 2, 2, 1, 2, 1)]  below  [132s]
start   48 gauss    I = 2.9083987994143  I-I_ME = -2.401e-02  |grad| = 3.5e-07  nonproj = 1.7e-02  ranks = [(2, 2, 1, 2, 2, 2, 2, 2), (2, 2, 1, 2, 1, 2, 2, 2), (2, 2, 1, 2, 1, 2, 2, 2), (2, 2, 2, 2, 1, 2, 2, 2)]  below  [134s]
start   49 rank     I = 2.5181131538108  I-I_ME = -4.143e-01  |grad| = 2.5e-11  nonproj = 9.7e-02  ranks = [(1, 1, 3, 5, 7, 2, 4, 4), (3, 3, 7, 6, 4, 1, 1, 0), (5, 4, 4, 2, 2, 1, 1, 0), (7, 2, 1, 2, 2, 4, 4, 1)]  below  [139s]
start   50 rank1    I = 2.9083987994144  I-I_ME = -2.401e-02  |grad| = 8.8e-11  nonproj = 1.9e-02  ranks = [(2, 1, 2, 2, 2, 2, 2, 1), (2, 1, 2, 2, 2, 2, 2, 2), (1, 1, 2, 2, 2, 2, 2, 2), (1, 2, 2, 2, 2, 2, 2, 2)]  below  [141s]
start   51 frame    I = 2.8301262443444  I-I_ME = -1.023e-01  |grad| = 3.3e-10  nonproj = 5.9e-02  ranks = [(2, 2, 2, 2, 2, 2, 2, 2), (2, 2, 2, 2, 1, 2, 2, 2), (2, 2, 1, 2, 1, 2, 2, 2), (2, 2, 2, 2, 2, 2, 2, 2)]  below  [143s]
start   52 dkzpert  I = 2.9083987994144  I-I_ME = -2.401e-02  |grad| = 2.2e-10  nonproj = 5.2e-02  ranks = [(2, 2, 1, 2, 2, 2, 1, 2), (2, 2, 2, 2, 2, 2, 2, 2), (2, 2, 2, 1, 2, 2, 2, 1), (2, 2, 2, 1, 2, 2, 2, 1)]  below  [145s]
start   53 dkzcomp  I = 2.8301262443444  I-I_ME = -1.023e-01  |grad| = 2.1e-10  nonproj = 5.9e-02  ranks = [(2, 2, 2, 2, 2, 2, 2, 1), (2, 2, 2, 2, 2, 1, 2, 2), (2, 2, 2, 2, 1, 2, 3, 2), (1, 2, 2, 2, 2, 2, 2, 2)]  below  [147s]
start   54 gauss    I = 2.8199203298819  I-I_ME = -1.125e-01  |grad| = 3.5e-10  nonproj = 5.0e-02  ranks = [(3, 2, 2, 2, 3, 2, 2, 1), (3, 1, 2, 2, 2, 1, 2, 2), (2, 2, 3, 3, 2, 2, 2, 2), (2, 2, 2, 2, 1, 2, 2, 3)]  below  [152s]
start   55 rank     I = 2.4296346842829  I-I_ME = -5.028e-01  |grad| = 4.1e-10  nonproj = 1.1e-01  ranks = [(8, 5, 5, 2, 1, 0, 3, 2), (4, 1, 3, 2, 0, 3, 7, 5), (0, 2, 3, 6, 3, 6, 5, 1), (0, 4, 5, 8, 2, 4, 0, 0)]  below  [154s]
start   56 rank1    I = 2.9083987994144  I-I_ME = -2.401e-02  |grad| = 4.5e-10  nonproj = 1.8e-02  ranks = [(2, 2, 2, 1, 2, 1, 2, 2), (2, 2, 2, 2, 2, 1, 2, 2), (2, 2, 2, 2, 1, 2, 2, 2), (2, 2, 2, 2, 1, 2, 1, 2)]  below  [158s]
start   57 frame    I = 2.9083987994144  I-I_ME = -2.401e-02  |grad| = 4.5e-10  nonproj = 5.2e-02  ranks = [(2, 2, 2, 1, 2, 1, 2, 2), (2, 2, 2, 1, 2, 2, 2, 2), (2, 2, 2, 2, 2, 2, 1, 2), (2, 2, 2, 2, 1, 2, 1, 2)]  below  [159s]
start   58 dkzpert  I = 2.9083987994144  I-I_ME = -2.401e-02  |grad| = 6.1e-11  nonproj = 2.9e-02  ranks = [(2, 1, 2, 2, 2, 2, 1, 2), (2, 2, 2, 2, 2, 2, 1, 2), (2, 2, 1, 2, 2, 2, 1, 2), (2, 2, 1, 2, 2, 2, 2, 2)]  below  [162s]
start   59 dkzcomp  I = 2.9083987994144  I-I_ME = -2.401e-02  |grad| = 4.6e-10  nonproj = 2.0e-02  ranks = [(2, 2, 1, 2, 1, 2, 2, 2), (2, 2, 2, 2, 1, 2, 2, 2), (2, 2, 2, 1, 1, 2, 2, 2), (2, 2, 2, 1, 2, 2, 2, 2)]  below  [164s]
start   60 gauss    I = 2.8199203298819  I-I_ME = -1.125e-01  |grad| = 4.0e-10  nonproj = 5.1e-02  ranks = [(2, 2, 2, 2, 3, 2, 2, 1), (3, 3, 2, 2, 2, 1, 2, 2), (2, 2, 1, 3, 2, 1, 2, 2), (2, 2, 2, 3, 1, 2, 3, 3)]  below  [167s]
start   61 rank     I = 2.5750940068673  I-I_ME = -3.573e-01  |grad| = 2.7e-09  nonproj = 9.5e-02  ranks = [(5, 1, 4, 2, 2, 2, 0, 6), (0, 0, 5, 3, 4, 5, 5, 5), (0, 2, 6, 4, 5, 3, 1, 0), (1, 5, 4, 4, 3, 1, 1, 0)]  below  [171s]
start   62 rank1    I = 2.9083987994144  I-I_ME = -2.401e-02  |grad| = 2.8e-10  nonproj = 2.9e-02  ranks = [(2, 1, 2, 2, 2, 2, 2, 2), (2, 1, 2, 2, 1, 2, 2, 2), (2, 2, 2, 2, 1, 2, 2, 2), (2, 2, 1, 2, 1, 2, 2, 2)]  below  [173s]
start   63 frame    I = 2.9083987994144  I-I_ME = -2.401e-02  |grad| = 4.5e-10  nonproj = 2.3e-02  ranks = [(1, 2, 2, 2, 1, 2, 2, 2), (2, 2, 2, 2, 1, 2, 2, 2), (2, 1, 2, 2, 2, 2, 2, 2), (2, 1, 2, 2, 2, 1, 2, 2)]  below  [175s]
start   64 dkzpert  I = 2.9083987994144  I-I_ME = -2.401e-02  |grad| = 1.9e-10  nonproj = 6.4e-02  ranks = [(1, 2, 2, 1, 2, 2, 2, 2), (1, 2, 2, 1, 2, 2, 2, 2), (2, 2, 2, 2, 2, 2, 2, 2), (2, 1, 2, 2, 1, 2, 2, 2)]  below  [176s]
start   65 dkzcomp  I = 2.9083987994144  I-I_ME = -2.401e-02  |grad| = 2.5e-10  nonproj = 8.2e-02  ranks = [(2, 1, 2, 2, 2, 2, 1, 2), (2, 2, 2, 2, 2, 2, 1, 2), (2, 2, 1, 2, 2, 2, 1, 2), (2, 2, 1, 2, 2, 2, 2, 2)]  below  [180s]
start   66 gauss    I = 2.9083987994144  I-I_ME = -2.401e-02  |grad| = 4.9e-10  nonproj = 2.5e-02  ranks = [(2, 2, 2, 1, 2, 1, 2, 2), (2, 2, 2, 2, 2, 1, 2, 2), (2, 2, 2, 2, 1, 1, 2, 2), (2, 2, 2, 2, 1, 2, 2, 2)]  below  [182s]
start   67 rank     I = 2.5217463493290  I-I_ME = -4.107e-01  |grad| = 4.6e-10  nonproj = 9.7e-02  ranks = [(6, 2, 2, 1, 1, 4, 3, 1), (4, 1, 1, 2, 3, 6, 4, 3), (2, 2, 2, 4, 6, 5, 1, 1), (3, 5, 4, 5, 4, 1, 2, 3)]  below  [188s]
start   68 rank1    I = 2.9083987994144  I-I_ME = -2.401e-02  |grad| = 2.2e-10  nonproj = 3.9e-02  ranks = [(2, 2, 2, 1, 2, 1, 2, 2), (2, 2, 2, 1, 2, 1, 2, 2), (2, 2, 2, 1, 2, 1, 2, 2), (2, 2, 2, 2, 2, 2, 2, 2)]  below  [190s]
start   69 frame    I = 2.9083987994144  I-I_ME = -2.401e-02  |grad| = 1.2e-10  nonproj = 3.2e-02  ranks = [(2, 2, 2, 2, 1, 1, 2, 2), (2, 2, 2, 2, 1, 2, 2, 2), (2, 2, 2, 2, 2, 2, 1, 2), (2, 2, 2, 2, 2, 1, 1, 2)]  below  [191s]
start   70 dkzpert  I = 2.9083987994144  I-I_ME = -2.401e-02  |grad| = 1.0e-10  nonproj = 4.4e-02  ranks = [(2, 1, 2, 2, 2, 2, 2, 2), (2, 1, 2, 2, 2, 2, 2, 1), (2, 1, 2, 2, 2, 2, 2, 1), (2, 2, 2, 2, 2, 2, 2, 1)]  below  [194s]
start   71 dkzcomp  I = 2.9083987994144  I-I_ME = -2.401e-02  |grad| = 2.3e-10  nonproj = 2.7e-02  ranks = [(2, 2, 2, 1, 2, 2, 2, 2), (1, 2, 2, 1, 2, 2, 2, 2), (1, 2, 2, 2, 2, 2, 2, 2), (1, 2, 2, 2, 1, 2, 2, 2)]  below  [196s]
start   72 gauss    I = 2.8301262443444  I-I_ME = -1.023e-01  |grad| = 4.1e-10  nonproj = 7.3e-02  ranks = [(2, 2, 2, 3, 2, 2, 2, 2), (3, 3, 2, 2, 1, 1, 3, 3), (2, 2, 2, 2, 2, 2, 3, 2), (2, 2, 2, 1, 2, 1, 2, 2)]  below  [199s]
start   73 rank     I = 2.7376012889482  I-I_ME = -1.948e-01  |grad| = 1.0e-09  nonproj = 9.3e-02  ranks = [(3, 1, 3, 3, 0, 3, 4, 0), (1, 2, 3, 2, 0, 3, 4, 1), (1, 2, 3, 3, 3, 4, 4, 1), (1, 3, 3, 2, 3, 1, 3, 2)]  below  [204s]
start   74 rank1    I = 2.8301262443444  I-I_ME = -1.023e-01  |grad| = 2.4e-09  nonproj = 5.3e-02  ranks = [(2, 2, 2, 2, 2, 2, 2, 1), (2, 2, 2, 2, 2, 1, 2, 1), (2, 2, 2, 2, 2, 1, 2, 2), (2, 2, 1, 2, 2, 2, 2, 2)]  below  [207s]
start   75 frame    I = 2.9083987994144  I-I_ME = -2.401e-02  |grad| = 4.6e-10  nonproj = 4.5e-02  ranks = [(1, 2, 1, 2, 2, 2, 2, 2), (1, 2, 1, 2, 2, 2, 2, 2), (1, 2, 2, 2, 2, 2, 2, 2), (2, 2, 2, 1, 2, 2, 2, 2)]  below  [210s]
start   76 dkzpert  I = 2.9083987994144  I-I_ME = -2.401e-02  |grad| = 1.9e-08  nonproj = 6.5e-02  ranks = [(1, 2, 2, 2, 1, 2, 2, 2), (2, 2, 2, 2, 2, 2, 2, 2), (2, 1, 2, 2, 2, 1, 2, 2), (2, 1, 2, 2, 2, 1, 2, 2)]  below  [211s]
start   77 dkzcomp  I = 2.9083987994144  I-I_ME = -2.401e-02  |grad| = 7.3e-11  nonproj = 5.2e-02  ranks = [(2, 1, 2, 2, 2, 2, 1, 2), (2, 1, 2, 2, 2, 2, 1, 2), (2, 1, 2, 2, 2, 2, 1, 2), (2, 2, 2, 2, 2, 2, 2, 2)]  below  [213s]
start   78 gauss    I = 2.9083987994144  I-I_ME = -2.401e-02  |grad| = 7.0e-11  nonproj = 4.9e-02  ranks = [(2, 2, 2, 1, 2, 2, 2, 2), (2, 2, 2, 1, 2, 1, 2, 2), (2, 2, 2, 2, 2, 1, 2, 2), (2, 2, 2, 2, 1, 1, 2, 2)]  below  [215s]
start   79 rank     I = 2.6627081479198  I-I_ME = -2.697e-01  |grad| = 3.7e-10  nonproj = 6.4e-02  ranks = [(5, 2, 1, 2, 4, 0, 2, 1), (5, 2, 1, 2, 3, 0, 2, 2), (4, 3, 3, 3, 2, 3, 4, 4), (2, 4, 3, 1, 1, 4, 2, 2)]  below  [222s]
start   80 rank1    I = 2.8301262443444  I-I_ME = -1.023e-01  |grad| = 8.5e-10  nonproj = 6.5e-02  ranks = [(1, 2, 2, 2, 2, 2, 2, 2), (2, 2, 2, 2, 2, 2, 2, 1), (2, 2, 2, 2, 2, 2, 1, 1), (2, 2, 2, 2, 2, 2, 1, 2)]  below  [224s]
start   81 frame    I = 2.8301262443444  I-I_ME = -1.023e-01  |grad| = 1.8e-08  nonproj = 5.0e-02  ranks = [(2, 1, 2, 2, 2, 2, 2, 2), (2, 2, 2, 2, 2, 2, 2, 2), (2, 2, 2, 2, 1, 2, 2, 2), (2, 2, 1, 2, 2, 2, 2, 2)]  below  [228s]
start   82 dkzpert  I = 2.9083987994144  I-I_ME = -2.401e-02  |grad| = 3.9e-10  nonproj = 5.3e-02  ranks = [(2, 2, 1, 2, 2, 2, 2, 1), (2, 2, 1, 2, 2, 2, 2, 1), (2, 2, 1, 2, 2, 2, 2, 1), (2, 2, 2, 2, 2, 2, 2, 2)]  below  [231s]
start   83 dkzcomp  I = 2.8301262443444  I-I_ME = -1.023e-01  |grad| = 7.5e-10  nonproj = 6.2e-02  ranks = [(2, 2, 2, 2, 2, 2, 1, 2), (2, 2, 2, 1, 2, 2, 2, 3), (2, 1, 2, 2, 2, 3, 2, 2), (2, 2, 2, 2, 2, 2, 2, 2)]  below  [235s]
start   84 gauss    I = 2.8301262443444  I-I_ME = -1.023e-01  |grad| = 4.4e-10  nonproj = 5.8e-02  ranks = [(2, 2, 2, 2, 3, 2, 1, 2), (3, 3, 3, 2, 2, 1, 2, 3), (2, 2, 2, 2, 2, 1, 2, 2), (2, 2, 2, 2, 1, 2, 3, 2)]  below  [239s]
start   85 rank     I = 2.5721545293695  I-I_ME = -3.603e-01  |grad| = 4.5e-10  nonproj = 1.1e-01  ranks = [(2, 4, 0, 1, 4, 1, 4, 6), (0, 3, 1, 3, 3, 2, 6, 2), (1, 3, 4, 4, 2, 5, 5, 0), (4, 4, 6, 2, 0, 5, 2, 0)]  below  [241s]
start   86 rank1    I = 2.9083987994144  I-I_ME = -2.401e-02  |grad| = 8.7e-10  nonproj = 1.1e-02  ranks = [(2, 2, 2, 2, 2, 1, 2, 2), (2, 1, 2, 2, 2, 1, 2, 2), (2, 1, 2, 2, 2, 1, 2, 2), (2, 1, 2, 2, 2, 2, 2, 2)]  below  [243s]
start   87 frame    I = 2.9083987994144  I-I_ME = -2.401e-02  |grad| = 1.6e-10  nonproj = 4.7e-02  ranks = [(1, 1, 2, 2, 2, 2, 2, 2), (1, 1, 2, 2, 2, 2, 2, 2), (2, 2, 2, 2, 2, 2, 2, 2), (2, 1, 1, 2, 2, 2, 2, 2)]  below  [245s]
start   88 dkzpert  I = 2.9083987994144  I-I_ME = -2.401e-02  |grad| = 1.1e-10  nonproj = 3.5e-02  ranks = [(2, 2, 2, 2, 1, 1, 2, 2), (2, 2, 2, 2, 1, 1, 2, 2), (2, 2, 2, 2, 1, 2, 2, 2), (2, 2, 2, 2, 2, 2, 1, 2)]  below  [247s]
start   89 dkzcomp  I = 2.9083987994144  I-I_ME = -2.401e-02  |grad| = 1.4e-10  nonproj = 7.9e-02  ranks = [(2, 2, 2, 2, 1, 2, 1, 2), (2, 2, 2, 2, 1, 2, 1, 2), (2, 2, 2, 2, 2, 2, 1, 2), (2, 2, 2, 2, 2, 1, 2, 2)]  below  [248s]
# BEST d=8 D=14: I = 2.9083987994144  I_ME = 2.9324096087045  I-I_ME = -2.401e-02  (init dkzpert)  counts {'below': 90}
