# d=8 D=6 nstart=90 seed=8006  I_ME(d) = 2.9324096087045
start    0 gauss    I = 2.6937484251978  I-I_ME = -2.387e-01  |grad| = 1.2e-09  nonproj = 1.1e-01  ranks = [(0, 1, 1, 1, 1, 2, 2, 2), (0, 1, 1, 1, 1, 1, 1, 1), (1, 2, 2, 2, 1, 0, 1, 1), (2, 1, 1, 1, 0, 0, 1, 1)]  below  [0s]
start    1 rank     I = 2.3325463052085  I-I_ME = -5.999e-01  |grad| = 9.2e-10  nonproj = 1.8e-01  ranks = [(1, 3, 1, 0, 1, 3, 3, 1), (1, 1, 0, 1, 4, 3, 2, 0), (1, 0, 1, 2, 3, 0, 1, 0), (2, 1, 3, 3, 2, 0, 1, 2)]  below  [0s]
start    2 rank1    I = 2.8763843870277  I-I_ME = -5.603e-02  |grad| = 2.6e-10  nonproj = 5.5e-02  ranks = [(1, 1, 1, 0, 0, 1, 1, 1), (1, 1, 1, 0, 1, 1, 1, 1), (1, 1, 1, 0, 1, 0, 1, 1), (1, 1, 1, 1, 1, 0, 1, 1)]  below  [0s]
start    3 frame    I = 2.6937484251978  I-I_ME = -2.387e-01  |grad| = 5.5e-10  nonproj = 9.5e-02  ranks = [(1, 1, 1, 1, 1, 0, 1, 1), (1, 1, 0, 1, 1, 1, 1, 1), (1, 1, 1, 1, 1, 1, 1, 1), (1, 0, 1, 1, 1, 1, 1, 1)]  below  [1s]
start    4 dkzpert  I = 2.8763843870277  I-I_ME = -5.603e-02  |grad| = 8.8e-10  nonproj = 8.1e-02  ranks = [(0, 1, 1, 1, 1, 0, 1, 1), (0, 1, 1, 1, 1, 0, 1, 1), (0, 1, 1, 1, 1, 0, 1, 1), (1, 1, 1, 1, 1, 1, 1, 1)]  below  [1s]
start    5 dkzcomp  I = 2.6937484251978  I-I_ME = -2.387e-01  |grad| = 4.7e-10  nonproj = 1.9e-01  ranks = [(1, 2, 1, 1, 1, 1, 1, 0), (1, 1, 1, 1, 1, 0, 1, 0), (2, 1, 1, 1, 1, 1, 2, 1), (0, 0, 1, 1, 1, 1, 1, 1)]  below  [1s]
start    6 gauss    I = 2.6937484251978  I-I_ME = -2.387e-01  |grad| = 3.5e-09  nonproj = 1.0e-01  ranks = [(1, 1, 2, 1, 1, 1, 0, 1), (2, 1, 1, 1, 1, 0, 1, 2), (1, 1, 1, 2, 2, 1, 2, 1), (1, 1, 0, 2, 1, 0, 1, 0)]  below  [1s]
start    7 rank     I = 2.3325463052085  I-I_ME = -5.999e-01  |grad| = 7.8e-10  nonproj = 1.6e-01  ranks = [(2, 3, 4, 3, 0, 0, 0, 0), (3, 2, 1, 1, 0, 0, 1, 2), (2, 2, 1, 1, 4, 4, 2, 2), (0, 1, 0, 2, 4, 0, 0, 0)]  below  [1s]
start    8 rank1    I = 2.8763843870277  I-I_ME = -5.603e-02  |grad| = 8.3e-10  nonproj = 9.3e-02  ranks = [(1, 1, 1, 1, 1, 0, 1, 1), (0, 1, 1, 1, 1, 1, 1, 1), (0, 1, 1, 1, 1, 1, 0, 1), (0, 1, 1, 1, 1, 1, 0, 1)]  below  [1s]
start    9 frame    I = 2.8763843870277  I-I_ME = -5.603e-02  |grad| = 2.1e-09  nonproj = 8.8e-02  ranks = [(1, 1, 1, 1, 1, 0, 1, 1), (0, 1, 1, 1, 1, 1, 1, 1), (0, 1, 1, 1, 1, 1, 0, 1), (0, 1, 1, 1, 1, 1, 0, 1)]  below  [2s]
start   10 dkzpert  I = 2.8763843870277  I-I_ME = -5.603e-02  |grad| = 3.4e-10  nonproj = 8.0e-03  ranks = [(1, 1, 1, 0, 1, 1, 0, 1), (1, 1, 1, 1, 1, 1, 0, 1), (1, 1, 1, 1, 0, 1, 1, 1), (1, 1, 1, 1, 0, 1, 1, 0)]  below  [2s]
start   11 dkzcomp  I = 2.6937484251978  I-I_ME = -2.387e-01  |grad| = 6.8e-08  nonproj = 9.3e-02  ranks = [(1, 1, 1, 1, 1, 1, 1, 0), (2, 2, 1, 1, 1, 1, 1, 1), (1, 1, 0, 1, 1, 1, 1, 1), (0, 1, 0, 1, 1, 1, 1, 1)]  below  [2s]
start   12 gauss    I = 2.6699346247852  I-I_ME = -2.625e-01  |grad| = 1.4e-09  nonproj = 1.4e-01  ranks = [(1, 2, 1, 0, 1, 0, 2, 1), (1, 1, 1, 0, 1, 1, 2, 0), (2, 1, 1, 1, 1, 1, 1, 1), (1, 0, 2, 2, 1, 2, 1, 1)]  below  [2s]
start   13 rank     I = 2.4903419480071  I-I_ME = -4.421e-01  |grad| = 2.0e-10  nonproj = 1.5e-01  ranks = [(2, 1, 2, 1, 2, 3, 1, 0), (3, 1, 2, 2, 2, 1, 0, 1), (2, 0, 1, 2, 1, 0, 1, 2), (1, 2, 2, 2, 0, 0, 2, 2)]  below  [2s]
start   14 rank1    I = 2.8763843870277  I-I_ME = -5.603e-02  |grad| = 3.9e-10  nonproj = 8.5e-02  ranks = [(1, 1, 1, 1, 1, 0, 1, 1), (1, 1, 1, 1, 1, 0, 1, 0), (1, 1, 1, 1, 1, 0, 1, 0), (1, 1, 1, 1, 1, 1, 1, 0)]  below  [2s]
start   15 frame    I = 2.6937484251978  I-I_ME = -2.387e-01  |grad| = 1.1e-09  nonproj = 1.7e-01  ranks = [(1, 0, 1, 1, 1, 1, 1, 0), (1, 1, 1, 1, 1, 1, 1, 0), (1, 1, 1, 1, 0, 1, 1, 1), (1, 1, 0, 1, 1, 1, 1, 1)]  below  [2s]
start   16 dkzpert  I = 2.8763843870277  I-I_ME = -5.603e-02  |grad| = 2.0e-09  nonproj = 6.1e-02  ranks = [(1, 0, 1, 1, 0, 1, 1, 1), (1, 1, 1, 1, 0, 1, 1, 1), (1, 1, 0, 1, 0, 1, 1, 1), (1, 1, 0, 1, 1, 1, 1, 1)]  below  [2s]
start   17 dkzcomp  I = 2.8763843870277  I-I_ME = -5.603e-02  |grad| = 7.7e-10  nonproj = 7.6e-02  ranks = [(1, 1, 1, 1, 1, 1, 0, 1), (1, 1, 0, 1, 1, 1, 0, 1), (1, 1, 0, 1, 1, 1, 1, 1), (1, 1, 0, 1, 1, 1, 1, 0)]  below  [3s]
start   18 gauss    I = 2.8763843870277  I-I_ME = -5.603e-02  |grad| = 4.1e-10  nonproj = 9.6e-02  ranks = [(1, 1, 1, 1, 1, 1, 1, 0), (1, 1, 0, 1, 1, 1, 1, 1), (0, 1, 0, 1, 1, 1, 1, 1), (0, 1, 0, 1, 1, 1, 1, 1)]  below  [3s]
start   19 rank     I = 2.5121389819764  I-I_ME = -4.203e-01  |grad| = 1.9e-07  nonproj = 1.4e-01  ranks = [(2, 0, 1, 1, 2, 2, 2, 1), (1, 0, 1, 3, 2, 1, 1, 0), (1, 1, 2, 3, 0, 0, 1, 1), (1, 3, 2, 2, 0, 1, 2, 2)]  below  [3s]
start   20 rank1    I = 2.6937484251978  I-I_ME = -2.387e-01  |grad| = 1.3e-09  nonproj = 1.4e-01  ranks = [(0, 1, 1, 1, 1, 1, 1, 1), (1, 1, 1, 1, 1, 0, 1, 1), (1, 1, 1, 1, 1, 0, 1, 1), (1, 1, 1, 0, 1, 1, 1, 1)]  below  [3s]
start   21 frame    I = 2.6937484251978  I-I_ME = -2.387e-01  |grad| = 1.6e-09  nonproj = 1.7e-01  ranks = [(1, 0, 1, 1, 1, 1, 1, 1), (1, 1, 1, 1, 1, 1, 0, 1), (1, 1, 1, 1, 0, 1, 0, 1), (1, 1, 1, 1, 0, 1, 1, 1)]  below  [4s]
start   22 dkzpert  I = 2.8763843870277  I-I_ME = -5.603e-02  |grad| = 6.2e-10  nonproj = 1.1e-01  ranks = [(1, 1, 1, 1, 1, 1, 1, 0), (1, 0, 1, 1, 1, 1, 1, 1), (0, 0, 1, 1, 1, 1, 1, 1), (0, 0, 1, 1, 1, 1, 1, 1)]  below  [4s]
start   23 dkzcomp  I = 2.6937484251978  I-I_ME = -2.387e-01  |grad| = 7.8e-10  nonproj = 7.9e-02  ranks = [(0, 1, 1, 1, 1, 1, 1, 1), (1, 1, 1, 0, 1, 1, 1, 1), (1, 1, 1, 0, 1, 1, 1, 1), (1, 1, 0, 1, 1, 1, 1, 1)]  below  [4s]
start   24 gauss    I = 2.6650926104170  I-I_ME = -2.673e-01  |grad| = 4.3e-09  nonproj = 1.3e-01  ranks = [(1, 0, 1, 1, 1, 1, 1, 2), (1, 2, 2, 1, 1, 1, 1, 1), (1, 1, 0, 1, 2, 1, 1, 1), (1, 1, 0, 1, 1, 1, 2, 1)]  below  [4s]
start   25 rank     I = 2.5121389819764  I-I_ME = -4.203e-01  |grad| = 1.3e-09  nonproj = 9.7e-02  ranks = [(0, 1, 1, 2, 1, 1, 1, 2), (1, 3, 2, 2, 0, 2, 2, 2), (3, 2, 0, 0, 0, 1, 1, 1), (3, 0, 0, 0, 1, 2, 2, 1)]  below  [5s]
start   26 rank1    I = 2.8763843870277  I-I_ME = -5.603e-02  |grad| = 3.0e-09  nonproj = 7.7e-02  ranks = [(1, 1, 0, 1, 1, 1, 1, 0), (1, 1, 1, 1, 1, 1, 1, 0), (1, 1, 1, 0, 1, 1, 1, 0), (1, 1, 1, 0, 1, 1, 1, 1)]  below  [5s]
start   27 frame    I = 2.6699346247852  I-I_ME = -2.625e-01  |grad| = 1.1e-09  nonproj = 1.1e-01  ranks = [(1, 1, 1, 1, 1, 1, 1, 1), (1, 1, 1, 1, 1, 0, 1, 1), (1, 1, 1, 1, 1, 1, 1, 1), (1, 1, 1, 1, 0, 1, 1, 0)]  below  [5s]
start   28 dkzpert  I = 2.6937484251978  I-I_ME = -2.387e-01  |grad| = 1.9e-10  nonproj = 9.1e-02  ranks = [(1, 1, 1, 1, 1, 1, 2, 1), (1, 1, 1, 1, 0, 1, 1, 0), (1, 1, 1, 1, 1, 1, 1, 1), (1, 2, 1, 2, 1, 1, 0, 1)]  below  [5s]
start   29 dkzcomp  I = 2.8763843870277  I-I_ME = -5.603e-02  |grad| = 1.2e-10  nonproj = 2.7e-02  ranks = [(0, 1, 1, 1, 1, 1, 0, 1), (1, 1, 1, 1, 1, 1, 0, 1), (1, 0, 1, 1, 1, 1, 1, 1), (1, 0, 1, 1, 1, 1, 1, 0)]  below  [6s]
start   30 gauss    I = 2.8763843870277  I-I_ME = -5.603e-02  |grad| = 1.5e-09  nonproj = 8.8e-02  ranks = [(1, 1, 1, 1, 1, 1, 0, 1), (1, 1, 1, 1, 0, 1, 0, 1), (1, 1, 1, 1, 0, 1, 1, 1), (1, 1, 1, 1, 0, 1, 1, 0)]  below  [6s]
start   31 rank     I = 2.4733869284233  I-I_ME = -4.590e-01  |grad| = 1.4e-09  nonproj = 1.8e-01  ranks = [(3, 2, 1, 1, 1, 2, 1, 0), (3, 0, 0, 0, 1, 2, 1, 1), (2, 0, 1, 1, 3, 2, 1, 3), (0, 1, 2, 1, 2, 0, 2, 2)]  below  [6s]
start   32 rank1    I = 2.8763843870277  I-I_ME = -5.603e-02  |grad| = 7.6e-10  nonproj = 1.3e-01  ranks = [(0, 1, 1, 1, 1, 1, 1, 1), (0, 1, 0, 1, 1, 1, 1, 1), (0, 1, 0, 1, 1, 1, 1, 1), (1, 1, 0, 1, 1, 1, 1, 1)]  below  [6s]
start   33 frame    I = 2.8763843870277  I-I_ME = -5.603e-02  |grad| = 4.6e-10  nonproj = 6.5e-02  ranks = [(0, 1, 1, 1, 0, 1, 1, 1), (1, 1, 1, 1, 0, 1, 1, 1), (1, 0, 1, 1, 1, 1, 1, 1), (1, 0, 1, 1, 1, 0, 1, 1)]  below  [6s]
start   34 dkzpert  I = 2.8763843870277  I-I_ME = -5.603e-02  |grad| = 2.3e-10  nonproj = 1.3e-01  ranks = [(1, 1, 1, 1, 1, 1, 1, 1), (1, 1, 0, 1, 1, 1, 1, 0), (1, 1, 0, 1, 1, 1, 1, 0), (1, 1, 0, 1, 1, 1, 1, 0)]  below  [6s]
start   35 dkzcomp  I = 2.6937484251978  I-I_ME = -2.387e-01  |grad| = 1.2e-09  nonproj = 7.9e-02  ranks = [(1, 1, 1, 0, 1, 1, 1, 2), (1, 0, 1, 1, 1, 1, 1, 1), (1, 0, 1, 1, 1, 0, 1, 1), (1, 1, 1, 1, 1, 0, 1, 1)]  below  [7s]
start   36 gauss    I = 2.8763843870277  I-I_ME = -5.603e-02  |grad| = 6.1e-11  nonproj = 8.3e-02  ranks = [(1, 1, 1, 1, 1, 1, 1, 1), (1, 1, 1, 1, 0, 1, 1, 0), (1, 1, 1, 1, 0, 1, 1, 0), (1, 1, 1, 1, 0, 1, 1, 0)]  below  [7s]
start   37 rank     I = 2.4903419480173  I-I_ME = -4.421e-01  |grad| = 1.6e-09  nonproj = 1.3e-01  ranks = [(2, 3, 2, 1, 0, 0, 2, 2), (2, 1, 0, 1, 0, 1, 3, 1), (2, 1, 0, 1, 3, 3, 2, 0), (2, 0, 1, 3, 3, 0, 0, 0)]  below  [7s]
start   38 rank1    I = 2.8763843870277  I-I_ME = -5.603e-02  |grad| = 1.0e-09  nonproj = 4.6e-02  ranks = [(1, 1, 1, 1, 0, 1, 0, 1), (1, 1, 1, 1, 0, 1, 0, 1), (1, 1, 1, 1, 0, 1, 1, 1), (1, 1, 1, 1, 1, 1, 1, 0)]  below  [7s]
start   39 frame    I = 2.8763843870277  I-I_ME = -5.603e-02  |grad| = 9.1e-10  nonproj = 6.3e-03  ranks = [(1, 1, 0, 1, 1, 1, 1, 1), (1, 1, 0, 1, 0, 1, 1, 1), (1, 1, 0, 1, 0, 1, 1, 1), (1, 1, 1, 1, 0, 1, 1, 1)]  below  [7s]
start   40 dkzpert  I = 2.8763843870277  I-I_ME = -5.603e-02  |grad| = 3.6e-10  nonproj = 1.1e-01  ranks = [(1, 0, 1, 0, 1, 1, 1, 1), (1, 0, 1, 1, 1, 1, 1, 1), (1, 1, 1, 1, 0, 1, 1, 1), (1, 1, 0, 1, 0, 1, 1, 1)]  below  [8s]
start   41 dkzcomp  I = 2.8763843870277  I-I_ME = -5.603e-02  |grad| = 1.2e-09  nonproj = 8.6e-02  ranks = [(1, 1, 1, 1, 0, 1, 1, 1), (1, 1, 0, 1, 0, 1, 1, 1), (1, 1, 0, 1, 0, 1, 1, 1), (1, 1, 0, 1, 1, 1, 1, 1)]  below  [8s]
start   42 gauss    I = 2.6699346247852  I-I_ME = -2.625e-01  |grad| = 1.2e-09  nonproj = 6.7e-02  ranks = [(1, 1, 1, 1, 2, 1, 1, 1), (2, 1, 0, 1, 1, 0, 1, 2), (1, 0, 1, 2, 1, 0, 2, 2), (1, 1, 1, 1, 0, 1, 2, 1)]  below  [8s]
start   43 rank     I = 2.5121389819763  I-I_ME = -4.203e-01  |grad| = 2.2e-09  nonproj = 1.6e-01  ranks = [(2, 2, 0, 0, 0, 1, 0, 1), (3, 2, 0, 0, 1, 1, 0, 2), (2, 1, 1, 0, 2, 1, 3, 2), (1, 2, 3, 1, 2, 1, 2, 0)]  below  [8s]
start   44 rank1    I = 2.6937484251978  I-I_ME = -2.387e-01  |grad| = 3.4e-10  nonproj = 1.0e-01  ranks = [(1, 1, 1, 1, 1, 1, 1, 1), (1, 1, 1, 1, 0, 0, 1, 1), (1, 1, 1, 1, 1, 1, 1, 1), (0, 1, 1, 1, 1, 0, 1, 1)]  below  [8s]
start   45 frame    I = 2.8763843870277  I-I_ME = -5.603e-02  |grad| = 6.9e-09  nonproj = 1.1e-01  ranks = [(1, 1, 0, 1, 1, 0, 1, 1), (1, 1, 0, 1, 1, 1, 1, 1), (1, 1, 0, 1, 1, 1, 0, 1), (1, 1, 1, 1, 1, 1, 0, 1)]  below  [8s]
start   46 dkzpert  I = 2.8763843870277  I-I_ME = -5.603e-02  |grad| = 3.7e-10  nonproj = 9.4e-02  ranks = [(0, 1, 1, 1, 1, 1, 0, 1), (0, 1, 1, 1, 1, 1, 1, 1), (1, 1, 1, 1, 1, 1, 1, 0), (1, 0, 1, 1, 1, 1, 1, 0)]  below  [9s]
start   47 dkzcomp  I = 2.6699346247852  I-I_ME = -2.625e-01  |grad| = 9.1e-10  nonproj = 1.4e-01  ranks = [(1, 1, 0, 1, 1, 1, 0, 1), (1, 1, 1, 2, 1, 1, 1, 2), (1, 0, 1, 1, 0, 1, 1, 1), (1, 1, 2, 1, 1, 2, 1, 1)]  below  [9s]
start   48 gauss    I = 2.8763843870277  I-I_ME = -5.603e-02  |grad| = 1.9e-10  nonproj = 5.9e-02  ranks = [(0, 1, 1, 0, 1, 1, 1, 1), (1, 1, 1, 1, 1, 1, 1, 1), (1, 0, 1, 1, 0, 1, 1, 1), (1, 0, 1, 1, 0, 1, 1, 1)]  below  [9s]
start   49 rank     I = 2.5121389819764  I-I_ME = -4.203e-01  |grad| = 1.9e-10  nonproj = 1.5e-01  ranks = [(2, 3, 1, 1, 1, 1, 1, 1), (1, 1, 0, 1, 1, 1, 1, 1), (1, 1, 1, 3, 3, 3, 2, 2), (0, 0, 2, 2, 1, 1, 1, 0)]  below  [9s]
start   50 rank1    I = 2.8763843870277  I-I_ME = -5.603e-02  |grad| = 7.8e-10  nonproj = 1.3e-01  ranks = [(0, 1, 1, 1, 1, 1, 1, 0), (0, 1, 1, 1, 1, 1, 1, 0), (1, 1, 1, 1, 1, 1, 1, 1), (0, 0, 1, 1, 1, 1, 1, 1)]  below  [9s]
start   51 frame    I = 2.8763843870277  I-I_ME = -5.603e-02  |grad| = 2.1e-10  nonproj = 1.5e-01  ranks = [(1, 0, 1, 0, 1, 1, 1, 1), (1, 0, 1, 0, 1, 1, 1, 1), (1, 1, 1, 0, 1, 1, 1, 1), (1, 1, 0, 1, 1, 1, 1, 1)]  below  [9s]
start   52 dkzpert  I = 2.8763843870277  I-I_ME = -5.603e-02  |grad| = 4.6e-10  nonproj = 1.1e-02  ranks = [(1, 1, 1, 1, 0, 0, 1, 1), (1, 1, 1, 1, 0, 0, 1, 1), (1, 1, 1, 1, 0, 0, 1, 1), (1, 1, 1, 1, 1, 1, 1, 1)]  below  [10s]
start   53 dkzcomp  I = 2.6937484251978  I-I_ME = -2.387e-01  |grad| = 5.3e-09  nonproj = 1.0e-01  ranks = [(0, 1, 1, 1, 1, 2, 1, 1), (1, 1, 1, 1, 1, 1, 0, 1), (1, 1, 1, 1, 1, 1, 1, 2), (1, 0, 1, 1, 1, 0, 1, 1)]  below  [10s]
start   54 gauss    I = 2.8763843870277  I-I_ME = -5.603e-02  |grad| = 2.0e-10  nonproj = 7.9e-02  ranks = [(1, 0, 1, 1, 1, 0, 1, 1), (1, 0, 1, 1, 1, 1, 1, 1), (1, 1, 1, 1, 1, 1, 0, 1), (1, 1, 0, 1, 1, 1, 0, 1)]  below  [10s]
start   55 rank     I = 2.3325463052042  I-I_ME = -5.999e-01  |grad| = 2.9e-09  nonproj = 1.8e-01  ranks = [(1, 0, 4, 3, 1, 0, 2, 2), (0, 1, 4, 0, 0, 1, 1, 1), (2, 4, 3, 0, 2, 1, 1, 2), (2, 2, 0, 1, 3, 0, 1, 2)]  below  [10s]
start   56 rank1    I = 2.6937484251978  I-I_ME = -2.387e-01  |grad| = 1.9e-10  nonproj = 1.1e-01  ranks = [(1, 1, 0, 1, 1, 1, 1, 1), (1, 1, 1, 1, 1, 1, 1, 0), (1, 1, 1, 1, 1, 0, 1, 0), (1, 1, 1, 1, 1, 1, 1, 1)]  below  [11s]
start   57 frame    I = 2.6937484251978  I-I_ME = -2.387e-01  |grad| = 1.5e-09  nonproj = 9.2e-02  ranks = [(1, 1, 1, 1, 1, 1, 1, 1), (0, 1, 1, 0, 1, 1, 1, 1), (1, 1, 1, 1, 1, 1, 1, 1), (1, 0, 1, 1, 1, 1, 0, 1)]  below  [11s]
start   58 dkzpert  I = 2.8763843870277  I-I_ME = -5.603e-02  |grad| = 4.5e-10  nonproj = 4.1e-02  ranks = [(1, 1, 1, 1, 0, 0, 1, 1), (1, 1, 1, 1, 0, 0, 1, 1), (1, 1, 1, 1, 0, 1, 1, 1), (1, 1, 1, 1, 1, 1, 0, 1)]  below  [11s]
start   59 dkzcomp  I = 2.8763843870277  I-I_ME = -5.603e-02  |grad| = 1.7e-10  nonproj = 8.7e-02  ranks = [(1, 1, 0, 1, 1, 1, 1, 0), (1, 1, 0, 1, 1, 1, 1, 0), (1, 1, 1, 1, 1, 1, 1, 0), (1, 1, 1, 0, 1, 1, 1, 1)]  below  [12s]
start   60 gauss    I = 2.8763843870277  I-I_ME = -5.603e-02  |grad| = 3.9e-07  nonproj = 7.1e-02  ranks = [(0, 1, 0, 1, 1, 1, 1, 1), (0, 1, 1, 1, 1, 1, 1, 1), (1, 1, 1, 0, 1, 1, 1, 1), (1, 0, 1, 0, 1, 1, 1, 1)]  below  [12s]
start   61 rank     I = 2.5121389819732  I-I_ME = -4.203e-01  |grad| = 3.2e-09  nonproj = 1.4e-01  ranks = [(0, 1, 1, 1, 2, 2, 3, 1), (1, 2, 1, 3, 2, 2, 1, 1), (3, 2, 1, 2, 0, 1, 0, 1), (3, 0, 0, 1, 0, 1, 0, 3)]  below  [12s]
start   62 rank1    I = 2.8763843870277  I-I_ME = -5.603e-02  |grad| = 3.4e-06  nonproj = 1.1e-01  ranks = [(1, 1, 1, 1, 1, 1, 1, 1), (0, 1, 1, 1, 0, 1, 1, 1), (0, 1, 1, 1, 0, 1, 1, 1), (0, 1, 1, 1, 0, 1, 1, 1)]  below  [12s]
start   63 frame    I = 2.8763843870277  I-I_ME = -5.603e-02  |grad| = 3.9e-10  nonproj = 3.4e-02  ranks = [(1, 1, 1, 1, 0, 1, 1, 1), (1, 1, 1, 0, 0, 1, 1, 1), (1, 1, 1, 0, 1, 1, 1, 1), (1, 1, 1, 0, 1, 0, 1, 1)]  below  [13s]
start   64 dkzpert  I = 2.8763843870277  I-I_ME = -5.603e-02  |grad| = 6.6e-10  nonproj = 1.5e-01  ranks = [(0, 1, 0, 1, 1, 1, 1, 1), (0, 1, 0, 1, 1, 1, 1, 1), (0, 1, 0, 1, 1, 1, 1, 1), (1, 1, 1, 1, 1, 1, 1, 1)]  below  [13s]
start   65 dkzcomp  I = 2.8763843870277  I-I_ME = -5.603e-02  |grad| = 5.8e-10  nonproj = 2.2e-02  ranks = [(1, 1, 0, 1, 1, 1, 1, 1), (1, 0, 0, 1, 1, 1, 1, 1), (1, 0, 0, 1, 1, 1, 1, 1), (1, 0, 1, 1, 1, 1, 1, 1)]  below  [13s]
start   66 gauss    I = 2.6937484251975  I-I_ME = -2.387e-01  |grad| = 4.8e-06  nonproj = 5.2e-02  ranks = [(1, 2, 2, 1, 0, 1, 1, 1), (1, 1, 1, 0, 1, 1, 1, 1), (2, 1, 1, 0, 1, 1, 2, 2), (1, 0, 1, 1, 2, 1, 1, 1)]  below  [14s]
start   67 rank     I = 2.6937484251977  I-I_ME = -2.387e-01  |grad| = 7.2e-10  nonproj = 1.2e-01  ranks = [(1, 2, 2, 1, 2, 2, 0, 0), (2, 1, 1, 1, 1, 1, 0, 1), (1, 0, 1, 1, 1, 1, 2, 2), (0, 0, 1, 1, 1, 1, 2, 0)]  below  [14s]
start   68 rank1    I = 2.8763843870277  I-I_ME = -5.603e-02  |grad| = 8.3e-10  nonproj = 1.1e-01  ranks = [(1, 1, 1, 1, 0, 1, 0, 1), (1, 1, 1, 1, 1, 1, 0, 1), (1, 1, 1, 1, 1, 0, 1, 1), (1, 1, 1, 1, 1, 0, 1, 0)]  below  [15s]
start   69 frame    I = 2.6937484251978  I-I_ME = -2.387e-01  |grad| = 4.0e-09  nonproj = 1.5e-01  ranks = [(1, 1, 1, 0, 1, 1, 1, 1), (1, 1, 1, 1, 1, 1, 1, 1), (1, 1, 0, 1, 1, 1, 1, 1), (1, 0, 1, 1, 1, 1, 1, 1)]  below  [15s]
start   70 dkzpert  I = 2.6937484251978  I-I_ME = -2.387e-01  |grad| = 5.7e-08  nonproj = 7.6e-02  ranks = [(2, 1, 1, 1, 1, 0, 1, 1), (1, 1, 1, 1, 1, 1, 1, 1), (0, 1, 0, 1, 1, 1, 1, 1), (0, 1, 1, 1, 1, 1, 1, 1)]  below  [15s]
start   71 dkzcomp  I = 2.8763843870277  I-I_ME = -5.603e-02  |grad| = 5.3e-10  nonproj = 8.5e-02  ranks = [(0, 1, 1, 1, 1, 1, 1, 1), (1, 1, 1, 0, 1, 1, 1, 1), (1, 0, 1, 0, 1, 1, 1, 1), (1, 0, 1, 0, 1, 1, 1, 1)]  below  [16s]
start   72 gauss    I = 2.6937484251978  I-I_ME = -2.387e-01  |grad| = 2.5e-11  nonproj = 8.8e-02  ranks = [(2, 1, 2, 2, 1, 1, 2, 1), (1, 0, 1, 1, 0, 2, 2, 0), (1, 1, 1, 1, 1, 2, 1, 1), (0, 1, 0, 1, 1, 1, 1, 1)]  below  [16s]
start   73 rank     I = 2.5121389819764  I-I_ME = -4.203e-01  |grad| = 1.5e-09  nonproj = 1.7e-01  ranks = [(1, 0, 1, 1, 0, 0, 3, 3), (1, 0, 2, 2, 3, 3, 3, 0), (2, 2, 2, 2, 2, 0, 0, 0), (3, 2, 1, 1, 1, 0, 0, 0)]  below  [17s]
start   74 rank1    I = 2.6937484251978  I-I_ME = -2.387e-01  |grad| = 3.0e-06  nonproj = 1.2e-01  ranks = [(1, 1, 1, 0, 1, 1, 1, 1), (1, 0, 1, 0, 1, 1, 1, 1), (1, 1, 1, 1, 1, 1, 1, 1), (1, 1, 1, 1, 1, 0, 1, 1)]  below  [17s]
start   75 frame    I = 2.8763843870277  I-I_ME = -5.603e-02  |grad| = 9.8e-10  nonproj = 8.8e-02  ranks = [(1, 1, 1, 0, 1, 1, 1, 1), (1, 1, 1, 1, 1, 1, 0, 1), (1, 1, 1, 1, 0, 1, 0, 1), (1, 1, 1, 1, 0, 1, 0, 1)]  below  [17s]
start   76 dkzpert  I = 2.8763843870277  I-I_ME = -5.603e-02  |grad| = 1.4e-09  nonproj = 6.3e-02  ranks = [(1, 1, 1, 1, 1, 1, 1, 1), (1, 0, 1, 1, 1, 1, 1, 0), (1, 0, 1, 1, 1, 1, 1, 0), (1, 0, 1, 1, 1, 1, 1, 0)]  below  [17s]
start   77 dkzcomp  I = 2.6937484251978  I-I_ME = -2.387e-01  |grad| = 1.8e-09  nonproj = 1.8e-01  ranks = [(1, 1, 0, 1, 1, 1, 1, 1), (1, 1, 1, 1, 1, 0, 1, 1), (1, 1, 1, 1, 0, 0, 1, 1), (2, 2, 1, 1, 0, 1, 1, 1)]  below  [18s]
start   78 gauss    I = 2.6937484251978  I-I_ME = -2.387e-01  |grad| = 6.8e-06  nonproj = 1.6e-01  ranks = [(0, 1, 1, 1, 0, 1, 1, 1), (0, 1, 1, 1, 1, 2, 1, 1), (0, 1, 1, 2, 1, 1, 0, 1), (2, 2, 2, 2, 1, 1, 1, 2)]  below  [18s]
start   79 rank     I = 2.4903419480173  I-I_ME = -4.421e-01  |grad| = 1.0e-09  nonproj = 1.2e-01  ranks = [(3, 1, 0, 0, 1, 1, 1, 3), (2, 0, 0, 2, 2, 3, 2, 1), (2, 0, 1, 2, 0, 2, 0, 0), (2, 2, 3, 1, 1, 2, 0, 0)]  below  [18s]
start   80 rank1    I = 2.8763843870277  I-I_ME = -5.603e-02  |grad| = 2.4e-10  nonproj = 8.9e-02  ranks = [(1, 1, 1, 0, 1, 1, 1, 1), (1, 1, 1, 0, 1, 1, 0, 1), (1, 1, 1, 0, 1, 1, 0, 1), (1, 1, 1, 1, 1, 1, 0, 1)]  below  [18s]
start   81 frame    I = 2.8763843870277  I-I_ME = -5.603e-02  |grad| = 4.8e-10  nonproj = 1.5e-02  ranks = [(1, 0, 1, 1, 1, 1, 0, 1), (1, 1, 1, 1, 1, 1, 0, 1), (1, 1, 0, 1, 1, 1, 1, 1), (1, 1, 0, 1, 1, 1, 1, 0)]  below  [19s]
start   82 dkzpert  I = 2.8763843870277  I-I_ME = -5.603e-02  |grad| = 4.3e-10  nonproj = 4.3e-02  ranks = [(1, 1, 1, 1, 1, 0, 1, 1), (1, 1, 0, 1, 1, 1, 1, 1), (1, 1, 0, 1, 1, 1, 0, 1), (1, 1, 0, 1, 1, 1, 0, 1)]  below  [19s]
start   83 dkzcomp  I = 2.8763843870277  I-I_ME = -5.603e-02  |grad| = 1.1e-07  nonproj = 4.8e-02  ranks = [(1, 1, 1, 1, 1, 1, 1, 1), (1, 0, 1, 0, 1, 1, 1, 1), (1, 0, 1, 0, 1, 1, 1, 1), (1, 0, 1, 0, 1, 1, 1, 1)]  below  [19s]
start   84 gauss    I = 2.8763843870277  I-I_ME = -5.603e-02  |grad| = 8.3e-08  nonproj = 1.0e-01  ranks = [(1, 1, 0, 1, 1, 1, 1, 1), (1, 0, 0, 1, 1, 1, 1, 1), (1, 0, 1, 1, 1, 1, 1, 1), (1, 0, 1, 0, 1, 1, 1, 1)]  below  [19s]
start   85 rank     I = 2.1577956428086  I-I_ME = -7.746e-01  |grad| = 1.2e-09  nonproj = 1.6e-01  ranks = [(1, 4, 2, 2, 1, 2, 2, 2), (0, 2, 0, 0, 4, 4, 3, 2), (1, 0, 1, 1, 4, 1, 0, 1), (1, 1, 3, 1, 3, 0, 1, 2)]  below  [19s]
start   86 rank1    I = 2.8763843870277  I-I_ME = -5.603e-02  |grad| = 9.1e-10  nonproj = 6.5e-02  ranks = [(0, 1, 1, 1, 1, 1, 1, 1), (0, 1, 0, 1, 1, 1, 1, 1), (1, 1, 0, 1, 1, 1, 1, 1), (1, 0, 0, 1, 1, 1, 1, 1)]  below  [19s]
start   87 frame    I = 2.8763843870277  I-I_ME = -5.603e-02  |grad| = 1.2e-09  nonproj = 2.4e-02  ranks = [(1, 1, 0, 1, 1, 0, 1, 1), (1, 1, 0, 1, 1, 1, 1, 1), (1, 1, 1, 1, 1, 1, 0, 1), (1, 1, 1, 0, 1, 1, 0, 1)]  below  [20s]
start   88 dkzpert  I = 2.8763843870277  I-I_ME = -5.603e-02  |grad| = 4.6e-10  nonproj = 2.0e-02  ranks = [(1, 0, 1, 1, 1, 1, 1, 0), (1, 1, 1, 1, 1, 1, 1, 0), (1, 1, 0, 1, 1, 1, 1, 0), (1, 1, 0, 1, 1, 1, 1, 1)]  below  [20s]
start   89 dkzcomp  I = 2.6937484251978  I-I_ME = -2.387e-01  |grad| = 5.7e-10  nonproj = 8.9e-02  ranks = [(1, 1, 0, 1, 1, 1, 1, 0), (1, 2, 1, 1, 1, 1, 1, 1), (1, 1, 0, 1, 1, 0, 1, 1), (1, 1, 1, 1, 1, 1, 1, 1)]  below  [20s]
# BEST d=8 D=6: I = 2.8763843870277  I_ME = 2.9324096087045  I-I_ME = -5.603e-02  (init dkzcomp)  counts {'below': 90}
