# d=8 D=5 nstart=90 seed=8005  I_ME(d) = 2.9324096087045
start    0 gauss    I = 2.8324981102373  I-I_ME = -9.991e-02  |grad| = 3.0e-11  nonproj = 6.2e-02  ranks = [(1, 1, 1, 1, 1, 0, 1, 1), (1, 1, 0, 1, 0, 1, 1, 1), (1, 1, 0, 1, 0, 1, 0, 1), (1, 1, 0, 1, 0, 1, 0, 1)]  below  [0s]
start    1 rank     I = 2.3990555662499  I-I_ME = -5.334e-01  |grad| = 1.6e-10  nonproj = 1.8e-01  ranks = [(0, 1, 1, 3, 2, 2, 0, 0), (1, 3, 2, 2, 0, 1, 0, 1), (1, 1, 0, 1, 1, 2, 1, 3), (0, 0, 1, 1, 1, 1, 2, 2)]  below  [0s]
start    2 rank1    I = 2.6145667783717  I-I_ME = -3.178e-01  |grad| = 5.3e-10  nonproj = 1.1e-01  ranks = [(1, 1, 1, 1, 1, 0, 0, 1), (1, 1, 1, 1, 0, 1, 1, 1), (1, 0, 1, 1, 1, 1, 1, 1), (1, 1, 1, 1, 1, 1, 0, 0)]  below  [0s]
start    3 frame    I = 2.6145667783717  I-I_ME = -3.178e-01  |grad| = 8.8e-10  nonproj = 9.9e-02  ranks = [(1, 0, 1, 1, 1, 1, 1, 1), (0, 0, 1, 1, 1, 0, 1, 1), (1, 1, 1, 1, 1, 1, 1, 1), (1, 1, 1, 1, 1, 0, 1, 1)]  below  [0s]
start    4 dkzpert  I = 2.6145667783717  I-I_ME = -3.178e-01  |grad| = 4.8e-10  nonproj = 1.1e-01  ranks = [(1, 1, 1, 0, 1, 1, 1, 0), (1, 1, 0, 1, 1, 1, 1, 1), (1, 1, 1, 1, 1, 1, 1, 0), (1, 0, 1, 1, 1, 1, 1, 1)]  below  [1s]
start    5 dkzcomp  I = 2.6145667783716  I-I_ME = -3.178e-01  |grad| = 1.9e-09  nonproj = 1.1e-01  ranks = [(1, 0, 1, 1, 1, 0, 1, 0), (1, 1, 1, 1, 1, 0, 1, 0), (2, 1, 1, 0, 1, 1, 1, 1), (0, 1, 1, 1, 2, 1, 1, 1)]  below  [1s]
start    6 gauss    I = 2.6145667783717  I-I_ME = -3.178e-01  |grad| = 3.3e-09  nonproj = 1.2e-01  ranks = [(1, 1, 1, 0, 1, 0, 1, 1), (1, 1, 1, 0, 1, 1, 2, 2), (0, 0, 1, 1, 2, 2, 1, 1), (0, 1, 2, 2, 1, 1, 0, 1)]  below  [1s]
start    7 rank     I = 2.1893547713704  I-I_ME = -7.431e-01  |grad| = 1.7e-07  nonproj = 2.0e-01  ranks = [(0, 1, 1, 3, 2, 0, 0, 0), (2, 2, 3, 4, 1, 0, 0, 0), (4, 2, 1, 1, 0, 2, 4, 3), (0, 0, 0, 1, 2, 4, 2, 0)]  below  [1s]
start    8 rank1    I = 2.6145667783717  I-I_ME = -3.178e-01  |grad| = 1.8e-09  nonproj = 1.1e-01  ranks = [(1, 1, 1, 1, 1, 1, 1, 1), (1, 1, 1, 1, 1, 1, 1, 1), (1, 1, 1, 1, 1, 1, 0, 0), (1, 1, 1, 1, 0, 1, 0, 0)]  below  [1s]
start    9 frame    I = 2.8324981102373  I-I_ME = -9.991e-02  |grad| = 1.4e-09  nonproj = 1.9e-01  ranks = [(1, 1, 0, 1, 1, 0, 1, 1), (1, 1, 0, 1, 1, 1, 1, 0), (1, 1, 0, 1, 1, 1, 0, 0), (1, 1, 1, 1, 1, 1, 0, 0)]  below  [1s]
start   10 dkzpert  I = 2.8324981102373  I-I_ME = -9.991e-02  |grad| = 7.1e-10  nonproj = 7.1e-02  ranks = [(1, 1, 0, 1, 1, 0, 1, 0), (1, 1, 0, 1, 1, 1, 1, 0), (1, 1, 1, 1, 1, 1, 0, 1), (0, 1, 1, 0, 1, 1, 0, 1)]  below  [1s]
start   11 dkzcomp  I = 2.6145667783717  I-I_ME = -3.178e-01  |grad| = 7.0e-10  nonproj = 7.0e-02  ranks = [(1, 2, 1, 1, 1, 1, 1, 0), (1, 1, 1, 1, 0, 1, 0, 1), (1, 1, 1, 1, 0, 1, 1, 1), (0, 0, 1, 1, 1, 1, 1, 1)]  below  [1s]
start   12 gauss    I = 2.3990555662502  I-I_ME = -5.334e-01  |grad| = 1.3e-09  nonproj = 1.4e-01  ranks = [(0, 1, 1, 1, 1, 0, 2, 1), (1, 2, 1, 1, 2, 2, 2, 0), (2, 1, 1, 2, 1, 1, 1, 2), (1, 1, 2, 1, 1, 2, 1, 1)]  below  [1s]
start   13 rank     I = 2.3990555662502  I-I_ME = -5.334e-01  |grad| = 2.6e-10  nonproj = 1.7e-01  ranks = [(0, 2, 1, 0, 2, 2, 0, 1), (2, 3, 1, 2, 2, 0, 1, 3), (0, 1, 1, 1, 0, 0, 2, 2), (1, 1, 1, 1, 1, 1, 3, 1)]  below  [1s]
start   14 rank1    I = 2.5884103376208  I-I_ME = -3.440e-01  |grad| = 1.5e-09  nonproj = 1.7e-01  ranks = [(0, 1, 1, 0, 1, 1, 1, 1), (1, 1, 1, 1, 1, 1, 1, 1), (1, 1, 0, 1, 1, 0, 1, 1), (1, 0, 1, 1, 1, 1, 1, 1)]  below  [2s]
start   15 frame    I = 2.8324981102373  I-I_ME = -9.991e-02  |grad| = 2.2e-10  nonproj = 8.5e-02  ranks = [(1, 1, 1, 0, 1, 0, 1, 1), (1, 1, 0, 0, 1, 0, 1, 1), (1, 1, 0, 1, 1, 0, 1, 1), (1, 1, 0, 1, 0, 1, 1, 1)]  below  [2s]
start   16 dkzpert  I = 2.8324981102373  I-I_ME = -9.991e-02  |grad| = 6.5e-10  nonproj = 9.0e-02  ranks = [(0, 1, 1, 1, 0, 1, 1, 0), (0, 1, 1, 1, 1, 1, 1, 0), (1, 1, 1, 1, 1, 0, 1, 1), (0, 0, 1, 1, 1, 0, 1, 1)]  below  [2s]
start   17 dkzcomp  I = 2.8324981102373  I-I_ME = -9.991e-02  |grad| = 1.2e-09  nonproj = 1.8e-01  ranks = [(1, 0, 1, 1, 1, 0, 1, 0), (1, 1, 1, 1, 1, 0, 1, 0), (1, 1, 0, 1, 1, 1, 1, 0), (1, 1, 0, 1, 1, 1, 0, 1)]  below  [2s]
start   18 gauss    I = 2.6145667783717  I-I_ME = -3.178e-01  |grad| = 1.9e-06  nonproj = 9.8e-02  ranks = [(0, 1, 1, 2, 2, 2, 1, 0), (1, 2, 2, 1, 1, 1, 0, 1), (1, 1, 1, 0, 1, 1, 1, 2), (0, 0, 1, 0, 1, 1, 1, 1)]  below  [2s]
start   19 rank     I = 2.3787095427411  I-I_ME = -5.537e-01  |grad| = 4.9e-10  nonproj = 1.5e-01  ranks = [(0, 2, 2, 0, 1, 2, 0, 0), (1, 3, 1, 1, 2, 2, 0, 0), (3, 2, 0, 1, 1, 1, 1, 1), (2, 0, 0, 2, 1, 1, 3, 2)]  below  [2s]
start   20 rank1    I = 2.6145667783717  I-I_ME = -3.178e-01  |grad| = 8.3e-10  nonproj = 1.4e-01  ranks = [(1, 1, 0, 1, 1, 1, 1, 1), (0, 1, 0, 1, 1, 1, 1, 1), (1, 1, 1, 1, 1, 0, 1, 1), (1, 1, 1, 1, 0, 1, 1, 1)]  below  [2s]
start   21 frame    I = 2.8324981102373  I-I_ME = -9.991e-02  |grad| = 1.1e-09  nonproj = 1.4e-01  ranks = [(1, 0, 1, 1, 1, 0, 0, 1), (1, 0, 1, 1, 1, 0, 0, 1), (1, 1, 1, 1, 1, 0, 1, 1), (1, 1, 0, 1, 1, 1, 1, 0)]  below  [2s]
start   22 dkzpert  I = 2.8324981102373  I-I_ME = -9.991e-02  |grad| = 2.7e-10  nonproj = 1.8e-01  ranks = [(1, 1, 0, 1, 1, 1, 0, 1), (1, 1, 1, 1, 0, 1, 1, 1), (1, 1, 1, 0, 0, 1, 1, 0), (1, 1, 1, 0, 0, 1, 1, 0)]  below  [2s]
start   23 dkzcomp  I = 2.6145667783716  I-I_ME = -3.178e-01  |grad| = 5.0e-09  nonproj = 8.8e-02  ranks = [(1, 1, 1, 1, 1, 1, 1, 1), (1, 1, 0, 0, 1, 0, 1, 1), (1, 1, 0, 0, 1, 1, 1, 1), (0, 1, 1, 1, 1, 1, 1, 1)]  below  [2s]
start   24 gauss    I = 2.6145667783717  I-I_ME = -3.178e-01  |grad| = 1.5e-11  nonproj = 1.3e-01  ranks = [(1, 1, 1, 0, 1, 1, 1, 1), (0, 1, 1, 1, 2, 1, 1, 1), (0, 1, 1, 1, 1, 0, 1, 1), (1, 2, 1, 1, 0, 1, 2, 2)]  below  [3s]
start   25 rank     I = 2.3990555662502  I-I_ME = -5.334e-01  |grad| = 2.0e-10  nonproj = 1.5e-01  ranks = [(0, 0, 1, 0, 1, 1, 0, 2), (1, 1, 2, 1, 3, 2, 1, 2), (1, 1, 1, 1, 2, 0, 0, 1), (3, 1, 1, 2, 1, 1, 2, 2)]  below  [3s]
start   26 rank1    I = 2.8324981102373  I-I_ME = -9.991e-02  |grad| = 1.8e-10  nonproj = 1.1e-01  ranks = [(1, 1, 0, 1, 1, 1, 0, 1), (0, 1, 0, 1, 1, 1, 0, 1), (0, 1, 1, 1, 1, 1, 1, 1), (0, 1, 1, 0, 1, 1, 1, 0)]  below  [3s]
start   27 frame    I = 2.8324981102373  I-I_ME = -9.991e-02  |grad| = 7.8e-10  nonproj = 4.2e-02  ranks = [(0, 1, 1, 0, 1, 1, 0, 1), (0, 1, 1, 0, 1, 1, 0, 1), (0, 1, 1, 0, 1, 1, 1, 1), (1, 1, 1, 1, 1, 1, 1, 0)]  below  [3s]
start   28 dkzpert  I = 2.6145667783690  I-I_ME = -3.178e-01  |grad| = 5.0e-08  nonproj = 6.4e-02  ranks = [(1, 0, 1, 1, 1, 0, 1, 1), (0, 0, 1, 1, 1, 1, 1, 1), (1, 2, 1, 1, 1, 1, 1, 0), (1, 1, 0, 1, 1, 1, 0, 1)]  below  [3s]
start   29 dkzcomp  I = 2.8324981102373  I-I_ME = -9.991e-02  |grad| = 2.5e-10  nonproj = 1.1e-01  ranks = [(1, 1, 1, 0, 1, 1, 1, 1), (0, 1, 1, 1, 1, 0, 1, 1), (0, 1, 1, 1, 0, 0, 1, 1), (0, 1, 1, 1, 0, 0, 1, 1)]  below  [3s]
start   30 gauss    I = 2.3787095427411  I-I_ME = -5.537e-01  |grad| = 1.8e-09  nonproj = 1.3e-01  ranks = [(1, 0, 2, 2, 1, 1, 1, 1), (1, 2, 3, 1, 1, 1, 1, 1), (1, 1, 1, 1, 1, 0, 1, 1), (1, 2, 1, 1, 1, 2, 2, 2)]  below  [4s]
start   31 rank     I = 2.3787095427409  I-I_ME = -5.537e-01  |grad| = 9.1e-10  nonproj = 1.5e-01  ranks = [(2, 3, 2, 1, 1, 1, 0, 1), (2, 1, 0, 1, 2, 1, 0, 2), (1, 0, 1, 2, 2, 1, 2, 2), (1, 0, 1, 1, 1, 1, 2, 1)]  below  [4s]
start   32 rank1    I = 2.8324981102373  I-I_ME = -9.991e-02  |grad| = 5.0e-10  nonproj = 9.3e-02  ranks = [(0, 1, 0, 1, 1, 1, 0, 1), (0, 1, 0, 1, 1, 1, 0, 1), (0, 1, 1, 1, 1, 1, 1, 1), (1, 1, 1, 0, 1, 1, 1, 0)]  below  [4s]
start   33 frame    I = 2.6145667783717  I-I_ME = -3.178e-01  |grad| = 2.0e-09  nonproj = 1.4e-01  ranks = [(1, 1, 1, 1, 1, 1, 0, 0), (1, 1, 1, 1, 0, 1, 1, 1), (1, 1, 0, 1, 0, 1, 1, 0), (1, 1, 1, 1, 1, 1, 1, 1)]  below  [4s]
start   34 dkzpert  I = 2.6145667783717  I-I_ME = -3.178e-01  |grad| = 4.5e-09  nonproj = 1.4e-01  ranks = [(1, 1, 0, 1, 2, 2, 2, 1), (1, 0, 1, 2, 1, 1, 1, 0), (1, 1, 2, 1, 0, 1, 1, 0), (2, 1, 1, 0, 0, 1, 1, 1)]  below  [4s]
start   35 dkzcomp  I = 2.6145667783717  I-I_ME = -3.178e-01  |grad| = 1.2e-09  nonproj = 1.3e-01  ranks = [(1, 1, 1, 1, 1, 0, 1, 0), (1, 1, 1, 0, 1, 1, 1, 1), (0, 1, 1, 0, 1, 1, 1, 1), (1, 1, 1, 1, 1, 1, 1, 1)]  below  [4s]
start   36 gauss    I = 2.6145667783717  I-I_ME = -3.178e-01  |grad| = 1.0e-09  nonproj = 2.0e-01  ranks = [(1, 1, 2, 1, 1, 0, 1, 1), (2, 1, 1, 0, 1, 0, 1, 1), (1, 1, 1, 1, 1, 1, 2, 1), (1, 1, 0, 1, 1, 2, 1, 0)]  below  [5s]
start   37 rank     I = 2.3787095427411  I-I_ME = -5.537e-01  |grad| = 1.1e-09  nonproj = 1.6e-01  ranks = [(1, 1, 0, 1, 0, 1, 1, 3), (0, 2, 1, 1, 1, 2, 2, 2), (1, 3, 0, 2, 3, 2, 1, 0), (2, 2, 1, 1, 1, 0, 0, 0)]  below  [5s]
start   38 rank1    I = 2.8324981102373  I-I_ME = -9.991e-02  |grad| = 5.0e-11  nonproj = 1.2e-01  ranks = [(1, 1, 0, 1, 0, 1, 1, 0), (1, 1, 0, 1, 0, 1, 1, 1), (0, 1, 1, 1, 0, 1, 1, 1), (0, 1, 1, 0, 1, 1, 1, 1)]  below  [5s]
start   39 frame    I = 2.8324981102373  I-I_ME = -9.991e-02  |grad| = 5.5e-10  nonproj = 1.7e-01  ranks = [(1, 1, 1, 1, 1, 0, 0, 1), (1, 1, 1, 1, 0, 0, 1, 1), (1, 1, 1, 1, 0, 0, 1, 0), (1, 1, 1, 1, 0, 1, 1, 0)]  below  [5s]
start   40 dkzpert  I = 2.8324981102373  I-I_ME = -9.991e-02  |grad| = 4.4e-10  nonproj = 1.1e-01  ranks = [(1, 0, 1, 0, 1, 1, 1, 1), (0, 0, 1, 0, 1, 1, 1, 1), (0, 0, 1, 1, 1, 1, 1, 1), (0, 1, 1, 1, 0, 1, 1, 1)]  below  [5s]
start   41 dkzcomp  I = 2.6145667783717  I-I_ME = -3.178e-01  |grad| = 1.6e-09  nonproj = 1.0e-01  ranks = [(0, 1, 1, 1, 1, 0, 1, 1), (0, 1, 1, 1, 1, 0, 1, 1), (1, 1, 1, 1, 0, 1, 1, 1), (1, 1, 1, 0, 1, 1, 1, 1)]  below  [5s]
start   42 gauss    I = 2.6145667783717  I-I_ME = -3.178e-01  |grad| = 1.7e-09  nonproj = 1.7e-01  ranks = [(1, 0, 0, 2, 0, 1, 1, 1), (1, 1, 1, 2, 0, 1, 1, 0), (2, 1, 1, 1, 0, 1, 2, 1), (1, 1, 1, 0, 2, 2, 2, 0)]  below  [5s]
start   43 rank     I = 2.1893547713706  I-I_ME = -7.431e-01  |grad| = 8.9e-11  nonproj = 1.9e-01  ranks = [(1, 0, 3, 3, 2, 2, 0, 1), (1, 2, 3, 2, 0, 0, 0, 2), (2, 2, 1, 1, 0, 0, 1, 4), (0, 0, 0, 1, 1, 2, 3, 3)]  below  [5s]
start   44 rank1    I = 2.8324981102373  I-I_ME = -9.991e-02  |grad| = 1.2e-09  nonproj = 1.2e-01  ranks = [(0, 0, 1, 0, 1, 1, 1, 1), (1, 1, 1, 0, 1, 1, 1, 1), (1, 0, 0, 0, 1, 1, 1, 1), (1, 0, 0, 1, 1, 1, 1, 1)]  below  [5s]
start   45 frame    I = 2.8324981102373  I-I_ME = -9.991e-02  |grad| = 1.4e-09  nonproj = 9.0e-02  ranks = [(1, 1, 1, 1, 1, 1, 0, 0), (1, 1, 1, 1, 1, 0, 0, 1), (0, 1, 1, 1, 1, 0, 1, 1), (0, 1, 1, 1, 1, 0, 1, 0)]  below  [6s]
start   46 dkzpert  I = 2.8324981102373  I-I_ME = -9.991e-02  |grad| = 5.7e-10  nonproj = 1.0e-03  ranks = [(0, 1, 1, 0, 1, 1, 1, 1), (0, 1, 1, 1, 1, 1, 1, 0), (1, 1, 1, 1, 0, 1, 1, 0), (1, 0, 1, 1, 0, 1, 1, 0)]  below  [6s]
start   47 dkzcomp  I = 2.8324981102371  I-I_ME = -9.991e-02  |grad| = 7.1e-10  nonproj = 1.2e-02  ranks = [(1, 1, 1, 0, 1, 0, 1, 0), (1, 1, 1, 1, 1, 0, 1, 0), (1, 1, 1, 1, 0, 1, 1, 0), (1, 1, 1, 1, 0, 1, 0, 1)]  below  [6s]
start   48 gauss    I = 2.6145667783717  I-I_ME = -3.178e-01  |grad| = 1.3e-09  nonproj = 1.5e-01  ranks = [(1, 1, 1, 1, 1, 1, 1, 0), (1, 1, 1, 2, 2, 1, 1, 0), (2, 2, 1, 1, 1, 0, 0, 1), (1, 1, 0, 1, 1, 0, 1, 2)]  below  [6s]
start   49 rank     I = 2.3990555662496  I-I_ME = -5.334e-01  |grad| = 3.3e-08  nonproj = 1.4e-01  ranks = [(1, 2, 1, 2, 0, 0, 0, 1), (2, 3, 1, 2, 0, 0, 2, 3), (0, 1, 1, 1, 1, 2, 2, 1), (0, 1, 1, 1, 3, 2, 1, 0)]  below  [7s]
start   50 rank1    I = 2.8324981102373  I-I_ME = -9.991e-02  |grad| = 5.2e-09  nonproj = 6.9e-02  ranks = [(1, 1, 1, 0, 0, 1, 0, 1), (1, 1, 1, 0, 0, 1, 0, 1), (1, 1, 1, 1, 1, 1, 1, 1), (1, 1, 1, 1, 0, 0, 1, 0)]  below  [7s]
start   51 frame    I = 2.6145667783717  I-I_ME = -3.178e-01  |grad| = 5.4e-07  nonproj = 1.2e-01  ranks = [(1, 1, 0, 1, 1, 1, 1, 1), (1, 0, 1, 1, 1, 1, 1, 0), (1, 0, 1, 1, 1, 1, 1, 0), (1, 1, 1, 1, 0, 1, 1, 1)]  below  [7s]
start   52 dkzpert  I = 2.8324981102373  I-I_ME = -9.991e-02  |grad| = 2.7e-10  nonproj = 1.0e-01  ranks = [(1, 1, 1, 0, 0, 1, 1, 1), (1, 1, 1, 0, 0, 1, 1, 0), (1, 1, 1, 0, 1, 1, 1, 0), (1, 1, 1, 1, 1, 0, 1, 0)]  below  [7s]
start   53 dkzcomp  I = 2.6145667783717  I-I_ME = -3.178e-01  |grad| = 1.6e-09  nonproj = 1.2e-01  ranks = [(1, 0, 1, 1, 1, 0, 1, 1), (1, 1, 1, 0, 1, 1, 1, 1), (0, 1, 0, 1, 1, 1, 1, 1), (1, 2, 1, 1, 1, 1, 0, 1)]  below  [7s]
start   54 gauss    I = 2.5884103376207  I-I_ME = -3.440e-01  |grad| = 5.1e-09  nonproj = 1.1e-01  ranks = [(1, 2, 1, 0, 2, 2, 1, 0), (1, 1, 0, 1, 2, 1, 0, 0), (2, 1, 1, 2, 1, 1, 0, 0), (2, 0, 1, 1, 0, 1, 1, 2)]  below  [7s]
start   55 rank     I = 2.0000000000000  I-I_ME = -9.324e-01  |grad| = 2.8e-09  nonproj = 1.9e-01  ranks = [(0, 1, 1, 0, 3, 3, 2, 0), (1, 5, 4, 2, 3, 1, 0, 1), (3, 3, 0, 0, 0, 0, 0, 2), (3, 0, 1, 1, 0, 1, 2, 5)]  below  [7s]
start   56 rank1    I = 2.6145667783717  I-I_ME = -3.178e-01  |grad| = 1.9e-10  nonproj = 1.9e-01  ranks = [(1, 0, 1, 1, 1, 1, 1, 0), (1, 1, 1, 1, 1, 1, 1, 1), (1, 1, 1, 1, 1, 0, 1, 1), (1, 1, 0, 0, 1, 1, 1, 1)]  below  [8s]
start   57 frame    I = 2.8324981102373  I-I_ME = -9.991e-02  |grad| = 4.4e-10  nonproj = 1.3e-01  ranks = [(1, 0, 1, 1, 0, 1, 1, 0), (1, 0, 1, 1, 1, 1, 1, 0), (1, 1, 1, 1, 1, 0, 1, 1), (0, 1, 0, 1, 1, 0, 1, 1)]  below  [8s]
start   58 dkzpert  I = 2.8324981102373  I-I_ME = -9.991e-02  |grad| = 7.2e-10  nonproj = 6.9e-02  ranks = [(1, 1, 1, 1, 1, 0, 0, 1), (1, 1, 0, 1, 1, 1, 1, 1), (1, 1, 0, 1, 1, 1, 0, 0), (1, 1, 0, 1, 1, 1, 0, 0)]  below  [8s]
start   59 dkzcomp  I = 2.6145667783717  I-I_ME = -3.178e-01  |grad| = 5.0e-10  nonproj = 1.4e-01  ranks = [(1, 1, 1, 1, 1, 0, 1, 1), (1, 1, 1, 1, 0, 0, 1, 1), (1, 1, 0, 1, 0, 1, 1, 2), (0, 1, 1, 1, 1, 1, 1, 1)]  below  [8s]
start   60 gauss    I = 2.8324981102373  I-I_ME = -9.991e-02  |grad| = 5.5e-10  nonproj = 1.1e-01  ranks = [(0, 1, 0, 0, 1, 1, 1, 1), (0, 1, 0, 1, 1, 1, 1, 1), (1, 1, 1, 1, 0, 1, 1, 1), (1, 0, 1, 0, 0, 1, 1, 1)]  below  [8s]
start   61 rank     I = 2.1893547713704  I-I_ME = -7.431e-01  |grad| = 9.7e-10  nonproj = 1.9e-01  ranks = [(1, 2, 4, 3, 1, 1, 1, 0), (2, 3, 1, 0, 1, 1, 0, 0), (4, 2, 0, 0, 1, 0, 0, 2), (2, 0, 0, 1, 3, 1, 1, 4)]  below  [8s]
start   62 rank1    I = 2.8324981102373  I-I_ME = -9.991e-02  |grad| = 1.8e-09  nonproj = 1.1e-02  ranks = [(1, 1, 0, 1, 1, 0, 1, 0), (1, 1, 0, 1, 1, 1, 1, 0), (1, 1, 0, 1, 1, 1, 0, 0), (1, 1, 1, 1, 1, 1, 0, 1)]  below  [9s]
start   63 frame    I = 2.8324981102373  I-I_ME = -9.991e-02  |grad| = 2.9e-10  nonproj = 7.9e-02  ranks = [(1, 0, 1, 1, 1, 1, 0, 1), (1, 0, 1, 1, 1, 0, 0, 1), (1, 0, 1, 1, 1, 0, 0, 1), (1, 1, 1, 1, 1, 0, 1, 1)]  below  [9s]
start   64 dkzpert  I = 2.6145667783717  I-I_ME = -3.178e-01  |grad| = 1.1e-09  nonproj = 9.7e-02  ranks = [(0, 1, 1, 1, 1, 0, 1, 1), (1, 2, 1, 1, 1, 1, 1, 1), (1, 1, 1, 1, 1, 0, 0, 1), (1, 1, 1, 0, 1, 1, 1, 1)]  below  [9s]
start   65 dkzcomp  I = 2.6145667783717  I-I_ME = -3.178e-01  |grad| = 9.3e-10  nonproj = 1.4e-01  ranks = [(1, 0, 0, 1, 1, 1, 1, 1), (1, 0, 0, 1, 1, 1, 1, 0), (1, 1, 1, 1, 1, 1, 1, 0), (2, 2, 1, 0, 1, 1, 0, 1)]  below  [9s]
start   66 gauss    I = 2.6145667783717  I-I_ME = -3.178e-01  |grad| = 3.6e-09  nonproj = 1.2e-01  ranks = [(2, 1, 0, 1, 1, 0, 1, 2), (1, 0, 1, 1, 0, 1, 2, 2), (1, 0, 1, 0, 1, 2, 1, 1), (1, 1, 2, 1, 1, 1, 0, 1)]  below  [9s]
start   67 rank     I = 2.5884103376208  I-I_ME = -3.440e-01  |grad| = 4.3e-10  nonproj = 1.3e-01  ranks = [(2, 1, 0, 1, 2, 1, 1, 2), (0, 1, 1, 1, 1, 0, 1, 1), (0, 2, 2, 1, 1, 0, 2, 1), (0, 2, 1, 0, 0, 1, 2, 0)]  below  [9s]
start   68 rank1    I = 2.8324981102373  I-I_ME = -9.991e-02  |grad| = 2.5e-10  nonproj = 1.2e-01  ranks = [(0, 1, 1, 1, 1, 1, 1, 1), (0, 1, 0, 1, 1, 1, 0, 1), (0, 1, 0, 1, 1, 1, 0, 1), (1, 1, 0, 1, 1, 1, 0, 1)]  below  [9s]
start   69 frame    I = 2.8324981102373  I-I_ME = -9.991e-02  |grad| = 1.6e-09  nonproj = 4.4e-02  ranks = [(1, 0, 1, 1, 0, 1, 1, 1), (1, 1, 1, 1, 0, 1, 1, 0), (1, 1, 0, 1, 1, 1, 1, 0), (1, 1, 0, 1, 1, 0, 1, 0)]  below  [10s]
start   70 dkzpert  I = 2.8324981102373  I-I_ME = -9.991e-02  |grad| = 1.2e-09  nonproj = 4.3e-02  ranks = [(1, 0, 1, 0, 1, 1, 0, 1), (1, 0, 1, 0, 1, 1, 0, 1), (1, 1, 1, 1, 1, 1, 0, 1), (1, 1, 0, 1, 0, 1, 1, 1)]  below  [10s]
start   71 dkzcomp  I = 2.6145667783717  I-I_ME = -3.178e-01  |grad| = 1.2e-09  nonproj = 1.8e-01  ranks = [(1, 0, 1, 1, 0, 1, 1, 1), (1, 1, 1, 1, 1, 1, 1, 1), (1, 1, 0, 0, 1, 1, 1, 1), (0, 1, 0, 1, 1, 1, 1, 1)]  below  [10s]
start   72 gauss    I = 2.3990555662502  I-I_ME = -5.334e-01  |grad| = 1.1e-09  nonproj = 1.6e-01  ranks = [(0, 1, 2, 2, 1, 0, 1, 1), (1, 2, 3, 1, 0, 1, 2, 1), (1, 2, 2, 0, 0, 1, 1, 1), (1, 1, 1, 1, 2, 3, 2, 1)]  below  [10s]
start   73 rank     I = 2.5884103376190  I-I_ME = -3.440e-01  |grad| = 1.3e-10  nonproj = 1.3e-01  ranks = [(1, 2, 0, 0, 0, 2, 1, 1), (1, 2, 0, 0, 0, 2, 0, 0), (2, 2, 0, 1, 1, 2, 0, 0), (2, 1, 2, 2, 1, 1, 0, 1)]  below  [10s]
start   74 rank1    I = 2.8324981102373  I-I_ME = -9.991e-02  |grad| = 3.7e-10  nonproj = 7.1e-02  ranks = [(1, 1, 1, 0, 1, 1, 1, 1), (0, 1, 0, 1, 1, 1, 1, 1), (0, 1, 0, 1, 0, 1, 1, 1), (0, 1, 0, 1, 0, 1, 1, 1)]  below  [11s]
start   75 frame    I = 2.8324981102373  I-I_ME = -9.991e-02  |grad| = 7.3e-10  nonproj = 1.7e-02  ranks = [(1, 1, 1, 1, 0, 1, 1, 1), (1, 1, 1, 0, 0, 1, 1, 0), (1, 1, 1, 0, 0, 1, 1, 0), (1, 1, 1, 0, 1, 1, 1, 0)]  below  [11s]
start   76 dkzpert  I = 2.6145667783716  I-I_ME = -3.178e-01  |grad| = 2.2e-09  nonproj = 1.1e-01  ranks = [(1, 1, 1, 1, 0, 1, 1, 1), (0, 1, 1, 0, 1, 1, 1, 1), (0, 1, 1, 0, 1, 1, 1, 1), (0, 1, 1, 1, 1, 1, 1, 0)]  below  [11s]
start   77 dkzcomp  I = 2.8324981102373  I-I_ME = -9.991e-02  |grad| = 3.9e-10  nonproj = 1.0e-01  ranks = [(1, 1, 0, 0, 1, 1, 0, 1), (1, 1, 0, 0, 1, 1, 0, 1), (1, 1, 0, 1, 1, 1, 1, 1), (1, 1, 1, 1, 0, 1, 1, 0)]  below  [11s]
start   78 gauss    I = 2.6145667783716  I-I_ME = -3.178e-01  |grad| = 3.2e-09  nonproj = 1.6e-01  ranks = [(2, 1, 1, 0, 1, 1, 2, 2), (0, 0, 1, 1, 2, 2, 1, 1), (0, 0, 2, 2, 1, 1, 0, 1), (0, 1, 2, 1, 0, 1, 0, 1)]  below  [11s]
start   79 rank     I = 2.6145667783717  I-I_ME = -3.178e-01  |grad| = 2.2e-10  nonproj = 9.8e-02  ranks = [(1, 1, 0, 1, 1, 1, 0, 1), (2, 1, 1, 1, 1, 0, 0, 1), (2, 0, 1, 0, 1, 0, 0, 1), (2, 1, 2, 0, 2, 0, 2, 2)]  below  [12s]
start   80 rank1    I = 2.6145667783715  I-I_ME = -3.178e-01  |grad| = 5.7e-07  nonproj = 9.3e-02  ranks = [(0, 1, 1, 1, 1, 1, 1, 1), (0, 1, 1, 1, 1, 1, 1, 0), (1, 1, 1, 1, 1, 1, 1, 0), (1, 1, 1, 0, 1, 1, 1, 1)]  below  [12s]
start   81 frame    I = 2.6145667783717  I-I_ME = -3.178e-01  |grad| = 1.5e-09  nonproj = 1.2e-01  ranks = [(1, 0, 1, 1, 1, 1, 1, 1), (1, 0, 1, 0, 1, 1, 1, 1), (1, 0, 1, 1, 1, 1, 1, 0), (1, 1, 1, 1, 1, 0, 1, 1)]  below  [12s]
start   82 dkzpert  I = 2.6145667783717  I-I_ME = -3.178e-01  |grad| = 1.1e-09  nonproj = 1.1e-01  ranks = [(1, 1, 0, 1, 1, 1, 1, 1), (1, 0, 1, 1, 1, 1, 1, 1), (1, 1, 1, 1, 1, 1, 1, 0), (1, 1, 1, 1, 1, 0, 1, 0)]  below  [13s]
start   83 dkzcomp  I = 2.6145667783717  I-I_ME = -3.178e-01  |grad| = 3.7e-09  nonproj = 9.8e-02  ranks = [(1, 1, 1, 0, 1, 1, 1, 1), (1, 0, 1, 1, 1, 1, 0, 1), (1, 0, 1, 1, 1, 1, 1, 1), (1, 1, 1, 1, 1, 1, 0, 0)]  below  [13s]
start   84 gauss    I = 2.6145667783716  I-I_ME = -3.178e-01  |grad| = 1.2e-09  nonproj = 1.0e-01  ranks = [(1, 0, 1, 0, 1, 2, 2, 2), (0, 0, 1, 1, 2, 1, 1, 1), (0, 1, 2, 2, 1, 0, 1, 1), (1, 2, 1, 1, 0, 0, 1, 1)]  below  [13s]
start   85 rank     I = 2.5884103376208  I-I_ME = -3.440e-01  |grad| = 6.5e-10  nonproj = 1.5e-01  ranks = [(0, 0, 0, 1, 0, 2, 1, 1), (0, 0, 0, 1, 2, 2, 2, 1), (1, 1, 1, 1, 2, 0, 2, 0), (2, 1, 0, 1, 2, 0, 2, 1)]  below  [13s]
start   86 rank1    I = 2.8324981102373  I-I_ME = -9.991e-02  |grad| = 9.4e-10  nonproj = 1.4e-01  ranks = [(0, 0, 1, 1, 1, 0, 1, 1), (0, 0, 1, 1, 1, 0, 1, 1), (0, 1, 1, 1, 1, 1, 1, 1), (1, 1, 0, 1, 1, 1, 0, 1)]  below  [13s]
start   87 frame    I = 2.8324981102373  I-I_ME = -9.991e-02  |grad| = 1.2e-10  nonproj = 4.9e-02  ranks = [(1, 1, 1, 1, 1, 0, 1, 1), (0, 1, 0, 1, 1, 0, 1, 1), (0, 1, 0, 1, 1, 0, 1, 1), (0, 1, 0, 1, 1, 1, 1, 1)]  below  [13s]
start   88 dkzpert  I = 2.8324981102373  I-I_ME = -9.991e-02  |grad| = 7.3e-10  nonproj = 1.0e-01  ranks = [(1, 1, 1, 1, 1, 0, 1, 0), (1, 1, 0, 1, 1, 1, 1, 0), (1, 1, 0, 1, 1, 1, 0, 1), (0, 1, 0, 1, 1, 1, 0, 1)]  below  [13s]
start   89 dkzcomp  I = 2.6145667783717  I-I_ME = -3.178e-01  |grad| = 3.1e-10  nonproj = 1.5e-01  ranks = [(1, 1, 1, 1, 0, 1, 1, 1), (0, 1, 1, 0, 1, 1, 1, 1), (1, 1, 1, 1, 1, 0, 1, 1), (1, 1, 0, 1, 1, 1, 1, 1)]  below  [14s]
# BEST d=8 D=5: I = 2.8324981102373  I_ME = 2.9324096087045  I-I_ME = -9.991e-02  (init rank1)  counts {'below': 90}
