# d=8 D=11 nstart=90 seed=8011  I_ME(d) = 2.9324096087045
start    0 gauss    I = 2.8595049728079  I-I_ME = -7.290e-02  |grad| = 1.4e-07  nonproj = 6.9e-02  ranks = [(1, 1, 1, 2, 2, 1, 2, 2), (1, 1, 2, 2, 2, 2, 2, 1), (1, 2, 2, 1, 2, 2, 1, 1), (2, 2, 1, 1, 2, 2, 1, 1)]  below  [1s]
start    1 rank     I = 2.3654188862464  I-I_ME = -5.670e-01  |grad| = 6.5e-10  nonproj = 1.3e-01  ranks = [(5, 6, 2, 2, 0, 1, 1, 5), (1, 2, 0, 2, 1, 3, 5, 7), (0, 0, 1, 4, 4, 3, 5, 3), (0, 1, 5, 6, 5, 3, 2, 1)]  below  [2s]
start    2 rank1    I = 2.8595049728079  I-I_ME = -7.290e-02  |grad| = 2.6e-10  nonproj = 4.0e-02  ranks = [(2, 1, 1, 2, 2, 1, 1, 1), (2, 1, 1, 2, 2, 1, 1, 1), (2, 1, 1, 2, 2, 1, 2, 2), (1, 2, 2, 2, 2, 2, 2, 1)]  below  [3s]
start    3 frame    I = 2.7641864296808  I-I_ME = -1.682e-01  |grad| = 3.2e-10  nonproj = 1.3e-01  ranks = [(2, 2, 2, 1, 1, 2, 2, 2), (1, 2, 1, 2, 2, 2, 1, 1), (2, 2, 2, 2, 1, 2, 1, 2), (1, 2, 1, 2, 2, 2, 2, 2)]  below  [5s]
start    4 dkzpert  I = 2.8595049728079  I-I_ME = -7.290e-02  |grad| = 1.6e-10  nonproj = 4.9e-02  ranks = [(1, 2, 2, 2, 2, 2, 2, 2), (2, 2, 1, 1, 2, 1, 2, 1), (2, 1, 1, 1, 2, 1, 2, 1), (2, 1, 1, 1, 2, 1, 2, 1)]  below  [6s]
start    5 dkzcomp  I = 2.8595049728079  I-I_ME = -7.290e-02  |grad| = 2.0e-10  nonproj = 7.9e-02  ranks = [(2, 2, 1, 2, 2, 2, 1, 2), (2, 1, 1, 2, 1, 1, 2, 2), (2, 1, 2, 2, 1, 1, 2, 1), (2, 1, 2, 1, 1, 1, 2, 1)]  below  [7s]
start    6 gauss    I = 2.8595049728074  I-I_ME = -7.290e-02  |grad| = 1.4e-07  nonproj = 6.9e-02  ranks = [(1, 1, 2, 1, 2, 1, 2, 2), (1, 1, 2, 1, 2, 1, 2, 1), (1, 2, 2, 2, 2, 2, 2, 1), (2, 2, 1, 2, 1, 2, 1, 1)]  below  [10s]
start    7 rank     I = 2.4644785825490  I-I_ME = -4.679e-01  |grad| = 5.5e-10  nonproj = 1.2e-01  ranks = [(1, 1, 0, 0, 5, 2, 3, 4), (0, 1, 1, 5, 6, 3, 3, 2), (2, 4, 4, 4, 1, 2, 1, 1), (4, 4, 3, 2, 0, 4, 3, 3)]  below  [11s]
start    8 rank1    I = 2.8573189932388  I-I_ME = -7.509e-02  |grad| = 1.0e-10  nonproj = 8.0e-02  ranks = [(1, 2, 0, 2, 1, 2, 2, 1), (2, 2, 1, 2, 1, 2, 2, 1), (2, 1, 1, 1, 1, 2, 2, 2), (1, 1, 2, 1, 2, 2, 2, 2)]  below  [12s]
start    9 frame    I = 2.7641864296808  I-I_ME = -1.682e-01  |grad| = 9.6e-07  nonproj = 8.4e-02  ranks = [(2, 2, 2, 2, 2, 2, 2, 2), (2, 2, 2, 1, 1, 2, 1, 2), (1, 2, 1, 1, 2, 2, 2, 2), (1, 2, 1, 2, 2, 2, 1, 1)]  below  [14s]
start   10 dkzpert  I = 2.8595049728079  I-I_ME = -7.290e-02  |grad| = 5.9e-08  nonproj = 6.6e-02  ranks = [(1, 2, 1, 1, 2, 1, 2, 1), (2, 2, 1, 2, 2, 2, 2, 1), (2, 1, 1, 2, 1, 2, 1, 1), (2, 1, 2, 2, 1, 2, 1, 2)]  below  [15s]
start   11 dkzcomp  I = 2.7641864296807  I-I_ME = -1.682e-01  |grad| = 3.7e-10  nonproj = 6.3e-02  ranks = [(2, 2, 2, 2, 2, 2, 2, 2), (2, 2, 2, 1, 1, 1, 2, 2), (1, 2, 1, 1, 1, 2, 2, 2), (1, 2, 2, 2, 2, 2, 2, 1)]  below  [16s]
start   12 gauss    I = 2.8595049728079  I-I_ME = -7.290e-02  |grad| = 2.6e-10  nonproj = 7.6e-03  ranks = [(1, 1, 1, 2, 1, 1, 2, 2), (1, 2, 2, 2, 1, 1, 2, 2), (2, 2, 1, 1, 2, 2, 2, 2), (2, 1, 1, 1, 2, 1, 1, 2)]  below  [18s]
start   13 rank     I = 2.6366192837950  I-I_ME = -2.958e-01  |grad| = 1.9e-06  nonproj = 1.4e-01  ranks = [(3, 3, 2, 0, 2, 3, 4, 0), (4, 1, 1, 2, 3, 2, 2, 0), (4, 0, 1, 3, 2, 2, 2, 4), (0, 1, 3, 4, 1, 1, 1, 4)]  below  [19s]
start   14 rank1    I = 2.7641864296807  I-I_ME = -1.682e-01  |grad| = 4.9e-10  nonproj = 6.4e-02  ranks = [(1, 1, 2, 2, 2, 2, 1, 1), (2, 2, 2, 2, 2, 1, 1, 1), (2, 2, 2, 2, 2, 1, 2, 2), (1, 1, 1, 2, 1, 2, 2, 2)]  below  [21s]
start   15 frame    I = 2.7641864296808  I-I_ME = -1.682e-01  |grad| = 5.7e-09  nonproj = 5.0e-02  ranks = [(2, 2, 2, 1, 1, 2, 1, 1), (2, 2, 2, 1, 2, 2, 1, 2), (1, 2, 1, 2, 2, 2, 2, 2), (2, 2, 2, 2, 2, 2, 2, 2)]  below  [23s]
start   16 dkzpert  I = 2.8595049728079  I-I_ME = -7.290e-02  |grad| = 4.3e-10  nonproj = 5.8e-02  ranks = [(1, 2, 1, 1, 2, 1, 1, 2), (1, 2, 1, 1, 2, 1, 1, 2), (2, 2, 2, 2, 2, 1, 2, 2), (2, 1, 2, 1, 1, 2, 2, 1)]  below  [24s]
start   17 dkzcomp  I = 2.7641864296808  I-I_ME = -1.682e-01  |grad| = 1.0e-09  nonproj = 5.4e-02  ranks = [(1, 2, 2, 1, 2, 2, 1, 1), (2, 3, 2, 2, 2, 2, 2, 2), (1, 1, 1, 2, 1, 2, 1, 2), (1, 1, 2, 3, 2, 2, 2, 2)]  below  [25s]
start   18 gauss    I = 2.8595049728079  I-I_ME = -7.290e-02  |grad| = 1.1e-09  nonproj = 3.4e-02  ranks = [(2, 1, 2, 2, 2, 2, 1, 1), (2, 2, 2, 2, 1, 1, 1, 1), (2, 2, 1, 2, 1, 1, 2, 2), (1, 2, 1, 2, 1, 1, 2, 1)]  below  [27s]
start   19 rank     I = 2.5468077799954  I-I_ME = -3.856e-01  |grad| = 1.2e-06  nonproj = 1.2e-01  ranks = [(4, 0, 1, 2, 3, 0, 2, 0), (4, 1, 1, 2, 4, 5, 5, 4), (0, 2, 0, 2, 5, 4, 0, 1), (1, 4, 1, 3, 4, 3, 0, 2)]  below  [27s]
start   20 rank1    I = 2.8595049728079  I-I_ME = -7.290e-02  |grad| = 2.0e-10  nonproj = 6.9e-02  ranks = [(1, 1, 1, 1, 1, 2, 2, 2), (1, 1, 1, 1, 2, 2, 2, 2), (1, 1, 1, 1, 2, 1, 2, 2), (2, 2, 2, 2, 2, 1, 2, 2)]  below  [29s]
start   21 frame    I = 2.7641864296808  I-I_ME = -1.682e-01  |grad| = 3.9e-10  nonproj = 7.2e-02  ranks = [(2, 2, 2, 2, 2, 2, 1, 2), (2, 2, 1, 1, 2, 1, 2, 2), (1, 1, 1, 2, 2, 1, 2, 2), (1, 1, 2, 2, 2, 2, 2, 2)]  below  [30s]
start   22 dkzpert  I = 2.7641864296807  I-I_ME = -1.682e-01  |grad| = 6.8e-10  nonproj = 7.0e-02  ranks = [(2, 2, 2, 2, 1, 2, 2, 2), (1, 2, 1, 1, 1, 2, 2, 2), (1, 2, 1, 2, 2, 3, 2, 1), (1, 2, 2, 2, 2, 2, 1, 1)]  below  [32s]
start   23 dkzcomp  I = 2.8595049728079  I-I_ME = -7.290e-02  |grad| = 7.6e-10  nonproj = 9.2e-02  ranks = [(1, 2, 1, 2, 1, 1, 2, 1), (2, 2, 1, 2, 2, 2, 2, 2), (1, 1, 2, 2, 2, 1, 1, 2), (1, 1, 2, 1, 2, 1, 1, 2)]  below  [33s]
start   24 gauss    I = 2.7641864296808  I-I_ME = -1.682e-01  |grad| = 1.3e-11  nonproj = 7.6e-02  ranks = [(3, 2, 1, 2, 1, 1, 2, 2), (2, 1, 1, 2, 1, 1, 2, 1), (2, 1, 2, 2, 1, 2, 3, 2), (1, 2, 3, 2, 3, 3, 2, 1)]  below  [34s]
start   25 rank     I = 2.5468077799950  I-I_ME = -3.856e-01  |grad| = 6.7e-10  nonproj = 9.4e-02  ranks = [(3, 0, 2, 3, 1, 5, 1, 2), (2, 3, 4, 3, 4, 4, 0, 3), (1, 2, 1, 1, 4, 1, 1, 4), (0, 3, 2, 2, 4, 0, 4, 3)]  below  [35s]
start   26 rank1    I = 2.8595049728079  I-I_ME = -7.290e-02  |grad| = 3.4e-10  nonproj = 1.1e-01  ranks = [(1, 1, 2, 2, 2, 2, 2, 1), (1, 1, 2, 1, 2, 1, 2, 1), (2, 2, 2, 1, 2, 1, 2, 2), (1, 1, 1, 1, 2, 1, 2, 2)]  below  [36s]
start   27 frame    I = 2.8595049728079  I-I_ME = -7.290e-02  |grad| = 5.9e-10  nonproj = 9.6e-02  ranks = [(2, 2, 1, 2, 1, 1, 1, 2), (1, 2, 1, 2, 1, 2, 2, 2), (1, 2, 2, 2, 1, 2, 1, 1), (1, 2, 2, 1, 2, 2, 1, 1)]  below  [37s]
start   28 dkzpert  I = 2.8595049728079  I-I_ME = -7.290e-02  |grad| = 6.0e-10  nonproj = 8.4e-02  ranks = [(2, 1, 1, 1, 2, 1, 1, 2), (2, 1, 1, 2, 2, 1, 1, 2), (2, 1, 1, 2, 1, 2, 2, 2), (2, 2, 2, 2, 1, 2, 1, 1)]  below  [39s]
start   29 dkzcomp  I = 2.8595049728079  I-I_ME = -7.290e-02  |grad| = 5.1e-10  nonproj = 4.3e-02  ranks = [(1, 2, 1, 1, 2, 1, 2, 2), (1, 2, 1, 1, 2, 1, 2, 1), (2, 2, 1, 1, 2, 1, 2, 1), (2, 1, 2, 2, 2, 2, 2, 1)]  below  [40s]
start   30 gauss    I = 2.8595049728079  I-I_ME = -7.290e-02  |grad| = 2.7e-10  nonproj = 4.9e-02  ranks = [(2, 2, 2, 1, 1, 2, 2, 2), (2, 1, 1, 1, 1, 2, 2, 1), (2, 1, 1, 1, 1, 2, 2, 1), (2, 1, 1, 2, 2, 2, 2, 1)]  below  [42s]
start   31 rank     I = 2.4644785825490  I-I_ME = -4.679e-01  |grad| = 1.7e-06  nonproj = 1.0e-01  ranks = [(2, 3, 0, 1, 0, 4, 5, 1), (1, 2, 0, 2, 0, 6, 3, 0), (1, 2, 4, 6, 5, 5, 1, 0), (5, 5, 6, 2, 1, 0, 1, 4)]  below  [43s]
start   32 rank1    I = 2.8595049728079  I-I_ME = -7.290e-02  |grad| = 2.3e-06  nonproj = 7.6e-02  ranks = [(1, 2, 2, 2, 2, 1, 1, 2), (1, 2, 1, 2, 1, 1, 2, 2), (2, 2, 1, 2, 1, 2, 2, 1), (2, 1, 1, 2, 1, 2, 1, 1)]  below  [44s]
start   33 frame    I = 2.8595049728079  I-I_ME = -7.290e-02  |grad| = 6.8e-10  nonproj = 1.3e-01  ranks = [(2, 2, 1, 2, 1, 1, 1, 1), (2, 2, 1, 2, 1, 1, 1, 2), (1, 2, 1, 2, 1, 2, 2, 2), (1, 2, 2, 2, 2, 2, 1, 1)]  below  [45s]
start   34 dkzpert  I = 2.8595049728078  I-I_ME = -7.290e-02  |grad| = 2.9e-10  nonproj = 6.5e-02  ranks = [(1, 2, 1, 1, 2, 2, 2, 1), (1, 2, 1, 1, 2, 1, 2, 1), (2, 2, 1, 2, 2, 1, 2, 1), (2, 1, 2, 2, 1, 1, 2, 2)]  below  [46s]
start   35 dkzcomp  I = 2.8595049728079  I-I_ME = -7.290e-02  |grad| = 8.3e-10  nonproj = 4.8e-02  ranks = [(2, 1, 1, 2, 1, 2, 2, 1), (2, 1, 1, 2, 2, 2, 1, 2), (1, 2, 2, 2, 2, 1, 1, 2), (1, 2, 1, 1, 2, 1, 1, 2)]  below  [47s]
start   36 gauss    I = 2.8595049728079  I-I_ME = -7.290e-02  |grad| = 6.6e-10  nonproj = 8.5e-02  ranks = [(2, 2, 1, 1, 1, 2, 2, 2), (2, 1, 1, 2, 2, 2, 1, 2), (2, 1, 1, 2, 1, 1, 1, 2), (2, 1, 2, 2, 1, 1, 1, 2)]  below  [48s]
start   37 rank     I = 2.2674592443730  I-I_ME = -6.650e-01  |grad| = 5.1e-11  nonproj = 1.3e-01  ranks = [(0, 6, 2, 2, 3, 0, 2, 0), (4, 8, 2, 2, 2, 2, 2, 2), (6, 4, 0, 0, 1, 2, 0, 6), (2, 0, 4, 4, 6, 5, 6, 7)]  below  [49s]
start   38 rank1    I = 2.8595049728079  I-I_ME = -7.290e-02  |grad| = 7.0e-10  nonproj = 5.4e-02  ranks = [(2, 2, 2, 1, 1, 1, 2, 1), (2, 1, 2, 1, 1, 1, 2, 1), (2, 1, 2, 1, 1, 2, 2, 2), (1, 1, 2, 2, 2, 2, 1, 2)]  below  [51s]
start   39 frame    I = 2.8595049728079  I-I_ME = -7.290e-02  |grad| = 5.0e-10  nonproj = 9.9e-02  ranks = [(2, 1, 1, 2, 1, 2, 1, 1), (2, 1, 2, 2, 2, 2, 1, 1), (2, 1, 2, 1, 2, 1, 2, 2), (1, 2, 2, 1, 2, 1, 2, 1)]  below  [52s]
start   40 dkzpert  I = 2.7641864296808  I-I_ME = -1.682e-01  |grad| = 7.1e-08  nonproj = 7.9e-02  ranks = [(1, 2, 2, 2, 2, 2, 1, 1), (1, 2, 1, 2, 2, 2, 1, 1), (2, 2, 2, 2, 2, 2, 2, 2), (2, 2, 2, 2, 1, 2, 2, 2)]  below  [54s]
start   41 dkzcomp  I = 2.7641864296808  I-I_ME = -1.682e-01  |grad| = 4.2e-10  nonproj = 8.6e-02  ranks = [(2, 2, 1, 1, 2, 2, 2, 2), (1, 2, 1, 1, 2, 1, 2, 1), (2, 2, 2, 3, 2, 2, 2, 1), (2, 2, 2, 1, 1, 1, 1, 2)]  below  [54s]
start   42 gauss    I = 2.7641864296808  I-I_ME = -1.682e-01  |grad| = 1.4e-11  nonproj = 1.0e-01  ranks = [(2, 2, 2, 1, 1, 1, 2, 1), (2, 2, 2, 1, 1, 1, 2, 2), (2, 2, 1, 2, 3, 3, 3, 2), (2, 1, 2, 3, 2, 1, 1, 2)]  below  [56s]
start   43 rank     I = 2.6328781306195  I-I_ME = -2.995e-01  |grad| = 9.6e-10  nonproj = 1.2e-01  ranks = [(1, 3, 1, 0, 4, 3, 1, 3), (1, 1, 1, 3, 4, 2, 0, 3), (1, 0, 3, 4, 1, 2, 1, 4), (0, 1, 4, 2, 0, 3, 3, 3)]  below  [57s]
start   44 rank1    I = 2.7641864296808  I-I_ME = -1.682e-01  |grad| = 1.3e-10  nonproj = 8.0e-02  ranks = [(2, 2, 2, 2, 1, 1, 2, 1), (2, 1, 2, 1, 1, 2, 2, 2), (1, 1, 2, 1, 2, 2, 2, 1), (2, 2, 2, 2, 2, 2, 1, 2)]  below  [58s]
start   45 frame    I = 2.8595049728079  I-I_ME = -7.290e-02  |grad| = 4.0e-10  nonproj = 7.4e-02  ranks = [(2, 2, 1, 2, 1, 1, 1, 1), (2, 2, 1, 2, 1, 1, 2, 2), (1, 2, 2, 2, 2, 2, 2, 1), (1, 2, 2, 1, 2, 1, 1, 1)]  below  [59s]
start   46 dkzpert  I = 2.8595049728079  I-I_ME = -7.290e-02  |grad| = 5.3e-10  nonproj = 1.2e-01  ranks = [(1, 1, 2, 1, 2, 1, 2, 2), (1, 1, 2, 1, 2, 1, 2, 1), (1, 1, 2, 1, 2, 1, 2, 1), (2, 2, 2, 2, 2, 2, 2, 1)]  below  [60s]
start   47 dkzcomp  I = 2.7641864296808  I-I_ME = -1.682e-01  |grad| = 3.6e-10  nonproj = 7.5e-02  ranks = [(1, 2, 3, 2, 1, 1, 2, 2), (2, 2, 2, 1, 1, 2, 2, 1), (2, 2, 1, 1, 2, 2, 1, 2), (2, 2, 1, 2, 3, 2, 2, 2)]  below  [61s]
start   48 gauss    I = 2.8595049728079  I-I_ME = -7.290e-02  |grad| = 6.3e-10  nonproj = 7.9e-02  ranks = [(2, 1, 1, 2, 1, 1, 1, 2), (2, 2, 2, 2, 1, 1, 2, 2), (2, 2, 1, 1, 1, 2, 2, 1), (2, 2, 1, 1, 2, 2, 1, 1)]  below  [62s]
start   49 rank     I = 2.7454870918427  I-I_ME = -1.869e-01  |grad| = 7.5e-10  nonproj = 7.3e-02  ranks = [(1, 1, 3, 1, 0, 0, 2, 3), (1, 2, 3, 1, 0, 1, 3, 3), (2, 3, 2, 2, 2, 3, 2, 2), (3, 2, 1, 3, 2, 1, 0, 2)]  below  [64s]
start   50 rank1    I = 2.8595049728079  I-I_ME = -7.290e-02  |grad| = 1.2e-07  nonproj = 5.1e-02  ranks = [(1, 2, 1, 1, 2, 1, 2, 2), (1, 2, 1, 1, 2, 2, 2, 1), (2, 2, 1, 1, 2, 2, 1, 1), (2, 1, 2, 2, 2, 2, 1, 1)]  below  [66s]
start   51 frame    I = 2.7641864296808  I-I_ME = -1.682e-01  |grad| = 3.0e-07  nonproj = 4.7e-02  ranks = [(2, 2, 2, 2, 1, 2, 1, 1), (2, 2, 2, 2, 2, 2, 1, 1), (2, 2, 1, 1, 2, 1, 2, 2), (1, 1, 1, 2, 2, 2, 2, 2)]  below  [67s]
start   52 dkzpert  I = 2.7641864296808  I-I_ME = -1.682e-01  |grad| = 5.0e-10  nonproj = 7.3e-02  ranks = [(2, 2, 2, 2, 2, 2, 1, 1), (2, 2, 1, 1, 2, 1, 1, 2), (2, 1, 1, 1, 2, 1, 2, 3), (1, 2, 2, 2, 2, 2, 3, 2)]  below  [69s]
start   53 dkzcomp  I = 2.7641864296808  I-I_ME = -1.682e-01  |grad| = 4.9e-10  nonproj = 7.3e-02  ranks = [(2, 1, 2, 2, 2, 1, 2, 2), (1, 2, 2, 1, 1, 2, 2, 2), (2, 2, 1, 2, 2, 2, 2, 2), (2, 2, 2, 2, 1, 2, 1, 2)]  below  [70s]
start   54 gauss    I = 2.8595049728079  I-I_ME = -7.290e-02  |grad| = 1.8e-08  nonproj = 4.7e-02  ranks = [(1, 2, 1, 2, 1, 2, 2, 1), (2, 2, 2, 2, 1, 2, 1, 1), (2, 1, 2, 1, 1, 2, 1, 2), (1, 1, 2, 1, 2, 2, 1, 2)]  below  [73s]
start   55 rank     I = 2.7593593513654  I-I_ME = -1.731e-01  |grad| = 7.7e-10  nonproj = 1.1e-01  ranks = [(1, 0, 3, 1, 2, 2, 2, 2), (1, 0, 3, 2, 2, 2, 1, 1), (1, 3, 3, 2, 1, 2, 1, 1), (2, 3, 0, 3, 2, 3, 1, 2)]  below  [78s]
start   56 rank1    I = 2.8595049728079  I-I_ME = -7.290e-02  |grad| = 5.6e-10  nonproj = 6.7e-02  ranks = [(2, 2, 2, 2, 1, 1, 2, 1), (2, 1, 1, 2, 1, 2, 2, 2), (1, 1, 1, 2, 1, 2, 1, 2), (1, 1, 1, 2, 2, 2, 1, 2)]  below  [79s]
start   57 frame    I = 2.8595049728079  I-I_ME = -7.290e-02  |grad| = 2.9e-10  nonproj = 6.0e-02  ranks = [(2, 2, 1, 2, 1, 1, 2, 1), (2, 1, 1, 2, 1, 1, 2, 1), (2, 1, 1, 2, 1, 2, 2, 1), (2, 1, 2, 2, 2, 2, 1, 2)]  below  [81s]
start   58 dkzpert  I = 2.8595049728079  I-I_ME = -7.290e-02  |grad| = 4.5e-10  nonproj = 8.7e-02  ranks = [(2, 2, 1, 1, 2, 2, 2, 1), (2, 1, 1, 1, 2, 1, 2, 1), (2, 1, 2, 2, 2, 1, 2, 2), (1, 1, 2, 1, 1, 1, 2, 2)]  below  [82s]
start   59 dkzcomp  I = 2.8573189932388  I-I_ME = -7.509e-02  |grad| = 5.4e-10  nonproj = 7.3e-02  ranks = [(2, 2, 1, 2, 2, 2, 2, 2), (2, 2, 1, 1, 1, 1, 1, 2), (2, 2, 2, 1, 1, 1, 1, 2), (2, 2, 2, 0, 1, 1, 1, 2)]  below  [83s]
start   60 gauss    I = 2.8595049728079  I-I_ME = -7.290e-02  |grad| = 1.5e-09  nonproj = 7.2e-02  ranks = [(1, 2, 1, 1, 1, 2, 2, 2), (1, 2, 1, 1, 1, 2, 1, 2), (1, 2, 1, 1, 1, 2, 1, 2), (2, 2, 2, 2, 2, 2, 1, 2)]  below  [84s]
start   61 rank     I = 2.5597971256761  I-I_ME = -3.726e-01  |grad| = 6.3e-08  nonproj = 1.2e-01  ranks = [(5, 4, 2, 0, 0, 2, 1, 4), (2, 1, 2, 0, 0, 5, 3, 4), (1, 1, 3, 2, 5, 5, 1, 2), (1, 2, 5, 4, 2, 0, 2, 1)]  below  [86s]
start   62 rank1    I = 2.8595049728079  I-I_ME = -7.290e-02  |grad| = 1.2e-09  nonproj = 8.7e-02  ranks = [(1, 1, 1, 2, 2, 1, 1, 2), (1, 1, 2, 2, 2, 1, 2, 2), (1, 1, 2, 1, 2, 1, 2, 1), (2, 2, 2, 1, 2, 2, 2, 1)]  below  [87s]
start   63 frame    I = 2.8595049728079  I-I_ME = -7.290e-02  |grad| = 5.1e-10  nonproj = 8.7e-02  ranks = [(1, 2, 1, 1, 1, 2, 1, 2), (1, 2, 1, 2, 2, 2, 1, 2), (1, 2, 1, 2, 1, 1, 1, 2), (2, 2, 2, 2, 1, 1, 2, 2)]  below  [88s]
start   64 dkzpert  I = 2.8595049728079  I-I_ME = -7.290e-02  |grad| = 5.4e-10  nonproj = 1.5e-01  ranks = [(1, 2, 1, 1, 1, 2, 2, 1), (2, 2, 1, 1, 2, 2, 2, 1), (2, 1, 1, 1, 2, 1, 2, 2), (1, 1, 2, 2, 2, 1, 2, 2)]  below  [89s]
start   65 dkzcomp  I = 2.8595049728079  I-I_ME = -7.290e-02  |grad| = 5.8e-10  nonproj = 8.5e-03  ranks = [(1, 1, 2, 1, 2, 1, 1, 2), (2, 1, 2, 1, 2, 1, 1, 2), (2, 1, 1, 2, 2, 1, 2, 2), (2, 1, 1, 2, 1, 2, 2, 1)]  below  [90s]
start   66 gauss    I = 2.8595049728079  I-I_ME = -7.290e-02  |grad| = 2.2e-09  nonproj = 1.0e-01  ranks = [(1, 2, 1, 1, 1, 2, 1, 2), (1, 2, 2, 2, 2, 2, 2, 2), (1, 2, 2, 1, 1, 1, 2, 1), (2, 2, 2, 1, 1, 1, 2, 1)]  below  [92s]
start   67 rank     I = 2.0860703506230  I-I_ME = -8.463e-01  |grad| = 3.5e-11  nonproj = 1.6e-01  ranks = [(7, 7, 3, 2, 0, 0, 0, 6), (3, 3, 0, 0, 1, 4, 6, 10), (0, 1, 2, 3, 6, 6, 4, 4), (0, 4, 7, 3, 7, 4, 1, 0)]  below  [93s]
start   68 rank1    I = 2.8595049728079  I-I_ME = -7.290e-02  |grad| = 4.8e-10  nonproj = 6.0e-02  ranks = [(2, 2, 2, 2, 1, 1, 2, 1), (2, 2, 1, 1, 1, 2, 2, 1), (2, 2, 1, 1, 1, 2, 1, 1), (2, 2, 1, 1, 2, 2, 1, 2)]  below  [95s]
start   69 frame    I = 2.8595049728079  I-I_ME = -7.290e-02  |grad| = 4.7e-10  nonproj = 6.5e-02  ranks = [(1, 1, 1, 2, 1, 2, 1, 2), (1, 1, 2, 2, 1, 2, 1, 2), (1, 1, 2, 1, 2, 2, 1, 2), (2, 2, 2, 1, 2, 1, 2, 2)]  below  [96s]
start   70 dkzpert  I = 2.8595049728079  I-I_ME = -7.290e-02  |grad| = 3.0e-10  nonproj = 6.2e-02  ranks = [(2, 2, 2, 1, 2, 2, 2, 2), (2, 1, 1, 1, 2, 1, 2, 1), (2, 1, 1, 1, 2, 1, 2, 1), (2, 1, 1, 2, 2, 1, 2, 1)]  below  [97s]
start   71 dkzcomp  I = 2.8595049728079  I-I_ME = -7.290e-02  |grad| = 3.8e-10  nonproj = 8.3e-02  ranks = [(1, 2, 2, 2, 2, 2, 2, 1), (2, 2, 2, 1, 2, 1, 1, 1), (2, 1, 2, 1, 2, 1, 1, 1), (2, 1, 2, 1, 2, 1, 1, 2)]  below  [98s]
start   72 gauss    I = 2.8573189932388  I-I_ME = -7.509e-02  |grad| = 1.7e-08  nonproj = 4.8e-02  ranks = [(2, 1, 1, 1, 2, 2, 2, 2), (2, 1, 2, 1, 2, 1, 2, 1), (2, 1, 2, 0, 2, 1, 2, 1), (2, 2, 2, 1, 2, 1, 2, 1)]  below  [100s]
start   73 rank     I = 2.4514892368683  I-I_ME = -4.809e-01  |grad| = 8.8e-10  nonproj = 1.1e-01  ranks = [(5, 2, 3, 1, 4, 1, 1, 1), (5, 1, 1, 0, 3, 1, 2, 5), (1, 0, 0, 1, 3, 3, 5, 5), (0, 3, 3, 5, 4, 6, 4, 2)]  below  [102s]
start   74 rank1    I = 2.8595049728079  I-I_ME = -7.290e-02  |grad| = 1.8e-06  nonproj = 6.8e-02  ranks = [(1, 1, 2, 2, 1, 2, 2, 2), (2, 2, 2, 1, 2, 2, 2, 1), (2, 1, 1, 1, 2, 1, 2, 1), (2, 1, 1, 1, 2, 1, 2, 1)]  below  [103s]
start   75 frame    I = 2.8595049728079  I-I_ME = -7.290e-02  |grad| = 2.9e-10  nonproj = 1.6e-02  ranks = [(2, 1, 1, 1, 1, 2, 2, 1), (2, 1, 2, 2, 2, 2, 2, 1), (2, 2, 2, 1, 1, 1, 2, 1), (2, 2, 1, 1, 1, 1, 2, 2)]  below  [104s]
start   76 dkzpert  I = 2.8595049728079  I-I_ME = -7.290e-02  |grad| = 3.1e-10  nonproj = 5.5e-02  ranks = [(1, 2, 1, 2, 2, 1, 1, 1), (1, 2, 1, 2, 2, 1, 1, 1), (2, 2, 2, 2, 2, 1, 2, 2), (1, 1, 2, 1, 2, 2, 2, 1)]  below  [105s]
start   77 dkzcomp  I = 2.8595049728079  I-I_ME = -7.290e-02  |grad| = 5.8e-08  nonproj = 6.8e-02  ranks = [(1, 2, 1, 1, 1, 1, 2, 2), (1, 2, 1, 1, 1, 2, 2, 2), (2, 2, 2, 2, 2, 2, 1, 2), (2, 1, 2, 1, 1, 1, 1, 2)]  below  [106s]
start   78 gauss    I = 2.8595049728079  I-I_ME = -7.290e-02  |grad| = 4.0e-10  nonproj = 8.1e-02  ranks = [(2, 1, 1, 1, 2, 2, 2, 2), (2, 1, 1, 1, 2, 1, 2, 1), (2, 2, 2, 2, 2, 1, 2, 1), (2, 2, 1, 1, 1, 1, 2, 1)]  below  [107s]
start   79 rank     I = 2.4607374293729  I-I_ME = -4.717e-01  |grad| = 5.8e-10  nonproj = 1.2e-01  ranks = [(6, 4, 2, 0, 2, 0, 2, 3), (2, 2, 1, 1, 2, 3, 6, 4), (0, 2, 1, 3, 5, 4, 3, 0), (0, 4, 4, 6, 3, 2, 0, 0)]  below  [108s]
start   80 rank1    I = 2.8595049728079  I-I_ME = -7.290e-02  |grad| = 2.6e-10  nonproj = 5.8e-02  ranks = [(2, 2, 1, 1, 1, 1, 2, 2), (1, 2, 1, 1, 1, 2, 2, 2), (1, 2, 1, 1, 2, 2, 1, 2), (1, 2, 2, 2, 2, 1, 1, 2)]  below  [109s]
start   81 frame    I = 2.8595049728079  I-I_ME = -7.290e-02  |grad| = 5.9e-10  nonproj = 6.3e-02  ranks = [(1, 1, 2, 2, 2, 2, 2, 1), (1, 2, 2, 2, 2, 1, 1, 1), (2, 2, 1, 2, 2, 1, 1, 2), (1, 1, 1, 2, 2, 1, 1, 2)]  below  [110s]
start   82 dkzpert  I = 2.8595049728079  I-I_ME = -7.290e-02  |grad| = 5.6e-07  nonproj = 6.4e-02  ranks = [(2, 2, 1, 1, 2, 2, 2, 2), (1, 1, 1, 2, 2, 2, 2, 1), (1, 1, 1, 2, 1, 2, 2, 1), (1, 1, 2, 2, 1, 2, 2, 1)]  below  [111s]
start   83 dkzcomp  I = 2.7641864296808  I-I_ME = -1.682e-01  |grad| = 4.9e-10  nonproj = 7.8e-02  ranks = [(1, 1, 2, 2, 2, 1, 2, 1), (2, 2, 2, 2, 1, 2, 2, 2), (1, 2, 2, 1, 1, 2, 1, 2), (2, 2, 1, 2, 2, 3, 2, 3)]  below  [112s]
start   84 gauss    I = 2.7641864296808  I-I_ME = -1.682e-01  |grad| = 2.8e-10  nonproj = 9.0e-02  ranks = [(1, 2, 1, 2, 3, 3, 2, 1), (2, 2, 2, 2, 2, 1, 2, 2), (1, 1, 2, 2, 2, 1, 2, 1), (2, 2, 3, 2, 1, 1, 2, 2)]  below  [114s]
start   85 rank     I = 2.6577567675495  I-I_ME = -2.747e-01  |grad| = 1.5e-09  nonproj = 8.6e-02  ranks = [(0, 0, 3, 2, 3, 3, 2, 0), (0, 2, 4, 3, 3, 1, 2, 0), (4, 4, 2, 2, 2, 1, 2, 1), (3, 0, 0, 3, 3, 1, 4, 2)]  below  [116s]
start   86 rank1    I = 2.7641864296808  I-I_ME = -1.682e-01  |grad| = 8.9e-10  nonproj = 1.1e-01  ranks = [(2, 1, 1, 2, 2, 2, 2, 2), (1, 1, 2, 2, 2, 1, 2, 2), (2, 2, 2, 2, 2, 1, 2, 2), (1, 2, 2, 2, 1, 2, 2, 2)]  below  [117s]
start   87 frame    I = 2.7641864296808  I-I_ME = -1.682e-01  |grad| = 3.3e-10  nonproj = 7.9e-02  ranks = [(2, 2, 2, 2, 2, 2, 1, 2), (1, 2, 1, 2, 2, 2, 1, 2), (2, 2, 2, 2, 1, 1, 2, 2), (1, 2, 1, 1, 1, 2, 2, 2)]  below  [118s]
start   88 dkzpert  I = 2.7641864296808  I-I_ME = -1.682e-01  |grad| = 2.2e-06  nonproj = 7.0e-02  ranks = [(2, 2, 2, 2, 2, 2, 1, 1), (2, 1, 2, 2, 1, 1, 1, 2), (2, 2, 2, 2, 1, 1, 2, 2), (2, 1, 1, 2, 1, 2, 2, 2)]  below  [119s]
start   89 dkzcomp  I = 2.7641864296806  I-I_ME = -1.682e-01  |grad| = 2.2e-09  nonproj = 8.2e-02  ranks = [(2, 1, 1, 1, 2, 1, 2, 2), (2, 1, 1, 1, 2, 2, 2, 2), (1, 1, 2, 2, 2, 2, 2, 1), (2, 2, 2, 2, 1, 2, 1, 1)]  below  [121s]
# BEST d=8 D=11: I = 2.8595049728079  I_ME = 2.9324096087045  I-I_ME = -7.290e-02  (init dkzcomp)  counts {'below': 90}
