# d=7 D=12 nstart=90 seed=7012  I_ME(d) = 2.9271609424245
start    0 gauss    I = 2.8949446417757  I-I_ME = -3.222e-02  |grad| = 1.0e-09  nonproj = 5.8e-02  ranks = [(1, 2, 2, 2, 2, 2, 1), (2, 2, 2, 2, 2, 2, 1), (2, 1, 2, 2, 2, 2, 1), (2, 1, 2, 2, 2, 2, 2)]  below  [1s]
start    1 rank     I = 2.6084042495794  I-I_ME = -3.188e-01  |grad| = 2.4e-10  nonproj = 9.4e-02  ranks = [(3, 3, 3, 1, 2, 3, 4), (2, 3, 2, 0, 4, 4, 3), (3, 2, 1, 1, 5, 2, 1), (3, 2, 3, 4, 4, 1, 2)]  below  [2s]
start    2 rank1    I = 2.8949446417757  I-I_ME = -3.222e-02  |grad| = 1.7e-10  nonproj = 4.0e-02  ranks = [(2, 2, 2, 2, 2, 2, 2), (2, 1, 2, 2, 2, 1, 2), (2, 1, 2, 2, 2, 1, 2), (2, 1, 2, 2, 2, 1, 2)]  below  [3s]
start    3 frame    I = 2.8949446417757  I-I_ME = -3.222e-02  |grad| = 1.1e-10  nonproj = 2.7e-02  ranks = [(2, 2, 2, 1, 1, 2, 2), (2, 2, 2, 1, 1, 2, 2), (2, 2, 2, 1, 2, 2, 2), (2, 2, 2, 2, 2, 1, 2)]  below  [3s]
start    4 dkzpert  I = 2.8022481551314  I-I_ME = -1.249e-01  |grad| = 3.9e-10  nonproj = 8.6e-02  ranks = [(1, 2, 2, 2, 1, 2, 2), (2, 3, 3, 2, 1, 2, 2), (2, 2, 2, 1, 2, 3, 3), (2, 2, 2, 2, 2, 2, 2)]  below  [5s]
start    5 dkzcomp  I = 2.8949446417757  I-I_ME = -3.222e-02  |grad| = 1.9e-10  nonproj = 4.7e-02  ranks = [(2, 2, 2, 2, 2, 2, 2), (2, 1, 2, 1, 2, 2, 2), (2, 1, 2, 1, 2, 2, 2), (2, 1, 2, 1, 2, 2, 2)]  below  [6s]
start    6 gauss    I = 2.7911225857148  I-I_ME = -1.360e-01  |grad| = 3.2e-10  nonproj = 6.2e-02  ranks = [(2, 1, 3, 2, 2, 1, 2), (2, 1, 3, 1, 2, 2, 3), (1, 2, 3, 1, 2, 2, 2), (2, 3, 2, 2, 3, 3, 2)]  below  [8s]
start    7 rank     I = 2.6925457207178  I-I_ME = -2.346e-01  |grad| = 7.8e-07  nonproj = 8.0e-02  ranks = [(4, 2, 2, 3, 0, 3, 0), (4, 3, 1, 2, 1, 3, 2), (2, 3, 1, 2, 2, 2, 2), (2, 4, 2, 2, 4, 2, 4)]  below  [10s]
start    8 rank1    I = 2.8949446417757  I-I_ME = -3.222e-02  |grad| = 1.3e-10  nonproj = 5.4e-02  ranks = [(2, 2, 2, 1, 1, 2, 2), (2, 2, 2, 1, 2, 2, 2), (2, 2, 2, 1, 2, 1, 2), (2, 2, 2, 2, 2, 1, 2)]  below  [11s]
start    9 frame    I = 2.8949446417757  I-I_ME = -3.222e-02  |grad| = 7.9e-10  nonproj = 6.0e-02  ranks = [(2, 2, 2, 2, 1, 2, 2), (1, 2, 2, 2, 1, 2, 2), (1, 2, 2, 2, 1, 2, 2), (1, 2, 2, 2, 2, 2, 2)]  below  [12s]
start   10 dkzpert  I = 2.8949446417757  I-I_ME = -3.222e-02  |grad| = 7.4e-10  nonproj = 6.1e-02  ranks = [(2, 2, 2, 2, 1, 2, 2), (2, 2, 2, 1, 1, 2, 2), (2, 2, 2, 1, 2, 2, 2), (2, 2, 2, 1, 2, 1, 2)]  below  [13s]
start   11 dkzcomp  I = 2.8949446417757  I-I_ME = -3.222e-02  |grad| = 1.8e-10  nonproj = 1.6e-03  ranks = [(2, 2, 1, 2, 1, 2, 2), (2, 2, 2, 2, 1, 2, 2), (2, 2, 2, 1, 2, 2, 2), (2, 2, 2, 1, 2, 1, 2)]  below  [15s]
start   12 gauss    I = 2.8949446417757  I-I_ME = -3.222e-02  |grad| = 4.7e-10  nonproj = 7.3e-03  ranks = [(2, 2, 2, 2, 2, 1, 2), (2, 2, 2, 1, 2, 2, 2), (2, 2, 2, 1, 2, 2, 1), (2, 2, 2, 1, 2, 2, 1)]  below  [16s]
start   13 rank     I = 2.6960465567621  I-I_ME = -2.311e-01  |grad| = 6.7e-10  nonproj = 9.7e-02  ranks = [(4, 4, 3, 0, 1, 2, 3), (0, 2, 3, 0, 3, 3, 4), (0, 2, 4, 3, 4, 2, 3), (0, 2, 4, 3, 1, 1, 2)]  below  [17s]
start   14 rank1    I = 2.8022481551314  I-I_ME = -1.249e-01  |grad| = 4.8e-10  nonproj = 6.9e-02  ranks = [(2, 2, 2, 2, 2, 2, 2), (2, 2, 2, 2, 2, 2, 2), (2, 2, 1, 2, 2, 1, 2), (2, 2, 1, 2, 2, 2, 2)]  below  [18s]
start   15 frame    I = 2.8949446417757  I-I_ME = -3.222e-02  |grad| = 2.7e-10  nonproj = 2.0e-02  ranks = [(2, 2, 2, 2, 2, 1, 1), (2, 2, 2, 2, 2, 1, 1), (2, 2, 2, 2, 2, 1, 2), (1, 2, 2, 2, 2, 2, 2)]  below  [20s]
start   16 dkzpert  I = 2.8022481551314  I-I_ME = -1.249e-01  |grad| = 2.9e-10  nonproj = 9.1e-02  ranks = [(2, 2, 2, 2, 2, 2, 2), (2, 2, 2, 3, 2, 1, 2), (3, 3, 2, 2, 1, 2, 2), (2, 2, 1, 2, 2, 2, 2)]  below  [21s]
start   17 dkzcomp  I = 2.8949446417757  I-I_ME = -3.222e-02  |grad| = 4.9e-10  nonproj = 4.1e-02  ranks = [(2, 2, 2, 2, 1, 2, 2), (2, 1, 2, 2, 1, 2, 2), (2, 1, 2, 2, 1, 2, 2), (2, 1, 2, 2, 2, 2, 2)]  below  [22s]
start   18 gauss    I = 2.7911225857148  I-I_ME = -1.360e-01  |grad| = 3.3e-10  nonproj = 6.1e-02  ranks = [(2, 1, 2, 2, 3, 1, 2), (2, 2, 3, 2, 3, 1, 2), (2, 1, 2, 1, 3, 2, 3), (1, 2, 2, 2, 3, 3, 2)]  below  [25s]
start   19 rank     I = 2.3419457980674  I-I_ME = -5.852e-01  |grad| = 1.8e-09  nonproj = 1.3e-01  ranks = [(5, 4, 3, 0, 3, 3, 7), (1, 1, 1, 0, 5, 6, 5), (0, 1, 1, 4, 8, 5, 1), (2, 5, 4, 8, 4, 2, 0)]  below  [30s]
start   20 rank1    I = 2.8949446417757  I-I_ME = -3.222e-02  |grad| = 5.2e-07  nonproj = 3.6e-02  ranks = [(2, 2, 1, 2, 2, 1, 2), (2, 2, 1, 2, 2, 1, 2), (2, 2, 1, 2, 2, 1, 2), (2, 2, 2, 2, 2, 2, 2)]  below  [32s]
start   21 frame    I = 2.8949446417757  I-I_ME = -3.222e-02  |grad| = 9.7e-11  nonproj = 4.6e-02  ranks = [(2, 2, 2, 2, 1, 2, 1), (2, 2, 2, 2, 1, 2, 2), (1, 2, 2, 2, 1, 2, 2), (1, 2, 2, 2, 2, 2, 2)]  below  [32s]
start   22 dkzpert  I = 2.8022481551306  I-I_ME = -1.249e-01  |grad| = 4.2e-10  nonproj = 7.6e-02  ranks = [(2, 2, 2, 2, 2, 2, 1), (2, 3, 2, 2, 1, 2, 2), (2, 2, 1, 2, 1, 2, 2), (2, 2, 1, 2, 2, 2, 2)]  below  [33s]
start   23 dkzcomp  I = 2.8949446417757  I-I_ME = -3.222e-02  |grad| = 4.1e-10  nonproj = 7.9e-02  ranks = [(2, 2, 1, 2, 2, 2, 2), (2, 2, 1, 2, 2, 2, 1), (2, 2, 2, 2, 2, 2, 1), (2, 2, 2, 1, 2, 2, 1)]  below  [34s]
start   24 gauss    I = 2.8022481551314  I-I_ME = -1.249e-01  |grad| = 5.8e-10  nonproj = 4.9e-02  ranks = [(2, 2, 2, 3, 3, 3, 3), (1, 2, 1, 2, 2, 2, 2), (2, 3, 2, 2, 2, 2, 2), (2, 2, 1, 1, 2, 2, 2)]  below  [36s]
start   25 rank     I = 2.4224873240829  I-I_ME = -5.047e-01  |grad| = 2.1e-11  nonproj = 1.2e-01  ranks = [(1, 3, 1, 1, 5, 6, 0), (3, 5, 2, 6, 5, 2, 0), (6, 4, 3, 5, 1, 0, 2), (5, 2, 4, 3, 0, 1, 7)]  below  [37s]
start   26 rank1    I = 2.8949446417757  I-I_ME = -3.222e-02  |grad| = 6.8e-10  nonproj = 6.1e-02  ranks = [(2, 1, 2, 2, 2, 2, 2), (2, 2, 2, 2, 2, 1, 2), (2, 2, 1, 2, 2, 1, 2), (2, 2, 1, 2, 2, 1, 2)]  below  [38s]
start   27 frame    I = 2.8949446417757  I-I_ME = -3.222e-02  |grad| = 4.2e-10  nonproj = 5.2e-02  ranks = [(1, 2, 2, 2, 1, 2, 2), (1, 2, 2, 2, 1, 2, 2), (2, 2, 2, 2, 1, 2, 2), (2, 1, 2, 2, 2, 2, 2)]  below  [38s]
start   28 dkzpert  I = 2.8949446417757  I-I_ME = -3.222e-02  |grad| = 1.7e-10  nonproj = 5.5e-02  ranks = [(2, 2, 2, 2, 1, 1, 2), (2, 2, 2, 2, 2, 2, 2), (2, 2, 2, 2, 2, 1, 1), (2, 2, 2, 2, 2, 1, 1)]  below  [39s]
start   29 dkzcomp  I = 2.8949446417757  I-I_ME = -3.222e-02  |grad| = 4.2e-10  nonproj = 5.3e-03  ranks = [(2, 2, 2, 2, 1, 2, 1), (2, 2, 2, 2, 1, 2, 2), (1, 2, 2, 2, 1, 2, 2), (1, 2, 2, 2, 2, 2, 2)]  below  [40s]
start   30 gauss    I = 2.8022481551313  I-I_ME = -1.249e-01  |grad| = 6.0e-10  nonproj = 7.2e-03  ranks = [(2, 3, 2, 2, 2, 3, 3), (2, 2, 1, 2, 2, 2, 2), (2, 1, 2, 3, 2, 2, 2), (2, 1, 2, 2, 2, 1, 2)]  below  [44s]
start   31 rank     I = 2.3308202286505  I-I_ME = -5.963e-01  |grad| = 6.4e-09  nonproj = 1.3e-01  ranks = [(7, 1, 0, 0, 5, 2, 1), (6, 0, 0, 3, 8, 4, 2), (3, 0, 5, 6, 5, 2, 3), (0, 7, 6, 3, 0, 4, 3)]  below  [45s]
start   32 rank1    I = 2.8949446417757  I-I_ME = -3.222e-02  |grad| = 9.4e-08  nonproj = 6.1e-02  ranks = [(2, 2, 1, 2, 2, 2, 2), (2, 2, 1, 2, 2, 2, 1), (2, 2, 1, 2, 2, 2, 1), (2, 2, 2, 2, 2, 2, 1)]  below  [46s]
start   33 frame    I = 2.8949446417757  I-I_ME = -3.222e-02  |grad| = 5.5e-10  nonproj = 7.7e-02  ranks = [(2, 2, 2, 2, 1, 2, 2), (2, 2, 2, 1, 1, 2, 2), (2, 2, 2, 1, 1, 2, 2), (2, 2, 2, 1, 2, 2, 2)]  below  [47s]
start   34 dkzpert  I = 2.8022481551314  I-I_ME = -1.249e-01  |grad| = 2.3e-10  nonproj = 8.9e-02  ranks = [(2, 2, 2, 2, 2, 2, 2), (3, 2, 2, 2, 2, 2, 3), (2, 1, 1, 2, 2, 2, 2), (2, 1, 2, 2, 2, 2, 2)]  below  [48s]
start   35 dkzcomp  I = 2.8949446417757  I-I_ME = -3.222e-02  |grad| = 3.3e-10  nonproj = 2.5e-02  ranks = [(2, 2, 2, 2, 2, 2, 1), (2, 1, 2, 2, 2, 2, 1), (2, 1, 2, 2, 2, 2, 2), (1, 1, 2, 2, 2, 2, 2)]  below  [49s]
start   36 gauss    I = 2.8949446417757  I-I_ME = -3.222e-02  |grad| = 1.6e-10  nonproj = 4.9e-02  ranks = [(2, 2, 2, 2, 2, 2, 2), (2, 2, 2, 1, 2, 1, 2), (2, 2, 2, 1, 2, 1, 2), (2, 2, 2, 1, 2, 1, 2)]  below  [50s]
start   37 rank     I = 2.4224873240844  I-I_ME = -5.047e-01  |grad| = 4.6e-11  nonproj = 1.3e-01  ranks = [(5, 6, 3, 1, 3, 3, 4), (3, 3, 0, 4, 3, 5, 2), (1, 3, 1, 7, 3, 2, 0), (3, 4, 4, 6, 0, 1, 1)]  below  [52s]
start   38 rank1    I = 2.8949446417757  I-I_ME = -3.222e-02  |grad| = 4.3e-10  nonproj = 6.0e-02  ranks = [(2, 1, 1, 2, 2, 2, 2), (2, 1, 1, 2, 2, 2, 2), (2, 2, 2, 2, 2, 2, 2), (2, 2, 1, 1, 2, 2, 2)]  below  [53s]
start   39 frame    I = 2.8022481551314  I-I_ME = -1.249e-01  |grad| = 5.5e-10  nonproj = 7.9e-02  ranks = [(2, 2, 2, 2, 2, 2, 2), (2, 2, 2, 2, 2, 2, 2), (2, 2, 2, 1, 2, 2, 2), (2, 2, 1, 2, 2, 2, 2)]  below  [55s]
start   40 dkzpert  I = 2.8022481551314  I-I_ME = -1.249e-01  |grad| = 6.0e-10  nonproj = 6.9e-02  ranks = [(2, 2, 2, 2, 3, 2, 2), (2, 2, 2, 2, 2, 1, 2), (3, 2, 1, 2, 2, 2, 2), (2, 1, 1, 2, 2, 2, 2)]  below  [58s]
start   41 dkzcomp  I = 2.8022481551314  I-I_ME = -1.249e-01  |grad| = 3.7e-10  nonproj = 6.5e-02  ranks = [(3, 3, 2, 1, 2, 2, 2), (2, 2, 1, 2, 3, 2, 2), (2, 2, 1, 2, 2, 2, 1), (2, 2, 2, 3, 2, 2, 1)]  below  [59s]
start   42 gauss    I = 2.8949446417757  I-I_ME = -3.222e-02  |grad| = 1.6e-11  nonproj = 3.0e-02  ranks = [(2, 2, 2, 2, 2, 1, 2), (2, 2, 2, 1, 2, 1, 2), (2, 2, 2, 1, 2, 2, 2), (2, 2, 2, 1, 2, 2, 1)]  below  [60s]
start   43 rank     I = 2.3419457980630  I-I_ME = -5.852e-01  |grad| = 4.6e-10  nonproj = 1.6e-01  ranks = [(1, 1, 2, 0, 2, 8, 3), (2, 3, 4, 3, 6, 6, 0), (5, 6, 5, 5, 4, 2, 1), (7, 4, 2, 3, 1, 0, 5)]  below  [63s]
start   44 rank1    I = 2.8022481551314  I-I_ME = -1.249e-01  |grad| = 4.0e-10  nonproj = 7.9e-02  ranks = [(2, 2, 2, 2, 1, 2, 1), (2, 2, 2, 2, 1, 2, 2), (2, 2, 2, 2, 2, 2, 2), (1, 2, 2, 2, 2, 2, 2)]  below  [64s]
start   45 frame    I = 2.8022481551314  I-I_ME = -1.249e-01  |grad| = 1.8e-09  nonproj = 5.6e-02  ranks = [(1, 2, 1, 2, 2, 2, 2), (1, 2, 2, 2, 2, 2, 2), (2, 2, 2, 2, 2, 2, 2), (2, 2, 2, 2, 2, 2, 2)]  below  [66s]
start   46 dkzpert  I = 2.8949446417757  I-I_ME = -3.222e-02  |grad| = 1.7e-10  nonproj = 3.1e-02  ranks = [(1, 2, 2, 2, 2, 1, 2), (1, 2, 2, 2, 2, 1, 2), (1, 2, 2, 2, 2, 2, 2), (2, 2, 2, 2, 2, 2, 1)]  below  [67s]
start   47 dkzcomp  I = 2.8022481551314  I-I_ME = -1.249e-01  |grad| = 4.7e-10  nonproj = 5.8e-02  ranks = [(1, 2, 2, 2, 2, 2, 2), (2, 2, 3, 2, 2, 2, 1), (2, 2, 2, 1, 2, 2, 1), (3, 2, 2, 2, 2, 2, 2)]  below  [68s]
start   48 gauss    I = 2.8022481551314  I-I_ME = -1.249e-01  |grad| = 2.5e-10  nonproj = 5.8e-02  ranks = [(2, 2, 2, 3, 2, 2, 2), (1, 3, 2, 2, 2, 1, 2), (2, 3, 1, 2, 2, 1, 3), (1, 2, 2, 2, 3, 2, 3)]  below  [69s]
start   49 rank     I = 2.5238379353092  I-I_ME = -4.033e-01  |grad| = 9.6e-10  nonproj = 1.2e-01  ranks = [(1, 2, 5, 6, 2, 3, 1), (2, 5, 6, 1, 2, 1, 1), (4, 5, 3, 0, 2, 0, 2), (5, 3, 2, 0, 5, 1, 6)]  below  [71s]
start   50 rank1    I = 2.8022481551314  I-I_ME = -1.249e-01  |grad| = 3.3e-10  nonproj = 8.3e-02  ranks = [(2, 2, 1, 2, 2, 2, 2), (1, 2, 2, 2, 2, 2, 2), (2, 2, 2, 2, 2, 2, 1), (2, 2, 2, 2, 2, 2, 2)]  below  [73s]
start   51 frame    I = 2.8949446417757  I-I_ME = -3.222e-02  |grad| = 6.6e-10  nonproj = 4.9e-02  ranks = [(2, 2, 2, 1, 2, 2, 1), (2, 2, 2, 1, 2, 2, 1), (2, 2, 2, 2, 2, 2, 2), (1, 2, 2, 2, 1, 2, 2)]  below  [74s]
start   52 dkzpert  I = 2.8949446417757  I-I_ME = -3.222e-02  |grad| = 3.2e-10  nonproj = 4.7e-02  ranks = [(1, 2, 2, 2, 2, 1, 2), (1, 2, 2, 2, 2, 2, 2), (2, 2, 2, 2, 2, 2, 1), (2, 1, 2, 2, 2, 2, 1)]  below  [74s]
start   53 dkzcomp  I = 2.8949446417757  I-I_ME = -3.222e-02  |grad| = 5.3e-10  nonproj = 5.0e-02  ranks = [(2, 2, 2, 1, 2, 1, 2), (2, 2, 2, 1, 2, 1, 2), (2, 2, 2, 1, 2, 2, 2), (2, 2, 2, 2, 2, 2, 1)]  below  [75s]
start   54 gauss    I = 2.8022481551314  I-I_ME = -1.249e-01  |grad| = 3.0e-10  nonproj = 6.4e-02  ranks = [(2, 3, 3, 1, 1, 2, 2), (3, 2, 2, 2, 3, 3, 3), (2, 1, 2, 2, 2, 1, 2), (2, 1, 2, 3, 2, 1, 2)]  below  [76s]
start   55 rank     I = 2.6033500701169  I-I_ME = -3.238e-01  |grad| = 4.2e-10  nonproj = 7.1e-02  ranks = [(3, 0, 2, 1, 1, 5, 4), (3, 2, 3, 3, 2, 4, 2), (4, 5, 3, 2, 1, 1, 2), (5, 4, 0, 2, 1, 1, 3)]  below  [78s]
start   56 rank1    I = 2.8949446417757  I-I_ME = -3.222e-02  |grad| = 1.6e-10  nonproj = 4.9e-02  ranks = [(1, 2, 1, 2, 2, 2, 2), (1, 2, 2, 2, 2, 2, 2), (1, 2, 2, 1, 2, 2, 2), (2, 2, 2, 1, 2, 2, 2)]  below  [79s]
start   57 frame    I = 2.8949446417757  I-I_ME = -3.222e-02  |grad| = 6.0e-10  nonproj = 2.1e-02  ranks = [(2, 2, 2, 2, 1, 2, 2), (1, 2, 2, 2, 1, 2, 2), (1, 2, 2, 2, 1, 2, 2), (1, 2, 2, 2, 2, 2, 2)]  below  [80s]
start   58 dkzpert  I = 2.8949446417757  I-I_ME = -3.222e-02  |grad| = 3.6e-10  nonproj = 5.5e-02  ranks = [(2, 1, 2, 2, 1, 2, 2), (2, 1, 2, 2, 1, 2, 2), (2, 1, 2, 2, 1, 2, 2), (2, 2, 2, 2, 2, 2, 2)]  below  [81s]
start   59 dkzcomp  I = 2.8949446417757  I-I_ME = -3.222e-02  |grad| = 8.1e-11  nonproj = 5.3e-02  ranks = [(2, 2, 2, 1, 2, 2, 2), (2, 2, 2, 1, 2, 1, 2), (2, 2, 2, 2, 2, 1, 2), (2, 2, 2, 2, 1, 1, 2)]  below  [83s]
start   60 gauss    I = 2.8022481551314  I-I_ME = -1.249e-01  |grad| = 4.5e-10  nonproj = 5.8e-02  ranks = [(2, 2, 2, 2, 1, 3, 3), (1, 2, 2, 2, 2, 3, 1), (2, 3, 3, 3, 3, 2, 1), (2, 2, 2, 2, 2, 1, 1)]  below  [84s]
start   61 rank     I = 2.5238379353115  I-I_ME = -4.033e-01  |grad| = 5.7e-10  nonproj = 1.5e-01  ranks = [(0, 2, 2, 4, 6, 5, 3), (1, 4, 5, 6, 3, 0, 1), (6, 5, 4, 3, 1, 0, 2), (5, 0, 2, 2, 1, 1, 4)]  below  [86s]
start   62 rank1    I = 2.8949446417757  I-I_ME = -3.222e-02  |grad| = 2.7e-10  nonproj = 4.6e-02  ranks = [(2, 2, 2, 2, 1, 2, 2), (2, 2, 1, 2, 2, 2, 2), (2, 2, 1, 2, 2, 1, 2), (2, 2, 1, 2, 2, 1, 2)]  below  [87s]
start   63 frame    I = 2.8949446417757  I-I_ME = -3.222e-02  |grad| = 1.5e-09  nonproj = 2.7e-02  ranks = [(2, 2, 2, 2, 1, 2, 2), (2, 1, 2, 2, 1, 2, 2), (2, 1, 2, 2, 2, 2, 2), (2, 1, 2, 2, 2, 1, 2)]  below  [89s]
start   64 dkzpert  I = 2.8949446417757  I-I_ME = -3.222e-02  |grad| = 8.9e-11  nonproj = 4.9e-02  ranks = [(2, 1, 2, 2, 2, 2, 2), (2, 1, 2, 2, 2, 1, 2), (2, 1, 2, 2, 2, 1, 2), (2, 2, 2, 2, 2, 1, 2)]  below  [90s]
start   65 dkzcomp  I = 2.8949446417757  I-I_ME = -3.222e-02  |grad| = 1.9e-10  nonproj = 6.7e-04  ranks = [(2, 2, 2, 2, 2, 2, 2), (2, 2, 1, 2, 2, 1, 2), (2, 2, 1, 2, 2, 1, 2), (2, 2, 1, 2, 2, 1, 2)]  below  [91s]
start   66 gauss    I = 2.8949446417757  I-I_ME = -3.222e-02  |grad| = 6.6e-10  nonproj = 2.0e-03  ranks = [(2, 1, 2, 1, 2, 2, 2), (2, 1, 2, 2, 2, 2, 2), (2, 2, 2, 2, 1, 2, 2), (2, 2, 1, 2, 1, 2, 2)]  below  [92s]
start   67 rank     I = 2.5116829746805  I-I_ME = -4.155e-01  |grad| = 3.2e-08  nonproj = 1.4e-01  ranks = [(5, 6, 3, 2, 4, 4, 1), (6, 3, 0, 3, 3, 0, 0), (6, 2, 0, 3, 1, 1, 3), (2, 2, 3, 4, 3, 2, 4)]  below  [96s]
start   68 rank1    I = 2.8949446417757  I-I_ME = -3.222e-02  |grad| = 3.3e-07  nonproj = 1.0e-01  ranks = [(2, 2, 2, 2, 2, 2, 2), (2, 2, 2, 2, 2, 1, 1), (2, 2, 2, 2, 2, 1, 1), (2, 2, 2, 2, 2, 1, 1)]  below  [97s]
start   69 frame    I = 2.8949446417757  I-I_ME = -3.222e-02  |grad| = 2.2e-10  nonproj = 9.4e-02  ranks = [(2, 2, 2, 2, 2, 2, 1), (2, 1, 2, 2, 2, 2, 2), (1, 1, 2, 2, 2, 2, 2), (1, 1, 2, 2, 2, 2, 2)]  below  [98s]
start   70 dkzpert  I = 2.8949446417757  I-I_ME = -3.222e-02  |grad| = 7.6e-10  nonproj = 1.4e-02  ranks = [(2, 2, 1, 2, 2, 2, 2), (2, 2, 1, 2, 2, 1, 2), (2, 2, 1, 2, 2, 1, 2), (2, 2, 2, 2, 2, 1, 2)]  below  [99s]
start   71 dkzcomp  I = 2.8949446417757  I-I_ME = -3.222e-02  |grad| = 8.3e-11  nonproj = 4.7e-02  ranks = [(2, 2, 1, 2, 2, 2, 2), (2, 2, 2, 2, 1, 2, 2), (2, 2, 2, 1, 1, 2, 2), (2, 2, 2, 1, 1, 2, 2)]  below  [100s]
start   72 gauss    I = 2.8949446417757  I-I_ME = -3.222e-02  |grad| = 5.2e-10  nonproj = 4.0e-02  ranks = [(2, 1, 1, 2, 2, 2, 2), (2, 1, 2, 2, 2, 2, 2), (2, 2, 2, 1, 2, 2, 2), (2, 2, 1, 1, 2, 2, 2)]  below  [101s]
start   73 rank     I = 2.6170583741622  I-I_ME = -3.101e-01  |grad| = 4.5e-10  nonproj = 7.9e-02  ranks = [(2, 4, 5, 1, 3, 1, 1), (5, 3, 3, 1, 2, 2, 4), (2, 0, 2, 2, 2, 5, 4), (1, 0, 2, 4, 3, 5, 1)]  below  [103s]
start   74 rank1    I = 2.8949446417757  I-I_ME = -3.222e-02  |grad| = 3.2e-10  nonproj = 3.8e-02  ranks = [(2, 2, 2, 1, 2, 2, 2), (2, 2, 2, 1, 2, 2, 1), (2, 2, 2, 1, 2, 2, 1), (2, 2, 2, 2, 2, 2, 1)]  below  [104s]
start   75 frame    I = 2.8949446417757  I-I_ME = -3.222e-02  |grad| = 8.5e-10  nonproj = 6.1e-02  ranks = [(2, 2, 2, 2, 2, 2, 1), (2, 2, 2, 2, 2, 1, 2), (1, 2, 2, 2, 2, 1, 2), (1, 2, 2, 2, 2, 1, 2)]  below  [105s]
start   76 dkzpert  I = 2.8949446417757  I-I_ME = -3.222e-02  |grad| = 1.6e-10  nonproj = 5.3e-02  ranks = [(2, 2, 2, 2, 1, 1, 2), (2, 2, 2, 2, 1, 1, 2), (2, 2, 2, 2, 2, 2, 2), (2, 2, 2, 2, 2, 1, 1)]  below  [106s]
start   77 dkzcomp  I = 2.8949446417757  I-I_ME = -3.222e-02  |grad| = 3.7e-10  nonproj = 5.3e-02  ranks = [(2, 1, 2, 2, 2, 1, 2), (2, 2, 2, 2, 2, 1, 2), (2, 2, 1, 2, 2, 1, 2), (2, 2, 1, 2, 2, 2, 2)]  below  [107s]
start   78 gauss    I = 2.8022481551314  I-I_ME = -1.249e-01  |grad| = 2.5e-10  nonproj = 7.2e-02  ranks = [(3, 2, 1, 2, 2, 2, 1), (3, 2, 1, 2, 2, 1, 2), (2, 2, 2, 2, 2, 2, 3), (1, 3, 3, 2, 3, 2, 2)]  below  [108s]
start   79 rank     I = 2.6975999001792  I-I_ME = -2.296e-01  |grad| = 5.7e-10  nonproj = 7.0e-02  ranks = [(1, 3, 4, 2, 2, 1, 4), (1, 3, 2, 1, 2, 3, 4), (2, 2, 1, 3, 3, 3, 2), (3, 1, 1, 3, 2, 3, 2)]  below  [110s]
start   80 rank1    I = 2.8949446417756  I-I_ME = -3.222e-02  |grad| = 9.7e-11  nonproj = 1.0e-02  ranks = [(2, 2, 2, 2, 1, 2, 2), (2, 2, 2, 2, 1, 2, 1), (2, 2, 2, 2, 2, 2, 1), (2, 2, 2, 2, 2, 1, 1)]  below  [111s]
start   81 frame    I = 2.8949446417757  I-I_ME = -3.222e-02  |grad| = 5.7e-10  nonproj = 4.6e-02  ranks = [(1, 2, 2, 1, 2, 2, 2), (1, 2, 2, 1, 2, 2, 2), (2, 2, 2, 2, 2, 2, 2), (2, 1, 2, 2, 1, 2, 2)]  below  [112s]
start   82 dkzpert  I = 2.8022481551314  I-I_ME = -1.249e-01  |grad| = 2.9e-10  nonproj = 6.5e-02  ranks = [(2, 1, 2, 2, 2, 2, 2), (2, 2, 2, 2, 2, 2, 1), (3, 2, 2, 2, 2, 2, 2), (2, 2, 2, 2, 1, 2, 2)]  below  [114s]
start   83 dkzcomp  I = 2.8949446417757  I-I_ME = -3.222e-02  |grad| = 9.5e-10  nonproj = 2.1e-02  ranks = [(1, 2, 2, 1, 2, 2, 2), (2, 2, 2, 1, 2, 2, 2), (2, 1, 2, 1, 2, 2, 2), (2, 1, 2, 2, 2, 2, 2)]  below  [116s]
start   84 gauss    I = 2.8022481551314  I-I_ME = -1.249e-01  |grad| = 3.4e-10  nonproj = 7.5e-02  ranks = [(2, 3, 2, 2, 2, 3, 3), (2, 2, 1, 2, 2, 2, 2), (2, 1, 1, 3, 3, 2, 2), (2, 1, 2, 3, 2, 1, 2)]  below  [117s]
start   85 rank     I = 2.6043794613284  I-I_ME = -3.228e-01  |grad| = 4.1e-10  nonproj = 9.5e-02  ranks = [(3, 4, 4, 3, 2, 0, 0), (5, 4, 3, 1, 1, 0, 3), (2, 2, 3, 1, 1, 2, 4), (1, 3, 3, 3, 4, 5, 3)]  below  [120s]
start   86 rank1    I = 2.8949446417757  I-I_ME = -3.222e-02  |grad| = 3.2e-10  nonproj = 3.3e-02  ranks = [(2, 1, 2, 2, 2, 2, 2), (1, 1, 2, 2, 2, 2, 2), (1, 2, 2, 2, 2, 2, 2), (1, 2, 1, 2, 2, 2, 2)]  below  [121s]
start   87 frame    I = 2.8949446417757  I-I_ME = -3.222e-02  |grad| = 3.2e-10  nonproj = 4.1e-02  ranks = [(2, 1, 2, 2, 1, 2, 2), (2, 1, 2, 2, 1, 2, 2), (2, 1, 2, 2, 2, 2, 2), (2, 2, 2, 2, 2, 1, 2)]  below  [123s]
start   88 dkzpert  I = 2.8949446417757  I-I_ME = -3.222e-02  |grad| = 4.0e-10  nonproj = 5.6e-02  ranks = [(2, 2, 2, 1, 2, 2, 1), (2, 2, 2, 2, 2, 2, 2), (1, 2, 2, 2, 1, 2, 2), (1, 2, 2, 2, 1, 2, 2)]  below  [123s]
start   89 dkzcomp  I = 2.8949446417757  I-I_ME = -3.222e-02  |grad| = 5.7e-10  nonproj = 1.7e-02  ranks = [(1, 2, 2, 2, 2, 2, 2), (1, 2, 2, 2, 2, 1, 2), (2, 2, 2, 2, 2, 1, 2), (2, 1, 2, 2, 2, 1, 2)]  below  [125s]
# BEST d=7 D=12: I = 2.8949446417757  I_ME = 2.9271609424245  I-I_ME = -3.222e-02  (init frame)  counts {'below': 90}
