# d=6 D=8 nstart=90 seed=6008  I_ME(d) = 2.9202036063791
start    0 gauss    I = 2.6901527047843  I-I_ME = -2.301e-01  |grad| = 7.4e-10  nonproj = 6.4e-02  ranks = [(1, 1, 1, 1, 3, 2), (1, 1, 1, 2, 3, 1), (2, 2, 2, 3, 2, 1), (3, 2, 2, 2, 1, 2)]  below  [0s]
start    1 rank     I = 2.5275735170138  I-I_ME = -3.926e-01  |grad| = 7.3e-10  nonproj = 9.6e-02  ranks = [(4, 2, 2, 3, 1, 2), (3, 0, 1, 2, 0, 4), (1, 1, 2, 2, 1, 4), (1, 3, 2, 2, 3, 2)]  below  [1s]
start    2 rank1    I = 2.8144167734962  I-I_ME = -1.058e-01  |grad| = 1.7e-10  nonproj = 5.3e-02  ranks = [(2, 1, 1, 1, 2, 2), (2, 1, 2, 2, 2, 1), (2, 2, 2, 1, 1, 1), (2, 2, 1, 1, 1, 1)]  below  [1s]
start    3 frame    I = 2.8144167734962  I-I_ME = -1.058e-01  |grad| = 1.1e-09  nonproj = 9.1e-02  ranks = [(1, 2, 1, 2, 1, 1), (2, 2, 2, 2, 1, 2), (1, 1, 2, 1, 1, 2), (1, 1, 2, 1, 2, 2)]  below  [1s]
start    4 dkzpert  I = 2.8144167734962  I-I_ME = -1.058e-01  |grad| = 6.4e-10  nonproj = 5.8e-02  ranks = [(1, 1, 1, 2, 1, 2), (1, 1, 1, 2, 2, 2), (1, 1, 2, 2, 2, 1), (2, 2, 2, 1, 2, 1)]  below  [1s]
start    5 dkzcomp  I = 2.8144167734962  I-I_ME = -1.058e-01  |grad| = 2.4e-10  nonproj = 6.7e-02  ranks = [(1, 2, 1, 1, 1, 2), (1, 2, 1, 1, 2, 2), (1, 2, 1, 2, 2, 1), (2, 2, 2, 2, 1, 1)]  below  [1s]
start    6 gauss    I = 2.6901527047843  I-I_ME = -2.301e-01  |grad| = 4.2e-11  nonproj = 9.2e-02  ranks = [(1, 1, 1, 2, 3, 2), (1, 1, 1, 2, 2, 1), (2, 2, 2, 3, 2, 1), (3, 2, 2, 2, 1, 2)]  below  [1s]
start    7 rank     I = 2.4033094483064  I-I_ME = -5.169e-01  |grad| = 4.0e-10  nonproj = 1.4e-01  ranks = [(0, 1, 5, 2, 5, 4), (4, 4, 5, 1, 1, 1), (4, 0, 2, 1, 0, 1), (5, 1, 2, 1, 0, 2)]  below  [2s]
start    8 rank1    I = 2.6901527047843  I-I_ME = -2.301e-01  |grad| = 8.5e-10  nonproj = 6.0e-02  ranks = [(2, 2, 2, 1, 1, 2), (1, 2, 1, 2, 2, 2), (2, 2, 2, 2, 1, 2), (1, 2, 2, 2, 2, 2)]  below  [2s]
start    9 frame    I = 2.8144167734962  I-I_ME = -1.058e-01  |grad| = 2.3e-08  nonproj = 1.0e-02  ranks = [(1, 1, 2, 1, 1, 2), (1, 2, 2, 1, 1, 2), (2, 2, 1, 1, 1, 2), (2, 1, 1, 2, 2, 2)]  below  [2s]
start   10 dkzpert  I = 2.8144167734962  I-I_ME = -1.058e-01  |grad| = 6.8e-10  nonproj = 3.5e-02  ranks = [(2, 1, 1, 2, 1, 1), (2, 1, 2, 2, 1, 2), (1, 1, 2, 1, 1, 2), (1, 2, 2, 1, 2, 2)]  below  [3s]
start   11 dkzcomp  I = 2.8144167734962  I-I_ME = -1.058e-01  |grad| = 1.7e-07  nonproj = 3.1e-02  ranks = [(1, 1, 1, 2, 1, 2), (2, 2, 2, 2, 1, 2), (2, 1, 1, 1, 1, 2), (2, 1, 1, 1, 2, 2)]  below  [3s]
start   12 gauss    I = 2.8144167734962  I-I_ME = -1.058e-01  |grad| = 1.2e-09  nonproj = 7.6e-02  ranks = [(2, 1, 1, 1, 1, 2), (2, 1, 1, 2, 2, 2), (2, 1, 2, 2, 1, 1), (2, 2, 2, 1, 1, 1)]  below  [3s]
start   13 rank     I = 2.5237604307030  I-I_ME = -3.964e-01  |grad| = 5.4e-10  nonproj = 1.3e-01  ranks = [(3, 2, 3, 2, 3, 2), (1, 0, 3, 3, 1, 3), (1, 1, 3, 3, 0, 3), (1, 0, 2, 3, 0, 3)]  below  [3s]
start   14 rank1    I = 2.8144167734962  I-I_ME = -1.058e-01  |grad| = 8.3e-10  nonproj = 4.9e-02  ranks = [(1, 2, 2, 1, 2, 1), (2, 2, 1, 2, 2, 1), (2, 1, 1, 2, 1, 2), (1, 1, 1, 2, 1, 2)]  below  [3s]
start   15 frame    I = 2.8144167734962  I-I_ME = -1.058e-01  |grad| = 8.6e-10  nonproj = 1.2e-01  ranks = [(2, 2, 1, 1, 2, 2), (1, 1, 1, 1, 2, 2), (1, 1, 2, 2, 2, 2), (1, 1, 2, 1, 1, 2)]  below  [4s]
start   16 dkzpert  I = 2.6901527047843  I-I_ME = -2.301e-01  |grad| = 1.3e-09  nonproj = 9.1e-02  ranks = [(2, 2, 2, 1, 2, 2), (1, 2, 2, 2, 2, 1), (2, 2, 2, 2, 2, 2), (1, 2, 2, 2, 1, 1)]  below  [4s]
start   17 dkzcomp  I = 2.8144167734962  I-I_ME = -1.058e-01  |grad| = 5.0e-10  nonproj = 1.1e-01  ranks = [(1, 2, 1, 1, 1, 2), (2, 2, 1, 1, 1, 2), (2, 1, 1, 1, 2, 2), (2, 1, 2, 2, 2, 1)]  below  [4s]
start   18 gauss    I = 2.6901527047843  I-I_ME = -2.301e-01  |grad| = 1.6e-09  nonproj = 1.1e-01  ranks = [(2, 2, 1, 1, 3, 2), (1, 1, 2, 2, 3, 1), (1, 1, 2, 1, 2, 1), (2, 2, 3, 2, 2, 2)]  below  [4s]
start   19 rank     I = 2.5275735170183  I-I_ME = -3.926e-01  |grad| = 4.3e-06  nonproj = 1.3e-01  ranks = [(0, 3, 3, 1, 2, 1), (0, 4, 1, 1, 2, 1), (3, 4, 0, 3, 3, 2), (3, 1, 1, 4, 2, 3)]  below  [5s]
start   20 rank1    I = 2.6901527047843  I-I_ME = -2.301e-01  |grad| = 1.1e-10  nonproj = 1.1e-01  ranks = [(1, 1, 2, 2, 2, 1), (1, 1, 2, 2, 1, 1), (2, 2, 2, 2, 2, 2), (2, 2, 2, 1, 2, 2)]  below  [5s]
start   21 frame    I = 2.6901527047831  I-I_ME = -2.301e-01  |grad| = 7.9e-10  nonproj = 8.9e-02  ranks = [(2, 2, 2, 2, 1, 1), (2, 2, 2, 1, 2, 2), (2, 2, 1, 2, 2, 2), (1, 1, 2, 2, 2, 2)]  below  [6s]
start   22 dkzpert  I = 2.8144167734962  I-I_ME = -1.058e-01  |grad| = 5.3e-10  nonproj = 6.4e-02  ranks = [(2, 1, 1, 1, 2, 1), (2, 2, 2, 2, 2, 1), (2, 2, 1, 1, 1, 1), (2, 2, 1, 1, 1, 2)]  below  [6s]
start   23 dkzcomp  I = 2.8144167734962  I-I_ME = -1.058e-01  |grad| = 3.8e-10  nonproj = 7.9e-02  ranks = [(2, 1, 1, 2, 1, 2), (1, 1, 1, 2, 1, 2), (1, 1, 1, 2, 1, 2), (1, 2, 2, 2, 2, 2)]  below  [6s]
start   24 gauss    I = 2.8144167734962  I-I_ME = -1.058e-01  |grad| = 3.0e-11  nonproj = 9.0e-02  ranks = [(2, 1, 1, 1, 1, 2), (2, 1, 1, 1, 2, 2), (2, 1, 1, 1, 2, 1), (2, 2, 2, 2, 2, 1)]  below  [7s]
start   25 rank     I = 2.4033094483064  I-I_ME = -5.169e-01  |grad| = 8.5e-10  nonproj = 1.4e-01  ranks = [(1, 2, 1, 3, 3, 5), (0, 1, 2, 4, 2, 2), (3, 3, 5, 4, 2, 1), (4, 1, 3, 1, 1, 0)]  below  [7s]
start   26 rank1    I = 2.6901527047843  I-I_ME = -2.301e-01  |grad| = 1.4e-10  nonproj = 6.8e-02  ranks = [(2, 2, 2, 1, 1, 1), (2, 2, 2, 1, 1, 1), (2, 2, 1, 2, 2, 2), (1, 1, 2, 2, 2, 2)]  below  [7s]
start   27 frame    I = 2.8144167734962  I-I_ME = -1.058e-01  |grad| = 8.5e-10  nonproj = 1.1e-01  ranks = [(1, 2, 2, 1, 1, 2), (1, 2, 1, 1, 1, 2), (1, 2, 1, 1, 2, 2), (2, 2, 1, 2, 2, 1)]  below  [7s]
start   28 dkzpert  I = 2.8144167734962  I-I_ME = -1.058e-01  |grad| = 6.2e-10  nonproj = 4.8e-02  ranks = [(2, 1, 1, 1, 1, 2), (2, 2, 2, 2, 2, 2), (2, 2, 1, 1, 1, 1), (2, 2, 1, 1, 1, 1)]  below  [8s]
start   29 dkzcomp  I = 2.8144167734962  I-I_ME = -1.058e-01  |grad| = 2.7e-06  nonproj = 8.9e-02  ranks = [(1, 1, 2, 2, 1, 1), (2, 2, 2, 2, 1, 1), (2, 1, 1, 2, 1, 1), (2, 1, 1, 2, 2, 2)]  below  [8s]
start   30 gauss    I = 2.8082071001949  I-I_ME = -1.120e-01  |grad| = 1.8e-11  nonproj = 6.7e-02  ranks = [(2, 1, 2, 2, 2, 1), (2, 1, 2, 1, 2, 0), (2, 2, 2, 1, 2, 1), (1, 2, 1, 1, 2, 1)]  below  [8s]
start   31 rank     I = 2.5275735170159  I-I_ME = -3.926e-01  |grad| = 1.1e-09  nonproj = 9.3e-02  ranks = [(2, 2, 3, 1, 0, 3), (2, 1, 2, 1, 3, 4), (1, 0, 2, 3, 4, 1), (2, 2, 2, 3, 2, 0)]  below  [9s]
start   32 rank1    I = 2.8144167734962  I-I_ME = -1.058e-01  |grad| = 3.2e-07  nonproj = 8.4e-02  ranks = [(1, 2, 2, 2, 2, 1), (2, 2, 2, 1, 1, 2), (1, 1, 2, 1, 1, 2), (1, 1, 2, 1, 1, 2)]  below  [9s]
start   33 frame    I = 2.8144167734962  I-I_ME = -1.058e-01  |grad| = 1.6e-09  nonproj = 6.2e-02  ranks = [(2, 1, 2, 2, 2, 1), (2, 1, 2, 1, 1, 1), (2, 2, 2, 1, 1, 2), (1, 2, 1, 1, 1, 2)]  below  [9s]
start   34 dkzpert  I = 2.6901527047843  I-I_ME = -2.301e-01  |grad| = 5.3e-10  nonproj = 7.3e-02  ranks = [(2, 2, 1, 2, 1, 1), (2, 1, 2, 2, 2, 2), (1, 1, 2, 2, 1, 1), (2, 2, 2, 2, 2, 2)]  below  [9s]
start   35 dkzcomp  I = 2.8144167734962  I-I_ME = -1.058e-01  |grad| = 6.1e-10  nonproj = 5.5e-02  ranks = [(2, 2, 1, 2, 1, 1), (2, 1, 1, 2, 1, 2), (1, 1, 1, 2, 2, 2), (1, 1, 2, 2, 2, 1)]  below  [10s]
start   36 gauss    I = 2.8082071001949  I-I_ME = -1.120e-01  |grad| = 9.0e-10  nonproj = 6.8e-02  ranks = [(2, 2, 2, 1, 2, 1), (2, 2, 1, 0, 2, 1), (2, 2, 1, 1, 2, 1), (2, 2, 1, 1, 1, 2)]  below  [10s]
start   37 rank     I = 2.2618802153504  I-I_ME = -6.583e-01  |grad| = 1.2e-10  nonproj = 1.4e-01  ranks = [(1, 2, 1, 4, 2, 2), (3, 5, 3, 3, 0, 3), (2, 4, 0, 0, 1, 3), (4, 2, 2, 2, 4, 3)]  below  [10s]
start   38 rank1    I = 2.8082071001949  I-I_ME = -1.120e-01  |grad| = 1.7e-10  nonproj = 1.0e-01  ranks = [(2, 2, 1, 2, 1, 1), (2, 2, 2, 2, 0, 1), (2, 2, 2, 1, 1, 2), (1, 2, 2, 1, 1, 1)]  below  [11s]
start   39 frame    I = 2.8144167734962  I-I_ME = -1.058e-01  |grad| = 9.3e-10  nonproj = 6.9e-02  ranks = [(2, 1, 2, 2, 1, 1), (2, 1, 2, 1, 1, 2), (1, 1, 2, 1, 2, 2), (1, 2, 2, 1, 2, 1)]  below  [11s]
start   40 dkzpert  I = 2.6901527047843  I-I_ME = -2.301e-01  |grad| = 4.0e-10  nonproj = 9.9e-02  ranks = [(2, 1, 1, 2, 2, 2), (2, 1, 2, 2, 1, 1), (2, 2, 2, 2, 2, 2), (2, 2, 2, 1, 1, 1)]  below  [11s]
start   41 dkzcomp  I = 2.8082071001949  I-I_ME = -1.120e-01  |grad| = 4.8e-10  nonproj = 8.1e-02  ranks = [(2, 2, 2, 1, 1, 2), (1, 1, 2, 2, 1, 2), (1, 1, 2, 2, 0, 2), (1, 1, 2, 2, 1, 2)]  below  [11s]
start   42 gauss    I = 2.8144167734962  I-I_ME = -1.058e-01  |grad| = 1.7e-09  nonproj = 1.3e-01  ranks = [(1, 1, 1, 2, 2, 1), (1, 1, 2, 2, 2, 1), (2, 2, 2, 1, 2, 1), (2, 1, 1, 1, 2, 2)]  below  [11s]
start   43 rank     I = 2.3861442840565  I-I_ME = -5.341e-01  |grad| = 9.5e-08  nonproj = 1.4e-01  ranks = [(1, 2, 2, 0, 0, 5), (1, 2, 1, 1, 1, 5), (4, 4, 3, 3, 4, 4), (5, 2, 0, 2, 1, 0)]  below  [12s]
start   44 rank1    I = 2.6901527047843  I-I_ME = -2.301e-01  |grad| = 2.1e-09  nonproj = 1.0e-01  ranks = [(1, 1, 2, 2, 1, 2), (2, 2, 2, 1, 2, 2), (1, 1, 1, 1, 2, 2), (2, 2, 2, 2, 2, 2)]  below  [12s]
start   45 frame    I = 2.6901527047843  I-I_ME = -2.301e-01  |grad| = 6.4e-10  nonproj = 8.5e-02  ranks = [(2, 2, 2, 1, 1, 2), (2, 2, 1, 2, 2, 2), (1, 1, 1, 2, 1, 2), (1, 1, 2, 2, 2, 2)]  below  [12s]
start   46 dkzpert  I = 2.6901527047843  I-I_ME = -2.301e-01  |grad| = 4.5e-10  nonproj = 9.7e-02  ranks = [(2, 2, 2, 2, 2, 2), (2, 1, 2, 2, 1, 1), (2, 2, 2, 1, 2, 2), (2, 1, 1, 1, 2, 1)]  below  [13s]
start   47 dkzcomp  I = 2.8144167734962  I-I_ME = -1.058e-01  |grad| = 5.0e-10  nonproj = 1.1e-01  ranks = [(2, 2, 1, 1, 2, 1), (2, 1, 1, 1, 2, 1), (2, 1, 1, 1, 2, 2), (1, 1, 2, 2, 2, 2)]  below  [13s]
start   48 gauss    I = 2.8144167734962  I-I_ME = -1.058e-01  |grad| = 3.2e-11  nonproj = 7.2e-02  ranks = [(1, 2, 1, 2, 1, 1), (1, 2, 2, 2, 1, 1), (2, 2, 2, 1, 1, 1), (2, 1, 2, 1, 2, 2)]  below  [13s]
start   49 rank     I = 2.5463268848432  I-I_ME = -3.739e-01  |grad| = 1.8e-10  nonproj = 1.2e-01  ranks = [(1, 1, 2, 2, 4, 2), (1, 1, 2, 3, 3, 0), (2, 4, 4, 3, 1, 0), (4, 3, 1, 1, 1, 2)]  below  [13s]
start   50 rank1    I = 2.6901527047843  I-I_ME = -2.301e-01  |grad| = 8.6e-10  nonproj = 8.1e-02  ranks = [(2, 1, 1, 2, 2, 2), (1, 2, 2, 2, 2, 1), (2, 2, 2, 2, 1, 1), (2, 2, 2, 1, 1, 2)]  below  [13s]
start   51 frame    I = 2.8144167734962  I-I_ME = -1.058e-01  |grad| = 1.6e-09  nonproj = 7.2e-02  ranks = [(2, 2, 2, 1, 1, 1), (2, 1, 2, 1, 1, 1), (2, 1, 2, 2, 2, 2), (1, 1, 2, 2, 1, 1)]  below  [14s]
start   52 dkzpert  I = 2.6705909535551  I-I_ME = -2.496e-01  |grad| = 5.2e-07  nonproj = 8.1e-02  ranks = [(2, 1, 2, 2, 3, 2), (1, 2, 2, 2, 1, 1), (2, 2, 2, 2, 1, 1), (2, 2, 1, 2, 0, 1)]  below  [14s]
start   53 dkzcomp  I = 2.6901527047843  I-I_ME = -2.301e-01  |grad| = 3.5e-10  nonproj = 8.5e-02  ranks = [(2, 2, 2, 1, 1, 2), (1, 2, 2, 2, 2, 2), (2, 2, 2, 2, 2, 2), (1, 1, 2, 2, 2, 1)]  below  [14s]
start   54 gauss    I = 2.8144167734962  I-I_ME = -1.058e-01  |grad| = 7.4e-10  nonproj = 5.1e-02  ranks = [(1, 1, 2, 1, 2, 1), (1, 1, 2, 1, 2, 1), (1, 2, 2, 2, 2, 1), (2, 2, 1, 2, 1, 2)]  below  [14s]
start   55 rank     I = 2.6705909535552  I-I_ME = -2.496e-01  |grad| = 1.1e-09  nonproj = 1.3e-01  ranks = [(3, 3, 1, 3, 2, 1), (2, 1, 2, 2, 1, 1), (2, 1, 3, 1, 2, 2), (1, 1, 3, 0, 2, 1)]  below  [15s]
start   56 rank1    I = 2.6901527047843  I-I_ME = -2.301e-01  |grad| = 1.5e-10  nonproj = 1.5e-01  ranks = [(2, 2, 2, 2, 2, 1), (2, 1, 2, 2, 2, 2), (2, 2, 2, 1, 2, 2), (2, 1, 1, 1, 2, 2)]  below  [15s]
start   57 frame    I = 2.8144167734962  I-I_ME = -1.058e-01  |grad| = 5.6e-10  nonproj = 4.8e-02  ranks = [(1, 1, 1, 2, 2, 2), (1, 2, 2, 2, 2, 1), (1, 2, 1, 1, 2, 1), (2, 2, 1, 1, 2, 1)]  below  [15s]
start   58 dkzpert  I = 2.8144167734962  I-I_ME = -1.058e-01  |grad| = 7.5e-10  nonproj = 9.5e-02  ranks = [(1, 2, 2, 2, 1, 1), (1, 2, 2, 1, 1, 1), (1, 2, 2, 1, 1, 1), (2, 2, 2, 1, 2, 2)]  below  [16s]
start   59 dkzcomp  I = 2.8144167734962  I-I_ME = -1.058e-01  |grad| = 6.3e-10  nonproj = 8.8e-02  ranks = [(1, 2, 2, 1, 1, 2), (2, 2, 1, 1, 1, 2), (2, 1, 1, 2, 2, 2), (2, 1, 1, 2, 1, 1)]  below  [16s]
start   60 gauss    I = 2.8144167734962  I-I_ME = -1.058e-01  |grad| = 9.2e-10  nonproj = 9.9e-02  ranks = [(2, 1, 2, 1, 1, 2), (1, 2, 2, 1, 2, 2), (1, 2, 1, 2, 2, 1), (1, 2, 1, 2, 1, 1)]  below  [16s]
start   61 rank     I = 2.6518375857303  I-I_ME = -2.684e-01  |grad| = 6.9e-09  nonproj = 1.4e-01  ranks = [(1, 3, 3, 1, 1, 1), (2, 2, 3, 0, 1, 2), (2, 1, 3, 0, 2, 3), (1, 0, 3, 2, 3, 2)]  below  [16s]
start   62 rank1    I = 2.8144167734962  I-I_ME = -1.058e-01  |grad| = 1.3e-09  nonproj = 7.7e-02  ranks = [(1, 2, 2, 1, 2, 1), (1, 2, 1, 2, 2, 1), (2, 2, 1, 2, 1, 2), (1, 1, 1, 2, 1, 2)]  below  [17s]
start   63 frame    I = 2.6901527047843  I-I_ME = -2.301e-01  |grad| = 3.9e-08  nonproj = 9.4e-02  ranks = [(2, 2, 2, 2, 2, 2), (2, 1, 2, 2, 1, 1), (2, 2, 2, 1, 1, 1), (2, 2, 1, 1, 2, 2)]  below  [17s]
start   64 dkzpert  I = 2.6901527047843  I-I_ME = -2.301e-01  |grad| = 3.5e-06  nonproj = 8.4e-02  ranks = [(2, 2, 1, 1, 2, 2), (2, 1, 2, 2, 2, 1), (2, 2, 2, 1, 2, 2), (2, 2, 2, 2, 2, 1)]  below  [17s]
start   65 dkzcomp  I = 2.8144167734962  I-I_ME = -1.058e-01  |grad| = 5.7e-10  nonproj = 9.6e-02  ranks = [(2, 2, 1, 2, 1, 1), (2, 1, 1, 2, 1, 1), (2, 1, 1, 2, 1, 2), (1, 1, 2, 2, 2, 2)]  below  [18s]
start   66 gauss    I = 2.8144167734962  I-I_ME = -1.058e-01  |grad| = 2.3e-11  nonproj = 9.3e-02  ranks = [(2, 2, 2, 2, 1, 1), (2, 1, 2, 1, 1, 1), (2, 1, 2, 1, 1, 2), (1, 1, 2, 1, 2, 2)]  below  [18s]
start   67 rank     I = 2.2618802153514  I-I_ME = -6.583e-01  |grad| = 3.0e-10  nonproj = 2.0e-01  ranks = [(2, 2, 6, 0, 2, 2), (2, 3, 4, 1, 1, 4), (2, 1, 1, 2, 3, 5), (0, 1, 1, 5, 2, 3)]  below  [18s]
start   68 rank1    I = 2.8144167734962  I-I_ME = -1.058e-01  |grad| = 1.5e-10  nonproj = 4.8e-02  ranks = [(2, 2, 2, 1, 2, 2), (1, 2, 1, 1, 2, 1), (1, 2, 1, 1, 2, 1), (1, 2, 1, 2, 2, 1)]  below  [18s]
start   69 frame    I = 2.8144167734962  I-I_ME = -1.058e-01  |grad| = 2.5e-09  nonproj = 6.4e-02  ranks = [(1, 1, 2, 1, 2, 2), (1, 2, 2, 1, 2, 1), (2, 2, 1, 2, 2, 1), (2, 1, 1, 2, 1, 1)]  below  [19s]
start   70 dkzpert  I = 2.6901527047843  I-I_ME = -2.301e-01  |grad| = 6.9e-10  nonproj = 1.0e-01  ranks = [(2, 2, 2, 2, 2, 2), (2, 2, 2, 2, 2, 2), (2, 2, 1, 2, 2, 1), (2, 1, 1, 2, 1, 1)]  below  [19s]
start   71 dkzcomp  I = 2.8144167734962  I-I_ME = -1.058e-01  |grad| = 1.7e-06  nonproj = 3.3e-02  ranks = [(1, 2, 2, 2, 1, 1), (1, 2, 2, 1, 1, 1), (1, 2, 2, 1, 1, 1), (2, 2, 2, 1, 2, 2)]  below  [19s]
start   72 gauss    I = 2.8144167734962  I-I_ME = -1.058e-01  |grad| = 1.4e-09  nonproj = 7.1e-02  ranks = [(2, 2, 2, 1, 2, 1), (2, 1, 1, 1, 2, 1), (2, 1, 1, 2, 2, 1), (2, 1, 1, 2, 1, 2)]  below  [20s]
start   73 rank     I = 2.4033094483054  I-I_ME = -5.169e-01  |grad| = 2.0e-10  nonproj = 1.4e-01  ranks = [(4, 2, 1, 2, 4, 2), (1, 4, 2, 2, 4, 2), (0, 5, 1, 2, 1, 1), (0, 5, 1, 0, 1, 2)]  below  [20s]
start   74 rank1    I = 2.8144167734962  I-I_ME = -1.058e-01  |grad| = 7.3e-10  nonproj = 7.1e-02  ranks = [(1, 1, 1, 1, 2, 2), (2, 2, 2, 2, 2, 2), (2, 1, 1, 1, 1, 2), (2, 1, 1, 1, 1, 2)]  below  [20s]
start   75 frame    I = 2.8144167734962  I-I_ME = -1.058e-01  |grad| = 6.5e-10  nonproj = 4.5e-02  ranks = [(1, 1, 1, 2, 1, 2), (1, 1, 2, 2, 1, 2), (1, 1, 2, 1, 2, 2), (2, 2, 2, 1, 2, 1)]  below  [20s]
start   76 dkzpert  I = 2.8144167734962  I-I_ME = -1.058e-01  |grad| = 7.9e-10  nonproj = 7.7e-02  ranks = [(2, 1, 1, 1, 2, 1), (2, 1, 2, 2, 2, 1), (2, 2, 2, 1, 1, 1), (2, 2, 1, 1, 1, 2)]  below  [20s]
start   77 dkzcomp  I = 2.8144167734962  I-I_ME = -1.058e-01  |grad| = 5.7e-10  nonproj = 6.0e-02  ranks = [(2, 1, 2, 1, 1, 1), (2, 2, 2, 1, 1, 2), (1, 2, 1, 2, 2, 2), (1, 2, 1, 2, 1, 1)]  below  [21s]
start   78 gauss    I = 2.8144167734962  I-I_ME = -1.058e-01  |grad| = 6.6e-11  nonproj = 8.2e-02  ranks = [(2, 1, 1, 2, 1, 2), (1, 1, 2, 2, 1, 2), (1, 1, 2, 1, 2, 2), (1, 2, 2, 1, 2, 1)]  below  [21s]
start   79 rank     I = 2.4033094483055  I-I_ME = -5.169e-01  |grad| = 3.4e-08  nonproj = 1.2e-01  ranks = [(4, 1, 0, 0, 1, 3), (3, 2, 1, 3, 4, 4), (1, 2, 1, 3, 1, 2), (2, 5, 4, 2, 1, 2)]  below  [22s]
start   80 rank1    I = 2.8144167734962  I-I_ME = -1.058e-01  |grad| = 7.0e-10  nonproj = 9.1e-02  ranks = [(2, 1, 1, 2, 1, 1), (2, 1, 1, 2, 1, 2), (1, 1, 2, 2, 1, 2), (1, 2, 2, 1, 2, 2)]  below  [22s]
start   81 frame    I = 2.6901527047843  I-I_ME = -2.301e-01  |grad| = 3.6e-10  nonproj = 1.2e-01  ranks = [(2, 1, 1, 1, 2, 2), (2, 1, 1, 2, 2, 2), (1, 2, 2, 2, 2, 2), (2, 2, 2, 1, 1, 1)]  below  [22s]
start   82 dkzpert  I = 2.8144167734962  I-I_ME = -1.058e-01  |grad| = 3.0e-09  nonproj = 2.3e-02  ranks = [(1, 2, 2, 2, 1, 1), (2, 2, 2, 1, 1, 2), (1, 1, 2, 1, 1, 2), (1, 1, 2, 1, 2, 2)]  below  [22s]
start   83 dkzcomp  I = 2.8144167734962  I-I_ME = -1.058e-01  |grad| = 1.2e-10  nonproj = 8.6e-02  ranks = [(2, 2, 2, 1, 2, 2), (1, 2, 1, 1, 2, 1), (1, 2, 1, 1, 2, 1), (1, 2, 1, 2, 2, 1)]  below  [22s]
start   84 gauss    I = 2.6901527047843  I-I_ME = -2.301e-01  |grad| = 4.7e-10  nonproj = 8.5e-02  ranks = [(2, 2, 2, 1, 1, 2), (2, 2, 2, 1, 2, 3), (1, 1, 1, 2, 3, 2), (1, 1, 2, 3, 2, 1)]  below  [22s]
start   85 rank     I = 2.5275735170179  I-I_ME = -3.926e-01  |grad| = 8.8e-10  nonproj = 1.2e-01  ranks = [(1, 2, 1, 1, 4, 4), (1, 2, 3, 3, 4, 0), (3, 1, 4, 2, 2, 0), (3, 1, 3, 1, 1, 0)]  below  [23s]
start   86 rank1    I = 2.6901527047843  I-I_ME = -2.301e-01  |grad| = 6.8e-10  nonproj = 7.1e-02  ranks = [(2, 2, 1, 1, 2, 2), (2, 1, 1, 2, 2, 2), (1, 1, 2, 2, 1, 2), (1, 2, 2, 2, 2, 2)]  below  [23s]
start   87 frame    I = 2.8144167734962  I-I_ME = -1.058e-01  |grad| = 4.3e-10  nonproj = 5.2e-02  ranks = [(1, 1, 2, 1, 1, 2), (1, 1, 2, 1, 2, 2), (1, 2, 2, 1, 2, 1), (2, 2, 1, 2, 2, 1)]  below  [23s]
start   88 dkzpert  I = 2.8144167734962  I-I_ME = -1.058e-01  |grad| = 5.9e-10  nonproj = 5.6e-02  ranks = [(2, 2, 1, 2, 2, 1), (2, 1, 1, 2, 1, 1), (2, 1, 1, 2, 1, 2), (1, 1, 2, 2, 1, 2)]  below  [23s]
start   89 dkzcomp  I = 2.6901527047843  I-I_ME = -2.301e-01  |grad| = 3.9e-10  nonproj = 7.6e-02  ranks = [(2, 2, 1, 2, 2, 2), (2, 1, 2, 2, 1, 2), (1, 2, 2, 2, 2, 2), (1, 2, 2, 1, 1, 1)]  below  [23s]
# BEST d=6 D=8: I = 2.8144167734962  I_ME = 2.9202036063791  I-I_ME = -1.058e-01  (init dkzpert)  counts {'below': 90}
