# d=8 D=15 nstart=90 seed=8015  I_ME(d) = 2.9324096087045
start    0 gauss    I = 2.9211301268936  I-I_ME = -1.128e-02  |grad| = 9.2e-12  nonproj = 2.6e-02  ranks = [(2, 2, 1, 2, 2, 2, 2, 2), (2, 2, 1, 2, 2, 2, 2, 2), (2, 2, 1, 2, 2, 2, 2, 2), (2, 2, 2, 2, 2, 2, 2, 2)]  below  [1s]
start    1 rank     I = 2.2048555927896  I-I_ME = -7.276e-01  |grad| = 3.1e-10  nonproj = 1.4e-01  ranks = [(9, 10, 5, 1, 0, 1, 2, 8), (4, 3, 0, 0, 0, 9, 8, 9), (1, 2, 1, 5, 9, 11, 3, 4), (2, 3, 7, 7, 6, 3, 1, 1)]  below  [5s]
start    2 rank1    I = 2.9211301268936  I-I_ME = -1.128e-02  |grad| = 1.8e-10  nonproj = 3.4e-03  ranks = [(2, 2, 1, 2, 2, 2, 2, 2), (2, 2, 2, 2, 2, 2, 2, 2), (2, 2, 2, 1, 2, 2, 2, 2), (2, 2, 2, 1, 2, 2, 2, 2)]  below  [6s]
start    3 frame    I = 2.9211301268936  I-I_ME = -1.128e-02  |grad| = 1.9e-10  nonproj = 1.1e-02  ranks = [(2, 2, 2, 2, 2, 2, 2, 1), (2, 2, 2, 2, 2, 2, 2, 1), (2, 2, 2, 2, 2, 2, 2, 1), (2, 2, 2, 2, 2, 2, 2, 2)]  below  [7s]
start    4 dkzpert  I = 2.9211301268936  I-I_ME = -1.128e-02  |grad| = 1.7e-10  nonproj = 1.5e-02  ranks = [(2, 2, 1, 2, 2, 2, 2, 2), (2, 2, 1, 2, 2, 2, 2, 2), (2, 2, 2, 2, 2, 2, 2, 2), (2, 2, 2, 1, 2, 2, 2, 2)]  below  [10s]
start    5 dkzcomp  I = 2.9211301268936  I-I_ME = -1.128e-02  |grad| = 7.1e-11  nonproj = 3.0e-02  ranks = [(2, 2, 2, 2, 1, 2, 2, 2), (2, 2, 2, 2, 2, 2, 2, 2), (2, 2, 2, 2, 2, 1, 2, 2), (2, 2, 2, 2, 2, 1, 2, 2)]  below  [12s]
start    6 gauss    I = 2.8478388794534  I-I_ME = -8.457e-02  |grad| = 5.3e-10  nonproj = 3.8e-02  ranks = [(2, 2, 2, 2, 2, 2, 2, 1), (3, 3, 3, 2, 2, 2, 2, 3), (1, 2, 2, 1, 2, 2, 2, 3), (1, 2, 2, 2, 3, 3, 3, 3)]  below  [16s]
start    7 rank     I = 2.3310921070371  I-I_ME = -6.013e-01  |grad| = 1.5e-06  nonproj = 1.2e-01  ranks = [(6, 6, 3, 3, 0, 1, 3, 6), (4, 1, 3, 2, 0, 3, 9, 7), (0, 0, 3, 3, 4, 9, 8, 1), (1, 3, 9, 8, 8, 4, 1, 0)]  below  [24s]
start    8 rank1    I = 2.8478388794534  I-I_ME = -8.457e-02  |grad| = 4.6e-10  nonproj = 6.8e-02  ranks = [(1, 2, 2, 2, 2, 2, 2, 2), (2, 2, 2, 2, 2, 2, 2, 2), (2, 2, 2, 1, 2, 2, 2, 2), (2, 2, 2, 2, 2, 2, 2, 2)]  below  [29s]
start    9 frame    I = 2.9211301268936  I-I_ME = -1.128e-02  |grad| = 1.5e-10  nonproj = 6.5e-02  ranks = [(2, 2, 2, 2, 2, 2, 2, 2), (2, 1, 2, 2, 2, 2, 2, 2), (2, 1, 2, 2, 2, 2, 2, 2), (2, 1, 2, 2, 2, 2, 2, 2)]  below  [30s]
start   10 dkzpert  I = 2.9211301268936  I-I_ME = -1.128e-02  |grad| = 4.1e-10  nonproj = 3.4e-03  ranks = [(2, 2, 2, 2, 2, 2, 2, 1), (2, 2, 2, 2, 2, 2, 2, 1), (2, 2, 2, 2, 2, 2, 2, 1), (2, 2, 2, 2, 2, 2, 2, 2)]  below  [32s]
start   11 dkzcomp  I = 2.9211301268936  I-I_ME = -1.128e-02  |grad| = 1.5e-10  nonproj = 1.9e-02  ranks = [(1, 2, 2, 2, 2, 2, 2, 2), (1, 2, 2, 2, 2, 2, 2, 2), (1, 2, 2, 2, 2, 2, 2, 2), (2, 2, 2, 2, 2, 2, 2, 2)]  below  [34s]
start   12 gauss    I = 2.9211301268936  I-I_ME = -1.128e-02  |grad| = 3.0e-07  nonproj = 4.8e-02  ranks = [(2, 1, 2, 2, 2, 2, 2, 2), (2, 1, 2, 2, 2, 2, 2, 2), (2, 2, 2, 2, 2, 2, 2, 2), (2, 2, 1, 2, 2, 2, 2, 2)]  below  [39s]
start   13 rank     I = 2.5204468784073  I-I_ME = -4.120e-01  |grad| = 1.2e-09  nonproj = 1.1e-01  ranks = [(6, 1, 0, 4, 5, 1, 2, 5), (1, 3, 3, 7, 3, 4, 3, 5), (0, 7, 5, 2, 0, 5, 1, 3), (1, 7, 1, 0, 2, 7, 2, 2)]  below  [45s]
start   14 rank1    I = 2.9211301268936  I-I_ME = -1.128e-02  |grad| = 5.9e-11  nonproj = 5.3e-02  ranks = [(2, 1, 2, 2, 2, 2, 2, 2), (2, 1, 2, 2, 2, 2, 2, 2), (2, 2, 2, 2, 2, 2, 2, 2), (2, 2, 1, 2, 2, 2, 2, 2)]  below  [46s]
start   15 frame    I = 2.9211301268936  I-I_ME = -1.128e-02  |grad| = 7.7e-11  nonproj = 5.0e-02  ranks = [(2, 2, 1, 2, 2, 2, 2, 2), (2, 2, 2, 2, 2, 2, 2, 2), (2, 2, 2, 1, 2, 2, 2, 2), (2, 2, 2, 1, 2, 2, 2, 2)]  below  [48s]
start   16 dkzpert  I = 2.9211301268936  I-I_ME = -1.128e-02  |grad| = 1.1e-10  nonproj = 3.9e-02  ranks = [(2, 2, 1, 2, 2, 2, 2, 2), (2, 2, 1, 2, 2, 2, 2, 2), (2, 2, 2, 2, 2, 2, 2, 2), (2, 2, 2, 1, 2, 2, 2, 2)]  below  [50s]
start   17 dkzcomp  I = 2.9211301268936  I-I_ME = -1.128e-02  |grad| = 9.3e-08  nonproj = 2.7e-02  ranks = [(2, 2, 2, 2, 2, 2, 2, 1), (2, 2, 2, 2, 2, 2, 2, 2), (1, 2, 2, 2, 2, 2, 2, 2), (1, 2, 2, 2, 2, 2, 2, 2)]  below  [52s]
start   18 gauss    I = 2.8478388794534  I-I_ME = -8.457e-02  |grad| = 2.9e-10  nonproj = 7.8e-02  ranks = [(2, 2, 1, 2, 2, 2, 3, 2), (2, 2, 1, 3, 3, 2, 3, 2), (2, 2, 1, 3, 2, 1, 2, 2), (3, 3, 3, 3, 2, 1, 2, 3)]  below  [55s]
start   19 rank     I = 2.7598543329488  I-I_ME = -1.726e-01  |grad| = 2.9e-10  nonproj = 7.9e-02  ranks = [(2, 4, 1, 4, 3, 2, 3, 0), (4, 2, 0, 3, 3, 2, 3, 0), (4, 0, 3, 3, 3, 3, 3, 2), (2, 0, 3, 0, 4, 4, 3, 4)]  below  [57s]
start   20 rank1    I = 2.9211301268936  I-I_ME = -1.128e-02  |grad| = 4.2e-10  nonproj = 4.6e-04  ranks = [(2, 2, 2, 2, 2, 2, 2, 1), (2, 2, 2, 2, 2, 2, 2, 1), (2, 2, 2, 2, 2, 2, 2, 1), (2, 2, 2, 2, 2, 2, 2, 2)]  below  [60s]
start   21 frame    I = 2.9211301268936  I-I_ME = -1.128e-02  |grad| = 1.1e-10  nonproj = 1.6e-02  ranks = [(2, 2, 2, 2, 2, 2, 2, 2), (1, 2, 2, 2, 2, 2, 2, 2), (1, 2, 2, 2, 2, 2, 2, 2), (1, 2, 2, 2, 2, 2, 2, 2)]  below  [61s]
start   22 dkzpert  I = 2.9211301268936  I-I_ME = -1.128e-02  |grad| = 1.4e-10  nonproj = 5.7e-03  ranks = [(2, 1, 2, 2, 2, 2, 2, 2), (2, 1, 2, 2, 2, 2, 2, 2), (2, 2, 2, 2, 2, 2, 2, 2), (2, 2, 1, 2, 2, 2, 2, 2)]  below  [63s]
start   23 dkzcomp  I = 2.9211301268936  I-I_ME = -1.128e-02  |grad| = 1.1e-06  nonproj = 4.2e-02  ranks = [(2, 2, 2, 2, 2, 2, 2, 2), (2, 2, 1, 2, 2, 2, 2, 2), (2, 2, 1, 2, 2, 2, 2, 2), (2, 2, 1, 2, 2, 2, 2, 2)]  below  [65s]
start   24 gauss    I = 2.9211301268936  I-I_ME = -1.128e-02  |grad| = 8.3e-07  nonproj = 4.1e-02  ranks = [(2, 2, 2, 2, 2, 2, 2, 2), (2, 2, 2, 2, 2, 2, 1, 2), (2, 2, 2, 2, 2, 2, 1, 2), (2, 2, 2, 2, 2, 2, 1, 2)]  below  [67s]
start   25 rank     I = 2.2774993700738  I-I_ME = -6.549e-01  |grad| = 1.2e-07  nonproj = 1.4e-01  ranks = [(10, 4, 2, 0, 1, 2, 4, 8), (3, 0, 2, 2, 4, 6, 8, 8), (0, 0, 4, 6, 7, 7, 4, 3), (1, 5, 10, 6, 4, 2, 2, 1)]  below  [80s]
start   26 rank1    I = 2.9211301268936  I-I_ME = -1.128e-02  |grad| = 8.0e-11  nonproj = 2.6e-02  ranks = [(2, 2, 1, 2, 2, 2, 2, 2), (2, 2, 1, 2, 2, 2, 2, 2), (2, 2, 1, 2, 2, 2, 2, 2), (2, 2, 2, 2, 2, 2, 2, 2)]  below  [81s]
start   27 frame    I = 2.9211301268936  I-I_ME = -1.128e-02  |grad| = 1.8e-09  nonproj = 6.3e-02  ranks = [(2, 2, 2, 2, 1, 2, 2, 2), (2, 2, 2, 2, 1, 2, 2, 2), (2, 2, 2, 2, 2, 2, 2, 2), (2, 2, 2, 2, 2, 1, 2, 2)]  below  [83s]
start   28 dkzpert  I = 2.9211301268936  I-I_ME = -1.128e-02  |grad| = 1.1e-10  nonproj = 3.6e-02  ranks = [(1, 2, 2, 2, 2, 2, 2, 2), (1, 2, 2, 2, 2, 2, 2, 2), (2, 2, 2, 2, 2, 2, 2, 2), (2, 1, 2, 2, 2, 2, 2, 2)]  below  [85s]
start   29 dkzcomp  I = 2.9211301268936  I-I_ME = -1.128e-02  |grad| = 4.5e-10  nonproj = 5.1e-02  ranks = [(2, 1, 2, 2, 2, 2, 2, 2), (2, 1, 2, 2, 2, 2, 2, 2), (2, 2, 2, 2, 2, 2, 2, 2), (2, 2, 1, 2, 2, 2, 2, 2)]  below  [87s]
start   30 gauss    I = 2.8478388794534  I-I_ME = -8.457e-02  |grad| = 2.8e-10  nonproj = 8.2e-02  ranks = [(2, 1, 2, 3, 3, 2, 2, 2), (2, 1, 2, 3, 2, 1, 2, 2), (2, 2, 3, 3, 2, 1, 2, 2), (3, 3, 2, 2, 2, 2, 3, 3)]  below  [91s]
start   31 rank     I = 2.6153734849531  I-I_ME = -3.170e-01  |grad| = 3.5e-10  nonproj = 1.3e-01  ranks = [(4, 3, 0, 3, 6, 0, 0, 3), (6, 4, 2, 5, 4, 0, 1, 6), (3, 2, 1, 3, 1, 0, 4, 5), (3, 3, 3, 2, 1, 6, 6, 2)]  below  [94s]
start   32 rank1    I = 2.9211301268936  I-I_ME = -1.128e-02  |grad| = 1.1e-10  nonproj = 8.5e-03  ranks = [(2, 2, 2, 2, 2, 1, 2, 2), (2, 2, 2, 2, 2, 1, 2, 2), (2, 2, 2, 2, 2, 2, 2, 2), (2, 2, 2, 2, 2, 2, 1, 2)]  below  [96s]
start   33 frame    I = 2.9211301268936  I-I_ME = -1.128e-02  |grad| = 3.7e-10  nonproj = 6.3e-03  ranks = [(2, 2, 2, 2, 2, 1, 2, 2), (2, 2, 2, 2, 2, 2, 2, 2), (2, 2, 2, 2, 2, 2, 1, 2), (2, 2, 2, 2, 2, 2, 1, 2)]  below  [98s]
start   34 dkzpert  I = 2.9211301268936  I-I_ME = -1.128e-02  |grad| = 9.2e-11  nonproj = 4.9e-02  ranks = [(2, 2, 2, 2, 2, 2, 1, 2), (2, 2, 2, 2, 2, 2, 1, 2), (2, 2, 2, 2, 2, 2, 2, 2), (2, 2, 2, 2, 2, 2, 2, 1)]  below  [99s]
start   35 dkzcomp  I = 2.9211301268936  I-I_ME = -1.128e-02  |grad| = 1.5e-10  nonproj = 2.0e-02  ranks = [(2, 1, 2, 2, 2, 2, 2, 2), (2, 1, 2, 2, 2, 2, 2, 2), (2, 1, 2, 2, 2, 2, 2, 2), (2, 2, 2, 2, 2, 2, 2, 2)]  below  [100s]
start   36 gauss    I = 2.8478388794534  I-I_ME = -8.457e-02  |grad| = 4.8e-10  nonproj = 3.3e-02  ranks = [(2, 2, 2, 2, 2, 1, 1, 3), (2, 2, 2, 2, 2, 1, 2, 3), (2, 2, 2, 2, 2, 2, 2, 2), (3, 3, 3, 3, 3, 3, 2, 2)]  below  [103s]
start   37 rank     I = 2.6085914771167  I-I_ME = -3.238e-01  |grad| = 4.6e-10  nonproj = 1.1e-01  ranks = [(2, 4, 5, 5, 1, 2, 5, 3), (2, 3, 4, 2, 0, 6, 4, 1), (2, 2, 5, 3, 3, 6, 0, 0), (4, 2, 5, 2, 4, 3, 0, 2)]  below  [113s]
start   38 rank1    I = 2.9211301268936  I-I_ME = -1.128e-02  |grad| = 7.8e-08  nonproj = 2.6e-02  ranks = [(2, 2, 2, 2, 2, 2, 2, 2), (2, 2, 2, 2, 2, 2, 1, 2), (2, 2, 2, 2, 2, 2, 1, 2), (2, 2, 2, 2, 2, 2, 1, 2)]  below  [115s]
start   39 frame    I = 2.8478388794534  I-I_ME = -8.457e-02  |grad| = 5.8e-10  nonproj = 7.2e-02  ranks = [(2, 2, 2, 2, 2, 2, 2, 2), (1, 2, 2, 2, 2, 2, 2, 2), (2, 2, 2, 2, 2, 2, 2, 2), (2, 2, 2, 2, 2, 2, 1, 2)]  below  [119s]
start   40 dkzpert  I = 2.9211301268936  I-I_ME = -1.128e-02  |grad| = 5.4e-09  nonproj = 1.1e-02  ranks = [(2, 1, 2, 2, 2, 2, 2, 2), (2, 2, 2, 2, 2, 2, 2, 2), (2, 2, 1, 2, 2, 2, 2, 2), (2, 2, 1, 2, 2, 2, 2, 2)]  below  [121s]
start   41 dkzcomp  I = 2.9211301268936  I-I_ME = -1.128e-02  |grad| = 2.3e-10  nonproj = 6.9e-02  ranks = [(2, 1, 2, 2, 2, 2, 2, 2), (2, 2, 2, 2, 2, 2, 2, 2), (2, 2, 1, 2, 2, 2, 2, 2), (2, 2, 1, 2, 2, 2, 2, 2)]  below  [123s]
start   42 gauss    I = 2.9211301268936  I-I_ME = -1.128e-02  |grad| = 2.2e-10  nonproj = 6.2e-03  ranks = [(1, 2, 2, 2, 2, 2, 2, 2), (1, 2, 2, 2, 2, 2, 2, 2), (2, 2, 2, 2, 2, 2, 2, 2), (2, 1, 2, 2, 2, 2, 2, 2)]  below  [125s]
start   43 rank     I = 2.4009923719975  I-I_ME = -5.314e-01  |grad| = 2.8e-10  nonproj = 1.2e-01  ranks = [(3, 9, 5, 2, 0, 1, 3, 0), (8, 6, 2, 0, 0, 4, 6, 5), (4, 1, 2, 2, 8, 8, 5, 4), (2, 0, 6, 7, 7, 1, 1, 3)]  below  [131s]
start   44 rank1    I = 2.9211301268936  I-I_ME = -1.128e-02  |grad| = 2.3e-10  nonproj = 4.2e-03  ranks = [(2, 2, 1, 2, 2, 2, 2, 2), (2, 2, 1, 2, 2, 2, 2, 2), (2, 2, 1, 2, 2, 2, 2, 2), (2, 2, 2, 2, 2, 2, 2, 2)]  below  [134s]
start   45 frame    I = 2.9211301268936  I-I_ME = -1.128e-02  |grad| = 7.2e-11  nonproj = 5.7e-02  ranks = [(2, 2, 2, 2, 2, 1, 2, 2), (2, 2, 2, 2, 2, 2, 2, 2), (2, 2, 2, 2, 2, 2, 1, 2), (2, 2, 2, 2, 2, 2, 1, 2)]  below  [136s]
start   46 dkzpert  I = 2.9211301268936  I-I_ME = -1.128e-02  |grad| = 1.1e-10  nonproj = 7.4e-02  ranks = [(1, 2, 2, 2, 2, 2, 2, 2), (2, 2, 2, 2, 2, 2, 2, 2), (2, 1, 2, 2, 2, 2, 2, 2), (2, 1, 2, 2, 2, 2, 2, 2)]  below  [138s]
start   47 dkzcomp  I = 2.9211301268936  I-I_ME = -1.128e-02  |grad| = 9.9e-11  nonproj = 5.4e-02  ranks = [(2, 1, 2, 2, 2, 2, 2, 2), (2, 1, 2, 2, 2, 2, 2, 2), (2, 2, 2, 2, 2, 2, 2, 2), (2, 2, 1, 2, 2, 2, 2, 2)]  below  [139s]
start   48 gauss    I = 2.9211301268936  I-I_ME = -1.128e-02  |grad| = 2.1e-10  nonproj = 4.5e-02  ranks = [(2, 2, 2, 2, 2, 2, 2, 2), (1, 2, 2, 2, 2, 2, 2, 2), (1, 2, 2, 2, 2, 2, 2, 2), (1, 2, 2, 2, 2, 2, 2, 2)]  below  [142s]
start   49 rank     I = 2.4105178921619  I-I_ME = -5.219e-01  |grad| = 4.8e-07  nonproj = 1.5e-01  ranks = [(4, 2, 1, 0, 3, 3, 8, 8), (1, 2, 1, 4, 8, 8, 6, 1), (2, 6, 6, 8, 5, 3, 0, 0), (5, 8, 2, 4, 1, 2, 0, 1)]  below  [156s]
start   50 rank1    I = 2.9211301268936  I-I_ME = -1.128e-02  |grad| = 1.1e-10  nonproj = 1.6e-02  ranks = [(2, 1, 2, 2, 2, 2, 2, 2), (2, 1, 2, 2, 2, 2, 2, 2), (2, 2, 2, 2, 2, 2, 2, 2), (2, 2, 1, 2, 2, 2, 2, 2)]  below  [158s]
start   51 frame    I = 2.9211301268936  I-I_ME = -1.128e-02  |grad| = 3.1e-10  nonproj = 2.4e-02  ranks = [(2, 2, 2, 2, 2, 1, 2, 2), (2, 2, 2, 2, 2, 1, 2, 2), (2, 2, 2, 2, 2, 2, 2, 2), (2, 2, 2, 2, 2, 2, 1, 2)]  below  [160s]
start   52 dkzpert  I = 2.9211301268936  I-I_ME = -1.128e-02  |grad| = 3.7e-10  nonproj = 2.8e-04  ranks = [(2, 2, 2, 2, 2, 1, 2, 2), (2, 2, 2, 2, 2, 2, 2, 2), (2, 2, 2, 2, 2, 2, 1, 2), (2, 2, 2, 2, 2, 2, 1, 2)]  below  [161s]
start   53 dkzcomp  I = 2.9211301268936  I-I_ME = -1.128e-02  |grad| = 2.7e-10  nonproj = 7.5e-03  ranks = [(2, 2, 2, 2, 2, 1, 2, 2), (2, 2, 2, 2, 2, 2, 2, 2), (2, 2, 2, 2, 2, 2, 1, 2), (2, 2, 2, 2, 2, 2, 1, 2)]  below  [163s]
start   54 gauss    I = 2.8478388794534  I-I_ME = -8.457e-02  |grad| = 8.7e-08  nonproj = 4.7e-02  ranks = [(3, 3, 3, 3, 2, 2, 1, 2), (2, 2, 2, 2, 2, 2, 2, 3), (1, 2, 2, 2, 2, 2, 3, 2), (1, 2, 2, 2, 3, 3, 3, 1)]  below  [167s]
start   55 rank     I = 2.6185276047251  I-I_ME = -3.139e-01  |grad| = 4.7e-10  nonproj = 9.4e-02  ranks = [(0, 1, 5, 2, 3, 5, 3, 4), (1, 4, 6, 1, 3, 3, 2, 3), (6, 5, 3, 2, 2, 1, 2, 3), (6, 0, 1, 3, 1, 2, 5, 4)]  below  [170s]
start   56 rank1    I = 2.9211301268936  I-I_ME = -1.128e-02  |grad| = 2.9e-10  nonproj = 3.0e-02  ranks = [(2, 2, 2, 2, 1, 2, 2, 2), (2, 2, 2, 2, 2, 2, 2, 2), (2, 2, 2, 2, 2, 1, 2, 2), (2, 2, 2, 2, 2, 1, 2, 2)]  below  [171s]
start   57 frame    I = 2.9211301268936  I-I_ME = -1.128e-02  |grad| = 5.0e-10  nonproj = 6.5e-02  ranks = [(2, 2, 1, 2, 2, 2, 2, 2), (2, 2, 1, 2, 2, 2, 2, 2), (2, 2, 2, 2, 2, 2, 2, 2), (2, 2, 2, 1, 2, 2, 2, 2)]  below  [172s]
start   58 dkzpert  I = 2.9211301268936  I-I_ME = -1.128e-02  |grad| = 1.8e-10  nonproj = 5.0e-02  ranks = [(2, 2, 2, 2, 2, 2, 1, 2), (2, 2, 2, 2, 2, 2, 1, 2), (2, 2, 2, 2, 2, 2, 2, 2), (2, 2, 2, 2, 2, 2, 2, 1)]  below  [175s]
start   59 dkzcomp  I = 2.9211301268936  I-I_ME = -1.128e-02  |grad| = 2.2e-10  nonproj = 1.2e-03  ranks = [(2, 2, 1, 2, 2, 2, 2, 2), (2, 2, 1, 2, 2, 2, 2, 2), (2, 2, 2, 2, 2, 2, 2, 2), (2, 2, 2, 1, 2, 2, 2, 2)]  below  [176s]
start   60 gauss    I = 2.8478388794534  I-I_ME = -8.457e-02  |grad| = 4.1e-10  nonproj = 4.2e-02  ranks = [(2, 2, 2, 2, 2, 1, 2, 3), (1, 2, 2, 2, 3, 2, 3, 3), (2, 2, 2, 2, 3, 1, 2, 2), (2, 2, 3, 3, 3, 2, 2, 2)]  below  [181s]
start   61 rank     I = 2.3310921070373  I-I_ME = -6.013e-01  |grad| = 4.0e-10  nonproj = 1.5e-01  ranks = [(2, 2, 8, 8, 3, 3, 0, 3), (5, 9, 8, 3, 0, 0, 1, 6), (6, 5, 1, 1, 0, 2, 9, 9), (2, 2, 0, 2, 6, 7, 8, 1)]  below  [191s]
start   62 rank1    I = 2.8478388794534  I-I_ME = -8.457e-02  |grad| = 7.1e-11  nonproj = 5.7e-02  ranks = [(2, 2, 2, 2, 2, 2, 2, 1), (2, 2, 2, 2, 2, 2, 2, 2), (2, 2, 2, 2, 2, 2, 2, 2), (2, 2, 2, 2, 2, 2, 2, 2)]  below  [194s]
start   63 frame    I = 2.9211301268936  I-I_ME = -1.128e-02  |grad| = 7.4e-11  nonproj = 3.2e-02  ranks = [(2, 2, 2, 2, 2, 2, 2, 1), (2, 2, 2, 2, 2, 2, 2, 1), (2, 2, 2, 2, 2, 2, 2, 1), (2, 2, 2, 2, 2, 2, 2, 2)]  below  [195s]
start   64 dkzpert  I = 2.9211301268936  I-I_ME = -1.128e-02  |grad| = 2.9e-10  nonproj = 4.3e-02  ranks = [(2, 2, 2, 1, 2, 2, 2, 2), (2, 2, 2, 1, 2, 2, 2, 2), (2, 2, 2, 1, 2, 2, 2, 2), (2, 2, 2, 2, 2, 2, 2, 2)]  below  [197s]
start   65 dkzcomp  I = 2.9211301268936  I-I_ME = -1.128e-02  |grad| = 1.0e-10  nonproj = 1.4e-02  ranks = [(2, 2, 2, 1, 2, 2, 2, 2), (2, 2, 2, 2, 2, 2, 2, 2), (2, 2, 2, 2, 1, 2, 2, 2), (2, 2, 2, 2, 1, 2, 2, 2)]  below  [198s]
start   66 gauss    I = 2.9211301268936  I-I_ME = -1.128e-02  |grad| = 3.3e-10  nonproj = 7.0e-03  ranks = [(2, 2, 2, 2, 2, 2, 2, 2), (2, 1, 2, 2, 2, 2, 2, 2), (2, 1, 2, 2, 2, 2, 2, 2), (2, 1, 2, 2, 2, 2, 2, 2)]  below  [203s]
start   67 rank     I = 2.5466905340180  I-I_ME = -3.857e-01  |grad| = 3.7e-10  nonproj = 1.1e-01  ranks = [(7, 5, 3, 3, 4, 0, 0, 5), (3, 1, 1, 2, 3, 1, 3, 6), (2, 1, 2, 4, 5, 7, 6, 4), (1, 3, 5, 5, 4, 5, 0, 0)]  below  [207s]
start   68 rank1    I = 2.9211301268936  I-I_ME = -1.128e-02  |grad| = 8.6e-11  nonproj = 4.8e-02  ranks = [(1, 2, 2, 2, 2, 2, 2, 2), (2, 2, 2, 2, 2, 2, 2, 2), (2, 1, 2, 2, 2, 2, 2, 2), (2, 1, 2, 2, 2, 2, 2, 2)]  below  [210s]
start   69 frame    I = 2.9211301268936  I-I_ME = -1.128e-02  |grad| = 2.4e-10  nonproj = 4.3e-02  ranks = [(2, 2, 2, 1, 2, 2, 2, 2), (2, 2, 2, 1, 2, 2, 2, 2), (2, 2, 2, 2, 2, 2, 2, 2), (2, 2, 2, 2, 1, 2, 2, 2)]  below  [212s]
start   70 dkzpert  I = 2.9211301268936  I-I_ME = -1.128e-02  |grad| = 8.8e-11  nonproj = 5.5e-02  ranks = [(2, 2, 2, 2, 2, 2, 2, 2), (2, 2, 2, 2, 2, 2, 1, 2), (2, 2, 2, 2, 2, 2, 1, 2), (2, 2, 2, 2, 2, 2, 1, 2)]  below  [213s]
start   71 dkzcomp  I = 2.9211301268936  I-I_ME = -1.128e-02  |grad| = 2.3e-10  nonproj = 5.5e-03  ranks = [(2, 2, 2, 2, 2, 2, 2, 1), (2, 2, 2, 2, 2, 2, 2, 2), (1, 2, 2, 2, 2, 2, 2, 2), (1, 2, 2, 2, 2, 2, 2, 2)]  below  [215s]
start   72 gauss    I = 2.9211301268936  I-I_ME = -1.128e-02  |grad| = 1.1e-10  nonproj = 5.0e-02  ranks = [(2, 2, 2, 2, 1, 2, 2, 2), (2, 2, 2, 2, 1, 2, 2, 2), (2, 2, 2, 2, 1, 2, 2, 2), (2, 2, 2, 2, 2, 2, 2, 2)]  below  [221s]
start   73 rank     I = 2.6199817814572  I-I_ME = -3.124e-01  |grad| = 3.2e-10  nonproj = 1.2e-01  ranks = [(3, 1, 2, 6, 5, 2, 3, 1), (2, 4, 4, 5, 1, 1, 3, 0), (4, 6, 2, 3, 1, 2, 5, 3), (2, 3, 1, 1, 2, 5, 5, 3)]  below  [227s]
start   74 rank1    I = 2.9211301268936  I-I_ME = -1.128e-02  |grad| = 1.3e-10  nonproj = 7.9e-03  ranks = [(2, 2, 2, 2, 2, 2, 1, 2), (2, 2, 2, 2, 2, 2, 1, 2), (2, 2, 2, 2, 2, 2, 2, 2), (2, 2, 2, 2, 2, 2, 2, 1)]  below  [229s]
start   75 frame    I = 2.9211301268936  I-I_ME = -1.128e-02  |grad| = 5.9e-10  nonproj = 3.3e-02  ranks = [(2, 2, 2, 2, 2, 2, 2, 2), (2, 2, 2, 2, 1, 2, 2, 2), (2, 2, 2, 2, 1, 2, 2, 2), (2, 2, 2, 2, 1, 2, 2, 2)]  below  [230s]
start   76 dkzpert  I = 2.9211301268936  I-I_ME = -1.128e-02  |grad| = 1.4e-10  nonproj = 2.1e-03  ranks = [(2, 2, 2, 2, 2, 2, 1, 2), (2, 2, 2, 2, 2, 2, 2, 2), (2, 2, 2, 2, 2, 2, 2, 1), (2, 2, 2, 2, 2, 2, 2, 1)]  below  [234s]
start   77 dkzcomp  I = 2.9211301268936  I-I_ME = -1.128e-02  |grad| = 1.6e-10  nonproj = 9.0e-04  ranks = [(2, 2, 2, 2, 2, 2, 1, 2), (2, 2, 2, 2, 2, 2, 1, 2), (2, 2, 2, 2, 2, 2, 2, 2), (2, 2, 2, 2, 2, 2, 2, 1)]  below  [236s]
start   78 gauss    I = 2.8478388794534  I-I_ME = -8.457e-02  |grad| = 3.3e-10  nonproj = 6.6e-02  ranks = [(2, 2, 2, 3, 3, 2, 3, 3), (2, 2, 3, 3, 2, 1, 2, 2), (2, 2, 2, 2, 2, 1, 2, 2), (3, 2, 2, 2, 2, 2, 2, 2)]  below  [238s]
start   79 rank     I = 2.6185276047237  I-I_ME = -3.139e-01  |grad| = 1.2e-08  nonproj = 8.3e-02  ranks = [(3, 3, 4, 4, 2, 1, 2, 1), (6, 5, 3, 4, 1, 3, 3, 5), (2, 2, 0, 3, 1, 6, 3, 4), (1, 2, 1, 5, 5, 6, 0, 2)]  below  [242s]
start   80 rank1    I = 2.9211301268936  I-I_ME = -1.128e-02  |grad| = 9.3e-11  nonproj = 2.0e-02  ranks = [(2, 2, 2, 2, 2, 1, 2, 2), (2, 2, 2, 2, 2, 2, 2, 2), (2, 2, 2, 2, 2, 2, 1, 2), (2, 2, 2, 2, 2, 2, 1, 2)]  below  [244s]
start   81 frame    I = 2.9211301268936  I-I_ME = -1.128e-02  |grad| = 2.0e-10  nonproj = 1.4e-02  ranks = [(2, 2, 1, 2, 2, 2, 2, 2), (2, 2, 2, 2, 2, 2, 2, 2), (2, 2, 2, 1, 2, 2, 2, 2), (2, 2, 2, 1, 2, 2, 2, 2)]  below  [245s]
start   82 dkzpert  I = 2.9211301268936  I-I_ME = -1.128e-02  |grad| = 2.3e-10  nonproj = 1.2e-02  ranks = [(2, 2, 2, 2, 2, 2, 2, 2), (2, 2, 1, 2, 2, 2, 2, 2), (2, 2, 1, 2, 2, 2, 2, 2), (2, 2, 1, 2, 2, 2, 2, 2)]  below  [246s]
start   83 dkzcomp  I = 2.9211301268936  I-I_ME = -1.128e-02  |grad| = 4.1e-10  nonproj = 1.1e-02  ranks = [(2, 2, 2, 2, 2, 2, 1, 2), (2, 2, 2, 2, 2, 2, 1, 2), (2, 2, 2, 2, 2, 2, 2, 2), (2, 2, 2, 2, 2, 2, 2, 1)]  below  [249s]
start   84 gauss    I = 2.8379027518450  I-I_ME = -9.451e-02  |grad| = 1.5e-09  nonproj = 5.3e-02  ranks = [(2, 1, 3, 3, 3, 2, 2, 2), (2, 1, 3, 2, 2, 1, 3, 3), (1, 2, 3, 2, 2, 1, 3, 2), (2, 3, 2, 2, 2, 2, 3, 2)]  below  [254s]
start   85 rank     I = 2.6058479647880  I-I_ME = -3.266e-01  |grad| = 2.9e-11  nonproj = 9.5e-02  ranks = [(5, 6, 3, 2, 0, 4, 3, 6), (2, 3, 0, 0, 1, 5, 5, 3), (2, 3, 0, 1, 5, 5, 5, 1), (3, 3, 3, 4, 5, 1, 4, 0)]  below  [256s]
start   86 rank1    I = 2.9211301268936  I-I_ME = -1.128e-02  |grad| = 1.8e-10  nonproj = 7.2e-03  ranks = [(1, 2, 2, 2, 2, 2, 2, 2), (1, 2, 2, 2, 2, 2, 2, 2), (1, 2, 2, 2, 2, 2, 2, 2), (2, 2, 2, 2, 2, 2, 2, 2)]  below  [257s]
start   87 frame    I = 2.9211301268936  I-I_ME = -1.128e-02  |grad| = 3.1e-10  nonproj = 2.7e-02  ranks = [(2, 2, 2, 2, 2, 2, 2, 2), (2, 2, 2, 1, 2, 2, 2, 2), (2, 2, 2, 1, 2, 2, 2, 2), (2, 2, 2, 1, 2, 2, 2, 2)]  below  [260s]
start   88 dkzpert  I = 2.8478388794521  I-I_ME = -8.457e-02  |grad| = 2.6e-10  nonproj = 5.0e-02  ranks = [(2, 2, 2, 3, 2, 2, 2, 2), (2, 2, 2, 2, 2, 2, 2, 2), (3, 2, 2, 2, 2, 2, 2, 2), (2, 2, 1, 2, 2, 2, 2, 2)]  below  [264s]
start   89 dkzcomp  I = 2.9211301268936  I-I_ME = -1.128e-02  |grad| = 1.1e-10  nonproj = 2.8e-02  ranks = [(2, 2, 2, 2, 2, 1, 2, 2), (2, 2, 2, 2, 2, 1, 2, 2), (2, 2, 2, 2, 2, 2, 2, 2), (2, 2, 2, 2, 2, 2, 1, 2)]  below  [265s]
# BEST d=8 D=15: I = 2.9211301268936  I_ME = 2.9324096087045  I-I_ME = -1.128e-02  (init frame)  counts {'below': 90}
