# d=7 D=5 nstart=90 seed=7005  I_ME(d) = 2.9271609424245
start    0 gauss    I = 2.8498418208673  I-I_ME = -7.732e-02  |grad| = 4.7e-10  nonproj = 1.1e-01  ranks = [(1, 1, 1, 1, 0, 1, 1), (1, 1, 1, 0, 0, 1, 1), (1, 1, 1, 0, 1, 1, 1), (1, 1, 1, 0, 1, 0, 1)]  below  [0s]
start    1 rank     I = 2.4073692238804  I-I_ME = -5.198e-01  |grad| = 8.7e-08  nonproj = 1.1e-01  ranks = [(0, 1, 3, 1, 2, 2, 1), (0, 2, 2, 1, 1, 1, 0), (2, 3, 1, 1, 0, 1, 0), (3, 1, 0, 2, 1, 1, 2)]  below  [0s]
start    2 rank1    I = 2.8498418208673  I-I_ME = -7.732e-02  |grad| = 3.9e-10  nonproj = 5.3e-02  ranks = [(1, 1, 0, 1, 1, 1, 0), (1, 1, 0, 1, 1, 1, 0), (1, 1, 0, 1, 1, 1, 0), (1, 1, 1, 1, 1, 1, 1)]  below  [0s]
start    3 frame    I = 2.6273702529211  I-I_ME = -2.998e-01  |grad| = 1.5e-09  nonproj = 1.6e-01  ranks = [(1, 1, 1, 1, 1, 1, 1), (1, 1, 1, 1, 1, 1, 1), (1, 1, 1, 1, 1, 1, 0), (1, 1, 1, 0, 1, 1, 1)]  below  [1s]
start    4 dkzpert  I = 2.8498418208673  I-I_ME = -7.732e-02  |grad| = 5.2e-09  nonproj = 1.1e-01  ranks = [(1, 0, 0, 1, 1, 1, 1), (1, 1, 1, 1, 1, 1, 1), (1, 1, 0, 0, 1, 1, 1), (1, 1, 0, 0, 1, 1, 1)]  below  [1s]
start    5 dkzcomp  I = 2.8498418208673  I-I_ME = -7.732e-02  |grad| = 3.2e-10  nonproj = 8.0e-02  ranks = [(0, 0, 1, 1, 1, 1, 1), (1, 1, 1, 1, 1, 1, 1), (1, 0, 0, 1, 1, 1, 1), (1, 0, 0, 1, 1, 1, 1)]  below  [1s]
start    6 gauss    I = 2.6273702529211  I-I_ME = -2.998e-01  |grad| = 5.4e-11  nonproj = 1.3e-01  ranks = [(1, 0, 1, 1, 1, 0, 1), (2, 1, 2, 2, 1, 1, 2), (1, 0, 1, 1, 0, 1, 1), (1, 1, 1, 1, 1, 2, 1)]  below  [1s]
start    7 rank     I = 2.1932996624353  I-I_ME = -7.339e-01  |grad| = 2.1e-09  nonproj = 2.1e-01  ranks = [(1, 2, 3, 2, 3, 0, 0), (3, 4, 2, 1, 1, 0, 0), (4, 2, 0, 0, 0, 2, 3), (1, 1, 0, 1, 1, 3, 1)]  below  [1s]
start    8 rank1    I = 2.8498418208673  I-I_ME = -7.732e-02  |grad| = 1.6e-09  nonproj = 5.6e-02  ranks = [(1, 0, 1, 1, 1, 1, 0), (1, 0, 1, 1, 1, 1, 1), (0, 1, 1, 1, 1, 1, 1), (0, 1, 0, 1, 1, 1, 1)]  below  [1s]
start    9 frame    I = 2.6273702529211  I-I_ME = -2.998e-01  |grad| = 9.6e-10  nonproj = 7.8e-02  ranks = [(1, 1, 1, 1, 1, 1, 1), (0, 1, 1, 0, 1, 1, 1), (1, 1, 1, 1, 1, 1, 1), (1, 1, 1, 0, 1, 1, 0)]  below  [1s]
start   10 dkzpert  I = 2.6273702529211  I-I_ME = -2.998e-01  |grad| = 6.7e-10  nonproj = 1.1e-01  ranks = [(1, 1, 0, 1, 1, 2, 1), (0, 1, 1, 1, 1, 1, 1), (0, 1, 1, 1, 1, 0, 1), (1, 1, 1, 1, 1, 0, 1)]  below  [2s]
start   11 dkzcomp  I = 2.8498418208673  I-I_ME = -7.732e-02  |grad| = 2.9e-10  nonproj = 9.8e-02  ranks = [(0, 1, 1, 1, 0, 1, 1), (0, 1, 1, 1, 1, 1, 1), (1, 1, 1, 1, 1, 0, 1), (1, 0, 1, 1, 1, 0, 1)]  below  [2s]
start   12 gauss    I = 2.6273702529208  I-I_ME = -2.998e-01  |grad| = 1.4e-09  nonproj = 1.3e-01  ranks = [(1, 1, 1, 0, 1, 1, 1), (0, 1, 1, 1, 2, 1, 1), (0, 2, 2, 2, 1, 0, 1), (1, 1, 1, 1, 0, 1, 2)]  below  [2s]
start   13 rank     I = 2.6273702529209  I-I_ME = -2.998e-01  |grad| = 6.4e-09  nonproj = 1.2e-01  ranks = [(2, 2, 0, 2, 2, 0, 1), (1, 1, 1, 1, 1, 1, 2), (0, 1, 1, 0, 1, 2, 1), (0, 1, 1, 0, 1, 2, 0)]  below  [3s]
start   14 rank1    I = 2.8498418208673  I-I_ME = -7.732e-02  |grad| = 3.9e-10  nonproj = 6.3e-02  ranks = [(1, 0, 1, 1, 0, 1, 1), (1, 0, 1, 1, 0, 1, 1), (1, 0, 1, 1, 1, 1, 1), (1, 1, 1, 1, 1, 0, 1)]  below  [3s]
start   15 frame    I = 2.6273702529211  I-I_ME = -2.998e-01  |grad| = 1.5e-09  nonproj = 1.6e-01  ranks = [(1, 1, 1, 0, 1, 1, 1), (1, 0, 1, 1, 1, 1, 1), (0, 1, 1, 1, 1, 1, 1), (0, 1, 1, 1, 1, 1, 1)]  below  [3s]
start   16 dkzpert  I = 2.6273702529211  I-I_ME = -2.998e-01  |grad| = 7.6e-10  nonproj = 4.2e-02  ranks = [(1, 1, 1, 1, 1, 1, 0), (1, 1, 0, 1, 1, 1, 1), (1, 1, 1, 1, 1, 1, 1), (1, 0, 1, 1, 1, 1, 1)]  below  [3s]
start   17 dkzcomp  I = 2.6273702529211  I-I_ME = -2.998e-01  |grad| = 6.9e-08  nonproj = 1.2e-01  ranks = [(1, 1, 1, 1, 0, 1, 1), (1, 1, 1, 0, 1, 1, 2), (1, 1, 1, 1, 2, 1, 1), (1, 1, 1, 1, 1, 0, 1)]  below  [3s]
start   18 gauss    I = 2.6273702529211  I-I_ME = -2.998e-01  |grad| = 4.0e-11  nonproj = 1.5e-01  ranks = [(2, 2, 1, 0, 1, 2, 2), (1, 1, 0, 1, 1, 1, 1), (1, 1, 0, 1, 1, 1, 1), (1, 1, 1, 2, 1, 0, 1)]  below  [3s]
start   19 rank     I = 1.9999999999982  I-I_ME = -9.272e-01  |grad| = 1.2e-09  nonproj = 1.9e-01  ranks = [(1, 2, 4, 1, 1, 0, 0), (3, 4, 3, 0, 0, 0, 0), (5, 2, 0, 0, 0, 3, 2), (0, 0, 1, 4, 2, 4, 2)]  below  [4s]
start   20 rank1    I = 2.8498418208673  I-I_ME = -7.732e-02  |grad| = 1.1e-09  nonproj = 6.7e-02  ranks = [(1, 1, 0, 1, 0, 1, 1), (1, 1, 0, 1, 0, 1, 1), (1, 1, 0, 1, 0, 1, 1), (1, 1, 1, 1, 1, 1, 1)]  below  [4s]
start   21 frame    I = 2.6273702529211  I-I_ME = -2.998e-01  |grad| = 9.9e-10  nonproj = 1.2e-01  ranks = [(1, 1, 1, 1, 1, 1, 1), (1, 1, 1, 1, 1, 1, 1), (1, 1, 1, 0, 1, 1, 1), (1, 0, 1, 0, 1, 1, 1)]  below  [4s]
start   22 dkzpert  I = 2.8498418208673  I-I_ME = -7.732e-02  |grad| = 3.0e-10  nonproj = 9.9e-02  ranks = [(0, 1, 1, 0, 1, 1, 1), (0, 1, 1, 0, 1, 1, 1), (0, 1, 1, 0, 1, 1, 1), (1, 1, 1, 1, 1, 1, 1)]  below  [4s]
start   23 dkzcomp  I = 2.8498418208673  I-I_ME = -7.732e-02  |grad| = 1.3e-05  nonproj = 8.5e-02  ranks = [(1, 0, 1, 1, 1, 1, 1), (1, 0, 1, 1, 1, 1, 0), (1, 1, 1, 1, 1, 1, 0), (1, 1, 0, 1, 1, 1, 0)]  below  [4s]
start   24 gauss    I = 2.6273702529211  I-I_ME = -2.998e-01  |grad| = 1.6e-09  nonproj = 1.9e-01  ranks = [(1, 1, 1, 0, 0, 1, 1), (1, 1, 1, 0, 2, 2, 1), (1, 1, 1, 1, 2, 0, 0), (2, 2, 2, 2, 1, 0, 1)]  below  [4s]
start   25 rank     I = 2.6273702529211  I-I_ME = -2.998e-01  |grad| = 2.5e-10  nonproj = 3.3e-02  ranks = [(0, 2, 1, 1, 0, 1, 1), (1, 2, 0, 1, 2, 2, 2), (0, 1, 0, 1, 2, 0, 1), (1, 1, 1, 2, 2, 0, 1)]  below  [4s]
start   26 rank1    I = 2.8498418208673  I-I_ME = -7.732e-02  |grad| = 5.9e-10  nonproj = 2.5e-02  ranks = [(1, 1, 0, 1, 0, 1, 1), (1, 1, 0, 1, 0, 1, 1), (1, 1, 0, 1, 0, 1, 1), (1, 1, 1, 1, 1, 1, 1)]  below  [5s]
start   27 frame    I = 2.8498418208673  I-I_ME = -7.732e-02  |grad| = 6.4e-06  nonproj = 1.6e-01  ranks = [(1, 1, 1, 1, 1, 0, 1), (1, 0, 1, 1, 1, 0, 1), (1, 0, 1, 1, 1, 0, 1), (1, 0, 1, 1, 1, 1, 1)]  below  [5s]
start   28 dkzpert  I = 2.8498418208673  I-I_ME = -7.732e-02  |grad| = 4.1e-10  nonproj = 7.3e-02  ranks = [(0, 1, 1, 0, 1, 1, 1), (0, 1, 1, 0, 1, 1, 1), (0, 1, 1, 0, 1, 1, 1), (1, 1, 1, 1, 1, 1, 1)]  below  [5s]
start   29 dkzcomp  I = 2.8498418208673  I-I_ME = -7.732e-02  |grad| = 8.0e-10  nonproj = 1.5e-01  ranks = [(1, 1, 1, 1, 1, 0, 1), (1, 1, 0, 1, 1, 1, 1), (1, 1, 0, 1, 1, 1, 0), (1, 1, 0, 1, 1, 1, 0)]  below  [5s]
start   30 gauss    I = 2.6006688863212  I-I_ME = -3.265e-01  |grad| = 1.3e-10  nonproj = 1.3e-01  ranks = [(1, 2, 0, 1, 1, 0, 1), (1, 1, 0, 2, 1, 1, 1), (2, 1, 1, 2, 0, 1, 1), (1, 0, 2, 1, 1, 2, 1)]  below  [5s]
start   31 rank     I = 2.3865993248816  I-I_ME = -5.406e-01  |grad| = 1.6e-09  nonproj = 1.5e-01  ranks = [(0, 0, 2, 2, 1, 1, 2), (1, 2, 3, 1, 0, 1, 2), (2, 0, 1, 0, 1, 3, 2), (2, 0, 0, 1, 2, 2, 0)]  below  [5s]
start   32 rank1    I = 2.8498418208673  I-I_ME = -7.732e-02  |grad| = 7.8e-10  nonproj = 1.5e-01  ranks = [(0, 1, 0, 1, 1, 1, 1), (0, 1, 0, 1, 1, 1, 1), (1, 1, 0, 1, 1, 1, 1), (1, 0, 1, 1, 1, 1, 1)]  below  [5s]
start   33 frame    I = 2.8498418208673  I-I_ME = -7.732e-02  |grad| = 2.0e-10  nonproj = 1.1e-01  ranks = [(1, 0, 1, 1, 1, 1, 0), (1, 0, 1, 1, 1, 1, 0), (1, 0, 1, 1, 1, 1, 1), (0, 1, 1, 1, 1, 1, 1)]  below  [5s]
start   34 dkzpert  I = 2.8498418208673  I-I_ME = -7.732e-02  |grad| = 8.6e-10  nonproj = 1.0e-01  ranks = [(1, 0, 1, 1, 1, 0, 1), (1, 0, 1, 1, 1, 1, 1), (1, 1, 1, 1, 1, 1, 0), (1, 1, 0, 1, 1, 1, 0)]  below  [6s]
start   35 dkzcomp  I = 2.8498418208673  I-I_ME = -7.732e-02  |grad| = 5.1e-10  nonproj = 1.4e-01  ranks = [(1, 1, 1, 0, 1, 1, 0), (1, 1, 1, 0, 1, 1, 0), (1, 1, 1, 0, 1, 1, 0), (1, 1, 1, 1, 1, 1, 1)]  below  [6s]
start   36 gauss    I = 2.6273702529211  I-I_ME = -2.998e-01  |grad| = 4.6e-11  nonproj = 1.4e-01  ranks = [(1, 1, 0, 1, 1, 2, 2), (0, 1, 0, 2, 2, 1, 1), (1, 2, 2, 2, 1, 0, 1), (1, 1, 1, 0, 1, 0, 1)]  below  [6s]
start   37 rank     I = 2.3865993248816  I-I_ME = -5.406e-01  |grad| = 9.6e-10  nonproj = 1.9e-01  ranks = [(1, 0, 1, 2, 2, 1, 1), (1, 1, 3, 2, 1, 1, 1), (1, 2, 2, 0, 0, 2, 2), (1, 2, 0, 0, 1, 3, 1)]  below  [6s]
start   38 rank1    I = 2.8498418208673  I-I_ME = -7.732e-02  |grad| = 5.1e-10  nonproj = 6.8e-02  ranks = [(1, 0, 1, 1, 1, 1, 1), (1, 1, 1, 1, 1, 1, 0), (1, 1, 0, 1, 1, 1, 0), (1, 1, 0, 1, 1, 1, 0)]  below  [6s]
start   39 frame    I = 2.8498418208673  I-I_ME = -7.732e-02  |grad| = 5.7e-10  nonproj = 1.1e-01  ranks = [(1, 1, 1, 1, 1, 0, 1), (1, 1, 1, 0, 1, 0, 1), (1, 1, 1, 0, 1, 0, 1), (1, 1, 1, 0, 1, 1, 1)]  below  [6s]
start   40 dkzpert  I = 2.6273702529211  I-I_ME = -2.998e-01  |grad| = 4.2e-06  nonproj = 1.1e-01  ranks = [(1, 1, 1, 1, 1, 1, 1), (0, 1, 1, 1, 0, 1, 1), (1, 2, 2, 1, 1, 1, 1), (1, 1, 1, 0, 1, 1, 1)]  below  [6s]
start   41 dkzcomp  I = 2.6273702529211  I-I_ME = -2.998e-01  |grad| = 7.9e-10  nonproj = 1.0e-01  ranks = [(1, 1, 1, 1, 0, 1, 1), (1, 1, 0, 1, 0, 1, 1), (1, 1, 1, 1, 1, 2, 2), (1, 0, 1, 1, 1, 1, 1)]  below  [6s]
start   42 gauss    I = 2.8498418208673  I-I_ME = -7.732e-02  |grad| = 9.0e-10  nonproj = 1.1e-02  ranks = [(1, 1, 0, 1, 1, 0, 1), (1, 1, 0, 1, 1, 1, 1), (1, 1, 0, 1, 1, 1, 0), (1, 1, 1, 1, 1, 1, 0)]  below  [7s]
start   43 rank     I = 2.3865993248814  I-I_ME = -5.406e-01  |grad| = 1.3e-09  nonproj = 1.9e-01  ranks = [(2, 0, 3, 1, 0, 0, 0), (2, 2, 3, 0, 0, 0, 0), (1, 2, 1, 1, 1, 2, 2), (1, 3, 1, 2, 2, 2, 1)]  below  [7s]
start   44 rank1    I = 2.8498418208673  I-I_ME = -7.732e-02  |grad| = 1.3e-09  nonproj = 7.3e-02  ranks = [(1, 0, 1, 1, 1, 1, 0), (1, 1, 1, 1, 1, 1, 0), (1, 1, 0, 1, 1, 1, 0), (1, 1, 0, 1, 1, 1, 1)]  below  [7s]
start   45 frame    I = 2.8498418208673  I-I_ME = -7.732e-02  |grad| = 6.0e-10  nonproj = 9.2e-02  ranks = [(1, 1, 1, 1, 1, 0, 1), (0, 1, 1, 1, 1, 0, 1), (0, 1, 1, 1, 1, 1, 1), (0, 1, 1, 1, 1, 1, 0)]  below  [7s]
start   46 dkzpert  I = 2.8498418208673  I-I_ME = -7.732e-02  |grad| = 9.1e-10  nonproj = 1.0e-01  ranks = [(0, 1, 1, 1, 1, 1, 0), (0, 1, 1, 1, 1, 1, 0), (1, 1, 1, 1, 1, 1, 0), (1, 0, 1, 1, 1, 1, 1)]  below  [7s]
start   47 dkzcomp  I = 2.8498418208673  I-I_ME = -7.732e-02  |grad| = 4.3e-10  nonproj = 9.1e-02  ranks = [(1, 1, 1, 1, 0, 1, 0), (1, 1, 1, 1, 1, 1, 1), (0, 1, 1, 1, 1, 0, 1), (0, 1, 1, 1, 1, 0, 1)]  below  [7s]
start   48 gauss    I = 2.6273702529211  I-I_ME = -2.998e-01  |grad| = 1.1e-10  nonproj = 1.2e-01  ranks = [(1, 1, 1, 1, 0, 1, 1), (1, 1, 1, 1, 0, 1, 1), (1, 1, 1, 1, 1, 2, 2), (0, 1, 1, 2, 2, 1, 1)]  below  [7s]
start   49 rank     I = 2.6006688863208  I-I_ME = -3.265e-01  |grad| = 1.2e-09  nonproj = 1.3e-01  ranks = [(0, 0, 2, 1, 0, 2, 1), (0, 0, 2, 0, 0, 2, 1), (0, 1, 2, 0, 1, 2, 1), (2, 2, 1, 1, 2, 1, 2)]  below  [8s]
start   50 rank1    I = 2.8498418208673  I-I_ME = -7.732e-02  |grad| = 6.5e-10  nonproj = 8.7e-02  ranks = [(1, 1, 0, 1, 1, 1, 1), (0, 1, 0, 1, 1, 1, 1), (0, 1, 0, 1, 1, 1, 1), (0, 1, 1, 1, 1, 1, 1)]  below  [8s]
start   51 frame    I = 2.6273702529211  I-I_ME = -2.998e-01  |grad| = 1.0e-09  nonproj = 9.8e-02  ranks = [(0, 1, 1, 1, 0, 1, 1), (1, 1, 1, 1, 1, 1, 1), (1, 1, 1, 0, 1, 1, 1), (1, 0, 1, 1, 1, 1, 1)]  below  [8s]
start   52 dkzpert  I = 2.8498418208673  I-I_ME = -7.732e-02  |grad| = 8.0e-10  nonproj = 1.6e-01  ranks = [(1, 1, 0, 1, 0, 1, 1), (1, 1, 0, 1, 1, 1, 1), (1, 1, 0, 1, 1, 0, 1), (1, 1, 1, 1, 1, 0, 1)]  below  [8s]
start   53 dkzcomp  I = 2.8498418208673  I-I_ME = -7.732e-02  |grad| = 4.3e-10  nonproj = 1.1e-01  ranks = [(1, 0, 1, 1, 1, 1, 1), (1, 0, 1, 0, 1, 1, 1), (1, 1, 1, 0, 1, 1, 1), (1, 1, 0, 0, 1, 1, 1)]  below  [8s]
start   54 gauss    I = 2.8498418208673  I-I_ME = -7.732e-02  |grad| = 1.3e-07  nonproj = 1.2e-01  ranks = [(1, 1, 1, 1, 1, 1, 1), (1, 1, 1, 1, 0, 0, 1), (1, 1, 1, 1, 0, 0, 1), (1, 1, 1, 1, 0, 0, 1)]  below  [8s]
start   55 rank     I = 2.6006688863212  I-I_ME = -3.265e-01  |grad| = 2.0e-09  nonproj = 1.9e-01  ranks = [(2, 0, 1, 2, 0, 2, 1), (1, 1, 2, 1, 1, 2, 0), (1, 1, 1, 0, 2, 1, 0), (1, 2, 1, 0, 2, 0, 1)]  below  [8s]
start   56 rank1    I = 2.8498418208673  I-I_ME = -7.732e-02  |grad| = 4.1e-10  nonproj = 8.9e-02  ranks = [(1, 0, 0, 1, 1, 1, 1), (1, 1, 1, 1, 1, 1, 1), (1, 1, 0, 0, 1, 1, 1), (1, 1, 0, 0, 1, 1, 1)]  below  [8s]
start   57 frame    I = 2.8498418208673  I-I_ME = -7.732e-02  |grad| = 2.5e-10  nonproj = 8.8e-02  ranks = [(0, 1, 1, 1, 1, 1, 1), (0, 1, 1, 1, 1, 1, 0), (1, 1, 1, 1, 1, 1, 0), (1, 0, 1, 1, 1, 1, 0)]  below  [8s]
start   58 dkzpert  I = 2.8498418208673  I-I_ME = -7.732e-02  |grad| = 8.4e-10  nonproj = 1.0e-01  ranks = [(1, 1, 1, 1, 0, 1, 0), (1, 1, 1, 1, 0, 1, 0), (1, 1, 1, 1, 0, 1, 0), (1, 1, 1, 1, 1, 1, 1)]  below  [9s]
start   59 dkzcomp  I = 2.8498418208673  I-I_ME = -7.732e-02  |grad| = 6.6e-10  nonproj = 4.2e-02  ranks = [(1, 1, 1, 1, 1, 1, 0), (1, 1, 1, 0, 1, 1, 0), (1, 1, 1, 0, 1, 1, 1), (0, 1, 1, 0, 1, 1, 1)]  below  [9s]
start   60 gauss    I = 2.6273702529211  I-I_ME = -2.998e-01  |grad| = 9.2e-11  nonproj = 9.7e-02  ranks = [(1, 0, 1, 1, 1, 2, 1), (1, 1, 2, 2, 1, 1, 1), (1, 2, 1, 1, 0, 1, 1), (1, 1, 0, 1, 1, 1, 1)]  below  [9s]
start   61 rank     I = 2.3865993248816  I-I_ME = -5.406e-01  |grad| = 4.1e-10  nonproj = 1.3e-01  ranks = [(0, 2, 2, 1, 0, 0, 3), (1, 2, 0, 0, 1, 2, 3), (2, 2, 1, 1, 2, 2, 1), (3, 1, 0, 1, 2, 1, 0)]  below  [9s]
start   62 rank1    I = 2.8498418208673  I-I_ME = -7.732e-02  |grad| = 1.9e-10  nonproj = 1.2e-01  ranks = [(1, 0, 1, 1, 1, 1, 1), (1, 1, 1, 1, 1, 1, 0), (1, 1, 0, 1, 1, 1, 0), (1, 1, 0, 1, 1, 1, 0)]  below  [9s]
start   63 frame    I = 2.8498418208673  I-I_ME = -7.732e-02  |grad| = 3.5e-10  nonproj = 8.8e-02  ranks = [(1, 0, 1, 1, 1, 1, 0), (1, 0, 1, 1, 1, 1, 0), (1, 0, 1, 1, 1, 1, 1), (0, 1, 1, 1, 1, 1, 1)]  below  [9s]
start   64 dkzpert  I = 2.8498418208673  I-I_ME = -7.732e-02  |grad| = 6.9e-10  nonproj = 1.8e-02  ranks = [(1, 1, 1, 1, 1, 0, 1), (1, 1, 1, 0, 1, 0, 1), (1, 1, 1, 0, 1, 1, 1), (1, 1, 1, 0, 1, 1, 0)]  below  [9s]
start   65 dkzcomp  I = 2.8498418208673  I-I_ME = -7.732e-02  |grad| = 1.7e-09  nonproj = 3.9e-02  ranks = [(1, 1, 1, 1, 1, 1, 1), (1, 0, 1, 0, 1, 1, 1), (1, 0, 1, 0, 1, 1, 1), (1, 0, 1, 0, 1, 1, 1)]  below  [9s]
start   66 gauss    I = 2.8498418208673  I-I_ME = -7.732e-02  |grad| = 7.2e-11  nonproj = 1.2e-01  ranks = [(0, 1, 1, 1, 0, 1, 1), (0, 1, 1, 1, 0, 1, 1), (0, 1, 1, 1, 0, 1, 1), (1, 1, 1, 1, 1, 1, 1)]  below  [10s]
start   67 rank     I = 2.1932996624408  I-I_ME = -7.339e-01  |grad| = 1.1e-09  nonproj = 1.7e-01  ranks = [(1, 0, 2, 2, 2, 4, 2), (0, 0, 3, 1, 1, 2, 0), (1, 3, 4, 1, 1, 1, 0), (2, 2, 1, 0, 1, 0, 2)]  below  [10s]
start   68 rank1    I = 2.8498418208673  I-I_ME = -7.732e-02  |grad| = 5.1e-10  nonproj = 8.7e-02  ranks = [(1, 1, 1, 1, 1, 1, 1), (1, 1, 1, 0, 1, 1, 0), (1, 1, 1, 0, 1, 1, 0), (1, 1, 1, 0, 1, 1, 0)]  below  [10s]
start   69 frame    I = 2.8498418208673  I-I_ME = -7.732e-02  |grad| = 9.7e-10  nonproj = 1.1e-01  ranks = [(1, 1, 1, 1, 1, 1, 0), (1, 1, 0, 1, 1, 1, 1), (0, 1, 0, 1, 1, 1, 1), (0, 1, 0, 1, 1, 1, 1)]  below  [10s]
start   70 dkzpert  I = 2.8498418208673  I-I_ME = -7.732e-02  |grad| = 3.5e-10  nonproj = 8.8e-02  ranks = [(1, 1, 1, 1, 1, 0, 1), (1, 1, 1, 0, 1, 0, 1), (1, 1, 1, 0, 1, 1, 1), (1, 1, 1, 0, 1, 1, 0)]  below  [10s]
start   71 dkzcomp  I = 2.8498418208673  I-I_ME = -7.732e-02  |grad| = 5.9e-10  nonproj = 1.1e-01  ranks = [(0, 1, 1, 0, 1, 1, 1), (0, 1, 1, 0, 1, 1, 1), (0, 1, 1, 0, 1, 1, 1), (1, 1, 1, 1, 1, 1, 1)]  below  [10s]
start   72 gauss    I = 2.6273702529211  I-I_ME = -2.998e-01  |grad| = 8.8e-11  nonproj = 9.2e-02  ranks = [(1, 1, 0, 0, 1, 2, 2), (1, 1, 0, 1, 1, 1, 1), (1, 1, 1, 2, 1, 1, 1), (2, 2, 2, 1, 0, 0, 1)]  below  [10s]
start   73 rank     I = 2.6006688863212  I-I_ME = -3.265e-01  |grad| = 1.4e-10  nonproj = 1.2e-01  ranks = [(1, 0, 1, 2, 1, 2, 0), (2, 0, 1, 2, 0, 1, 0), (2, 0, 0, 2, 0, 1, 2), (0, 1, 1, 2, 1, 1, 2)]  below  [10s]
start   74 rank1    I = 2.8498418208673  I-I_ME = -7.732e-02  |grad| = 6.0e-10  nonproj = 2.3e-02  ranks = [(1, 1, 1, 1, 1, 1, 0), (1, 0, 1, 1, 1, 1, 0), (1, 0, 1, 1, 1, 1, 1), (0, 0, 1, 1, 1, 1, 1)]  below  [11s]
start   75 frame    I = 2.8498418208673  I-I_ME = -7.732e-02  |grad| = 3.8e-09  nonproj = 1.0e-01  ranks = [(1, 1, 1, 0, 1, 0, 1), (1, 1, 1, 1, 1, 1, 1), (1, 1, 1, 1, 0, 1, 0), (1, 1, 1, 1, 0, 1, 0)]  below  [11s]
start   76 dkzpert  I = 2.6273702529211  I-I_ME = -2.998e-01  |grad| = 1.0e-09  nonproj = 1.2e-01  ranks = [(0, 1, 1, 1, 1, 1, 1), (0, 1, 1, 1, 1, 1, 0), (1, 1, 1, 1, 1, 1, 0), (1, 1, 0, 1, 1, 1, 1)]  below  [11s]
start   77 dkzcomp  I = 2.6273702529211  I-I_ME = -2.998e-01  |grad| = 2.6e-09  nonproj = 8.9e-02  ranks = [(1, 1, 1, 1, 1, 1, 0), (1, 1, 1, 1, 0, 1, 1), (1, 1, 0, 1, 1, 1, 1), (1, 1, 0, 1, 1, 1, 1)]  below  [11s]
start   78 gauss    I = 2.6273702529211  I-I_ME = -2.998e-01  |grad| = 4.4e-09  nonproj = 1.7e-01  ranks = [(1, 1, 1, 2, 1, 1, 1), (1, 2, 1, 1, 0, 1, 1), (1, 1, 0, 1, 1, 2, 2), (0, 1, 1, 1, 1, 1, 1)]  below  [11s]
start   79 rank     I = 2.6273702529211  I-I_ME = -2.998e-01  |grad| = 1.0e-07  nonproj = 1.2e-01  ranks = [(1, 0, 0, 1, 1, 0, 2), (1, 0, 0, 1, 1, 1, 2), (1, 0, 0, 2, 2, 2, 1), (2, 2, 1, 2, 1, 1, 0)]  below  [11s]
start   80 rank1    I = 2.8498418208673  I-I_ME = -7.732e-02  |grad| = 1.8e-09  nonproj = 1.5e-01  ranks = [(1, 1, 0, 1, 1, 1, 1), (1, 1, 0, 1, 1, 0, 1), (1, 1, 0, 1, 1, 0, 1), (1, 1, 1, 1, 1, 0, 1)]  below  [12s]
start   81 frame    I = 2.8498418208673  I-I_ME = -7.732e-02  |grad| = 8.2e-10  nonproj = 1.1e-01  ranks = [(0, 1, 0, 1, 1, 1, 1), (0, 1, 1, 1, 1, 1, 1), (1, 1, 1, 0, 1, 1, 1), (1, 0, 1, 0, 1, 1, 1)]  below  [12s]
start   82 dkzpert  I = 2.8498418208673  I-I_ME = -7.732e-02  |grad| = 9.2e-10  nonproj = 7.9e-02  ranks = [(0, 1, 1, 1, 1, 1, 1), (0, 1, 0, 1, 1, 1, 1), (0, 1, 0, 1, 1, 1, 1), (1, 1, 0, 1, 1, 1, 1)]  below  [12s]
start   83 dkzcomp  I = 2.6273702529202  I-I_ME = -2.998e-01  |grad| = 9.5e-10  nonproj = 1.4e-01  ranks = [(1, 1, 1, 1, 1, 2, 1), (1, 1, 2, 1, 1, 1, 0), (1, 1, 1, 1, 1, 1, 1), (1, 1, 1, 1, 1, 0, 1)]  below  [12s]
start   84 gauss    I = 2.6273702529211  I-I_ME = -2.998e-01  |grad| = 7.3e-11  nonproj = 1.3e-01  ranks = [(1, 1, 0, 1, 2, 2, 2), (0, 1, 1, 2, 1, 1, 1), (0, 2, 1, 1, 0, 1, 1), (1, 2, 1, 1, 0, 1, 1)]  below  [12s]
start   85 rank     I = 1.9999999999996  I-I_ME = -9.272e-01  |grad| = 1.9e-08  nonproj = 1.9e-01  ranks = [(2, 3, 1, 0, 1, 0, 3), (2, 1, 0, 1, 3, 4, 2), (0, 1, 3, 5, 2, 1, 0), (1, 2, 3, 2, 0, 0, 0)]  below  [12s]
start   86 rank1    I = 2.6273702529211  I-I_ME = -2.998e-01  |grad| = 1.8e-09  nonproj = 1.0e-01  ranks = [(1, 1, 1, 1, 1, 1, 1), (0, 1, 1, 0, 1, 1, 1), (1, 1, 1, 1, 1, 1, 1), (0, 1, 0, 1, 1, 1, 1)]  below  [12s]
start   87 frame    I = 2.8498418208673  I-I_ME = -7.732e-02  |grad| = 7.7e-10  nonproj = 7.3e-02  ranks = [(0, 0, 1, 1, 1, 1, 1), (0, 1, 1, 1, 1, 1, 1), (0, 1, 0, 1, 1, 1, 1), (1, 1, 0, 1, 1, 1, 1)]  below  [13s]
start   88 dkzpert  I = 2.8498418208673  I-I_ME = -7.732e-02  |grad| = 9.9e-10  nonproj = 1.5e-01  ranks = [(1, 1, 1, 1, 1, 0, 1), (1, 0, 1, 1, 1, 0, 1), (1, 0, 1, 1, 1, 1, 1), (1, 0, 1, 1, 1, 1, 0)]  below  [13s]
start   89 dkzcomp  I = 2.8498418208673  I-I_ME = -7.732e-02  |grad| = 4.5e-10  nonproj = 5.0e-02  ranks = [(1, 1, 1, 1, 0, 1, 1), (1, 1, 1, 1, 0, 1, 0), (1, 1, 1, 1, 0, 1, 0), (1, 1, 1, 1, 1, 1, 0)]  below  [13s]
# BEST d=7 D=5: I = 2.8498418208673  I_ME = 2.9271609424245  I-I_ME = -7.732e-02  (init dkzcomp)  counts {'below': 90}
