# d=5 D=8 nstart=150 seed=5008  I_ME(d) = 2.9105448080721
start    0 gauss    I = 2.8418823960364  I-I_ME = -6.866e-02  |grad| = 1.7e-10  nonproj = 8.4e-02  ranks = [(2, 2, 2, 1, 2), (1, 2, 2, 2, 2), (1, 2, 2, 2, 1), (1, 2, 2, 2, 1)]  below  [0s]
start    1 rank     I = 2.6985322432866  I-I_ME = -2.120e-01  |grad| = 3.6e-10  nonproj = 1.1e-01  ranks = [(3, 1, 2, 1, 2), (2, 1, 2, 2, 3), (1, 1, 3, 3, 2), (1, 3, 3, 2, 1)]  below  [0s]
start    2 rank1    I = 2.8418823960364  I-I_ME = -6.866e-02  |grad| = 4.5e-10  nonproj = 6.7e-02  ranks = [(2, 1, 1, 2, 2), (2, 1, 1, 2, 2), (2, 1, 1, 2, 2), (2, 2, 2, 2, 2)]  below  [0s]
start    3 frame    I = 2.6985322432866  I-I_ME = -2.120e-01  |grad| = 4.8e-10  nonproj = 6.8e-02  ranks = [(1, 2, 2, 2, 2), (2, 2, 2, 1, 2), (2, 2, 1, 2, 2), (2, 2, 2, 2, 2)]  below  [1s]
start    4 dkzpert  I = 2.8418823960364  I-I_ME = -6.866e-02  |grad| = 4.5e-10  nonproj = 2.5e-02  ranks = [(2, 1, 2, 1, 2), (2, 1, 2, 1, 2), (2, 1, 2, 2, 2), (2, 2, 2, 2, 1)]  below  [1s]
start    5 dkzcomp  I = 2.8418823960364  I-I_ME = -6.866e-02  |grad| = 2.5e-10  nonproj = 6.7e-02  ranks = [(2, 2, 2, 1, 1), (2, 2, 2, 2, 2), (1, 2, 2, 2, 1), (1, 2, 2, 2, 1)]  below  [1s]
start    6 gauss    I = 2.6985322432866  I-I_ME = -2.120e-01  |grad| = 1.2e-09  nonproj = 9.1e-02  ranks = [(2, 2, 2, 3, 2), (2, 2, 2, 2, 1), (3, 2, 2, 1, 2), (2, 2, 2, 1, 2)]  below  [1s]
start    7 rank     I = 2.4201140086525  I-I_ME = -4.904e-01  |grad| = 5.1e-09  nonproj = 7.5e-02  ranks = [(2, 5, 2, 1, 1), (4, 4, 0, 1, 1), (5, 2, 1, 3, 1), (3, 1, 3, 4, 2)]  below  [2s]
start    8 rank1    I = 2.8418823960364  I-I_ME = -6.866e-02  |grad| = 2.6e-10  nonproj = 7.6e-02  ranks = [(1, 2, 2, 2, 2), (2, 2, 1, 2, 2), (2, 1, 1, 2, 2), (2, 1, 1, 2, 2)]  below  [2s]
start    9 frame    I = 2.8418823960364  I-I_ME = -6.866e-02  |grad| = 5.7e-10  nonproj = 5.4e-02  ranks = [(1, 2, 1, 2, 2), (1, 2, 1, 2, 2), (1, 2, 2, 2, 2), (2, 2, 2, 1, 2)]  below  [2s]
start   10 dkzpert  I = 2.6985322432866  I-I_ME = -2.120e-01  |grad| = 3.9e-10  nonproj = 6.5e-02  ranks = [(2, 2, 2, 1, 2), (2, 2, 1, 2, 2), (2, 1, 2, 2, 2), (2, 1, 2, 2, 1)]  below  [2s]
start   11 dkzcomp  I = 2.8418823960364  I-I_ME = -6.866e-02  |grad| = 3.2e-10  nonproj = 4.3e-02  ranks = [(2, 2, 2, 1, 1), (2, 2, 2, 1, 1), (2, 2, 2, 2, 2), (1, 2, 2, 2, 1)]  below  [2s]
start   12 gauss    I = 2.6985322432866  I-I_ME = -2.120e-01  |grad| = 2.4e-09  nonproj = 1.2e-01  ranks = [(3, 2, 1, 1, 2), (2, 2, 1, 2, 3), (1, 2, 2, 3, 2), (1, 3, 3, 2, 1)]  below  [2s]
start   13 rank     I = 2.4022336292278  I-I_ME = -5.083e-01  |grad| = 2.4e-09  nonproj = 9.5e-02  ranks = [(3, 3, 2, 0, 4), (1, 2, 2, 3, 5), (1, 2, 2, 4, 2), (2, 3, 4, 4, 1)]  below  [3s]
start   14 rank1    I = 2.8418823960364  I-I_ME = -6.866e-02  |grad| = 6.0e-10  nonproj = 5.3e-02  ranks = [(2, 1, 2, 1, 2), (2, 2, 2, 2, 2), (2, 2, 1, 2, 1), (2, 2, 1, 2, 1)]  below  [3s]
start   15 frame    I = 2.8418823960364  I-I_ME = -6.866e-02  |grad| = 4.2e-10  nonproj = 4.5e-02  ranks = [(1, 2, 2, 1, 2), (2, 2, 2, 1, 2), (2, 1, 2, 1, 2), (2, 1, 2, 2, 2)]  below  [3s]
start   16 dkzpert  I = 2.8418823960364  I-I_ME = -6.866e-02  |grad| = 3.1e-10  nonproj = 9.4e-02  ranks = [(2, 2, 1, 2, 1), (2, 2, 1, 2, 1), (2, 2, 2, 2, 1), (2, 2, 2, 1, 2)]  below  [3s]
start   17 dkzcomp  I = 2.8418823960364  I-I_ME = -6.866e-02  |grad| = 4.4e-10  nonproj = 1.2e-01  ranks = [(2, 2, 1, 2, 1), (2, 2, 2, 2, 2), (1, 2, 2, 1, 2), (1, 2, 2, 1, 2)]  below  [3s]
start   18 gauss    I = 2.8418823960364  I-I_ME = -6.866e-02  |grad| = 3.6e-10  nonproj = 5.6e-02  ranks = [(1, 2, 1, 2, 2), (1, 2, 1, 2, 2), (1, 2, 1, 2, 2), (2, 2, 2, 2, 2)]  below  [3s]
start   19 rank     I = 2.5455837819819  I-I_ME = -3.650e-01  |grad| = 2.1e-09  nonproj = 1.2e-01  ranks = [(1, 3, 2, 4, 3), (0, 3, 2, 3, 2), (1, 4, 2, 2, 2), (3, 3, 1, 1, 2)]  below  [4s]
start   20 rank1    I = 2.8418823960364  I-I_ME = -6.866e-02  |grad| = 6.4e-10  nonproj = 5.4e-02  ranks = [(2, 2, 2, 1, 2), (2, 1, 2, 1, 2), (2, 1, 2, 2, 2), (2, 1, 2, 2, 1)]  below  [4s]
start   21 frame    I = 2.8418823960364  I-I_ME = -6.866e-02  |grad| = 3.3e-10  nonproj = 3.2e-02  ranks = [(2, 1, 2, 2, 1), (2, 1, 2, 2, 2), (1, 1, 2, 2, 2), (1, 2, 2, 2, 2)]  below  [4s]
start   22 dkzpert  I = 2.8418823960364  I-I_ME = -6.866e-02  |grad| = 2.8e-10  nonproj = 1.1e-01  ranks = [(1, 2, 2, 1, 2), (1, 2, 2, 2, 2), (1, 2, 2, 2, 1), (2, 2, 2, 2, 1)]  below  [4s]
start   23 dkzcomp  I = 2.6985322432866  I-I_ME = -2.120e-01  |grad| = 7.0e-10  nonproj = 1.6e-01  ranks = [(1, 2, 1, 2, 2), (2, 2, 2, 2, 2), (2, 2, 1, 1, 2), (3, 2, 2, 2, 2)]  below  [4s]
start   24 gauss    I = 2.6985322432866  I-I_ME = -2.120e-01  |grad| = 3.0e-06  nonproj = 1.1e-01  ranks = [(2, 1, 2, 3, 2), (2, 2, 3, 2, 1), (2, 2, 2, 1, 1), (3, 3, 2, 1, 2)]  below  [4s]
start   25 rank     I = 2.2727918909867  I-I_ME = -6.378e-01  |grad| = 1.1e-09  nonproj = 1.3e-01  ranks = [(3, 6, 4, 1, 0), (5, 4, 1, 0, 2), (4, 1, 1, 1, 4), (2, 1, 3, 3, 4)]  below  [4s]
start   26 rank1    I = 2.8418823960364  I-I_ME = -6.866e-02  |grad| = 4.1e-10  nonproj = 7.2e-02  ranks = [(2, 2, 1, 2, 2), (2, 1, 2, 2, 2), (2, 1, 2, 1, 2), (2, 1, 2, 1, 2)]  below  [4s]
start   27 frame    I = 2.8418823960364  I-I_ME = -6.866e-02  |grad| = 6.9e-10  nonproj = 6.3e-02  ranks = [(2, 1, 2, 2, 1), (2, 1, 2, 2, 1), (2, 1, 2, 2, 1), (2, 2, 2, 2, 2)]  below  [5s]
start   28 dkzpert  I = 2.8418823960364  I-I_ME = -6.866e-02  |grad| = 4.8e-10  nonproj = 1.6e-02  ranks = [(1, 2, 1, 2, 2), (1, 2, 1, 2, 2), (2, 2, 1, 2, 2), (2, 1, 2, 2, 2)]  below  [5s]
start   29 dkzcomp  I = 2.8418823960364  I-I_ME = -6.866e-02  |grad| = 6.3e-10  nonproj = 5.3e-02  ranks = [(2, 1, 2, 2, 2), (2, 1, 2, 1, 2), (2, 1, 2, 1, 2), (2, 2, 2, 1, 2)]  below  [5s]
start   30 gauss    I = 2.8418823960364  I-I_ME = -6.866e-02  |grad| = 2.3e-11  nonproj = 8.8e-02  ranks = [(1, 2, 2, 1, 2), (2, 2, 2, 1, 2), (2, 1, 2, 2, 2), (2, 1, 2, 2, 1)]  below  [5s]
start   31 rank     I = 2.5316753674745  I-I_ME = -3.789e-01  |grad| = 9.5e-10  nonproj = 1.1e-01  ranks = [(3, 4, 2, 2, 0), (4, 1, 3, 2, 1), (3, 0, 3, 1, 3), (1, 0, 4, 3, 4)]  below  [5s]
start   32 rank1    I = 2.8418823960364  I-I_ME = -6.866e-02  |grad| = 2.5e-10  nonproj = 5.3e-02  ranks = [(1, 2, 1, 2, 2), (2, 2, 1, 2, 2), (2, 1, 1, 2, 2), (2, 1, 2, 2, 2)]  below  [5s]
start   33 frame    I = 2.8418823960364  I-I_ME = -6.866e-02  |grad| = 4.6e-10  nonproj = 5.4e-02  ranks = [(1, 2, 2, 2, 2), (1, 2, 2, 1, 2), (1, 2, 2, 1, 2), (2, 2, 2, 1, 2)]  below  [5s]
start   34 dkzpert  I = 2.8418823960364  I-I_ME = -6.866e-02  |grad| = 1.8e-10  nonproj = 6.2e-02  ranks = [(2, 1, 2, 2, 2), (2, 1, 2, 1, 2), (2, 1, 2, 1, 2), (2, 2, 2, 1, 2)]  below  [5s]
start   35 dkzcomp  I = 2.8418823960364  I-I_ME = -6.866e-02  |grad| = 3.8e-10  nonproj = 8.8e-02  ranks = [(2, 2, 2, 1, 1), (2, 2, 2, 1, 2), (1, 2, 2, 2, 2), (1, 2, 2, 2, 1)]  below  [6s]
start   36 gauss    I = 2.6985322432866  I-I_ME = -2.120e-01  |grad| = 6.4e-10  nonproj = 8.5e-02  ranks = [(1, 1, 2, 3, 2), (1, 2, 3, 2, 2), (2, 3, 2, 1, 3), (2, 2, 1, 1, 3)]  below  [6s]
start   37 rank     I = 2.2727918909906  I-I_ME = -6.378e-01  |grad| = 1.0e-09  nonproj = 1.4e-01  ranks = [(6, 0, 1, 1, 5), (1, 2, 3, 5, 5), (1, 5, 3, 3, 2), (0, 6, 1, 1, 1)]  below  [6s]
start   38 rank1    I = 2.8418823960364  I-I_ME = -6.866e-02  |grad| = 3.9e-10  nonproj = 6.1e-02  ranks = [(2, 1, 1, 2, 2), (2, 1, 2, 2, 2), (2, 2, 2, 1, 2), (2, 2, 1, 1, 2)]  below  [6s]
start   39 frame    I = 2.8418823960364  I-I_ME = -6.866e-02  |grad| = 7.5e-10  nonproj = 1.1e-01  ranks = [(2, 2, 2, 1, 1), (2, 2, 2, 1, 2), (1, 2, 2, 1, 2), (1, 2, 2, 2, 2)]  below  [6s]
start   40 dkzpert  I = 2.6985322432866  I-I_ME = -2.120e-01  |grad| = 1.1e-09  nonproj = 6.9e-02  ranks = [(1, 2, 2, 2, 2), (2, 2, 2, 2, 2), (2, 2, 1, 2, 2), (2, 1, 2, 3, 2)]  below  [6s]
start   41 dkzcomp  I = 2.8418823960364  I-I_ME = -6.866e-02  |grad| = 1.6e-10  nonproj = 1.0e-01  ranks = [(2, 1, 2, 2, 1), (2, 1, 2, 2, 1), (2, 2, 2, 2, 2), (1, 2, 1, 2, 2)]  below  [7s]
start   42 gauss    I = 2.6985322432866  I-I_ME = -2.120e-01  |grad| = 6.1e-11  nonproj = 1.0e-01  ranks = [(2, 2, 2, 1, 2), (2, 1, 2, 2, 3), (2, 2, 2, 3, 2), (2, 1, 2, 3, 1)]  below  [7s]
start   43 rank     I = 2.5495557468941  I-I_ME = -3.610e-01  |grad| = 7.0e-10  nonproj = 8.6e-02  ranks = [(1, 2, 2, 3, 3), (0, 3, 1, 4, 2), (0, 3, 1, 3, 1), (3, 4, 1, 3, 2)]  below  [7s]
start   44 rank1    I = 2.8418823960364  I-I_ME = -6.866e-02  |grad| = 4.9e-10  nonproj = 9.0e-02  ranks = [(1, 2, 2, 2, 1), (1, 2, 2, 2, 1), (2, 2, 2, 2, 2), (1, 1, 2, 2, 2)]  below  [7s]
start   45 frame    I = 2.8418823960364  I-I_ME = -6.866e-02  |grad| = 6.9e-10  nonproj = 9.7e-02  ranks = [(1, 2, 2, 2, 1), (2, 2, 2, 2, 2), (1, 1, 2, 2, 2), (1, 1, 2, 2, 2)]  below  [7s]
start   46 dkzpert  I = 2.8418823960364  I-I_ME = -6.866e-02  |grad| = 8.0e-11  nonproj = 6.3e-02  ranks = [(2, 1, 2, 2, 2), (2, 2, 2, 1, 2), (2, 2, 1, 1, 2), (2, 2, 1, 1, 2)]  below  [7s]
start   47 dkzcomp  I = 2.8418823960364  I-I_ME = -6.866e-02  |grad| = 1.8e-10  nonproj = 7.0e-02  ranks = [(2, 2, 1, 2, 1), (2, 2, 1, 2, 1), (2, 2, 1, 2, 1), (2, 2, 2, 2, 2)]  below  [7s]
start   48 gauss    I = 2.8418823960364  I-I_ME = -6.866e-02  |grad| = 1.2e-09  nonproj = 5.1e-02  ranks = [(2, 2, 2, 2, 2), (2, 1, 2, 1, 2), (2, 1, 2, 1, 2), (2, 1, 2, 1, 2)]  below  [7s]
start   49 rank     I = 2.6929058996439  I-I_ME = -2.176e-01  |grad| = 5.4e-10  nonproj = 7.7e-02  ranks = [(3, 0, 2, 1, 2), (3, 2, 3, 2, 3), (2, 2, 1, 1, 2), (2, 3, 1, 2, 2)]  below  [7s]
start   50 rank1    I = 2.8418823960364  I-I_ME = -6.866e-02  |grad| = 3.4e-06  nonproj = 1.1e-01  ranks = [(2, 1, 2, 1, 2), (2, 2, 2, 2, 2), (2, 2, 1, 2, 1), (2, 2, 1, 2, 1)]  below  [8s]
start   51 frame    I = 2.8418823960364  I-I_ME = -6.866e-02  |grad| = 1.9e-10  nonproj = 4.5e-02  ranks = [(2, 2, 1, 2, 2), (2, 2, 2, 2, 1), (2, 2, 2, 1, 1), (2, 2, 2, 1, 1)]  below  [8s]
start   52 dkzpert  I = 2.8418823960364  I-I_ME = -6.866e-02  |grad| = 4.2e-10  nonproj = 7.7e-02  ranks = [(1, 1, 2, 2, 2), (1, 2, 2, 2, 2), (1, 2, 1, 2, 2), (2, 2, 1, 2, 2)]  below  [8s]
start   53 dkzcomp  I = 2.8418823960364  I-I_ME = -6.866e-02  |grad| = 7.0e-10  nonproj = 6.7e-02  ranks = [(2, 2, 2, 1, 1), (2, 2, 2, 1, 2), (1, 2, 2, 1, 2), (1, 2, 2, 2, 2)]  below  [8s]
start   54 gauss    I = 2.8418823960364  I-I_ME = -6.866e-02  |grad| = 6.6e-10  nonproj = 6.7e-02  ranks = [(1, 2, 2, 2, 2), (1, 2, 2, 1, 2), (1, 2, 2, 1, 2), (2, 2, 2, 1, 2)]  below  [8s]
start   55 rank     I = 1.9999999999999  I-I_ME = -9.105e-01  |grad| = 3.7e-10  nonproj = 1.5e-01  ranks = [(2, 4, 5, 3, 0), (5, 6, 1, 1, 1), (7, 3, 0, 1, 5), (3, 0, 2, 4, 6)]  below  [9s]
start   56 rank1    I = 2.8418823960364  I-I_ME = -6.866e-02  |grad| = 5.5e-10  nonproj = 8.6e-02  ranks = [(1, 2, 2, 2, 2), (1, 2, 1, 2, 2), (1, 2, 1, 2, 2), (2, 2, 1, 2, 2)]  below  [9s]
start   57 frame    I = 2.8418823960364  I-I_ME = -6.866e-02  |grad| = 7.6e-10  nonproj = 8.5e-02  ranks = [(2, 2, 2, 2, 2), (2, 2, 2, 1, 1), (2, 2, 2, 1, 1), (2, 2, 2, 1, 1)]  below  [9s]
start   58 dkzpert  I = 2.8418823960364  I-I_ME = -6.866e-02  |grad| = 7.7e-10  nonproj = 8.0e-02  ranks = [(1, 2, 1, 2, 2), (1, 2, 1, 2, 2), (2, 2, 1, 2, 2), (2, 1, 2, 2, 2)]  below  [9s]
start   59 dkzcomp  I = 2.8418823960364  I-I_ME = -6.866e-02  |grad| = 1.9e-10  nonproj = 8.0e-02  ranks = [(2, 2, 2, 2, 1), (2, 2, 2, 1, 2), (1, 2, 2, 1, 2), (1, 2, 2, 1, 2)]  below  [9s]
start   60 gauss    I = 2.8418823960364  I-I_ME = -6.866e-02  |grad| = 5.3e-09  nonproj = 5.6e-02  ranks = [(1, 2, 2, 2, 1), (1, 2, 2, 2, 1), (2, 2, 2, 2, 2), (1, 1, 2, 2, 2)]  below  [9s]
start   61 rank     I = 2.6789974851357  I-I_ME = -2.315e-01  |grad| = 1.0e-10  nonproj = 9.6e-02  ranks = [(3, 1, 2, 2, 3), (3, 0, 2, 1, 2), (3, 0, 2, 2, 2), (3, 2, 3, 2, 1)]  below  [9s]
start   62 rank1    I = 2.8418823960364  I-I_ME = -6.866e-02  |grad| = 8.8e-10  nonproj = 4.8e-02  ranks = [(2, 2, 2, 2, 1), (2, 2, 1, 2, 1), (2, 2, 1, 2, 2), (1, 2, 1, 2, 2)]  below  [10s]
start   63 frame    I = 2.8418823960364  I-I_ME = -6.866e-02  |grad| = 1.1e-09  nonproj = 5.1e-02  ranks = [(2, 2, 2, 2, 1), (2, 2, 2, 1, 1), (2, 2, 2, 1, 1), (2, 2, 2, 1, 2)]  below  [10s]
start   64 dkzpert  I = 2.6985322432866  I-I_ME = -2.120e-01  |grad| = 5.5e-08  nonproj = 1.2e-01  ranks = [(2, 3, 2, 2, 2), (2, 2, 2, 2, 2), (2, 2, 2, 1, 2), (2, 1, 2, 2, 2)]  below  [10s]
start   65 dkzcomp  I = 2.8418823960296  I-I_ME = -6.866e-02  |grad| = 5.5e-10  nonproj = 4.7e-03  ranks = [(2, 2, 2, 2, 2), (1, 2, 2, 2, 2), (1, 2, 2, 2, 1), (1, 2, 2, 2, 1)]  below  [10s]
start   66 gauss    I = 2.8418823960364  I-I_ME = -6.866e-02  |grad| = 2.1e-10  nonproj = 6.4e-02  ranks = [(2, 2, 2, 1, 1), (2, 2, 2, 1, 2), (1, 2, 2, 2, 2), (1, 2, 2, 2, 1)]  below  [10s]
start   67 rank     I = 2.5495557468925  I-I_ME = -3.610e-01  |grad| = 4.5e-10  nonproj = 8.6e-02  ranks = [(1, 3, 1, 3, 2), (1, 4, 3, 3, 1), (2, 4, 2, 0, 1), (2, 3, 3, 1, 3)]  below  [10s]
start   68 rank1    I = 2.8418823960364  I-I_ME = -6.866e-02  |grad| = 1.3e-09  nonproj = 3.8e-02  ranks = [(2, 2, 2, 1, 1), (2, 2, 2, 1, 1), (2, 2, 2, 2, 2), (1, 2, 2, 2, 1)]  below  [11s]
start   69 frame    I = 2.6985322432866  I-I_ME = -2.120e-01  |grad| = 6.7e-10  nonproj = 9.3e-02  ranks = [(2, 2, 2, 2, 1), (2, 2, 2, 1, 2), (2, 1, 2, 2, 2), (1, 2, 2, 2, 2)]  below  [11s]
start   70 dkzpert  I = 2.8418823960364  I-I_ME = -6.866e-02  |grad| = 6.1e-10  nonproj = 8.6e-02  ranks = [(2, 2, 2, 2, 1), (2, 2, 2, 1, 1), (2, 2, 2, 1, 2), (1, 2, 2, 1, 2)]  below  [11s]
start   71 dkzcomp  I = 2.6985322432866  I-I_ME = -2.120e-01  |grad| = 5.7e-10  nonproj = 9.9e-02  ranks = [(2, 2, 2, 1, 2), (2, 2, 2, 1, 2), (2, 2, 1, 1, 2), (2, 2, 2, 2, 2)]  below  [11s]
start   72 gauss    I = 2.6985322432866  I-I_ME = -2.120e-01  |grad| = 1.1e-09  nonproj = 1.0e-01  ranks = [(2, 2, 2, 2, 3), (1, 2, 1, 3, 2), (2, 3, 2, 3, 1), (2, 2, 1, 2, 1)]  below  [11s]
start   73 rank     I = 2.5495557468941  I-I_ME = -3.610e-01  |grad| = 6.7e-10  nonproj = 8.0e-02  ranks = [(1, 3, 4, 2, 0), (2, 4, 2, 2, 1), (2, 3, 1, 3, 3), (1, 1, 1, 4, 3)]  below  [11s]
start   74 rank1    I = 2.8418823960364  I-I_ME = -6.866e-02  |grad| = 8.0e-08  nonproj = 6.3e-02  ranks = [(2, 2, 2, 1, 1), (2, 2, 2, 1, 2), (1, 2, 2, 1, 2), (1, 2, 2, 2, 2)]  below  [12s]
start   75 frame    I = 2.8418823960364  I-I_ME = -6.866e-02  |grad| = 1.3e-09  nonproj = 1.2e-01  ranks = [(1, 2, 2, 2, 2), (2, 2, 2, 1, 2), (2, 1, 2, 1, 2), (2, 1, 2, 1, 2)]  below  [12s]
start   76 dkzpert  I = 2.8418823960364  I-I_ME = -6.866e-02  |grad| = 9.7e-10  nonproj = 6.1e-02  ranks = [(1, 2, 2, 2, 2), (1, 2, 2, 2, 1), (2, 2, 2, 2, 1), (2, 1, 2, 2, 1)]  below  [12s]
start   77 dkzcomp  I = 2.8418823960364  I-I_ME = -6.866e-02  |grad| = 8.7e-10  nonproj = 2.3e-02  ranks = [(2, 2, 1, 2, 2), (2, 1, 2, 2, 2), (2, 1, 2, 1, 2), (2, 1, 2, 1, 2)]  below  [12s]
start   78 gauss    I = 2.6985322432866  I-I_ME = -2.120e-01  |grad| = 7.7e-11  nonproj = 8.6e-02  ranks = [(2, 3, 2, 2, 1), (2, 2, 1, 2, 2), (1, 2, 2, 3, 2), (2, 2, 2, 2, 2)]  below  [12s]
start   79 rank     I = 2.5316753674745  I-I_ME = -3.789e-01  |grad| = 1.2e-09  nonproj = 1.5e-01  ranks = [(3, 1, 3, 0, 3), (2, 3, 2, 1, 4), (1, 3, 0, 2, 3), (2, 4, 1, 4, 2)]  below  [12s]
start   80 rank1    I = 2.8418823960364  I-I_ME = -6.866e-02  |grad| = 6.3e-11  nonproj = 5.8e-02  ranks = [(2, 2, 2, 2, 2), (2, 2, 1, 2, 1), (2, 2, 1, 2, 1), (2, 2, 1, 2, 1)]  below  [12s]
start   81 frame    I = 2.8418823960364  I-I_ME = -6.866e-02  |grad| = 2.8e-06  nonproj = 7.6e-02  ranks = [(2, 2, 2, 2, 1), (2, 2, 1, 2, 2), (1, 2, 1, 2, 2), (1, 2, 1, 2, 2)]  below  [13s]
start   82 dkzpert  I = 2.8418823960364  I-I_ME = -6.866e-02  |grad| = 1.2e-09  nonproj = 9.5e-02  ranks = [(2, 2, 1, 1, 2), (2, 2, 1, 1, 2), (2, 2, 1, 2, 2), (2, 2, 2, 2, 1)]  below  [13s]
start   83 dkzcomp  I = 2.8418823960364  I-I_ME = -6.866e-02  |grad| = 1.3e-10  nonproj = 8.3e-02  ranks = [(2, 2, 2, 1, 2), (1, 2, 2, 1, 2), (1, 2, 2, 2, 2), (1, 2, 2, 2, 1)]  below  [13s]
start   84 gauss    I = 2.8418823960364  I-I_ME = -6.866e-02  |grad| = 1.2e-06  nonproj = 2.7e-02  ranks = [(2, 2, 1, 1, 2), (2, 2, 2, 2, 2), (2, 2, 2, 1, 1), (2, 2, 2, 1, 1)]  below  [13s]
start   85 rank     I = 2.5495557468941  I-I_ME = -3.610e-01  |grad| = 1.1e-10  nonproj = 1.2e-01  ranks = [(1, 1, 2, 4, 2), (1, 0, 3, 4, 1), (3, 2, 3, 3, 1), (4, 1, 2, 2, 3)]  below  [13s]
start   86 rank1    I = 2.8418823960364  I-I_ME = -6.866e-02  |grad| = 8.6e-10  nonproj = 1.2e-01  ranks = [(2, 1, 2, 2, 2), (2, 1, 2, 1, 2), (2, 1, 2, 1, 2), (2, 2, 2, 1, 2)]  below  [13s]
start   87 frame    I = 2.8418823960364  I-I_ME = -6.866e-02  |grad| = 3.9e-10  nonproj = 1.1e-01  ranks = [(2, 1, 2, 1, 2), (2, 2, 2, 1, 2), (2, 2, 1, 1, 2), (2, 2, 1, 2, 2)]  below  [13s]
start   88 dkzpert  I = 2.8418823960364  I-I_ME = -6.866e-02  |grad| = 4.3e-10  nonproj = 7.0e-02  ranks = [(2, 1, 2, 2, 1), (2, 1, 2, 2, 1), (2, 1, 2, 2, 2), (1, 2, 2, 2, 2)]  below  [13s]
start   89 dkzcomp  I = 2.8418823960364  I-I_ME = -6.866e-02  |grad| = 6.2e-10  nonproj = 6.8e-02  ranks = [(1, 2, 1, 2, 2), (1, 2, 1, 2, 2), (2, 2, 2, 2, 2), (2, 1, 2, 1, 2)]  below  [14s]
start   90 gauss    I = 2.8418823960364  I-I_ME = -6.866e-02  |grad| = 8.2e-10  nonproj = 1.0e-01  ranks = [(1, 1, 2, 2, 2), (2, 2, 2, 2, 2), (2, 1, 1, 2, 2), (2, 1, 1, 2, 2)]  below  [14s]
start   91 rank     I = 2.6929058996424  I-I_ME = -2.176e-01  |grad| = 4.9e-10  nonproj = 3.5e-02  ranks = [(2, 3, 2, 2, 1), (1, 3, 1, 3, 3), (0, 2, 1, 3, 2), (0, 2, 2, 3, 2)]  below  [14s]
start   92 rank1    I = 2.8418823960364  I-I_ME = -6.866e-02  |grad| = 5.5e-10  nonproj = 6.8e-02  ranks = [(1, 2, 2, 1, 2), (1, 2, 2, 2, 2), (2, 2, 2, 2, 1), (2, 1, 2, 2, 1)]  below  [14s]
start   93 frame    I = 2.8418823960364  I-I_ME = -6.866e-02  |grad| = 5.1e-10  nonproj = 1.4e-01  ranks = [(2, 2, 1, 2, 2), (2, 1, 1, 2, 2), (2, 1, 2, 2, 2), (2, 1, 2, 1, 2)]  below  [14s]
start   94 dkzpert  I = 2.6985322432866  I-I_ME = -2.120e-01  |grad| = 1.5e-09  nonproj = 8.6e-02  ranks = [(1, 2, 2, 2, 2), (2, 2, 2, 2, 2), (1, 1, 2, 2, 2), (2, 2, 3, 2, 2)]  below  [15s]
start   95 dkzcomp  I = 2.8418823960364  I-I_ME = -6.866e-02  |grad| = 3.9e-10  nonproj = 1.1e-01  ranks = [(2, 2, 1, 1, 2), (2, 2, 1, 1, 2), (2, 2, 1, 1, 2), (2, 2, 2, 2, 2)]  below  [15s]
start   96 gauss    I = 2.6985322432866  I-I_ME = -2.120e-01  |grad| = 3.9e-09  nonproj = 4.8e-02  ranks = [(2, 2, 3, 2, 1), (2, 2, 2, 1, 1), (3, 3, 2, 1, 2), (2, 2, 1, 2, 3)]  below  [15s]
start   97 rank     I = 2.5495557468941  I-I_ME = -3.610e-01  |grad| = 5.0e-10  nonproj = 1.5e-01  ranks = [(1, 1, 4, 3, 1), (2, 4, 4, 2, 1), (3, 2, 1, 3, 4), (0, 1, 1, 3, 3)]  below  [16s]
start   98 rank1    I = 2.8418823960364  I-I_ME = -6.866e-02  |grad| = 3.5e-10  nonproj = 1.0e-01  ranks = [(1, 2, 1, 2, 2), (1, 2, 1, 2, 2), (2, 2, 2, 2, 2), (2, 1, 2, 1, 2)]  below  [17s]
start   99 frame    I = 2.6985322432866  I-I_ME = -2.120e-01  |grad| = 7.9e-10  nonproj = 7.1e-02  ranks = [(2, 2, 2, 2, 2), (1, 2, 2, 1, 2), (2, 2, 2, 1, 2), (2, 2, 1, 2, 2)]  below  [17s]
start  100 dkzpert  I = 2.8418823960364  I-I_ME = -6.866e-02  |grad| = 1.8e-10  nonproj = 3.6e-02  ranks = [(1, 2, 2, 1, 2), (1, 2, 2, 2, 2), (2, 2, 2, 2, 1), (2, 1, 2, 2, 1)]  below  [17s]
start  101 dkzcomp  I = 2.8418823960364  I-I_ME = -6.866e-02  |grad| = 5.1e-10  nonproj = 1.1e-01  ranks = [(2, 2, 2, 2, 2), (2, 2, 2, 1, 1), (2, 2, 2, 1, 1), (2, 2, 2, 1, 1)]  below  [17s]
start  102 gauss    I = 2.8418823960364  I-I_ME = -6.866e-02  |grad| = 9.8e-10  nonproj = 2.0e-02  ranks = [(2, 2, 2, 2, 1), (2, 1, 2, 2, 1), (2, 1, 2, 2, 2), (1, 1, 2, 2, 2)]  below  [18s]
start  103 rank     I = 2.5495557468941  I-I_ME = -3.610e-01  |grad| = 7.6e-10  nonproj = 1.1e-01  ranks = [(3, 3, 2, 0, 3), (2, 2, 2, 1, 3), (2, 1, 4, 3, 2), (1, 2, 4, 2, 0)]  below  [18s]
start  104 rank1    I = 2.6985322432865  I-I_ME = -2.120e-01  |grad| = 1.0e-09  nonproj = 8.1e-02  ranks = [(2, 2, 1, 2, 2), (2, 2, 2, 2, 2), (2, 2, 2, 1, 2), (2, 2, 2, 1, 2)]  below  [19s]
start  105 frame    I = 2.8418823960364  I-I_ME = -6.866e-02  |grad| = 1.8e-10  nonproj = 1.7e-02  ranks = [(2, 1, 2, 2, 1), (2, 1, 2, 2, 2), (1, 1, 2, 2, 2), (1, 2, 2, 2, 2)]  below  [19s]
start  106 dkzpert  I = 2.8418823960364  I-I_ME = -6.866e-02  |grad| = 2.9e-10  nonproj = 6.1e-02  ranks = [(2, 2, 2, 1, 2), (2, 2, 1, 1, 2), (2, 2, 1, 2, 2), (2, 2, 1, 2, 1)]  below  [19s]
start  107 dkzcomp  I = 2.8418823960364  I-I_ME = -6.866e-02  |grad| = 4.9e-10  nonproj = 6.7e-02  ranks = [(2, 2, 2, 2, 1), (2, 2, 1, 2, 2), (1, 2, 1, 2, 2), (1, 2, 1, 2, 2)]  below  [19s]
start  108 gauss    I = 2.8418823960364  I-I_ME = -6.866e-02  |grad| = 9.2e-10  nonproj = 8.5e-02  ranks = [(2, 1, 2, 1, 2), (2, 2, 2, 2, 2), (2, 2, 1, 2, 1), (2, 2, 1, 2, 1)]  below  [20s]
start  109 rank     I = 2.4201140086519  I-I_ME = -4.904e-01  |grad| = 9.0e-11  nonproj = 1.2e-01  ranks = [(5, 1, 1, 2, 3), (3, 1, 4, 5, 2), (1, 3, 5, 2, 0), (1, 5, 3, 1, 0)]  below  [20s]
start  110 rank1    I = 2.8418823960364  I-I_ME = -6.866e-02  |grad| = 3.4e-10  nonproj = 4.3e-02  ranks = [(1, 2, 2, 2, 1), (2, 2, 2, 2, 2), (1, 1, 2, 2, 2), (1, 1, 2, 2, 2)]  below  [20s]
start  111 frame    I = 2.8418823960364  I-I_ME = -6.866e-02  |grad| = 1.3e-09  nonproj = 8.2e-02  ranks = [(2, 1, 2, 2, 1), (2, 2, 2, 2, 1), (2, 2, 1, 2, 1), (2, 2, 1, 2, 2)]  below  [20s]
start  112 dkzpert  I = 2.8418823960364  I-I_ME = -6.866e-02  |grad| = 7.9e-10  nonproj = 4.2e-02  ranks = [(2, 2, 2, 2, 2), (2, 2, 2, 1, 1), (2, 2, 2, 1, 1), (2, 2, 2, 1, 1)]  below  [20s]
start  113 dkzcomp  I = 2.8418823960364  I-I_ME = -6.866e-02  |grad| = 6.8e-10  nonproj = 7.3e-02  ranks = [(2, 2, 1, 1, 2), (2, 2, 1, 1, 2), (2, 2, 1, 1, 2), (2, 2, 2, 2, 2)]  below  [21s]
start  114 gauss    I = 2.6985322432866  I-I_ME = -2.120e-01  |grad| = 4.5e-10  nonproj = 9.0e-02  ranks = [(2, 2, 3, 2, 1), (2, 2, 2, 1, 1), (3, 3, 2, 2, 2), (2, 2, 1, 2, 2)]  below  [21s]
start  115 rank     I = 2.5495557468940  I-I_ME = -3.610e-01  |grad| = 5.7e-09  nonproj = 1.2e-01  ranks = [(4, 2, 2, 3, 1), (4, 2, 2, 0, 3), (2, 3, 2, 1, 4), (1, 3, 1, 0, 3)]  below  [21s]
start  116 rank1    I = 2.6985322432866  I-I_ME = -2.120e-01  |grad| = 4.1e-10  nonproj = 9.0e-02  ranks = [(2, 2, 2, 1, 2), (2, 2, 1, 2, 2), (1, 2, 2, 2, 2), (1, 2, 2, 2, 2)]  below  [21s]
start  117 frame    I = 2.8418823960364  I-I_ME = -6.866e-02  |grad| = 1.1e-10  nonproj = 9.6e-02  ranks = [(2, 2, 2, 2, 2), (2, 2, 1, 1, 2), (2, 2, 1, 1, 2), (2, 2, 1, 1, 2)]  below  [22s]
start  118 dkzpert  I = 2.6985322432866  I-I_ME = -2.120e-01  |grad| = 1.1e-09  nonproj = 6.5e-02  ranks = [(1, 2, 2, 2, 2), (2, 2, 2, 2, 2), (1, 2, 2, 2, 2), (2, 2, 2, 2, 2)]  below  [22s]
start  119 dkzcomp  I = 2.8418823960364  I-I_ME = -6.866e-02  |grad| = 2.4e-10  nonproj = 7.3e-02  ranks = [(1, 2, 2, 2, 2), (2, 2, 2, 1, 2), (2, 1, 2, 1, 2), (2, 1, 2, 1, 2)]  below  [22s]
start  120 gauss    I = 2.8418823960364  I-I_ME = -6.866e-02  |grad| = 4.5e-10  nonproj = 7.0e-02  ranks = [(1, 2, 1, 2, 2), (2, 2, 2, 2, 2), (2, 1, 2, 1, 2), (2, 1, 2, 1, 2)]  below  [22s]
start  121 rank     I = 2.2727918909913  I-I_ME = -6.378e-01  |grad| = 1.3e-09  nonproj = 1.6e-01  ranks = [(5, 2, 1, 1, 4), (2, 1, 0, 3, 5), (2, 4, 2, 6, 3), (2, 4, 2, 2, 0)]  below  [22s]
start  122 rank1    I = 2.8418823960364  I-I_ME = -6.866e-02  |grad| = 1.9e-10  nonproj = 6.7e-02  ranks = [(2, 2, 1, 2, 1), (2, 2, 1, 2, 1), (2, 2, 2, 2, 2), (1, 2, 2, 1, 2)]  below  [22s]
start  123 frame    I = 2.8418823960364  I-I_ME = -6.866e-02  |grad| = 2.3e-10  nonproj = 8.7e-02  ranks = [(2, 2, 2, 1, 2), (2, 2, 1, 1, 2), (2, 2, 1, 2, 2), (2, 2, 1, 2, 1)]  below  [23s]
start  124 dkzpert  I = 2.6985322432866  I-I_ME = -2.120e-01  |grad| = 5.5e-10  nonproj = 1.1e-01  ranks = [(3, 3, 2, 1, 2), (2, 2, 1, 2, 2), (2, 2, 1, 2, 2), (1, 2, 2, 3, 2)]  below  [23s]
start  125 dkzcomp  I = 2.8418823960364  I-I_ME = -6.866e-02  |grad| = 6.7e-10  nonproj = 8.5e-02  ranks = [(2, 2, 1, 2, 1), (2, 2, 1, 2, 2), (1, 2, 1, 2, 2), (1, 2, 2, 2, 2)]  below  [23s]
start  126 gauss    I = 2.6985322432866  I-I_ME = -2.120e-01  |grad| = 4.0e-11  nonproj = 1.0e-01  ranks = [(2, 2, 2, 2, 3), (1, 3, 2, 1, 2), (2, 3, 2, 2, 2), (2, 2, 2, 1, 1)]  below  [23s]
start  127 rank     I = 2.5495557468941  I-I_ME = -3.610e-01  |grad| = 5.3e-11  nonproj = 7.5e-02  ranks = [(2, 3, 3, 1, 1), (3, 4, 2, 0, 1), (4, 3, 1, 2, 1), (3, 2, 2, 3, 2)]  below  [23s]
start  128 rank1    I = 2.8418823960364  I-I_ME = -6.866e-02  |grad| = 5.8e-10  nonproj = 1.1e-01  ranks = [(1, 1, 2, 2, 2), (1, 2, 2, 2, 2), (2, 2, 1, 2, 2), (2, 1, 1, 2, 2)]  below  [24s]
start  129 frame    I = 2.8418823960364  I-I_ME = -6.866e-02  |grad| = 2.4e-10  nonproj = 6.9e-02  ranks = [(2, 2, 2, 2, 1), (2, 1, 2, 2, 1), (2, 1, 2, 2, 2), (1, 1, 2, 2, 2)]  below  [24s]
start  130 dkzpert  I = 2.8418823960364  I-I_ME = -6.866e-02  |grad| = 2.9e-10  nonproj = 8.2e-02  ranks = [(2, 1, 2, 2, 1), (2, 2, 2, 2, 1), (2, 2, 1, 2, 2), (1, 2, 1, 2, 2)]  below  [24s]
start  131 dkzcomp  I = 2.8418823960364  I-I_ME = -6.866e-02  |grad| = 1.2e-09  nonproj = 1.0e-01  ranks = [(2, 1, 2, 2, 2), (1, 1, 2, 2, 2), (1, 1, 2, 2, 2), (1, 2, 2, 2, 2)]  below  [24s]
start  132 gauss    I = 2.6985322432866  I-I_ME = -2.120e-01  |grad| = 1.6e-09  nonproj = 7.9e-02  ranks = [(1, 2, 2, 2, 2), (2, 2, 2, 3, 2), (2, 1, 2, 2, 1), (3, 2, 2, 2, 2)]  below  [24s]
start  133 rank     I = 2.4201140086524  I-I_ME = -4.904e-01  |grad| = 2.8e-09  nonproj = 9.9e-02  ranks = [(3, 3, 4, 3, 2), (4, 2, 2, 2, 2), (4, 0, 2, 3, 2), (3, 1, 2, 2, 3)]  below  [25s]
start  134 rank1    I = 2.8418823960364  I-I_ME = -6.866e-02  |grad| = 2.0e-10  nonproj = 7.4e-02  ranks = [(2, 2, 2, 2, 1), (2, 1, 2, 2, 1), (2, 1, 2, 2, 1), (2, 1, 2, 2, 2)]  below  [26s]
start  135 frame    I = 2.6985322432866  I-I_ME = -2.120e-01  |grad| = 7.7e-10  nonproj = 7.7e-02  ranks = [(2, 1, 2, 2, 2), (2, 2, 2, 2, 2), (2, 2, 2, 1, 2), (2, 2, 1, 2, 2)]  below  [26s]
start  136 dkzpert  I = 2.8418823960364  I-I_ME = -6.866e-02  |grad| = 4.1e-10  nonproj = 7.9e-02  ranks = [(1, 2, 2, 2, 2), (1, 2, 1, 2, 2), (1, 2, 1, 2, 2), (2, 2, 1, 2, 2)]  below  [26s]
start  137 dkzcomp  I = 2.8418823960364  I-I_ME = -6.866e-02  |grad| = 1.0e-10  nonproj = 5.2e-02  ranks = [(2, 1, 2, 1, 2), (2, 1, 2, 1, 2), (2, 2, 2, 2, 2), (2, 2, 1, 2, 1)]  below  [27s]
start  138 gauss    I = 2.8418823960364  I-I_ME = -6.866e-02  |grad| = 2.4e-11  nonproj = 1.1e-01  ranks = [(2, 2, 2, 1, 2), (2, 1, 2, 2, 2), (2, 1, 2, 2, 1), (2, 1, 2, 2, 1)]  below  [27s]
start  139 rank     I = 2.2727918909913  I-I_ME = -6.378e-01  |grad| = 1.8e-08  nonproj = 1.3e-01  ranks = [(0, 3, 4, 3, 2), (1, 5, 4, 2, 0), (3, 5, 2, 1, 1), (4, 3, 2, 4, 3)]  below  [28s]
start  140 rank1    I = 2.8418823960364  I-I_ME = -6.866e-02  |grad| = 8.1e-10  nonproj = 7.3e-02  ranks = [(1, 2, 2, 1, 2), (1, 2, 2, 2, 2), (2, 2, 2, 2, 1), (2, 1, 2, 2, 1)]  below  [28s]
start  141 frame    I = 2.8418823960364  I-I_ME = -6.866e-02  |grad| = 5.9e-10  nonproj = 1.0e-01  ranks = [(2, 1, 2, 1, 2), (2, 1, 2, 1, 2), (2, 1, 2, 2, 2), (2, 2, 2, 2, 1)]  below  [28s]
start  142 dkzpert  I = 2.6985322432866  I-I_ME = -2.120e-01  |grad| = 3.8e-10  nonproj = 7.8e-02  ranks = [(2, 2, 1, 2, 2), (2, 1, 1, 2, 2), (2, 1, 2, 2, 3), (1, 2, 2, 2, 2)]  below  [29s]
start  143 dkzcomp  I = 2.8418823960364  I-I_ME = -6.866e-02  |grad| = 2.6e-10  nonproj = 6.4e-02  ranks = [(1, 1, 2, 2, 2), (1, 2, 2, 2, 2), (1, 2, 1, 2, 2), (2, 2, 1, 2, 2)]  below  [29s]
start  144 gauss    I = 2.8402280173050  I-I_ME = -7.032e-02  |grad| = 5.2e-10  nonproj = 4.8e-02  ranks = [(1, 2, 2, 2, 2), (1, 1, 2, 2, 2), (1, 1, 2, 2, 2), (2, 1, 2, 2, 2)]  below  [29s]
start  145 rank     I = 2.4022336292329  I-I_ME = -5.083e-01  |grad| = 1.3e-09  nonproj = 1.2e-01  ranks = [(2, 5, 3, 1, 1), (4, 4, 2, 1, 1), (3, 1, 3, 5, 4), (0, 1, 4, 4, 0)]  below  [29s]
start  146 rank1    I = 2.8418823960364  I-I_ME = -6.866e-02  |grad| = 1.9e-10  nonproj = 3.8e-02  ranks = [(2, 2, 2, 2, 1), (2, 1, 2, 2, 1), (2, 1, 2, 2, 1), (2, 1, 2, 2, 2)]  below  [30s]
start  147 frame    I = 2.8418823960364  I-I_ME = -6.866e-02  |grad| = 3.9e-10  nonproj = 7.0e-02  ranks = [(2, 2, 1, 2, 1), (2, 2, 1, 2, 2), (1, 2, 1, 2, 2), (1, 2, 2, 2, 2)]  below  [30s]
start  148 dkzpert  I = 2.8418823960364  I-I_ME = -6.866e-02  |grad| = 6.5e-10  nonproj = 1.8e-02  ranks = [(2, 2, 1, 1, 2), (2, 2, 1, 1, 2), (2, 2, 2, 2, 2), (2, 2, 2, 1, 1)]  below  [30s]
start  149 dkzcomp  I = 2.8418823960364  I-I_ME = -6.866e-02  |grad| = 4.7e-10  nonproj = 8.6e-02  ranks = [(2, 1, 2, 2, 1), (2, 1, 2, 2, 1), (2, 1, 2, 2, 2), (1, 2, 2, 2, 2)]  below  [30s]
# BEST d=5 D=8: I = 2.8418823960364  I_ME = 2.9105448080721  I-I_ME = -6.866e-02  (init frame)  counts {'below': 150}
