# d=7 D=14 nstart=90 seed=7014  I_ME(d) = 2.9271609424245
start    0 gauss    I = 2.8469986405369  I-I_ME = -8.016e-02  |grad| = 8.7e-10  nonproj = 3.3e-02  ranks = [(3, 3, 3, 2, 2, 3, 3), (2, 2, 2, 3, 2, 2, 2), (2, 2, 2, 3, 1, 2, 2), (2, 2, 2, 3, 2, 2, 2)]  below  [2s]
start    1 rank     I = 2.6765145676681  I-I_ME = -2.506e-01  |grad| = 5.4e-10  nonproj = 7.0e-02  ranks = [(2, 2, 4, 3, 2, 0, 3), (3, 4, 4, 2, 2, 1, 3), (5, 3, 1, 3, 3, 2, 4), (3, 1, 2, 4, 4, 3, 3)]  below  [4s]
start    2 rank1    I = 2.9271609424245  I-I_ME = +2.665e-15  |grad| = 3.1e-10  nonproj = 8.9e-16  ranks = [(2, 2, 2, 2, 2, 2, 2), (2, 2, 2, 2, 2, 2, 2), (2, 2, 2, 2, 2, 2, 2), (2, 2, 2, 2, 2, 2, 2)]  ME  [5s]
start    3 frame    I = 2.9271609424245  I-I_ME = +1.776e-15  |grad| = 2.1e-10  nonproj = 6.1e-16  ranks = [(2, 2, 2, 2, 2, 2, 2), (2, 2, 2, 2, 2, 2, 2), (2, 2, 2, 2, 2, 2, 2), (2, 2, 2, 2, 2, 2, 2)]  ME  [6s]
start    4 dkzpert  I = 2.9271609424245  I-I_ME = +1.776e-15  |grad| = 1.9e-10  nonproj = 6.7e-16  ranks = [(2, 2, 2, 2, 2, 2, 2), (2, 2, 2, 2, 2, 2, 2), (2, 2, 2, 2, 2, 2, 2), (2, 2, 2, 2, 2, 2, 2)]  ME  [7s]
start    5 dkzcomp  I = 2.9271609424245  I-I_ME = +8.882e-16  |grad| = 3.3e-10  nonproj = 5.6e-16  ranks = [(2, 2, 2, 2, 2, 2, 2), (2, 2, 2, 2, 2, 2, 2), (2, 2, 2, 2, 2, 2, 2), (2, 2, 2, 2, 2, 2, 2)]  ME  [7s]
start    6 gauss    I = 2.8361310009651  I-I_ME = -9.103e-02  |grad| = 5.1e-09  nonproj = 8.1e-02  ranks = [(2, 3, 2, 2, 2, 2, 3), (1, 3, 2, 2, 2, 2, 2), (2, 3, 3, 3, 3, 2, 2), (2, 2, 3, 2, 2, 2, 1)]  below  [10s]
start    7 rank     I = 2.5180395382816  I-I_ME = -4.091e-01  |grad| = 2.7e-10  nonproj = 9.2e-02  ranks = [(1, 2, 3, 0, 4, 6, 2), (2, 5, 6, 2, 7, 4, 0), (5, 6, 4, 0, 4, 1, 0), (6, 3, 2, 3, 3, 2, 5)]  below  [13s]
start    8 rank1    I = 2.9271609424245  I-I_ME = +1.776e-15  |grad| = 5.7e-11  nonproj = 8.9e-16  ranks = [(2, 2, 2, 2, 2, 2, 2), (2, 2, 2, 2, 2, 2, 2), (2, 2, 2, 2, 2, 2, 2), (2, 2, 2, 2, 2, 2, 2)]  ME  [13s]
start    9 frame    I = 2.9271609424245  I-I_ME = +2.665e-15  |grad| = 4.7e-10  nonproj = 1.1e-15  ranks = [(2, 2, 2, 2, 2, 2, 2), (2, 2, 2, 2, 2, 2, 2), (2, 2, 2, 2, 2, 2, 2), (2, 2, 2, 2, 2, 2, 2)]  ME  [14s]
start   10 dkzpert  I = 2.9271609424245  I-I_ME = +1.776e-15  |grad| = 5.0e-11  nonproj = 2.8e-16  ranks = [(2, 2, 2, 2, 2, 2, 2), (2, 2, 2, 2, 2, 2, 2), (2, 2, 2, 2, 2, 2, 2), (2, 2, 2, 2, 2, 2, 2)]  ME  [15s]
start   11 dkzcomp  I = 2.9271609424245  I-I_ME = +8.882e-16  |grad| = 1.1e-10  nonproj = 5.0e-16  ranks = [(2, 2, 2, 2, 2, 2, 2), (2, 2, 2, 2, 2, 2, 2), (2, 2, 2, 2, 2, 2, 2), (2, 2, 2, 2, 2, 2, 2)]  ME  [16s]
start   12 gauss    I = 2.8469986405369  I-I_ME = -8.016e-02  |grad| = 1.4e-08  nonproj = 5.5e-02  ranks = [(2, 1, 2, 2, 3, 3, 2), (2, 1, 2, 2, 3, 2, 2), (2, 2, 3, 3, 3, 2, 2), (3, 3, 2, 2, 2, 2, 3)]  below  [18s]
start   13 rank     I = 2.3695498131401  I-I_ME = -5.576e-01  |grad| = 1.0e-06  nonproj = 1.6e-01  ranks = [(9, 7, 6, 1, 1, 2, 4), (5, 0, 2, 0, 5, 8, 8), (1, 0, 2, 5, 9, 5, 3), (0, 2, 5, 7, 4, 1, 2)]  below  [21s]
start   14 rank1    I = 2.9271609424245  I-I_ME = +1.776e-15  |grad| = 3.5e-11  nonproj = 7.8e-16  ranks = [(2, 2, 2, 2, 2, 2, 2), (2, 2, 2, 2, 2, 2, 2), (2, 2, 2, 2, 2, 2, 2), (2, 2, 2, 2, 2, 2, 2)]  ME  [22s]
start   15 frame    I = 2.9271609424245  I-I_ME = +2.665e-15  |grad| = 1.9e-10  nonproj = 6.7e-16  ranks = [(2, 2, 2, 2, 2, 2, 2), (2, 2, 2, 2, 2, 2, 2), (2, 2, 2, 2, 2, 2, 2), (2, 2, 2, 2, 2, 2, 2)]  ME  [23s]
start   16 dkzpert  I = 2.9271609424245  I-I_ME = +1.776e-15  |grad| = 2.7e-10  nonproj = 3.9e-16  ranks = [(2, 2, 2, 2, 2, 2, 2), (2, 2, 2, 2, 2, 2, 2), (2, 2, 2, 2, 2, 2, 2), (2, 2, 2, 2, 2, 2, 2)]  ME  [24s]
start   17 dkzcomp  I = 2.9271609424245  I-I_ME = +8.882e-16  |grad| = 9.0e-11  nonproj = 8.3e-16  ranks = [(2, 2, 2, 2, 2, 2, 2), (2, 2, 2, 2, 2, 2, 2), (2, 2, 2, 2, 2, 2, 2), (2, 2, 2, 2, 2, 2, 2)]  ME  [24s]
start   18 gauss    I = 2.8469986405369  I-I_ME = -8.016e-02  |grad| = 2.8e-10  nonproj = 4.9e-02  ranks = [(2, 2, 3, 3, 3, 3, 2), (2, 2, 2, 2, 2, 2, 2), (3, 2, 2, 2, 2, 2, 2), (3, 2, 2, 2, 2, 2, 3)]  below  [26s]
start   19 rank     I = 2.3621319920724  I-I_ME = -5.650e-01  |grad| = 3.9e-10  nonproj = 1.4e-01  ranks = [(5, 6, 7, 9, 3, 3, 1), (8, 2, 3, 2, 0, 4, 4), (5, 1, 2, 1, 0, 8, 8), (1, 0, 1, 0, 6, 9, 4)]  below  [28s]
start   20 rank1    I = 2.9271609424245  I-I_ME = +1.776e-15  |grad| = 6.9e-11  nonproj = 3.3e-16  ranks = [(2, 2, 2, 2, 2, 2, 2), (2, 2, 2, 2, 2, 2, 2), (2, 2, 2, 2, 2, 2, 2), (2, 2, 2, 2, 2, 2, 2)]  ME  [29s]
start   21 frame    I = 2.9271609424245  I-I_ME = +1.776e-15  |grad| = 3.3e-10  nonproj = 6.1e-16  ranks = [(2, 2, 2, 2, 2, 2, 2), (2, 2, 2, 2, 2, 2, 2), (2, 2, 2, 2, 2, 2, 2), (2, 2, 2, 2, 2, 2, 2)]  ME  [30s]
start   22 dkzpert  I = 2.9271609424245  I-I_ME = +2.665e-15  |grad| = 4.1e-10  nonproj = 3.9e-16  ranks = [(2, 2, 2, 2, 2, 2, 2), (2, 2, 2, 2, 2, 2, 2), (2, 2, 2, 2, 2, 2, 2), (2, 2, 2, 2, 2, 2, 2)]  ME  [31s]
start   23 dkzcomp  I = 2.9271609424245  I-I_ME = +1.776e-15  |grad| = 9.5e-11  nonproj = 7.2e-16  ranks = [(2, 2, 2, 2, 2, 2, 2), (2, 2, 2, 2, 2, 2, 2), (2, 2, 2, 2, 2, 2, 2), (2, 2, 2, 2, 2, 2, 2)]  ME  [32s]
start   24 gauss    I = 2.9271609424245  I-I_ME = +0.000e+00  |grad| = 2.9e-10  nonproj = 5.0e-16  ranks = [(2, 2, 2, 2, 2, 2, 2), (2, 2, 2, 2, 2, 2, 2), (2, 2, 2, 2, 2, 2, 2), (2, 2, 2, 2, 2, 2, 2)]  ME  [33s]
start   25 rank     I = 2.8361310009651  I-I_ME = -9.103e-02  |grad| = 4.8e-10  nonproj = 9.9e-02  ranks = [(3, 3, 2, 2, 1, 2, 2), (3, 3, 2, 2, 2, 3, 2), (2, 3, 3, 3, 3, 2, 1), (2, 3, 3, 2, 2, 1, 1)]  below  [36s]
start   26 rank1    I = 2.9271609424245  I-I_ME = +8.882e-16  |grad| = 1.7e-07  nonproj = 7.2e-16  ranks = [(2, 2, 2, 2, 2, 2, 2), (2, 2, 2, 2, 2, 2, 2), (2, 2, 2, 2, 2, 2, 2), (2, 2, 2, 2, 2, 2, 2)]  ME  [37s]
start   27 frame    I = 2.9271609424245  I-I_ME = +1.776e-15  |grad| = 5.0e-11  nonproj = 7.8e-16  ranks = [(2, 2, 2, 2, 2, 2, 2), (2, 2, 2, 2, 2, 2, 2), (2, 2, 2, 2, 2, 2, 2), (2, 2, 2, 2, 2, 2, 2)]  ME  [38s]
start   28 dkzpert  I = 2.9271609424245  I-I_ME = +1.776e-15  |grad| = 9.6e-09  nonproj = 4.2e-16  ranks = [(2, 2, 2, 2, 2, 2, 2), (2, 2, 2, 2, 2, 2, 2), (2, 2, 2, 2, 2, 2, 2), (2, 2, 2, 2, 2, 2, 2)]  ME  [39s]
start   29 dkzcomp  I = 2.9271609424245  I-I_ME = +0.000e+00  |grad| = 2.3e-10  nonproj = 6.7e-16  ranks = [(2, 2, 2, 2, 2, 2, 2), (2, 2, 2, 2, 2, 2, 2), (2, 2, 2, 2, 2, 2, 2), (2, 2, 2, 2, 2, 2, 2)]  ME  [40s]
start   30 gauss    I = 2.8469986405363  I-I_ME = -8.016e-02  |grad| = 5.2e-10  nonproj = 5.8e-02  ranks = [(2, 2, 2, 2, 2, 2, 2), (2, 2, 3, 3, 2, 2, 2), (3, 3, 3, 2, 1, 2, 2), (3, 2, 2, 2, 2, 3, 3)]  below  [42s]
start   31 rank     I = 2.3695498131425  I-I_ME = -5.576e-01  |grad| = 4.5e-10  nonproj = 1.2e-01  ranks = [(2, 0, 3, 5, 4, 6, 0), (6, 6, 7, 6, 5, 3, 0), (9, 5, 0, 0, 2, 1, 5), (4, 2, 0, 0, 4, 4, 9)]  below  [45s]
start   32 rank1    I = 2.9271609424245  I-I_ME = +8.882e-16  |grad| = 2.4e-10  nonproj = 8.3e-16  ranks = [(2, 2, 2, 2, 2, 2, 2), (2, 2, 2, 2, 2, 2, 2), (2, 2, 2, 2, 2, 2, 2), (2, 2, 2, 2, 2, 2, 2)]  ME  [46s]
start   33 frame    I = 2.9271609424245  I-I_ME = +8.882e-16  |grad| = 1.2e-10  nonproj = 6.7e-16  ranks = [(2, 2, 2, 2, 2, 2, 2), (2, 2, 2, 2, 2, 2, 2), (2, 2, 2, 2, 2, 2, 2), (2, 2, 2, 2, 2, 2, 2)]  ME  [47s]
start   34 dkzpert  I = 2.9271609424245  I-I_ME = +1.776e-15  |grad| = 8.4e-11  nonproj = 4.4e-16  ranks = [(2, 2, 2, 2, 2, 2, 2), (2, 2, 2, 2, 2, 2, 2), (2, 2, 2, 2, 2, 2, 2), (2, 2, 2, 2, 2, 2, 2)]  ME  [48s]
start   35 dkzcomp  I = 2.9271609424245  I-I_ME = +8.882e-16  |grad| = 3.1e-10  nonproj = 4.6e-16  ranks = [(2, 2, 2, 2, 2, 2, 2), (2, 2, 2, 2, 2, 2, 2), (2, 2, 2, 2, 2, 2, 2), (2, 2, 2, 2, 2, 2, 2)]  ME  [48s]
start   36 gauss    I = 2.8469986405369  I-I_ME = -8.016e-02  |grad| = 4.9e-10  nonproj = 3.7e-02  ranks = [(2, 2, 1, 3, 2, 2, 2), (2, 2, 2, 3, 2, 2, 2), (2, 2, 3, 2, 2, 2, 2), (3, 3, 3, 1, 3, 3, 3)]  below  [50s]
start   37 rank     I = 2.5966113343713  I-I_ME = -3.305e-01  |grad| = 2.9e-07  nonproj = 1.2e-01  ranks = [(2, 1, 2, 6, 4, 5, 3), (1, 1, 5, 4, 2, 3, 2), (1, 5, 6, 1, 2, 3, 2), (4, 5, 2, 0, 4, 4, 4)]  below  [55s]
start   38 rank1    I = 2.9271609424245  I-I_ME = +2.665e-15  |grad| = 2.6e-07  nonproj = 7.2e-16  ranks = [(2, 2, 2, 2, 2, 2, 2), (2, 2, 2, 2, 2, 2, 2), (2, 2, 2, 2, 2, 2, 2), (2, 2, 2, 2, 2, 2, 2)]  ME  [56s]
start   39 frame    I = 2.9271609424245  I-I_ME = +1.776e-15  |grad| = 1.8e-10  nonproj = 6.7e-16  ranks = [(2, 2, 2, 2, 2, 2, 2), (2, 2, 2, 2, 2, 2, 2), (2, 2, 2, 2, 2, 2, 2), (2, 2, 2, 2, 2, 2, 2)]  ME  [57s]
start   40 dkzpert  I = 2.9271609424245  I-I_ME = +1.776e-15  |grad| = 6.8e-11  nonproj = 4.2e-16  ranks = [(2, 2, 2, 2, 2, 2, 2), (2, 2, 2, 2, 2, 2, 2), (2, 2, 2, 2, 2, 2, 2), (2, 2, 2, 2, 2, 2, 2)]  ME  [57s]
start   41 dkzcomp  I = 2.9271609424245  I-I_ME = +8.882e-16  |grad| = 1.7e-10  nonproj = 5.0e-16  ranks = [(2, 2, 2, 2, 2, 2, 2), (2, 2, 2, 2, 2, 2, 2), (2, 2, 2, 2, 2, 2, 2), (2, 2, 2, 2, 2, 2, 2)]  ME  [58s]
start   42 gauss    I = 2.8361310009651  I-I_ME = -9.103e-02  |grad| = 2.7e-10  nonproj = 6.4e-02  ranks = [(3, 2, 3, 2, 2, 2, 2), (2, 2, 2, 2, 2, 3, 2), (2, 3, 2, 2, 3, 3, 2), (1, 3, 1, 3, 3, 2, 2)]  below  [60s]
start   43 rank     I = 2.7525188805768  I-I_ME = -1.746e-01  |grad| = 4.8e-10  nonproj = 9.1e-02  ranks = [(2, 3, 2, 2, 4, 0, 3), (0, 4, 3, 3, 4, 1, 3), (1, 4, 2, 3, 2, 2, 2), (2, 3, 3, 3, 2, 4, 2)]  below  [63s]
start   44 rank1    I = 2.9271609424245  I-I_ME = +2.665e-15  |grad| = 1.4e-10  nonproj = 6.7e-16  ranks = [(2, 2, 2, 2, 2, 2, 2), (2, 2, 2, 2, 2, 2, 2), (2, 2, 2, 2, 2, 2, 2), (2, 2, 2, 2, 2, 2, 2)]  ME  [64s]
start   45 frame    I = 2.9271609424245  I-I_ME = +8.882e-16  |grad| = 7.6e-10  nonproj = 1.1e-15  ranks = [(2, 2, 2, 2, 2, 2, 2), (2, 2, 2, 2, 2, 2, 2), (2, 2, 2, 2, 2, 2, 2), (2, 2, 2, 2, 2, 2, 2)]  ME  [64s]
start   46 dkzpert  I = 2.9271609424245  I-I_ME = +1.776e-15  |grad| = 1.3e-10  nonproj = 2.8e-16  ranks = [(2, 2, 2, 2, 2, 2, 2), (2, 2, 2, 2, 2, 2, 2), (2, 2, 2, 2, 2, 2, 2), (2, 2, 2, 2, 2, 2, 2)]  ME  [65s]
start   47 dkzcomp  I = 2.9271609424245  I-I_ME = +1.776e-15  |grad| = 3.8e-10  nonproj = 4.4e-16  ranks = [(2, 2, 2, 2, 2, 2, 2), (2, 2, 2, 2, 2, 2, 2), (2, 2, 2, 2, 2, 2, 2), (2, 2, 2, 2, 2, 2, 2)]  ME  [66s]
start   48 gauss    I = 2.7670954072363  I-I_ME = -1.601e-01  |grad| = 3.2e-10  nonproj = 6.2e-02  ranks = [(2, 2, 2, 3, 2, 3, 1), (3, 3, 3, 3, 3, 3, 2), (3, 2, 2, 2, 3, 3, 3), (2, 2, 2, 1, 3, 2, 3)]  below  [68s]
start   49 rank     I = 2.5214893567819  I-I_ME = -4.057e-01  |grad| = 4.3e-11  nonproj = 9.5e-02  ranks = [(1, 2, 5, 4, 6, 3, 3), (1, 5, 6, 3, 2, 3, 2), (6, 6, 3, 2, 2, 3, 0), (7, 2, 1, 2, 1, 4, 4)]  below  [74s]
start   50 rank1    I = 2.9271609424245  I-I_ME = +8.882e-16  |grad| = 3.9e-10  nonproj = 5.0e-16  ranks = [(2, 2, 2, 2, 2, 2, 2), (2, 2, 2, 2, 2, 2, 2), (2, 2, 2, 2, 2, 2, 2), (2, 2, 2, 2, 2, 2, 2)]  ME  [75s]
start   51 frame    I = 2.9271609424245  I-I_ME = +1.776e-15  |grad| = 1.6e-10  nonproj = 1.2e-15  ranks = [(2, 2, 2, 2, 2, 2, 2), (2, 2, 2, 2, 2, 2, 2), (2, 2, 2, 2, 2, 2, 2), (2, 2, 2, 2, 2, 2, 2)]  ME  [76s]
start   52 dkzpert  I = 2.9271609424245  I-I_ME = -1.776e-15  |grad| = 2.4e-09  nonproj = 5.0e-16  ranks = [(2, 2, 2, 2, 2, 2, 2), (2, 2, 2, 2, 2, 2, 2), (2, 2, 2, 2, 2, 2, 2), (2, 2, 2, 2, 2, 2, 2)]  ME  [76s]
start   53 dkzcomp  I = 2.9271609424245  I-I_ME = +1.776e-15  |grad| = 3.5e-10  nonproj = 6.1e-16  ranks = [(2, 2, 2, 2, 2, 2, 2), (2, 2, 2, 2, 2, 2, 2), (2, 2, 2, 2, 2, 2, 2), (2, 2, 2, 2, 2, 2, 2)]  ME  [77s]
start   54 gauss    I = 2.8469986405369  I-I_ME = -8.016e-02  |grad| = 9.4e-10  nonproj = 9.4e-02  ranks = [(2, 2, 2, 2, 3, 3, 2), (2, 2, 2, 3, 3, 2, 1), (2, 3, 3, 3, 2, 2, 1), (3, 3, 2, 2, 2, 2, 2)]  below  [78s]
start   55 rank     I = 2.4524537630492  I-I_ME = -4.747e-01  |grad| = 7.5e-08  nonproj = 1.5e-01  ranks = [(2, 0, 7, 6, 5, 5, 1), (1, 6, 8, 2, 3, 3, 1), (6, 6, 2, 1, 2, 1, 5), (3, 3, 1, 2, 3, 4, 7)]  below  [87s]
start   56 rank1    I = 2.9271609424245  I-I_ME = +1.776e-15  |grad| = 1.1e-10  nonproj = 6.1e-16  ranks = [(2, 2, 2, 2, 2, 2, 2), (2, 2, 2, 2, 2, 2, 2), (2, 2, 2, 2, 2, 2, 2), (2, 2, 2, 2, 2, 2, 2)]  ME  [88s]
start   57 frame    I = 2.9271609424245  I-I_ME = +2.665e-15  |grad| = 3.6e-10  nonproj = 7.8e-16  ranks = [(2, 2, 2, 2, 2, 2, 2), (2, 2, 2, 2, 2, 2, 2), (2, 2, 2, 2, 2, 2, 2), (2, 2, 2, 2, 2, 2, 2)]  ME  [89s]
start   58 dkzpert  I = 2.9271609424245  I-I_ME = +1.776e-15  |grad| = 2.1e-10  nonproj = 2.9e-16  ranks = [(2, 2, 2, 2, 2, 2, 2), (2, 2, 2, 2, 2, 2, 2), (2, 2, 2, 2, 2, 2, 2), (2, 2, 2, 2, 2, 2, 2)]  ME  [89s]
start   59 dkzcomp  I = 2.9271609424245  I-I_ME = +8.882e-16  |grad| = 2.8e-11  nonproj = 4.4e-16  ranks = [(2, 2, 2, 2, 2, 2, 2), (2, 2, 2, 2, 2, 2, 2), (2, 2, 2, 2, 2, 2, 2), (2, 2, 2, 2, 2, 2, 2)]  ME  [90s]
start   60 gauss    I = 2.8361310009651  I-I_ME = -9.103e-02  |grad| = 1.1e-06  nonproj = 6.3e-02  ranks = [(2, 3, 3, 2, 3, 2, 1), (2, 2, 2, 3, 3, 2, 1), (3, 2, 2, 3, 2, 2, 2), (2, 1, 2, 3, 2, 3, 3)]  below  [93s]
start   61 rank     I = 2.5275757406381  I-I_ME = -3.996e-01  |grad| = 4.0e-08  nonproj = 1.1e-01  ranks = [(1, 3, 1, 2, 2, 2, 7), (0, 2, 1, 2, 3, 6, 5), (2, 2, 2, 4, 7, 6, 1), (6, 4, 7, 6, 5, 2, 0)]  below  [99s]
start   62 rank1    I = 2.9271609424245  I-I_ME = +2.665e-15  |grad| = 1.1e-10  nonproj = 7.3e-16  ranks = [(2, 2, 2, 2, 2, 2, 2), (2, 2, 2, 2, 2, 2, 2), (2, 2, 2, 2, 2, 2, 2), (2, 2, 2, 2, 2, 2, 2)]  ME  [100s]
start   63 frame    I = 2.9271609424245  I-I_ME = +1.776e-15  |grad| = 1.4e-10  nonproj = 1.1e-15  ranks = [(2, 2, 2, 2, 2, 2, 2), (2, 2, 2, 2, 2, 2, 2), (2, 2, 2, 2, 2, 2, 2), (2, 2, 2, 2, 2, 2, 2)]  ME  [101s]
start   64 dkzpert  I = 2.9271609424245  I-I_ME = +1.776e-15  |grad| = 3.0e-10  nonproj = 3.3e-16  ranks = [(2, 2, 2, 2, 2, 2, 2), (2, 2, 2, 2, 2, 2, 2), (2, 2, 2, 2, 2, 2, 2), (2, 2, 2, 2, 2, 2, 2)]  ME  [101s]
start   65 dkzcomp  I = 2.9271609424245  I-I_ME = +1.776e-15  |grad| = 1.7e-10  nonproj = 3.9e-16  ranks = [(2, 2, 2, 2, 2, 2, 2), (2, 2, 2, 2, 2, 2, 2), (2, 2, 2, 2, 2, 2, 2), (2, 2, 2, 2, 2, 2, 2)]  ME  [102s]
start   66 gauss    I = 2.8469986405368  I-I_ME = -8.016e-02  |grad| = 5.0e-10  nonproj = 6.4e-02  ranks = [(3, 3, 3, 2, 2, 2, 2), (3, 2, 2, 2, 1, 2, 2), (3, 2, 2, 2, 1, 3, 3), (2, 2, 2, 2, 2, 3, 2)]  below  [104s]
start   67 rank     I = 2.5180395382814  I-I_ME = -4.091e-01  |grad| = 4.0e-10  nonproj = 1.1e-01  ranks = [(1, 3, 2, 7, 6, 3, 2), (0, 3, 3, 7, 1, 0, 1), (4, 5, 6, 6, 1, 0, 2), (5, 3, 5, 3, 2, 4, 5)]  below  [107s]
start   68 rank1    I = 2.9271609424245  I-I_ME = +0.000e+00  |grad| = 2.0e-10  nonproj = 8.9e-16  ranks = [(2, 2, 2, 2, 2, 2, 2), (2, 2, 2, 2, 2, 2, 2), (2, 2, 2, 2, 2, 2, 2), (2, 2, 2, 2, 2, 2, 2)]  ME  [108s]
start   69 frame    I = 2.9271609424245  I-I_ME = +2.665e-15  |grad| = 3.0e-10  nonproj = 7.8e-16  ranks = [(2, 2, 2, 2, 2, 2, 2), (2, 2, 2, 2, 2, 2, 2), (2, 2, 2, 2, 2, 2, 2), (2, 2, 2, 2, 2, 2, 2)]  ME  [109s]
start   70 dkzpert  I = 2.9271609424245  I-I_ME = +1.776e-15  |grad| = 3.1e-10  nonproj = 2.8e-16  ranks = [(2, 2, 2, 2, 2, 2, 2), (2, 2, 2, 2, 2, 2, 2), (2, 2, 2, 2, 2, 2, 2), (2, 2, 2, 2, 2, 2, 2)]  ME  [109s]
start   71 dkzcomp  I = 2.9271609424245  I-I_ME = +8.882e-16  |grad| = 5.5e-11  nonproj = 8.9e-16  ranks = [(2, 2, 2, 2, 2, 2, 2), (2, 2, 2, 2, 2, 2, 2), (2, 2, 2, 2, 2, 2, 2), (2, 2, 2, 2, 2, 2, 2)]  ME  [110s]
start   72 gauss    I = 2.8469986405369  I-I_ME = -8.016e-02  |grad| = 3.7e-07  nonproj = 3.6e-02  ranks = [(2, 2, 2, 2, 2, 3, 2), (2, 2, 2, 2, 3, 2, 2), (2, 2, 3, 3, 3, 1, 2), (3, 3, 3, 2, 2, 1, 3)]  below  [114s]
start   73 rank     I = 2.4290492045151  I-I_ME = -4.981e-01  |grad| = 2.0e-07  nonproj = 1.3e-01  ranks = [(0, 4, 0, 3, 7, 4, 2), (0, 6, 3, 7, 7, 1, 0), (6, 7, 3, 5, 3, 0, 1), (7, 2, 4, 3, 2, 3, 6)]  below  [117s]
start   74 rank1    I = 2.9271609424245  I-I_ME = +1.776e-15  |grad| = 2.7e-10  nonproj = 8.3e-16  ranks = [(2, 2, 2, 2, 2, 2, 2), (2, 2, 2, 2, 2, 2, 2), (2, 2, 2, 2, 2, 2, 2), (2, 2, 2, 2, 2, 2, 2)]  ME  [118s]
start   75 frame    I = 2.9271609424245  I-I_ME = +1.776e-15  |grad| = 9.8e-07  nonproj = 6.7e-16  ranks = [(2, 2, 2, 2, 2, 2, 2), (2, 2, 2, 2, 2, 2, 2), (2, 2, 2, 2, 2, 2, 2), (2, 2, 2, 2, 2, 2, 2)]  ME  [119s]
start   76 dkzpert  I = 2.9271609424245  I-I_ME = +1.776e-15  |grad| = 2.1e-10  nonproj = 3.1e-16  ranks = [(2, 2, 2, 2, 2, 2, 2), (2, 2, 2, 2, 2, 2, 2), (2, 2, 2, 2, 2, 2, 2), (2, 2, 2, 2, 2, 2, 2)]  ME  [119s]
start   77 dkzcomp  I = 2.9271609424245  I-I_ME = +1.776e-15  |grad| = 2.2e-10  nonproj = 6.1e-16  ranks = [(2, 2, 2, 2, 2, 2, 2), (2, 2, 2, 2, 2, 2, 2), (2, 2, 2, 2, 2, 2, 2), (2, 2, 2, 2, 2, 2, 2)]  ME  [120s]
start   78 gauss    I = 2.8469986405369  I-I_ME = -8.016e-02  |grad| = 5.9e-10  nonproj = 8.5e-02  ranks = [(3, 3, 2, 2, 2, 2, 1), (3, 2, 2, 2, 2, 2, 2), (2, 2, 2, 3, 3, 3, 2), (2, 2, 3, 3, 2, 2, 2)]  below  [121s]
start   79 rank     I = 2.2835601959861  I-I_ME = -6.436e-01  |grad| = 4.6e-10  nonproj = 1.3e-01  ranks = [(10, 5, 0, 1, 1, 3, 1), (9, 0, 0, 3, 2, 5, 8), (2, 0, 4, 7, 6, 4, 8), (0, 5, 9, 4, 3, 2, 4)]  below  [127s]
start   80 rank1    I = 2.9271609424245  I-I_ME = +1.776e-15  |grad| = 2.0e-06  nonproj = 8.9e-16  ranks = [(2, 2, 2, 2, 2, 2, 2), (2, 2, 2, 2, 2, 2, 2), (2, 2, 2, 2, 2, 2, 2), (2, 2, 2, 2, 2, 2, 2)]  ME  [127s]
start   81 frame    I = 2.9271609424245  I-I_ME = +2.665e-15  |grad| = 2.4e-10  nonproj = 1.0e-15  ranks = [(2, 2, 2, 2, 2, 2, 2), (2, 2, 2, 2, 2, 2, 2), (2, 2, 2, 2, 2, 2, 2), (2, 2, 2, 2, 2, 2, 2)]  ME  [128s]
start   82 dkzpert  I = 2.9271609424245  I-I_ME = +1.776e-15  |grad| = 2.9e-10  nonproj = 4.4e-16  ranks = [(2, 2, 2, 2, 2, 2, 2), (2, 2, 2, 2, 2, 2, 2), (2, 2, 2, 2, 2, 2, 2), (2, 2, 2, 2, 2, 2, 2)]  ME  [129s]
start   83 dkzcomp  I = 2.9271609424245  I-I_ME = +2.665e-15  |grad| = 5.6e-11  nonproj = 9.4e-16  ranks = [(2, 2, 2, 2, 2, 2, 2), (2, 2, 2, 2, 2, 2, 2), (2, 2, 2, 2, 2, 2, 2), (2, 2, 2, 2, 2, 2, 2)]  ME  [130s]
start   84 gauss    I = 2.7670954072363  I-I_ME = -1.601e-01  |grad| = 2.5e-10  nonproj = 7.6e-02  ranks = [(3, 3, 2, 2, 1, 3, 4), (2, 2, 2, 2, 2, 3, 2), (2, 2, 2, 2, 3, 3, 2), (3, 3, 4, 4, 4, 2, 1)]  below  [132s]
start   85 rank     I = 2.3695498131432  I-I_ME = -5.576e-01  |grad| = 3.1e-09  nonproj = 1.3e-01  ranks = [(1, 0, 3, 6, 7, 7, 8), (0, 3, 9, 7, 5, 1, 2), (2, 8, 6, 1, 2, 0, 2), (7, 7, 1, 1, 2, 1, 2)]  below  [135s]
start   86 rank1    I = 2.9271609424245  I-I_ME = +8.882e-16  |grad| = 1.4e-10  nonproj = 3.9e-16  ranks = [(2, 2, 2, 2, 2, 2, 2), (2, 2, 2, 2, 2, 2, 2), (2, 2, 2, 2, 2, 2, 2), (2, 2, 2, 2, 2, 2, 2)]  ME  [136s]
start   87 frame    I = 2.9271609424245  I-I_ME = +2.665e-15  |grad| = 3.2e-10  nonproj = 6.1e-16  ranks = [(2, 2, 2, 2, 2, 2, 2), (2, 2, 2, 2, 2, 2, 2), (2, 2, 2, 2, 2, 2, 2), (2, 2, 2, 2, 2, 2, 2)]  ME  [137s]
start   88 dkzpert  I = 2.9271609424245  I-I_ME = +3.553e-15  |grad| = 8.3e-11  nonproj = 5.3e-16  ranks = [(2, 2, 2, 2, 2, 2, 2), (2, 2, 2, 2, 2, 2, 2), (2, 2, 2, 2, 2, 2, 2), (2, 2, 2, 2, 2, 2, 2)]  ME  [138s]
start   89 dkzcomp  I = 2.9271609424245  I-I_ME = +8.882e-16  |grad| = 1.6e-10  nonproj = 6.7e-16  ranks = [(2, 2, 2, 2, 2, 2, 2), (2, 2, 2, 2, 2, 2, 2), (2, 2, 2, 2, 2, 2, 2), (2, 2, 2, 2, 2, 2, 2)]  ME  [139s]
# BEST d=7 D=14: I = 2.9271609424245  I_ME = 2.9271609424245  I-I_ME = +3.553e-15  (init dkzpert)  counts {'below': 29, 'ME': 61}
