# d=7 D=7 nstart=90 seed=7007  I_ME(d) = 2.9271609424245
start    0 gauss    I = 2.7451010595057  I-I_ME = -1.821e-01  |grad| = 1.2e-09  nonproj = 1.0e-01  ranks = [(2, 1, 2, 1, 1, 1, 1), (2, 2, 2, 0, 1, 1, 2), (1, 2, 1, 0, 1, 1, 1), (1, 2, 1, 1, 2, 1, 1)]  below  [0s]
start    1 rank     I = 2.4290492045151  I-I_ME = -4.981e-01  |grad| = 4.0e-10  nonproj = 1.3e-01  ranks = [(1, 2, 2, 2, 0, 2, 3), (2, 3, 2, 1, 0, 4, 3), (1, 1, 0, 0, 2, 4, 1), (2, 1, 1, 2, 4, 2, 1)]  below  [0s]
start    2 rank1    I = 2.9271609424245  I-I_ME = +1.776e-15  |grad| = 3.2e-10  nonproj = 5.0e-16  ranks = [(1, 1, 1, 1, 1, 1, 1), (1, 1, 1, 1, 1, 1, 1), (1, 1, 1, 1, 1, 1, 1), (1, 1, 1, 1, 1, 1, 1)]  ME  [1s]
start    3 frame    I = 2.9271609424245  I-I_ME = +2.665e-15  |grad| = 1.7e-10  nonproj = 6.7e-16  ranks = [(1, 1, 1, 1, 1, 1, 1), (1, 1, 1, 1, 1, 1, 1), (1, 1, 1, 1, 1, 1, 1), (1, 1, 1, 1, 1, 1, 1)]  ME  [1s]
start    4 dkzpert  I = 2.9271609424245  I-I_ME = +8.882e-16  |grad| = 7.8e-10  nonproj = 2.8e-16  ranks = [(1, 1, 1, 1, 1, 1, 1), (1, 1, 1, 1, 1, 1, 1), (1, 1, 1, 1, 1, 1, 1), (1, 1, 1, 1, 1, 1, 1)]  ME  [1s]
start    5 dkzcomp  I = 2.9271609424245  I-I_ME = +8.882e-16  |grad| = 4.8e-10  nonproj = 4.5e-16  ranks = [(1, 1, 1, 1, 1, 1, 1), (1, 1, 1, 1, 1, 1, 1), (1, 1, 1, 1, 1, 1, 1), (1, 1, 1, 1, 1, 1, 1)]  ME  [1s]
start    6 gauss    I = 2.9271609424245  I-I_ME = +1.776e-15  |grad| = 3.8e-10  nonproj = 1.0e-15  ranks = [(1, 1, 1, 1, 1, 1, 1), (1, 1, 1, 1, 1, 1, 1), (1, 1, 1, 1, 1, 1, 1), (1, 1, 1, 1, 1, 1, 1)]  ME  [1s]
start    7 rank     I = 2.4142135623722  I-I_ME = -5.129e-01  |grad| = 1.6e-09  nonproj = 1.3e-01  ranks = [(0, 0, 4, 1, 0, 1, 3), (1, 2, 4, 0, 0, 3, 2), (3, 3, 1, 1, 3, 4, 0), (3, 1, 0, 3, 3, 1, 0)]  below  [1s]
start    8 rank1    I = 2.9271609424245  I-I_ME = +2.665e-15  |grad| = 4.1e-10  nonproj = 7.2e-16  ranks = [(1, 1, 1, 1, 1, 1, 1), (1, 1, 1, 1, 1, 1, 1), (1, 1, 1, 1, 1, 1, 1), (1, 1, 1, 1, 1, 1, 1)]  ME  [1s]
start    9 frame    I = 2.9271609424245  I-I_ME = +1.776e-15  |grad| = 5.4e-10  nonproj = 8.9e-16  ranks = [(1, 1, 1, 1, 1, 1, 1), (1, 1, 1, 1, 1, 1, 1), (1, 1, 1, 1, 1, 1, 1), (1, 1, 1, 1, 1, 1, 1)]  ME  [1s]
start   10 dkzpert  I = 2.9271609424245  I-I_ME = +1.776e-15  |grad| = 6.3e-10  nonproj = 2.2e-16  ranks = [(1, 1, 1, 1, 1, 1, 1), (1, 1, 1, 1, 1, 1, 1), (1, 1, 1, 1, 1, 1, 1), (1, 1, 1, 1, 1, 1, 1)]  ME  [1s]
start   11 dkzcomp  I = 2.9271609424245  I-I_ME = +1.776e-15  |grad| = 2.9e-10  nonproj = 1.1e-15  ranks = [(1, 1, 1, 1, 1, 1, 1), (1, 1, 1, 1, 1, 1, 1), (1, 1, 1, 1, 1, 1, 1), (1, 1, 1, 1, 1, 1, 1)]  ME  [1s]
start   12 gauss    I = 2.9271609424245  I-I_ME = +2.665e-15  |grad| = 4.7e-11  nonproj = 1.2e-15  ranks = [(1, 1, 1, 1, 1, 1, 1), (1, 1, 1, 1, 1, 1, 1), (1, 1, 1, 1, 1, 1, 1), (1, 1, 1, 1, 1, 1, 1)]  ME  [2s]
start   13 rank     I = 2.5861927966837  I-I_ME = -3.410e-01  |grad| = 1.6e-09  nonproj = 9.3e-02  ranks = [(2, 3, 2, 1, 0, 1, 3), (2, 1, 0, 1, 1, 2, 3), (2, 1, 0, 2, 3, 1, 2), (2, 0, 1, 3, 2, 0, 1)]  below  [2s]
start   14 rank1    I = 2.9271609424245  I-I_ME = +1.776e-15  |grad| = 1.9e-10  nonproj = 6.8e-16  ranks = [(1, 1, 1, 1, 1, 1, 1), (1, 1, 1, 1, 1, 1, 1), (1, 1, 1, 1, 1, 1, 1), (1, 1, 1, 1, 1, 1, 1)]  ME  [2s]
start   15 frame    I = 2.9271609424245  I-I_ME = +8.882e-16  |grad| = 7.2e-10  nonproj = 5.0e-16  ranks = [(1, 1, 1, 1, 1, 1, 1), (1, 1, 1, 1, 1, 1, 1), (1, 1, 1, 1, 1, 1, 1), (1, 1, 1, 1, 1, 1, 1)]  ME  [2s]
start   16 dkzpert  I = 2.9271609424245  I-I_ME = +8.882e-16  |grad| = 4.7e-10  nonproj = 3.0e-16  ranks = [(1, 1, 1, 1, 1, 1, 1), (1, 1, 1, 1, 1, 1, 1), (1, 1, 1, 1, 1, 1, 1), (1, 1, 1, 1, 1, 1, 1)]  ME  [2s]
start   17 dkzcomp  I = 2.9271609424245  I-I_ME = +1.776e-15  |grad| = 3.9e-10  nonproj = 1.0e-15  ranks = [(1, 1, 1, 1, 1, 1, 1), (1, 1, 1, 1, 1, 1, 1), (1, 1, 1, 1, 1, 1, 1), (1, 1, 1, 1, 1, 1, 1)]  ME  [2s]
start   18 gauss    I = 2.9271609424245  I-I_ME = +1.776e-15  |grad| = 9.7e-10  nonproj = 1.0e-15  ranks = [(1, 1, 1, 1, 1, 1, 1), (1, 1, 1, 1, 1, 1, 1), (1, 1, 1, 1, 1, 1, 1), (1, 1, 1, 1, 1, 1, 1)]  ME  [2s]
start   19 rank     I = 1.9999999999999  I-I_ME = -9.272e-01  |grad| = 1.1e-09  nonproj = 2.1e-01  ranks = [(4, 2, 3, 3, 0, 1, 2), (4, 2, 0, 0, 0, 4, 5), (1, 0, 0, 0, 3, 6, 3), (1, 3, 4, 3, 7, 2, 1)]  below  [3s]
start   20 rank1    I = 2.9271609424245  I-I_ME = +1.776e-15  |grad| = 2.4e-10  nonproj = 8.9e-16  ranks = [(1, 1, 1, 1, 1, 1, 1), (1, 1, 1, 1, 1, 1, 1), (1, 1, 1, 1, 1, 1, 1), (1, 1, 1, 1, 1, 1, 1)]  ME  [3s]
start   21 frame    I = 2.9271609424245  I-I_ME = +1.776e-15  |grad| = 1.5e-10  nonproj = 1.0e-15  ranks = [(1, 1, 1, 1, 1, 1, 1), (1, 1, 1, 1, 1, 1, 1), (1, 1, 1, 1, 1, 1, 1), (1, 1, 1, 1, 1, 1, 1)]  ME  [3s]
start   22 dkzpert  I = 2.9271609424245  I-I_ME = +1.776e-15  |grad| = 1.2e-10  nonproj = 7.2e-16  ranks = [(1, 1, 1, 1, 1, 1, 1), (1, 1, 1, 1, 1, 1, 1), (1, 1, 1, 1, 1, 1, 1), (1, 1, 1, 1, 1, 1, 1)]  ME  [3s]
start   23 dkzcomp  I = 2.9271609424245  I-I_ME = +1.776e-15  |grad| = 1.1e-09  nonproj = 6.7e-16  ranks = [(1, 1, 1, 1, 1, 1, 1), (1, 1, 1, 1, 1, 1, 1), (1, 1, 1, 1, 1, 1, 1), (1, 1, 1, 1, 1, 1, 1)]  ME  [3s]
start   24 gauss    I = 2.7668363386492  I-I_ME = -1.603e-01  |grad| = 1.2e-09  nonproj = 1.5e-01  ranks = [(1, 1, 1, 1, 2, 2, 1), (1, 1, 1, 1, 2, 1, 0), (1, 1, 1, 1, 2, 1, 0), (2, 2, 2, 2, 2, 1, 1)]  below  [3s]
start   25 rank     I = 2.2909780170574  I-I_ME = -6.362e-01  |grad| = 1.1e-09  nonproj = 1.9e-01  ranks = [(0, 0, 0, 3, 5, 4, 1), (1, 2, 2, 4, 3, 1, 0), (3, 3, 3, 2, 2, 1, 1), (4, 2, 1, 0, 1, 2, 4)]  below  [4s]
start   26 rank1    I = 2.9271609424245  I-I_ME = +8.882e-16  |grad| = 1.1e-10  nonproj = 5.0e-16  ranks = [(1, 1, 1, 1, 1, 1, 1), (1, 1, 1, 1, 1, 1, 1), (1, 1, 1, 1, 1, 1, 1), (1, 1, 1, 1, 1, 1, 1)]  ME  [4s]
start   27 frame    I = 2.9271609424245  I-I_ME = +1.776e-15  |grad| = 5.2e-10  nonproj = 6.7e-16  ranks = [(1, 1, 1, 1, 1, 1, 1), (1, 1, 1, 1, 1, 1, 1), (1, 1, 1, 1, 1, 1, 1), (1, 1, 1, 1, 1, 1, 1)]  ME  [4s]
start   28 dkzpert  I = 2.9271609424245  I-I_ME = +8.882e-16  |grad| = 2.1e-10  nonproj = 3.1e-16  ranks = [(1, 1, 1, 1, 1, 1, 1), (1, 1, 1, 1, 1, 1, 1), (1, 1, 1, 1, 1, 1, 1), (1, 1, 1, 1, 1, 1, 1)]  ME  [4s]
start   29 dkzcomp  I = 2.9271609424245  I-I_ME = +1.776e-15  |grad| = 8.9e-10  nonproj = 7.8e-16  ranks = [(1, 1, 1, 1, 1, 1, 1), (1, 1, 1, 1, 1, 1, 1), (1, 1, 1, 1, 1, 1, 1), (1, 1, 1, 1, 1, 1, 1)]  ME  [4s]
start   30 gauss    I = 2.7668363386492  I-I_ME = -1.603e-01  |grad| = 9.1e-10  nonproj = 1.5e-01  ranks = [(1, 1, 1, 2, 1, 1, 1), (1, 1, 1, 1, 1, 1, 1), (2, 2, 2, 1, 1, 1, 2), (1, 1, 1, 0, 2, 2, 2)]  below  [4s]
start   31 rank     I = 2.0000000000000  I-I_ME = -9.272e-01  |grad| = 2.6e-09  nonproj = 1.7e-01  ranks = [(2, 3, 0, 0, 1, 5, 4), (0, 0, 0, 2, 5, 5, 1), (0, 2, 4, 6, 5, 2, 0), (4, 4, 5, 3, 0, 0, 2)]  below  [4s]
start   32 rank1    I = 2.9271609424245  I-I_ME = +1.776e-15  |grad| = 3.3e-10  nonproj = 4.4e-16  ranks = [(1, 1, 1, 1, 1, 1, 1), (1, 1, 1, 1, 1, 1, 1), (1, 1, 1, 1, 1, 1, 1), (1, 1, 1, 1, 1, 1, 1)]  ME  [5s]
start   33 frame    I = 2.9271609424245  I-I_ME = +8.882e-16  |grad| = 6.2e-10  nonproj = 1.1e-15  ranks = [(1, 1, 1, 1, 1, 1, 1), (1, 1, 1, 1, 1, 1, 1), (1, 1, 1, 1, 1, 1, 1), (1, 1, 1, 1, 1, 1, 1)]  ME  [5s]
start   34 dkzpert  I = 2.9271609424245  I-I_ME = +1.776e-15  |grad| = 4.8e-10  nonproj = 3.9e-16  ranks = [(1, 1, 1, 1, 1, 1, 1), (1, 1, 1, 1, 1, 1, 1), (1, 1, 1, 1, 1, 1, 1), (1, 1, 1, 1, 1, 1, 1)]  ME  [5s]
start   35 dkzcomp  I = 2.9271609424245  I-I_ME = +8.882e-16  |grad| = 4.5e-10  nonproj = 5.6e-16  ranks = [(1, 1, 1, 1, 1, 1, 1), (1, 1, 1, 1, 1, 1, 1), (1, 1, 1, 1, 1, 1, 1), (1, 1, 1, 1, 1, 1, 1)]  ME  [5s]
start   36 gauss    I = 2.7668363386491  I-I_ME = -1.603e-01  |grad| = 2.4e-07  nonproj = 4.7e-02  ranks = [(1, 1, 1, 1, 1, 2, 0), (1, 1, 1, 1, 2, 2, 0), (2, 2, 2, 2, 2, 1, 1), (1, 1, 1, 1, 1, 1, 2)]  below  [5s]
start   37 rank     I = 2.5861927966870  I-I_ME = -3.410e-01  |grad| = 1.5e-09  nonproj = 1.4e-01  ranks = [(1, 0, 0, 3, 1, 3, 1), (2, 2, 2, 3, 2, 2, 1), (2, 1, 0, 1, 2, 0, 2), (2, 1, 0, 1, 2, 0, 3)]  below  [5s]
start   38 rank1    I = 2.9271609424245  I-I_ME = +2.665e-15  |grad| = 4.6e-11  nonproj = 7.2e-16  ranks = [(1, 1, 1, 1, 1, 1, 1), (1, 1, 1, 1, 1, 1, 1), (1, 1, 1, 1, 1, 1, 1), (1, 1, 1, 1, 1, 1, 1)]  ME  [5s]
start   39 frame    I = 2.9271609424245  I-I_ME = +1.776e-15  |grad| = 1.7e-10  nonproj = 5.7e-16  ranks = [(1, 1, 1, 1, 1, 1, 1), (1, 1, 1, 1, 1, 1, 1), (1, 1, 1, 1, 1, 1, 1), (1, 1, 1, 1, 1, 1, 1)]  ME  [5s]
start   40 dkzpert  I = 2.9271609424245  I-I_ME = +1.776e-15  |grad| = 7.3e-10  nonproj = 3.3e-16  ranks = [(1, 1, 1, 1, 1, 1, 1), (1, 1, 1, 1, 1, 1, 1), (1, 1, 1, 1, 1, 1, 1), (1, 1, 1, 1, 1, 1, 1)]  ME  [6s]
start   41 dkzcomp  I = 2.9271609424245  I-I_ME = +1.776e-15  |grad| = 4.8e-10  nonproj = 7.2e-16  ranks = [(1, 1, 1, 1, 1, 1, 1), (1, 1, 1, 1, 1, 1, 1), (1, 1, 1, 1, 1, 1, 1), (1, 1, 1, 1, 1, 1, 1)]  ME  [6s]
start   42 gauss    I = 2.7668363386492  I-I_ME = -1.603e-01  |grad| = 2.8e-10  nonproj = 1.7e-01  ranks = [(1, 1, 1, 1, 1, 1, 1), (2, 2, 2, 2, 1, 1, 1), (2, 1, 1, 1, 0, 1, 2), (1, 1, 1, 1, 1, 2, 2)]  below  [6s]
start   43 rank     I = 2.4481216092293  I-I_ME = -4.790e-01  |grad| = 3.0e-08  nonproj = 1.2e-01  ranks = [(1, 1, 3, 2, 3, 2, 1), (3, 3, 3, 1, 0, 2, 2), (3, 1, 1, 0, 1, 2, 3), (1, 1, 0, 1, 1, 2, 3)]  below  [6s]
start   44 rank1    I = 2.9271609424245  I-I_ME = +1.776e-15  |grad| = 4.1e-10  nonproj = 5.6e-16  ranks = [(1, 1, 1, 1, 1, 1, 1), (1, 1, 1, 1, 1, 1, 1), (1, 1, 1, 1, 1, 1, 1), (1, 1, 1, 1, 1, 1, 1)]  ME  [6s]
start   45 frame    I = 2.9271609424245  I-I_ME = +8.882e-16  |grad| = 8.6e-10  nonproj = 1.4e-15  ranks = [(1, 1, 1, 1, 1, 1, 1), (1, 1, 1, 1, 1, 1, 1), (1, 1, 1, 1, 1, 1, 1), (1, 1, 1, 1, 1, 1, 1)]  ME  [6s]
start   46 dkzpert  I = 2.9271609424245  I-I_ME = +1.776e-15  |grad| = 5.4e-10  nonproj = 2.4e-16  ranks = [(1, 1, 1, 1, 1, 1, 1), (1, 1, 1, 1, 1, 1, 1), (1, 1, 1, 1, 1, 1, 1), (1, 1, 1, 1, 1, 1, 1)]  ME  [7s]
start   47 dkzcomp  I = 2.9271609424245  I-I_ME = +8.882e-16  |grad| = 1.7e-10  nonproj = 5.0e-16  ranks = [(1, 1, 1, 1, 1, 1, 1), (1, 1, 1, 1, 1, 1, 1), (1, 1, 1, 1, 1, 1, 1), (1, 1, 1, 1, 1, 1, 1)]  ME  [7s]
start   48 gauss    I = 2.7668363386492  I-I_ME = -1.603e-01  |grad| = 7.7e-10  nonproj = 8.9e-02  ranks = [(1, 1, 1, 1, 1, 1, 1), (2, 2, 2, 1, 1, 1, 1), (2, 1, 1, 0, 1, 1, 1), (2, 1, 1, 1, 2, 2, 2)]  below  [7s]
start   49 rank     I = 2.5861927966871  I-I_ME = -3.410e-01  |grad| = 4.2e-10  nonproj = 8.2e-02  ranks = [(1, 0, 2, 3, 2, 0, 0), (3, 3, 3, 2, 2, 0, 1), (2, 1, 0, 1, 2, 1, 1), (2, 1, 0, 1, 3, 3, 2)]  below  [7s]
start   50 rank1    I = 2.9271609424245  I-I_ME = -8.882e-16  |grad| = 8.7e-10  nonproj = 7.2e-16  ranks = [(1, 1, 1, 1, 1, 1, 1), (1, 1, 1, 1, 1, 1, 1), (1, 1, 1, 1, 1, 1, 1), (1, 1, 1, 1, 1, 1, 1)]  ME  [7s]
start   51 frame    I = 2.9271609424245  I-I_ME = +1.776e-15  |grad| = 2.5e-10  nonproj = 3.3e-16  ranks = [(1, 1, 1, 1, 1, 1, 1), (1, 1, 1, 1, 1, 1, 1), (1, 1, 1, 1, 1, 1, 1), (1, 1, 1, 1, 1, 1, 1)]  ME  [7s]
start   52 dkzpert  I = 2.9271609424245  I-I_ME = +1.776e-15  |grad| = 6.5e-10  nonproj = 2.5e-16  ranks = [(1, 1, 1, 1, 1, 1, 1), (1, 1, 1, 1, 1, 1, 1), (1, 1, 1, 1, 1, 1, 1), (1, 1, 1, 1, 1, 1, 1)]  ME  [8s]
start   53 dkzcomp  I = 2.9271609424245  I-I_ME = +0.000e+00  |grad| = 7.8e-10  nonproj = 1.0e-15  ranks = [(1, 1, 1, 1, 1, 1, 1), (1, 1, 1, 1, 1, 1, 1), (1, 1, 1, 1, 1, 1, 1), (1, 1, 1, 1, 1, 1, 1)]  ME  [8s]
start   54 gauss    I = 2.7668363386492  I-I_ME = -1.603e-01  |grad| = 4.0e-11  nonproj = 4.9e-02  ranks = [(1, 2, 2, 2, 1, 0, 1), (2, 2, 1, 1, 1, 1, 2), (1, 1, 1, 1, 1, 1, 1), (1, 1, 1, 1, 2, 2, 1)]  below  [8s]
start   55 rank     I = 2.6070298720480  I-I_ME = -3.201e-01  |grad| = 1.1e-09  nonproj = 1.1e-01  ranks = [(1, 1, 1, 1, 3, 2, 2), (0, 1, 2, 3, 3, 1, 0), (0, 3, 3, 2, 1, 1, 0), (1, 3, 1, 1, 1, 2, 1)]  below  [8s]
start   56 rank1    I = 2.9271609424245  I-I_ME = +1.776e-15  |grad| = 1.6e-10  nonproj = 3.9e-16  ranks = [(1, 1, 1, 1, 1, 1, 1), (1, 1, 1, 1, 1, 1, 1), (1, 1, 1, 1, 1, 1, 1), (1, 1, 1, 1, 1, 1, 1)]  ME  [8s]
start   57 frame    I = 2.9271609424245  I-I_ME = +1.776e-15  |grad| = 8.1e-11  nonproj = 1.2e-15  ranks = [(1, 1, 1, 1, 1, 1, 1), (1, 1, 1, 1, 1, 1, 1), (1, 1, 1, 1, 1, 1, 1), (1, 1, 1, 1, 1, 1, 1)]  ME  [8s]
start   58 dkzpert  I = 2.9271609424245  I-I_ME = +3.553e-15  |grad| = 4.6e-10  nonproj = 3.9e-16  ranks = [(1, 1, 1, 1, 1, 1, 1), (1, 1, 1, 1, 1, 1, 1), (1, 1, 1, 1, 1, 1, 1), (1, 1, 1, 1, 1, 1, 1)]  ME  [8s]
start   59 dkzcomp  I = 2.9271609424245  I-I_ME = +2.665e-15  |grad| = 9.6e-10  nonproj = 1.1e-15  ranks = [(1, 1, 1, 1, 1, 1, 1), (1, 1, 1, 1, 1, 1, 1), (1, 1, 1, 1, 1, 1, 1), (1, 1, 1, 1, 1, 1, 1)]  ME  [9s]
start   60 gauss    I = 2.7451010595057  I-I_ME = -1.821e-01  |grad| = 9.7e-10  nonproj = 9.2e-02  ranks = [(1, 0, 2, 1, 1, 2, 1), (1, 1, 2, 1, 1, 1, 1), (2, 1, 1, 1, 2, 1, 1), (2, 1, 1, 2, 2, 0, 2)]  below  [9s]
start   61 rank     I = 2.4290492045149  I-I_ME = -4.981e-01  |grad| = 4.5e-06  nonproj = 1.6e-01  ranks = [(2, 2, 3, 1, 3, 4, 1), (2, 0, 3, 3, 1, 1, 0), (4, 2, 3, 2, 0, 0, 1), (3, 0, 1, 2, 0, 0, 3)]  below  [9s]
start   62 rank1    I = 2.9271609424245  I-I_ME = +2.665e-15  |grad| = 3.7e-10  nonproj = 6.1e-16  ranks = [(1, 1, 1, 1, 1, 1, 1), (1, 1, 1, 1, 1, 1, 1), (1, 1, 1, 1, 1, 1, 1), (1, 1, 1, 1, 1, 1, 1)]  ME  [9s]
start   63 frame    I = 2.9271609424245  I-I_ME = +3.553e-15  |grad| = 5.5e-10  nonproj = 1.0e-15  ranks = [(1, 1, 1, 1, 1, 1, 1), (1, 1, 1, 1, 1, 1, 1), (1, 1, 1, 1, 1, 1, 1), (1, 1, 1, 1, 1, 1, 1)]  ME  [9s]
start   64 dkzpert  I = 2.9271609424245  I-I_ME = +1.776e-15  |grad| = 3.1e-10  nonproj = 2.6e-16  ranks = [(1, 1, 1, 1, 1, 1, 1), (1, 1, 1, 1, 1, 1, 1), (1, 1, 1, 1, 1, 1, 1), (1, 1, 1, 1, 1, 1, 1)]  ME  [9s]
start   65 dkzcomp  I = 2.9271609424245  I-I_ME = +1.776e-15  |grad| = 9.0e-10  nonproj = 6.1e-16  ranks = [(1, 1, 1, 1, 1, 1, 1), (1, 1, 1, 1, 1, 1, 1), (1, 1, 1, 1, 1, 1, 1), (1, 1, 1, 1, 1, 1, 1)]  ME  [10s]
start   66 gauss    I = 2.9271609424245  I-I_ME = +1.776e-15  |grad| = 1.4e-10  nonproj = 5.6e-16  ranks = [(1, 1, 1, 1, 1, 1, 1), (1, 1, 1, 1, 1, 1, 1), (1, 1, 1, 1, 1, 1, 1), (1, 1, 1, 1, 1, 1, 1)]  ME  [10s]
start   67 rank     I = 2.2761423749135  I-I_ME = -6.510e-01  |grad| = 1.7e-09  nonproj = 1.6e-01  ranks = [(1, 3, 0, 0, 3, 2, 3), (1, 2, 1, 2, 5, 2, 1), (1, 2, 5, 4, 3, 0, 0), (4, 3, 4, 0, 0, 1, 2)]  below  [10s]
start   68 rank1    I = 2.9271609424245  I-I_ME = +0.000e+00  |grad| = 7.2e-10  nonproj = 6.1e-16  ranks = [(1, 1, 1, 1, 1, 1, 1), (1, 1, 1, 1, 1, 1, 1), (1, 1, 1, 1, 1, 1, 1), (1, 1, 1, 1, 1, 1, 1)]  ME  [10s]
start   69 frame    I = 2.9271609424245  I-I_ME = +1.776e-15  |grad| = 7.3e-10  nonproj = 5.4e-16  ranks = [(1, 1, 1, 1, 1, 1, 1), (1, 1, 1, 1, 1, 1, 1), (1, 1, 1, 1, 1, 1, 1), (1, 1, 1, 1, 1, 1, 1)]  ME  [11s]
start   70 dkzpert  I = 2.9271609424245  I-I_ME = +2.665e-15  |grad| = 1.2e-10  nonproj = 3.9e-16  ranks = [(1, 1, 1, 1, 1, 1, 1), (1, 1, 1, 1, 1, 1, 1), (1, 1, 1, 1, 1, 1, 1), (1, 1, 1, 1, 1, 1, 1)]  ME  [11s]
start   71 dkzcomp  I = 2.9271609424245  I-I_ME = +1.776e-15  |grad| = 3.7e-10  nonproj = 1.1e-15  ranks = [(1, 1, 1, 1, 1, 1, 1), (1, 1, 1, 1, 1, 1, 1), (1, 1, 1, 1, 1, 1, 1), (1, 1, 1, 1, 1, 1, 1)]  ME  [11s]
start   72 gauss    I = 2.7668363386492  I-I_ME = -1.603e-01  |grad| = 2.9e-11  nonproj = 1.1e-01  ranks = [(2, 1, 1, 1, 1, 2, 2), (1, 1, 1, 1, 1, 1, 1), (1, 1, 1, 2, 2, 1, 1), (1, 2, 2, 2, 1, 0, 1)]  below  [11s]
start   73 rank     I = 2.4481216092293  I-I_ME = -4.790e-01  |grad| = 1.2e-09  nonproj = 1.2e-01  ranks = [(1, 0, 0, 1, 4, 1, 2), (1, 2, 1, 4, 3, 1, 1), (1, 4, 0, 2, 0, 1, 1), (4, 4, 0, 0, 0, 3, 3)]  below  [11s]
start   74 rank1    I = 2.9271609424245  I-I_ME = +1.776e-15  |grad| = 9.6e-10  nonproj = 6.7e-16  ranks = [(1, 1, 1, 1, 1, 1, 1), (1, 1, 1, 1, 1, 1, 1), (1, 1, 1, 1, 1, 1, 1), (1, 1, 1, 1, 1, 1, 1)]  ME  [11s]
start   75 frame    I = 2.9271609424245  I-I_ME = +1.776e-15  |grad| = 4.1e-10  nonproj = 7.2e-16  ranks = [(1, 1, 1, 1, 1, 1, 1), (1, 1, 1, 1, 1, 1, 1), (1, 1, 1, 1, 1, 1, 1), (1, 1, 1, 1, 1, 1, 1)]  ME  [11s]
start   76 dkzpert  I = 2.9271609424245  I-I_ME = +2.665e-15  |grad| = 6.8e-10  nonproj = 4.7e-16  ranks = [(1, 1, 1, 1, 1, 1, 1), (1, 1, 1, 1, 1, 1, 1), (1, 1, 1, 1, 1, 1, 1), (1, 1, 1, 1, 1, 1, 1)]  ME  [12s]
start   77 dkzcomp  I = 2.9271609424245  I-I_ME = +2.665e-15  |grad| = 2.9e-06  nonproj = 6.7e-16  ranks = [(1, 1, 1, 1, 1, 1, 1), (1, 1, 1, 1, 1, 1, 1), (1, 1, 1, 1, 1, 1, 1), (1, 1, 1, 1, 1, 1, 1)]  ME  [12s]
start   78 gauss    I = 2.7668363386492  I-I_ME = -1.603e-01  |grad| = 1.0e-09  nonproj = 8.9e-02  ranks = [(2, 2, 2, 2, 1, 0, 1), (2, 1, 1, 1, 1, 1, 1), (2, 1, 1, 1, 1, 1, 1), (1, 1, 1, 1, 2, 2, 1)]  below  [12s]
start   79 rank     I = 2.4290492045151  I-I_ME = -4.981e-01  |grad| = 1.9e-09  nonproj = 1.4e-01  ranks = [(3, 2, 4, 4, 1, 2, 3), (3, 2, 2, 0, 0, 4, 1), (2, 1, 0, 0, 2, 4, 0), (2, 1, 0, 0, 3, 2, 0)]  below  [12s]
start   80 rank1    I = 2.9271609424245  I-I_ME = +1.776e-15  |grad| = 2.3e-10  nonproj = 9.4e-16  ranks = [(1, 1, 1, 1, 1, 1, 1), (1, 1, 1, 1, 1, 1, 1), (1, 1, 1, 1, 1, 1, 1), (1, 1, 1, 1, 1, 1, 1)]  ME  [12s]
start   81 frame    I = 2.9271609424245  I-I_ME = +8.882e-16  |grad| = 1.1e-10  nonproj = 6.7e-16  ranks = [(1, 1, 1, 1, 1, 1, 1), (1, 1, 1, 1, 1, 1, 1), (1, 1, 1, 1, 1, 1, 1), (1, 1, 1, 1, 1, 1, 1)]  ME  [12s]
start   82 dkzpert  I = 2.9271609424245  I-I_ME = +2.665e-15  |grad| = 1.8e-10  nonproj = 3.6e-16  ranks = [(1, 1, 1, 1, 1, 1, 1), (1, 1, 1, 1, 1, 1, 1), (1, 1, 1, 1, 1, 1, 1), (1, 1, 1, 1, 1, 1, 1)]  ME  [12s]
start   83 dkzcomp  I = 2.9271609424245  I-I_ME = +1.776e-15  |grad| = 3.7e-10  nonproj = 6.7e-16  ranks = [(1, 1, 1, 1, 1, 1, 1), (1, 1, 1, 1, 1, 1, 1), (1, 1, 1, 1, 1, 1, 1), (1, 1, 1, 1, 1, 1, 1)]  ME  [12s]
start   84 gauss    I = 2.7668363386492  I-I_ME = -1.603e-01  |grad| = 2.8e-06  nonproj = 5.3e-02  ranks = [(2, 1, 1, 1, 1, 1, 2), (1, 0, 1, 1, 1, 1, 2), (1, 0, 1, 1, 2, 2, 2), (1, 1, 2, 2, 2, 1, 1)]  below  [13s]
start   85 rank     I = 2.4142135623731  I-I_ME = -5.129e-01  |grad| = 3.4e-10  nonproj = 1.6e-01  ranks = [(4, 0, 0, 1, 3, 0, 2), (2, 0, 1, 3, 3, 4, 3), (0, 2, 4, 3, 1, 3, 0), (0, 4, 2, 0, 0, 3, 0)]  below  [13s]
start   86 rank1    I = 2.9271609424245  I-I_ME = +1.776e-15  |grad| = 3.4e-10  nonproj = 6.7e-16  ranks = [(1, 1, 1, 1, 1, 1, 1), (1, 1, 1, 1, 1, 1, 1), (1, 1, 1, 1, 1, 1, 1), (1, 1, 1, 1, 1, 1, 1)]  ME  [13s]
start   87 frame    I = 2.9271609424245  I-I_ME = +2.665e-15  |grad| = 2.6e-10  nonproj = 1.1e-15  ranks = [(1, 1, 1, 1, 1, 1, 1), (1, 1, 1, 1, 1, 1, 1), (1, 1, 1, 1, 1, 1, 1), (1, 1, 1, 1, 1, 1, 1)]  ME  [13s]
start   88 dkzpert  I = 2.9271609424245  I-I_ME = +1.776e-15  |grad| = 5.2e-10  nonproj = 2.8e-16  ranks = [(1, 1, 1, 1, 1, 1, 1), (1, 1, 1, 1, 1, 1, 1), (1, 1, 1, 1, 1, 1, 1), (1, 1, 1, 1, 1, 1, 1)]  ME  [13s]
start   89 dkzcomp  I = 2.9271609424245  I-I_ME = +1.776e-15  |grad| = 2.7e-10  nonproj = 8.9e-16  ranks = [(1, 1, 1, 1, 1, 1, 1), (1, 1, 1, 1, 1, 1, 1), (1, 1, 1, 1, 1, 1, 1), (1, 1, 1, 1, 1, 1, 1)]  ME  [13s]
# BEST d=7 D=7: I = 2.9271609424245  I_ME = 2.9271609424245  I-I_ME = +3.553e-15  (init dkzpert)  counts {'below': 26, 'ME': 64}
