# d=7 D=8 nstart=90 seed=7008  I_ME(d) = 2.9271609424245
start    0 gauss    I = 2.8112658246215  I-I_ME = -1.159e-01  |grad| = 2.4e-11  nonproj = 9.2e-02  ranks = [(1, 2, 1, 1, 1, 1, 1), (2, 2, 1, 1, 1, 1, 2), (1, 1, 2, 2, 2, 2, 2), (1, 1, 2, 1, 1, 1, 1)]  below  [0s]
start    1 rank     I = 2.5311511380419  I-I_ME = -3.960e-01  |grad| = 2.2e-09  nonproj = 1.2e-01  ranks = [(0, 2, 3, 3, 1, 1, 1), (1, 4, 3, 1, 2, 2, 2), (3, 3, 1, 0, 3, 2, 2), (2, 0, 1, 1, 4, 2, 2)]  below  [1s]
start    2 rank1    I = 2.8112658246213  I-I_ME = -1.159e-01  |grad| = 1.3e-09  nonproj = 5.3e-02  ranks = [(2, 1, 1, 1, 1, 2, 2), (1, 2, 2, 1, 1, 2, 1), (1, 2, 1, 1, 1, 1, 1), (1, 2, 1, 1, 1, 1, 1)]  below  [2s]
start    3 frame    I = 2.8112658246215  I-I_ME = -1.159e-01  |grad| = 6.7e-10  nonproj = 6.0e-02  ranks = [(1, 1, 1, 2, 2, 1, 1), (1, 2, 2, 2, 1, 1, 1), (2, 2, 1, 1, 1, 1, 1), (2, 1, 1, 1, 1, 2, 2)]  below  [3s]
start    4 dkzpert  I = 2.8112658246215  I-I_ME = -1.159e-01  |grad| = 4.7e-10  nonproj = 6.1e-02  ranks = [(1, 1, 1, 2, 2, 1, 1), (2, 2, 2, 2, 1, 1, 2), (1, 1, 1, 1, 1, 1, 2), (1, 1, 1, 1, 1, 2, 2)]  below  [3s]
start    5 dkzcomp  I = 2.8112658246215  I-I_ME = -1.159e-01  |grad| = 6.3e-10  nonproj = 6.2e-02  ranks = [(1, 1, 2, 2, 2, 1, 1), (1, 1, 2, 1, 1, 1, 1), (2, 2, 2, 1, 1, 2, 2), (1, 1, 1, 1, 1, 2, 1)]  below  [3s]
start    6 gauss    I = 2.8112658246215  I-I_ME = -1.159e-01  |grad| = 2.3e-10  nonproj = 5.7e-02  ranks = [(1, 1, 1, 2, 2, 1, 1), (2, 2, 2, 2, 1, 1, 1), (2, 1, 1, 1, 1, 2, 2), (1, 1, 1, 1, 1, 2, 1)]  below  [4s]
start    7 rank     I = 2.6337309861256  I-I_ME = -2.934e-01  |grad| = 2.3e-09  nonproj = 1.1e-01  ranks = [(3, 1, 1, 0, 2, 2, 3), (3, 0, 2, 2, 2, 2, 1), (3, 1, 3, 2, 0, 2, 1), (3, 2, 2, 1, 0, 1, 0)]  below  [4s]
start    8 rank1    I = 2.8112658246215  I-I_ME = -1.159e-01  |grad| = 2.8e-10  nonproj = 8.7e-02  ranks = [(1, 1, 1, 1, 1, 1, 2), (1, 1, 1, 1, 1, 2, 2), (1, 2, 2, 2, 2, 2, 1), (2, 2, 1, 1, 1, 1, 1)]  below  [5s]
start    9 frame    I = 2.8112658246215  I-I_ME = -1.159e-01  |grad| = 1.4e-09  nonproj = 6.1e-02  ranks = [(1, 1, 1, 2, 2, 1, 1), (1, 2, 2, 2, 1, 1, 1), (2, 2, 1, 1, 1, 1, 1), (2, 1, 1, 1, 1, 2, 2)]  below  [5s]
start   10 dkzpert  I = 2.8112658246215  I-I_ME = -1.159e-01  |grad| = 4.7e-10  nonproj = 3.7e-02  ranks = [(1, 1, 1, 1, 1, 1, 2), (1, 1, 1, 1, 2, 2, 2), (2, 2, 2, 2, 2, 1, 1), (2, 1, 1, 1, 1, 1, 1)]  below  [5s]
start   11 dkzcomp  I = 2.8112658246215  I-I_ME = -1.159e-01  |grad| = 5.0e-10  nonproj = 3.5e-02  ranks = [(1, 1, 1, 1, 1, 2, 2), (1, 1, 1, 2, 2, 2, 1), (1, 1, 2, 2, 1, 1, 1), (2, 2, 2, 1, 1, 1, 1)]  below  [6s]
start   12 gauss    I = 2.7917940853436  I-I_ME = -1.354e-01  |grad| = 6.5e-10  nonproj = 9.7e-02  ranks = [(1, 1, 2, 2, 1, 1, 2), (0, 1, 2, 1, 2, 2, 2), (1, 2, 2, 1, 2, 1, 1), (1, 1, 1, 1, 2, 1, 1)]  below  [6s]
start   13 rank     I = 2.6519634270675  I-I_ME = -2.752e-01  |grad| = 1.1e-09  nonproj = 8.3e-02  ranks = [(2, 3, 1, 2, 0, 2, 1), (2, 1, 1, 2, 0, 2, 1), (2, 0, 1, 2, 2, 3, 1), (1, 0, 3, 3, 3, 1, 1)]  below  [7s]
start   14 rank1    I = 2.8112658246215  I-I_ME = -1.159e-01  |grad| = 1.1e-09  nonproj = 3.7e-02  ranks = [(2, 2, 2, 2, 2, 2, 1), (2, 1, 1, 1, 1, 1, 1), (2, 1, 1, 1, 1, 1, 2), (1, 1, 1, 1, 1, 1, 2)]  below  [7s]
start   15 frame    I = 2.8112658246215  I-I_ME = -1.159e-01  |grad| = 6.1e-10  nonproj = 6.5e-02  ranks = [(1, 1, 2, 1, 1, 1, 1), (2, 2, 2, 1, 2, 2, 2), (1, 1, 1, 2, 2, 1, 1), (1, 1, 1, 2, 1, 1, 1)]  below  [7s]
start   16 dkzpert  I = 2.7917940853435  I-I_ME = -1.354e-01  |grad| = 8.6e-10  nonproj = 9.0e-02  ranks = [(1, 2, 2, 1, 1, 1, 1), (1, 1, 2, 1, 1, 2, 2), (1, 1, 2, 1, 1, 2, 1), (1, 0, 2, 2, 2, 2, 1)]  below  [8s]
start   17 dkzcomp  I = 2.8112658246215  I-I_ME = -1.159e-01  |grad| = 1.4e-09  nonproj = 7.1e-02  ranks = [(2, 2, 1, 1, 1, 1, 2), (1, 1, 2, 2, 2, 2, 2), (1, 1, 2, 1, 1, 1, 1), (1, 1, 2, 1, 1, 1, 1)]  below  [8s]
start   18 gauss    I = 2.6709817963181  I-I_ME = -2.562e-01  |grad| = 1.8e-11  nonproj = 7.8e-02  ranks = [(1, 1, 1, 1, 1, 3, 1), (1, 1, 1, 2, 3, 2, 1), (1, 2, 3, 3, 2, 0, 1), (3, 3, 2, 1, 1, 0, 3)]  below  [9s]
start   19 rank     I = 2.5092115298505  I-I_ME = -4.179e-01  |grad| = 5.6e-10  nonproj = 1.4e-01  ranks = [(2, 3, 0, 2, 1, 2, 1), (4, 2, 0, 2, 1, 2, 0), (4, 0, 2, 4, 3, 1, 1), (2, 1, 4, 2, 1, 1, 1)]  below  [9s]
start   20 rank1    I = 2.8112658246215  I-I_ME = -1.159e-01  |grad| = 1.9e-10  nonproj = 1.1e-01  ranks = [(2, 2, 2, 1, 2, 2, 2), (1, 1, 1, 2, 2, 1, 1), (1, 1, 1, 2, 1, 1, 1), (1, 1, 1, 2, 1, 1, 1)]  below  [9s]
start   21 frame    I = 2.8112658246215  I-I_ME = -1.159e-01  |grad| = 1.1e-06  nonproj = 9.8e-02  ranks = [(1, 2, 2, 2, 2, 2, 1), (2, 2, 1, 1, 1, 1, 1), (2, 1, 1, 1, 1, 1, 1), (2, 1, 1, 1, 1, 1, 2)]  below  [10s]
start   22 dkzpert  I = 2.8112658246215  I-I_ME = -1.159e-01  |grad| = 1.7e-10  nonproj = 7.8e-02  ranks = [(2, 2, 2, 1, 1, 1, 1), (2, 1, 1, 1, 1, 2, 2), (1, 1, 1, 1, 2, 2, 1), (1, 1, 1, 2, 2, 1, 1)]  below  [10s]
start   23 dkzcomp  I = 2.8112658246215  I-I_ME = -1.159e-01  |grad| = 2.3e-06  nonproj = 1.1e-01  ranks = [(1, 1, 1, 1, 1, 1, 2), (1, 1, 1, 1, 1, 1, 2), (1, 1, 1, 1, 1, 1, 2), (2, 2, 2, 2, 2, 2, 2)]  below  [10s]
start   24 gauss    I = 2.8112658246214  I-I_ME = -1.159e-01  |grad| = 1.1e-09  nonproj = 1.1e-01  ranks = [(2, 1, 1, 1, 1, 1, 2), (1, 1, 1, 1, 2, 2, 2), (1, 2, 2, 2, 2, 1, 1), (1, 2, 1, 1, 1, 1, 1)]  below  [11s]
start   25 rank     I = 2.3921064080744  I-I_ME = -5.351e-01  |grad| = 7.4e-10  nonproj = 1.5e-01  ranks = [(0, 1, 1, 3, 2, 4, 2), (0, 1, 2, 5, 2, 2, 0), (2, 3, 5, 4, 0, 1, 0), (4, 3, 2, 1, 0, 2, 3)]  below  [12s]
start   26 rank1    I = 2.8112658246215  I-I_ME = -1.159e-01  |grad| = 8.9e-10  nonproj = 6.5e-02  ranks = [(1, 1, 1, 2, 2, 2, 1), (2, 2, 2, 2, 1, 1, 2), (1, 1, 1, 1, 1, 1, 2), (1, 1, 1, 1, 1, 1, 2)]  below  [13s]
start   27 frame    I = 2.8112658246215  I-I_ME = -1.159e-01  |grad| = 4.4e-10  nonproj = 8.2e-02  ranks = [(1, 1, 2, 2, 2, 2, 1), (2, 2, 2, 1, 1, 1, 1), (2, 1, 1, 1, 1, 1, 1), (2, 1, 1, 1, 1, 1, 2)]  below  [13s]
start   28 dkzpert  I = 2.8112658246215  I-I_ME = -1.159e-01  |grad| = 6.4e-10  nonproj = 1.4e-01  ranks = [(1, 2, 1, 1, 1, 1, 1), (2, 2, 1, 1, 1, 1, 2), (1, 1, 1, 1, 2, 2, 2), (1, 1, 2, 2, 2, 1, 1)]  below  [13s]
start   29 dkzcomp  I = 2.8112658246215  I-I_ME = -1.159e-01  |grad| = 2.1e-10  nonproj = 5.2e-02  ranks = [(2, 1, 1, 1, 1, 1, 1), (2, 1, 1, 2, 2, 2, 2), (1, 1, 1, 2, 1, 1, 1), (1, 2, 2, 2, 1, 1, 1)]  below  [13s]
start   30 gauss    I = 2.7917940853435  I-I_ME = -1.354e-01  |grad| = 1.8e-11  nonproj = 6.5e-02  ranks = [(0, 2, 1, 2, 2, 1, 2), (1, 2, 1, 2, 1, 1, 1), (1, 1, 1, 2, 1, 1, 1), (2, 1, 2, 2, 1, 1, 1)]  below  [15s]
start   31 rank     I = 2.4962303429762  I-I_ME = -4.309e-01  |grad| = 8.4e-10  nonproj = 1.3e-01  ranks = [(3, 1, 4, 0, 0, 1, 1), (2, 0, 4, 0, 0, 1, 1), (3, 2, 4, 0, 2, 2, 4), (0, 2, 2, 4, 4, 1, 3)]  below  [15s]
start   32 rank1    I = 2.8112658246215  I-I_ME = -1.159e-01  |grad| = 7.8e-10  nonproj = 1.0e-01  ranks = [(2, 2, 2, 1, 1, 2, 2), (1, 1, 1, 1, 1, 2, 1), (1, 1, 1, 2, 2, 2, 1), (1, 1, 1, 2, 1, 1, 1)]  below  [15s]
start   33 frame    I = 2.8112658246215  I-I_ME = -1.159e-01  |grad| = 6.8e-10  nonproj = 1.0e-01  ranks = [(2, 2, 2, 1, 1, 1, 1), (2, 1, 1, 1, 1, 1, 1), (2, 1, 1, 1, 2, 2, 2), (1, 1, 1, 2, 2, 1, 1)]  below  [16s]
start   34 dkzpert  I = 2.7917940853435  I-I_ME = -1.354e-01  |grad| = 5.8e-10  nonproj = 7.9e-02  ranks = [(2, 0, 1, 2, 1, 1, 1), (2, 1, 2, 2, 1, 1, 1), (2, 1, 1, 1, 1, 1, 1), (2, 2, 1, 1, 2, 2, 2)]  below  [16s]
start   35 dkzcomp  I = 2.8112658246215  I-I_ME = -1.159e-01  |grad| = 4.0e-10  nonproj = 1.2e-02  ranks = [(1, 1, 1, 1, 1, 2, 1), (1, 1, 1, 1, 1, 2, 1), (1, 1, 1, 1, 2, 2, 1), (2, 2, 1, 1, 2, 1, 2)]  below  [17s]
start   36 gauss    I = 2.6709817963181  I-I_ME = -2.562e-01  |grad| = 4.3e-10  nonproj = 9.4e-02  ranks = [(1, 2, 3, 2, 1, 1, 1), (2, 3, 2, 1, 0, 1, 2), (1, 2, 1, 1, 1, 2, 2), (2, 2, 1, 2, 2, 2, 2)]  below  [18s]
start   37 rank     I = 2.3921064080746  I-I_ME = -5.351e-01  |grad| = 3.1e-06  nonproj = 1.4e-01  ranks = [(1, 2, 2, 4, 2, 3, 4), (0, 4, 3, 4, 1, 1, 1), (2, 5, 2, 2, 0, 1, 2), (3, 2, 1, 1, 2, 2, 1)]  below  [18s]
start   38 rank1    I = 2.8112658246215  I-I_ME = -1.159e-01  |grad| = 5.8e-10  nonproj = 4.9e-02  ranks = [(1, 1, 2, 1, 1, 1, 1), (1, 2, 2, 1, 1, 1, 1), (2, 2, 1, 1, 1, 2, 2), (1, 1, 1, 2, 2, 2, 1)]  below  [18s]
start   39 frame    I = 2.8112658246215  I-I_ME = -1.159e-01  |grad| = 1.5e-09  nonproj = 6.1e-02  ranks = [(1, 1, 1, 2, 1, 1, 1), (1, 1, 1, 2, 1, 1, 1), (1, 1, 2, 2, 1, 1, 1), (2, 2, 2, 1, 2, 2, 2)]  below  [19s]
start   40 dkzpert  I = 2.8112658246215  I-I_ME = -1.159e-01  |grad| = 4.6e-10  nonproj = 7.4e-02  ranks = [(1, 1, 1, 1, 2, 1, 1), (1, 1, 1, 2, 2, 1, 1), (1, 2, 2, 2, 1, 1, 1), (2, 2, 1, 1, 1, 2, 2)]  below  [19s]
start   41 dkzcomp  I = 2.8112658246215  I-I_ME = -1.159e-01  |grad| = 1.2e-09  nonproj = 5.9e-02  ranks = [(1, 2, 1, 1, 1, 1, 1), (1, 2, 1, 1, 1, 1, 1), (2, 2, 2, 2, 2, 2, 2), (1, 1, 2, 1, 1, 1, 1)]  below  [19s]
start   42 gauss    I = 2.6709817963181  I-I_ME = -2.562e-01  |grad| = 9.5e-10  nonproj = 9.5e-02  ranks = [(1, 1, 1, 3, 2, 2, 1), (2, 2, 2, 2, 1, 1, 1), (2, 1, 2, 1, 1, 1, 2), (2, 2, 2, 0, 2, 2, 3)]  below  [20s]
start   43 rank     I = 2.6519634270675  I-I_ME = -2.752e-01  |grad| = 1.5e-06  nonproj = 9.8e-02  ranks = [(2, 0, 1, 1, 1, 3, 1), (2, 1, 1, 1, 2, 2, 1), (2, 2, 1, 2, 3, 1, 2), (2, 3, 1, 2, 2, 0, 3)]  below  [20s]
start   44 rank1    I = 2.7917940853436  I-I_ME = -1.354e-01  |grad| = 9.4e-10  nonproj = 8.7e-02  ranks = [(2, 2, 1, 2, 2, 1, 1), (1, 1, 1, 2, 1, 2, 1), (1, 1, 2, 2, 1, 2, 0), (1, 1, 2, 1, 1, 2, 1)]  below  [21s]
start   45 frame    I = 2.8112658246215  I-I_ME = -1.159e-01  |grad| = 7.0e-10  nonproj = 9.3e-02  ranks = [(2, 2, 2, 2, 1, 1, 1), (2, 1, 1, 1, 2, 2, 2), (1, 1, 1, 1, 2, 1, 1), (1, 1, 1, 1, 2, 1, 1)]  below  [21s]
start   46 dkzpert  I = 2.8112658246215  I-I_ME = -1.159e-01  |grad| = 7.1e-07  nonproj = 1.1e-02  ranks = [(1, 1, 1, 2, 1, 1, 1), (1, 1, 1, 2, 1, 1, 1), (1, 2, 2, 2, 1, 1, 1), (2, 2, 1, 1, 2, 2, 2)]  below  [21s]
start   47 dkzcomp  I = 2.8112658246215  I-I_ME = -1.159e-01  |grad| = 3.3e-10  nonproj = 4.1e-02  ranks = [(2, 2, 1, 1, 1, 1, 1), (2, 1, 1, 1, 1, 1, 2), (1, 1, 1, 2, 2, 2, 2), (1, 1, 2, 2, 1, 1, 1)]  below  [22s]
start   48 gauss    I = 2.7917940853436  I-I_ME = -1.354e-01  |grad| = 4.0e-07  nonproj = 6.7e-02  ranks = [(1, 2, 1, 1, 2, 2, 2), (1, 2, 2, 2, 1, 1, 1), (1, 2, 2, 1, 0, 1, 1), (2, 2, 2, 1, 0, 1, 1)]  below  [22s]
start   49 rank     I = 2.4962303429762  I-I_ME = -4.309e-01  |grad| = 9.2e-11  nonproj = 1.1e-01  ranks = [(0, 0, 1, 3, 1, 4, 2), (1, 2, 2, 2, 3, 3, 2), (0, 1, 1, 1, 4, 1, 2), (3, 2, 2, 1, 3, 0, 3)]  below  [22s]
start   50 rank1    I = 2.8112658246215  I-I_ME = -1.159e-01  |grad| = 1.2e-09  nonproj = 7.3e-02  ranks = [(1, 1, 1, 1, 1, 2, 1), (1, 1, 2, 2, 2, 2, 1), (1, 1, 2, 1, 1, 1, 1), (2, 2, 2, 1, 1, 1, 2)]  below  [22s]
start   51 frame    I = 2.8112658246215  I-I_ME = -1.159e-01  |grad| = 1.9e-10  nonproj = 7.0e-02  ranks = [(1, 2, 2, 1, 1, 1, 1), (2, 2, 1, 1, 1, 2, 2), (1, 1, 1, 1, 1, 2, 1), (1, 1, 1, 2, 2, 2, 1)]  below  [22s]
start   52 dkzpert  I = 2.8112658246214  I-I_ME = -1.159e-01  |grad| = 7.9e-10  nonproj = 8.4e-02  ranks = [(1, 1, 2, 2, 1, 1, 1), (1, 1, 2, 1, 1, 1, 1), (2, 2, 2, 1, 1, 1, 1), (2, 1, 1, 1, 2, 2, 2)]  below  [23s]
start   53 dkzcomp  I = 2.8112658246215  I-I_ME = -1.159e-01  |grad| = 7.4e-10  nonproj = 7.7e-02  ranks = [(1, 1, 1, 1, 2, 2, 1), (2, 2, 2, 2, 2, 1, 2), (1, 1, 1, 1, 1, 1, 2), (1, 1, 1, 1, 1, 1, 2)]  below  [23s]
start   54 gauss    I = 2.7842128161514  I-I_ME = -1.429e-01  |grad| = 8.7e-10  nonproj = 9.3e-02  ranks = [(2, 1, 1, 1, 1, 1, 1), (2, 2, 1, 2, 1, 2, 1), (2, 2, 1, 2, 1, 2, 1), (1, 2, 1, 1, 1, 1, 1)]  below  [23s]
start   55 rank     I = 2.4962303429696  I-I_ME = -4.309e-01  |grad| = 1.0e-09  nonproj = 1.3e-01  ranks = [(3, 0, 3, 4, 2, 0, 1), (3, 2, 4, 3, 0, 1, 3), (2, 1, 2, 0, 0, 3, 2), (1, 3, 2, 0, 2, 4, 1)]  below  [23s]
start   56 rank1    I = 2.6709817963181  I-I_ME = -2.562e-01  |grad| = 2.7e-09  nonproj = 1.3e-01  ranks = [(2, 2, 1, 2, 2, 1, 1), (2, 1, 2, 2, 1, 1, 1), (1, 2, 2, 2, 2, 2, 1), (2, 2, 2, 2, 1, 1, 1)]  below  [23s]
start   57 frame    I = 2.8112658246215  I-I_ME = -1.159e-01  |grad| = 4.0e-10  nonproj = 7.6e-02  ranks = [(2, 1, 1, 1, 1, 1, 1), (2, 1, 1, 1, 1, 1, 2), (1, 1, 2, 2, 2, 2, 2), (1, 2, 2, 1, 1, 1, 1)]  below  [24s]
start   58 dkzpert  I = 2.8112658246215  I-I_ME = -1.159e-01  |grad| = 3.7e-10  nonproj = 5.9e-02  ranks = [(2, 2, 2, 1, 1, 1, 2), (1, 1, 1, 1, 1, 1, 2), (1, 1, 1, 1, 1, 1, 2), (1, 1, 1, 2, 2, 2, 2)]  below  [24s]
start   59 dkzcomp  I = 2.8112658246215  I-I_ME = -1.159e-01  |grad| = 3.3e-10  nonproj = 4.8e-02  ranks = [(2, 2, 2, 2, 2, 2, 2), (1, 1, 1, 1, 1, 1, 2), (1, 1, 1, 1, 1, 1, 2), (1, 1, 1, 1, 1, 1, 2)]  below  [24s]
start   60 gauss    I = 2.8112658246215  I-I_ME = -1.159e-01  |grad| = 6.4e-10  nonproj = 7.4e-02  ranks = [(1, 1, 1, 1, 1, 2, 1), (1, 1, 1, 1, 2, 2, 1), (2, 2, 2, 2, 2, 1, 2), (1, 1, 1, 1, 1, 1, 2)]  below  [25s]
start   61 rank     I = 2.5311511380420  I-I_ME = -3.960e-01  |grad| = 4.0e-10  nonproj = 1.0e-01  ranks = [(1, 4, 3, 3, 1, 2, 1), (1, 3, 1, 1, 1, 1, 2), (2, 2, 1, 1, 1, 2, 4), (0, 0, 2, 1, 3, 3, 3)]  below  [25s]
start   62 rank1    I = 2.8112658246215  I-I_ME = -1.159e-01  |grad| = 2.6e-10  nonproj = 6.2e-02  ranks = [(1, 1, 1, 1, 1, 1, 2), (1, 1, 2, 2, 2, 2, 2), (1, 1, 2, 1, 1, 1, 1), (2, 2, 2, 1, 1, 1, 1)]  below  [25s]
start   63 frame    I = 2.8112658246215  I-I_ME = -1.159e-01  |grad| = 4.9e-10  nonproj = 9.8e-02  ranks = [(1, 1, 1, 2, 2, 2, 1), (1, 1, 2, 2, 1, 1, 1), (1, 1, 2, 1, 1, 1, 1), (2, 2, 2, 1, 1, 1, 2)]  below  [25s]
start   64 dkzpert  I = 2.8112658246215  I-I_ME = -1.159e-01  |grad| = 3.3e-10  nonproj = 5.5e-02  ranks = [(2, 2, 2, 2, 1, 1, 1), (2, 1, 1, 1, 1, 2, 2), (1, 1, 1, 1, 2, 2, 1), (1, 1, 1, 1, 2, 1, 1)]  below  [26s]
start   65 dkzcomp  I = 2.7917940853435  I-I_ME = -1.354e-01  |grad| = 1.2e-09  nonproj = 8.9e-02  ranks = [(1, 2, 1, 1, 1, 2, 2), (2, 2, 0, 1, 2, 2, 1), (2, 1, 1, 2, 2, 1, 1), (2, 1, 1, 1, 1, 1, 1)]  below  [26s]
start   66 gauss    I = 2.8112658246215  I-I_ME = -1.159e-01  |grad| = 4.8e-10  nonproj = 9.2e-02  ranks = [(1, 1, 1, 2, 1, 1, 1), (1, 1, 2, 2, 1, 1, 1), (1, 2, 2, 1, 1, 1, 1), (2, 2, 1, 1, 2, 2, 2)]  below  [27s]
start   67 rank     I = 2.5129186971000  I-I_ME = -4.142e-01  |grad| = 2.1e-10  nonproj = 1.4e-01  ranks = [(4, 1, 1, 1, 1, 2, 1), (2, 2, 3, 1, 3, 3, 1), (2, 3, 3, 1, 2, 0, 1), (1, 4, 2, 0, 1, 0, 2)]  below  [28s]
start   68 rank1    I = 2.8112658246214  I-I_ME = -1.159e-01  |grad| = 1.4e-09  nonproj = 1.0e-01  ranks = [(2, 2, 2, 2, 2, 1, 1), (2, 1, 1, 1, 1, 1, 2), (1, 1, 1, 1, 1, 2, 2), (1, 1, 1, 1, 1, 2, 1)]  below  [28s]
start   69 frame    I = 2.8112658246215  I-I_ME = -1.159e-01  |grad| = 2.4e-07  nonproj = 7.5e-02  ranks = [(1, 2, 2, 2, 2, 1, 1), (1, 2, 1, 1, 1, 1, 1), (2, 2, 1, 1, 1, 2, 2), (1, 1, 1, 1, 1, 2, 1)]  below  [29s]
start   70 dkzpert  I = 2.8112658246215  I-I_ME = -1.159e-01  |grad| = 1.0e-09  nonproj = 4.8e-02  ranks = [(1, 1, 1, 1, 1, 1, 2), (1, 1, 1, 1, 1, 1, 2), (1, 1, 1, 1, 1, 2, 2), (2, 2, 2, 2, 2, 2, 1)]  below  [29s]
start   71 dkzcomp  I = 2.8112658246214  I-I_ME = -1.159e-01  |grad| = 6.0e-10  nonproj = 1.4e-01  ranks = [(1, 1, 1, 2, 1, 1, 1), (1, 1, 2, 2, 1, 1, 1), (2, 2, 2, 1, 2, 2, 2), (1, 1, 1, 1, 2, 1, 1)]  below  [30s]
start   72 gauss    I = 2.8112658246215  I-I_ME = -1.159e-01  |grad| = 7.9e-10  nonproj = 8.2e-02  ranks = [(1, 1, 2, 2, 1, 1, 1), (2, 2, 2, 1, 1, 2, 2), (1, 1, 1, 1, 1, 2, 1), (1, 1, 1, 1, 2, 2, 1)]  below  [30s]
start   73 rank     I = 2.0000000000000  I-I_ME = -9.272e-01  |grad| = 1.2e-09  nonproj = 1.7e-01  ranks = [(0, 0, 1, 2, 5, 4, 2), (3, 5, 6, 4, 6, 3, 1), (6, 3, 3, 1, 2, 0, 2), (6, 2, 1, 0, 0, 3, 6)]  below  [30s]
start   74 rank1    I = 2.8112658246215  I-I_ME = -1.159e-01  |grad| = 5.0e-10  nonproj = 7.7e-02  ranks = [(2, 1, 1, 2, 2, 2, 2), (1, 1, 1, 2, 1, 1, 1), (1, 1, 2, 2, 1, 1, 1), (1, 2, 2, 1, 1, 1, 1)]  below  [31s]
start   75 frame    I = 2.8112658246215  I-I_ME = -1.159e-01  |grad| = 9.7e-10  nonproj = 1.3e-01  ranks = [(1, 1, 2, 2, 2, 2, 2), (1, 2, 2, 1, 1, 1, 1), (1, 2, 1, 1, 1, 1, 1), (2, 2, 1, 1, 1, 1, 1)]  below  [31s]
start   76 dkzpert  I = 2.8112658246215  I-I_ME = -1.159e-01  |grad| = 1.6e-10  nonproj = 2.2e-02  ranks = [(2, 2, 2, 2, 1, 1, 1), (2, 1, 1, 1, 1, 1, 2), (1, 1, 1, 1, 2, 2, 2), (1, 1, 1, 1, 2, 1, 1)]  below  [31s]
start   77 dkzcomp  I = 2.8112658246215  I-I_ME = -1.159e-01  |grad| = 3.6e-09  nonproj = 5.2e-02  ranks = [(2, 2, 1, 1, 1, 2, 2), (1, 1, 1, 1, 1, 2, 1), (1, 1, 1, 1, 1, 2, 1), (1, 1, 2, 2, 2, 2, 1)]  below  [32s]
start   78 gauss    I = 2.8112658246215  I-I_ME = -1.159e-01  |grad| = 2.2e-11  nonproj = 8.2e-02  ranks = [(2, 2, 1, 1, 1, 1, 1), (2, 1, 1, 1, 1, 1, 2), (1, 1, 1, 1, 1, 2, 2), (1, 1, 2, 2, 2, 2, 1)]  below  [32s]
start   79 rank     I = 2.6467121730009  I-I_ME = -2.804e-01  |grad| = 2.1e-09  nonproj = 1.4e-01  ranks = [(2, 0, 1, 2, 3, 0, 2), (2, 0, 2, 3, 1, 1, 2), (3, 3, 3, 2, 0, 1, 1), (3, 2, 0, 1, 0, 3, 2)]  below  [33s]
start   80 rank1    I = 2.8112658246215  I-I_ME = -1.159e-01  |grad| = 3.3e-10  nonproj = 6.3e-02  ranks = [(1, 2, 2, 1, 1, 1, 1), (2, 2, 1, 1, 1, 2, 2), (1, 1, 1, 1, 1, 2, 1), (1, 1, 1, 2, 2, 2, 1)]  below  [33s]
start   81 frame    I = 2.8112658246215  I-I_ME = -1.159e-01  |grad| = 8.7e-10  nonproj = 6.3e-02  ranks = [(1, 1, 1, 2, 1, 1, 1), (1, 2, 2, 2, 1, 1, 1), (2, 2, 1, 1, 1, 1, 2), (1, 1, 1, 1, 2, 2, 2)]  below  [33s]
start   82 dkzpert  I = 2.8112658246215  I-I_ME = -1.159e-01  |grad| = 3.2e-10  nonproj = 4.2e-02  ranks = [(1, 1, 1, 1, 1, 1, 2), (1, 1, 1, 1, 1, 1, 2), (1, 1, 1, 1, 1, 1, 2), (2, 2, 2, 2, 2, 2, 2)]  below  [34s]
start   83 dkzcomp  I = 2.8112658246215  I-I_ME = -1.159e-01  |grad| = 1.4e-08  nonproj = 2.6e-02  ranks = [(1, 1, 2, 1, 1, 1, 1), (1, 2, 2, 1, 1, 1, 1), (2, 2, 1, 2, 2, 2, 2), (1, 1, 1, 2, 1, 1, 1)]  below  [34s]
start   84 gauss    I = 2.8112658246215  I-I_ME = -1.159e-01  |grad| = 1.0e-09  nonproj = 1.0e-01  ranks = [(1, 1, 2, 2, 2, 1, 1), (2, 2, 2, 1, 1, 1, 2), (1, 1, 1, 1, 1, 1, 2), (1, 1, 1, 1, 1, 2, 2)]  below  [34s]
start   85 rank     I = 2.5311511380420  I-I_ME = -3.960e-01  |grad| = 1.4e-09  nonproj = 1.3e-01  ranks = [(1, 4, 2, 0, 1, 1, 1), (2, 3, 1, 0, 2, 2, 3), (1, 2, 1, 0, 3, 3, 3), (0, 1, 3, 4, 4, 2, 1)]  below  [35s]
start   86 rank1    I = 2.8112658246208  I-I_ME = -1.159e-01  |grad| = 3.8e-10  nonproj = 8.8e-02  ranks = [(1, 1, 2, 1, 1, 1, 1), (2, 2, 2, 1, 1, 2, 2), (1, 1, 1, 2, 1, 2, 1), (1, 1, 1, 2, 1, 1, 1)]  below  [35s]
start   87 frame    I = 2.8112658246215  I-I_ME = -1.159e-01  |grad| = 6.8e-10  nonproj = 7.0e-02  ranks = [(1, 1, 1, 2, 2, 2, 1), (1, 1, 2, 2, 1, 1, 1), (2, 2, 2, 1, 1, 1, 1), (2, 1, 1, 1, 1, 1, 2)]  below  [35s]
start   88 dkzpert  I = 2.8112658246215  I-I_ME = -1.159e-01  |grad| = 3.0e-10  nonproj = 5.9e-02  ranks = [(1, 1, 1, 1, 2, 1, 1), (2, 2, 2, 2, 2, 1, 1), (2, 1, 1, 1, 1, 1, 2), (1, 1, 1, 1, 1, 2, 2)]  below  [36s]
start   89 dkzcomp  I = 2.6709817963180  I-I_ME = -2.562e-01  |grad| = 2.5e-06  nonproj = 8.9e-02  ranks = [(2, 1, 0, 1, 2, 1, 2), (1, 1, 2, 2, 2, 2, 2), (2, 2, 3, 1, 1, 1, 1), (2, 2, 2, 0, 1, 1, 1)]  below  [36s]
# BEST d=7 D=8: I = 2.8112658246215  I_ME = 2.9271609424245  I-I_ME = -1.159e-01  (init frame)  counts {'below': 90}
