# d=6 D=12 nstart=90 seed=6012  I_ME(d) = 2.9202036063791
start    0 gauss    I = 2.8243197264184  I-I_ME = -9.588e-02  |grad| = 2.0e-10  nonproj = 7.6e-02  ranks = [(2, 3, 2, 2, 2, 2), (3, 3, 1, 2, 2, 3), (2, 2, 2, 3, 3, 3), (2, 2, 2, 2, 2, 2)]  below  [0s]
start    1 rank     I = 2.5377459310750  I-I_ME = -3.825e-01  |grad| = 2.2e-09  nonproj = 1.1e-01  ranks = [(0, 5, 6, 6, 5, 3), (3, 5, 3, 0, 2, 2), (6, 3, 3, 0, 2, 3), (5, 0, 2, 0, 2, 5)]  below  [2s]
start    2 rank1    I = 2.9202036063791  I-I_ME = +1.776e-15  |grad| = 1.1e-10  nonproj = 1.0e-15  ranks = [(2, 2, 2, 2, 2, 2), (2, 2, 2, 2, 2, 2), (2, 2, 2, 2, 2, 2), (2, 2, 2, 2, 2, 2)]  ME  [3s]
start    3 frame    I = 2.9202036063791  I-I_ME = +2.220e-15  |grad| = 3.0e-10  nonproj = 1.3e-15  ranks = [(2, 2, 2, 2, 2, 2), (2, 2, 2, 2, 2, 2), (2, 2, 2, 2, 2, 2), (2, 2, 2, 2, 2, 2)]  ME  [3s]
start    4 dkzpert  I = 2.9202036063791  I-I_ME = +2.220e-15  |grad| = 1.9e-10  nonproj = 4.6e-16  ranks = [(2, 2, 2, 2, 2, 2), (2, 2, 2, 2, 2, 2), (2, 2, 2, 2, 2, 2), (2, 2, 2, 2, 2, 2)]  ME  [3s]
start    5 dkzcomp  I = 2.9202036063791  I-I_ME = +2.220e-15  |grad| = 3.2e-10  nonproj = 7.2e-16  ranks = [(2, 2, 2, 2, 2, 2), (2, 2, 2, 2, 2, 2), (2, 2, 2, 2, 2, 2), (2, 2, 2, 2, 2, 2)]  ME  [4s]
start    6 gauss    I = 2.9202036063791  I-I_ME = +2.220e-15  |grad| = 3.4e-10  nonproj = 8.3e-16  ranks = [(2, 2, 2, 2, 2, 2), (2, 2, 2, 2, 2, 2), (2, 2, 2, 2, 2, 2), (2, 2, 2, 2, 2, 2)]  ME  [5s]
start    7 rank     I = 2.6216474459379  I-I_ME = -2.986e-01  |grad| = 3.0e-10  nonproj = 1.0e-01  ranks = [(4, 5, 2, 3, 2, 3), (5, 3, 1, 3, 0, 1), (5, 2, 2, 4, 2, 3), (3, 2, 4, 4, 2, 1)]  below  [5s]
start    8 rank1    I = 2.9202036063791  I-I_ME = +2.220e-15  |grad| = 1.7e-10  nonproj = 6.7e-16  ranks = [(2, 2, 2, 2, 2, 2), (2, 2, 2, 2, 2, 2), (2, 2, 2, 2, 2, 2), (2, 2, 2, 2, 2, 2)]  ME  [6s]
start    9 frame    I = 2.9202036063791  I-I_ME = +1.332e-15  |grad| = 3.6e-10  nonproj = 6.7e-16  ranks = [(2, 2, 2, 2, 2, 2), (2, 2, 2, 2, 2, 2), (2, 2, 2, 2, 2, 2), (2, 2, 2, 2, 2, 2)]  ME  [6s]
start   10 dkzpert  I = 2.9202036063791  I-I_ME = +2.220e-15  |grad| = 1.6e-10  nonproj = 4.4e-16  ranks = [(2, 2, 2, 2, 2, 2), (2, 2, 2, 2, 2, 2), (2, 2, 2, 2, 2, 2), (2, 2, 2, 2, 2, 2)]  ME  [6s]
start   11 dkzcomp  I = 2.9202036063791  I-I_ME = +0.000e+00  |grad| = 6.9e-10  nonproj = 6.1e-16  ranks = [(2, 2, 2, 2, 2, 2), (2, 2, 2, 2, 2, 2), (2, 2, 2, 2, 2, 2), (2, 2, 2, 2, 2, 2)]  ME  [7s]
start   12 gauss    I = 2.8243197264184  I-I_ME = -9.588e-02  |grad| = 2.2e-11  nonproj = 7.5e-02  ranks = [(2, 2, 3, 2, 2, 2), (2, 3, 2, 2, 2, 2), (3, 3, 1, 2, 2, 2), (3, 2, 1, 3, 3, 3)]  below  [7s]
start   13 rank     I = 2.6216474459379  I-I_ME = -2.986e-01  |grad| = 4.6e-08  nonproj = 1.1e-01  ranks = [(1, 2, 5, 2, 3, 2), (1, 3, 5, 1, 2, 1), (5, 4, 4, 3, 2, 3), (3, 1, 2, 4, 0, 4)]  below  [9s]
start   14 rank1    I = 2.9202036063791  I-I_ME = +2.220e-15  |grad| = 1.0e-10  nonproj = 6.1e-16  ranks = [(2, 2, 2, 2, 2, 2), (2, 2, 2, 2, 2, 2), (2, 2, 2, 2, 2, 2), (2, 2, 2, 2, 2, 2)]  ME  [9s]
start   15 frame    I = 2.9202036063791  I-I_ME = +1.776e-15  |grad| = 5.9e-11  nonproj = 4.4e-16  ranks = [(2, 2, 2, 2, 2, 2), (2, 2, 2, 2, 2, 2), (2, 2, 2, 2, 2, 2), (2, 2, 2, 2, 2, 2)]  ME  [9s]
start   16 dkzpert  I = 2.9202036063791  I-I_ME = -8.882e-16  |grad| = 1.4e-10  nonproj = 3.5e-16  ranks = [(2, 2, 2, 2, 2, 2), (2, 2, 2, 2, 2, 2), (2, 2, 2, 2, 2, 2), (2, 2, 2, 2, 2, 2)]  ME  [10s]
start   17 dkzcomp  I = 2.9202036063791  I-I_ME = -4.441e-16  |grad| = 1.7e-09  nonproj = 7.8e-16  ranks = [(2, 2, 2, 2, 2, 2), (2, 2, 2, 2, 2, 2), (2, 2, 2, 2, 2, 2), (2, 2, 2, 2, 2, 2)]  ME  [10s]
start   18 gauss    I = 2.8243197264184  I-I_ME = -9.588e-02  |grad| = 9.5e-10  nonproj = 2.6e-02  ranks = [(3, 3, 1, 2, 3, 3), (2, 2, 1, 3, 3, 2), (2, 2, 2, 3, 2, 2), (2, 2, 3, 2, 2, 2)]  below  [11s]
start   19 rank     I = 2.5977017578928  I-I_ME = -3.225e-01  |grad| = 7.3e-11  nonproj = 9.2e-02  ranks = [(5, 0, 4, 4, 0, 2), (3, 0, 5, 3, 2, 4), (1, 1, 5, 2, 4, 3), (0, 5, 4, 3, 5, 1)]  below  [11s]
start   20 rank1    I = 2.9202036063791  I-I_ME = +2.220e-15  |grad| = 4.1e-11  nonproj = 5.6e-16  ranks = [(2, 2, 2, 2, 2, 2), (2, 2, 2, 2, 2, 2), (2, 2, 2, 2, 2, 2), (2, 2, 2, 2, 2, 2)]  ME  [12s]
start   21 frame    I = 2.9202036063791  I-I_ME = +1.332e-15  |grad| = 3.0e-10  nonproj = 8.9e-16  ranks = [(2, 2, 2, 2, 2, 2), (2, 2, 2, 2, 2, 2), (2, 2, 2, 2, 2, 2), (2, 2, 2, 2, 2, 2)]  ME  [12s]
start   22 dkzpert  I = 2.9202036063791  I-I_ME = +2.220e-15  |grad| = 1.2e-10  nonproj = 4.7e-16  ranks = [(2, 2, 2, 2, 2, 2), (2, 2, 2, 2, 2, 2), (2, 2, 2, 2, 2, 2), (2, 2, 2, 2, 2, 2)]  ME  [12s]
start   23 dkzcomp  I = 2.9202036063791  I-I_ME = +1.332e-15  |grad| = 2.4e-10  nonproj = 1.0e-15  ranks = [(2, 2, 2, 2, 2, 2), (2, 2, 2, 2, 2, 2), (2, 2, 2, 2, 2, 2), (2, 2, 2, 2, 2, 2)]  ME  [13s]
start   24 gauss    I = 2.9202036063791  I-I_ME = +1.332e-15  |grad| = 6.1e-11  nonproj = 6.1e-16  ranks = [(2, 2, 2, 2, 2, 2), (2, 2, 2, 2, 2, 2), (2, 2, 2, 2, 2, 2), (2, 2, 2, 2, 2, 2)]  ME  [13s]
start   25 rank     I = 2.7159336012395  I-I_ME = -2.043e-01  |grad| = 1.3e-06  nonproj = 8.8e-02  ranks = [(3, 3, 2, 2, 1, 3), (3, 3, 3, 2, 0, 3), (4, 3, 2, 3, 1, 2), (4, 3, 3, 3, 1, 2)]  below  [15s]
start   26 rank1    I = 2.9202036063791  I-I_ME = +1.332e-15  |grad| = 4.1e-10  nonproj = 6.7e-16  ranks = [(2, 2, 2, 2, 2, 2), (2, 2, 2, 2, 2, 2), (2, 2, 2, 2, 2, 2), (2, 2, 2, 2, 2, 2)]  ME  [15s]
start   27 frame    I = 2.9202036063791  I-I_ME = +1.332e-15  |grad| = 1.8e-10  nonproj = 7.8e-16  ranks = [(2, 2, 2, 2, 2, 2), (2, 2, 2, 2, 2, 2), (2, 2, 2, 2, 2, 2), (2, 2, 2, 2, 2, 2)]  ME  [15s]
start   28 dkzpert  I = 2.9202036063791  I-I_ME = +1.776e-15  |grad| = 4.6e-10  nonproj = 3.9e-16  ranks = [(2, 2, 2, 2, 2, 2), (2, 2, 2, 2, 2, 2), (2, 2, 2, 2, 2, 2), (2, 2, 2, 2, 2, 2)]  ME  [15s]
start   29 dkzcomp  I = 2.9202036063791  I-I_ME = +1.776e-15  |grad| = 9.8e-11  nonproj = 6.7e-16  ranks = [(2, 2, 2, 2, 2, 2), (2, 2, 2, 2, 2, 2), (2, 2, 2, 2, 2, 2), (2, 2, 2, 2, 2, 2)]  ME  [16s]
start   30 gauss    I = 2.9202036063791  I-I_ME = +3.109e-15  |grad| = 1.1e-11  nonproj = 7.2e-16  ranks = [(2, 2, 2, 2, 2, 2), (2, 2, 2, 2, 2, 2), (2, 2, 2, 2, 2, 2), (2, 2, 2, 2, 2, 2)]  ME  [16s]
start   31 rank     I = 2.5388047334633  I-I_ME = -3.814e-01  |grad| = 1.6e-09  nonproj = 1.3e-01  ranks = [(3, 4, 0, 1, 3, 6), (2, 1, 0, 3, 5, 5), (2, 1, 5, 6, 4, 3), (4, 3, 6, 1, 1, 2)]  below  [17s]
start   32 rank1    I = 2.9202036063791  I-I_ME = +0.000e+00  |grad| = 4.3e-10  nonproj = 6.1e-16  ranks = [(2, 2, 2, 2, 2, 2), (2, 2, 2, 2, 2, 2), (2, 2, 2, 2, 2, 2), (2, 2, 2, 2, 2, 2)]  ME  [17s]
start   33 frame    I = 2.9202036063791  I-I_ME = +4.441e-16  |grad| = 3.4e-10  nonproj = 5.6e-16  ranks = [(2, 2, 2, 2, 2, 2), (2, 2, 2, 2, 2, 2), (2, 2, 2, 2, 2, 2), (2, 2, 2, 2, 2, 2)]  ME  [18s]
start   34 dkzpert  I = 2.9202036063791  I-I_ME = +1.332e-15  |grad| = 1.1e-10  nonproj = 5.6e-16  ranks = [(2, 2, 2, 2, 2, 2), (2, 2, 2, 2, 2, 2), (2, 2, 2, 2, 2, 2), (2, 2, 2, 2, 2, 2)]  ME  [18s]
start   35 dkzcomp  I = 2.9202036063791  I-I_ME = +2.220e-15  |grad| = 1.5e-10  nonproj = 1.0e-15  ranks = [(2, 2, 2, 2, 2, 2), (2, 2, 2, 2, 2, 2), (2, 2, 2, 2, 2, 2), (2, 2, 2, 2, 2, 2)]  ME  [18s]
start   36 gauss    I = 2.8243197264184  I-I_ME = -9.588e-02  |grad| = 9.3e-10  nonproj = 7.8e-02  ranks = [(3, 2, 2, 2, 2, 2), (3, 2, 2, 2, 3, 3), (2, 2, 2, 3, 3, 2), (2, 2, 2, 2, 2, 2)]  below  [19s]
start   37 rank     I = 2.3402722351811  I-I_ME = -5.799e-01  |grad| = 3.8e-10  nonproj = 1.4e-01  ranks = [(6, 2, 0, 4, 8, 4), (2, 0, 3, 6, 6, 1), (2, 1, 8, 5, 2, 3), (0, 6, 7, 0, 1, 5)]  below  [20s]
start   38 rank1    I = 2.9202036063791  I-I_ME = +1.332e-15  |grad| = 2.4e-10  nonproj = 6.7e-16  ranks = [(2, 2, 2, 2, 2, 2), (2, 2, 2, 2, 2, 2), (2, 2, 2, 2, 2, 2), (2, 2, 2, 2, 2, 2)]  ME  [20s]
start   39 frame    I = 2.9202036063791  I-I_ME = +2.220e-15  |grad| = 2.3e-10  nonproj = 1.0e-15  ranks = [(2, 2, 2, 2, 2, 2), (2, 2, 2, 2, 2, 2), (2, 2, 2, 2, 2, 2), (2, 2, 2, 2, 2, 2)]  ME  [21s]
start   40 dkzpert  I = 2.9202036063791  I-I_ME = +1.332e-15  |grad| = 1.7e-10  nonproj = 4.5e-16  ranks = [(2, 2, 2, 2, 2, 2), (2, 2, 2, 2, 2, 2), (2, 2, 2, 2, 2, 2), (2, 2, 2, 2, 2, 2)]  ME  [21s]
start   41 dkzcomp  I = 2.9202036063791  I-I_ME = +1.332e-15  |grad| = 2.4e-10  nonproj = 7.3e-16  ranks = [(2, 2, 2, 2, 2, 2), (2, 2, 2, 2, 2, 2), (2, 2, 2, 2, 2, 2), (2, 2, 2, 2, 2, 2)]  ME  [21s]
start   42 gauss    I = 2.8243197264184  I-I_ME = -9.588e-02  |grad| = 3.2e-10  nonproj = 6.6e-02  ranks = [(3, 2, 2, 2, 2, 2), (2, 2, 2, 2, 3, 2), (2, 2, 3, 3, 3, 1), (2, 3, 3, 2, 2, 2)]  below  [22s]
start   43 rank     I = 2.6091452007197  I-I_ME = -3.111e-01  |grad| = 3.7e-11  nonproj = 9.8e-02  ranks = [(4, 5, 2, 2, 2, 3), (3, 4, 4, 2, 2, 4), (1, 4, 5, 1, 0, 2), (2, 4, 5, 0, 1, 3)]  below  [23s]
start   44 rank1    I = 2.9202036063791  I-I_ME = +1.332e-15  |grad| = 1.1e-10  nonproj = 5.6e-16  ranks = [(2, 2, 2, 2, 2, 2), (2, 2, 2, 2, 2, 2), (2, 2, 2, 2, 2, 2), (2, 2, 2, 2, 2, 2)]  ME  [23s]
start   45 frame    I = 2.9202036063791  I-I_ME = +2.665e-15  |grad| = 5.3e-11  nonproj = 9.4e-16  ranks = [(2, 2, 2, 2, 2, 2), (2, 2, 2, 2, 2, 2), (2, 2, 2, 2, 2, 2), (2, 2, 2, 2, 2, 2)]  ME  [23s]
start   46 dkzpert  I = 2.9202036063791  I-I_ME = +3.109e-15  |grad| = 1.4e-10  nonproj = 5.3e-16  ranks = [(2, 2, 2, 2, 2, 2), (2, 2, 2, 2, 2, 2), (2, 2, 2, 2, 2, 2), (2, 2, 2, 2, 2, 2)]  ME  [24s]
start   47 dkzcomp  I = 2.9202036063791  I-I_ME = -8.882e-16  |grad| = 7.6e-10  nonproj = 6.7e-16  ranks = [(2, 2, 2, 2, 2, 2), (2, 2, 2, 2, 2, 2), (2, 2, 2, 2, 2, 2), (2, 2, 2, 2, 2, 2)]  ME  [24s]
start   48 gauss    I = 2.9202036063791  I-I_ME = +1.776e-15  |grad| = 2.9e-11  nonproj = 1.4e-15  ranks = [(2, 2, 2, 2, 2, 2), (2, 2, 2, 2, 2, 2), (2, 2, 2, 2, 2, 2), (2, 2, 2, 2, 2, 2)]  ME  [25s]
start   49 rank     I = 2.7284358464557  I-I_ME = -1.918e-01  |grad| = 6.5e-10  nonproj = 4.4e-02  ranks = [(3, 3, 3, 2, 3, 1), (3, 3, 2, 2, 3, 3), (1, 2, 2, 3, 4, 3), (0, 2, 3, 4, 3, 2)]  below  [26s]
start   50 rank1    I = 2.9202036063791  I-I_ME = +1.776e-15  |grad| = 2.0e-10  nonproj = 3.9e-16  ranks = [(2, 2, 2, 2, 2, 2), (2, 2, 2, 2, 2, 2), (2, 2, 2, 2, 2, 2), (2, 2, 2, 2, 2, 2)]  ME  [26s]
start   51 frame    I = 2.9202036063791  I-I_ME = +2.220e-15  |grad| = 7.3e-11  nonproj = 6.1e-16  ranks = [(2, 2, 2, 2, 2, 2), (2, 2, 2, 2, 2, 2), (2, 2, 2, 2, 2, 2), (2, 2, 2, 2, 2, 2)]  ME  [27s]
start   52 dkzpert  I = 2.9202036063791  I-I_ME = +1.776e-15  |grad| = 4.6e-10  nonproj = 4.1e-16  ranks = [(2, 2, 2, 2, 2, 2), (2, 2, 2, 2, 2, 2), (2, 2, 2, 2, 2, 2), (2, 2, 2, 2, 2, 2)]  ME  [27s]
start   53 dkzcomp  I = 2.9202036063791  I-I_ME = +4.441e-16  |grad| = 2.9e-10  nonproj = 7.8e-16  ranks = [(2, 2, 2, 2, 2, 2), (2, 2, 2, 2, 2, 2), (2, 2, 2, 2, 2, 2), (2, 2, 2, 2, 2, 2)]  ME  [27s]
start   54 gauss    I = 2.8243197264184  I-I_ME = -9.588e-02  |grad| = 4.8e-10  nonproj = 6.3e-02  ranks = [(2, 3, 2, 2, 2, 2), (2, 2, 2, 2, 2, 2), (3, 2, 3, 3, 3, 3), (2, 1, 3, 2, 2, 2)]  below  [28s]
start   55 rank     I = 2.5174011029611  I-I_ME = -4.028e-01  |grad| = 5.0e-10  nonproj = 1.1e-01  ranks = [(6, 1, 3, 5, 2, 0), (6, 0, 2, 3, 1, 4), (2, 3, 5, 4, 4, 5), (1, 5, 2, 1, 4, 3)]  below  [29s]
start   56 rank1    I = 2.9202036063791  I-I_ME = +4.441e-16  |grad| = 1.4e-10  nonproj = 8.3e-16  ranks = [(2, 2, 2, 2, 2, 2), (2, 2, 2, 2, 2, 2), (2, 2, 2, 2, 2, 2), (2, 2, 2, 2, 2, 2)]  ME  [29s]
start   57 frame    I = 2.9202036063791  I-I_ME = +1.332e-15  |grad| = 7.8e-11  nonproj = 9.4e-16  ranks = [(2, 2, 2, 2, 2, 2), (2, 2, 2, 2, 2, 2), (2, 2, 2, 2, 2, 2), (2, 2, 2, 2, 2, 2)]  ME  [29s]
start   58 dkzpert  I = 2.9202036063791  I-I_ME = +1.776e-15  |grad| = 2.4e-10  nonproj = 5.3e-16  ranks = [(2, 2, 2, 2, 2, 2), (2, 2, 2, 2, 2, 2), (2, 2, 2, 2, 2, 2), (2, 2, 2, 2, 2, 2)]  ME  [29s]
start   59 dkzcomp  I = 2.9202036063791  I-I_ME = +1.332e-15  |grad| = 1.9e-10  nonproj = 4.7e-16  ranks = [(2, 2, 2, 2, 2, 2), (2, 2, 2, 2, 2, 2), (2, 2, 2, 2, 2, 2), (2, 2, 2, 2, 2, 2)]  ME  [30s]
start   60 gauss    I = 2.8243197264184  I-I_ME = -9.588e-02  |grad| = 1.2e-10  nonproj = 5.8e-02  ranks = [(1, 3, 3, 2, 2, 2), (1, 3, 2, 2, 2, 2), (2, 3, 2, 2, 2, 2), (3, 2, 2, 3, 3, 3)]  below  [30s]
start   61 rank     I = 2.5429445156620  I-I_ME = -3.773e-01  |grad| = 1.0e-09  nonproj = 1.3e-01  ranks = [(2, 4, 5, 3, 1, 5), (2, 1, 2, 1, 1, 6), (1, 2, 2, 1, 4, 6), (3, 3, 2, 4, 6, 3)]  below  [35s]
start   62 rank1    I = 2.9202036063791  I-I_ME = +4.441e-16  |grad| = 1.2e-10  nonproj = 5.6e-16  ranks = [(2, 2, 2, 2, 2, 2), (2, 2, 2, 2, 2, 2), (2, 2, 2, 2, 2, 2), (2, 2, 2, 2, 2, 2)]  ME  [35s]
start   63 frame    I = 2.9202036063791  I-I_ME = +1.776e-15  |grad| = 5.4e-11  nonproj = 5.6e-16  ranks = [(2, 2, 2, 2, 2, 2), (2, 2, 2, 2, 2, 2), (2, 2, 2, 2, 2, 2), (2, 2, 2, 2, 2, 2)]  ME  [35s]
start   64 dkzpert  I = 2.9202036063791  I-I_ME = +1.332e-15  |grad| = 2.0e-10  nonproj = 4.7e-16  ranks = [(2, 2, 2, 2, 2, 2), (2, 2, 2, 2, 2, 2), (2, 2, 2, 2, 2, 2), (2, 2, 2, 2, 2, 2)]  ME  [36s]
start   65 dkzcomp  I = 2.9202036063791  I-I_ME = +2.220e-15  |grad| = 2.5e-10  nonproj = 7.2e-16  ranks = [(2, 2, 2, 2, 2, 2), (2, 2, 2, 2, 2, 2), (2, 2, 2, 2, 2, 2), (2, 2, 2, 2, 2, 2)]  ME  [36s]
start   66 gauss    I = 2.8243197264183  I-I_ME = -9.588e-02  |grad| = 7.6e-10  nonproj = 7.1e-02  ranks = [(3, 3, 3, 2, 2, 2), (3, 2, 2, 1, 2, 3), (2, 2, 2, 2, 2, 3), (2, 2, 2, 2, 2, 3)]  below  [37s]
start   67 rank     I = 2.7175313258986  I-I_ME = -2.027e-01  |grad| = 8.7e-10  nonproj = 8.4e-02  ranks = [(4, 3, 2, 4, 3, 2), (4, 1, 1, 3, 2, 1), (4, 2, 3, 3, 3, 2), (3, 2, 2, 1, 3, 2)]  below  [39s]
start   68 rank1    I = 2.9202036063791  I-I_ME = +8.882e-16  |grad| = 5.0e-11  nonproj = 1.1e-15  ranks = [(2, 2, 2, 2, 2, 2), (2, 2, 2, 2, 2, 2), (2, 2, 2, 2, 2, 2), (2, 2, 2, 2, 2, 2)]  ME  [39s]
start   69 frame    I = 2.9202036063791  I-I_ME = +1.332e-15  |grad| = 3.9e-10  nonproj = 5.0e-16  ranks = [(2, 2, 2, 2, 2, 2), (2, 2, 2, 2, 2, 2), (2, 2, 2, 2, 2, 2), (2, 2, 2, 2, 2, 2)]  ME  [40s]
start   70 dkzpert  I = 2.9202036063791  I-I_ME = +2.220e-15  |grad| = 4.7e-10  nonproj = 5.0e-16  ranks = [(2, 2, 2, 2, 2, 2), (2, 2, 2, 2, 2, 2), (2, 2, 2, 2, 2, 2), (2, 2, 2, 2, 2, 2)]  ME  [40s]
start   71 dkzcomp  I = 2.9202036063791  I-I_ME = +2.220e-15  |grad| = 1.6e-10  nonproj = 3.9e-16  ranks = [(2, 2, 2, 2, 2, 2), (2, 2, 2, 2, 2, 2), (2, 2, 2, 2, 2, 2), (2, 2, 2, 2, 2, 2)]  ME  [40s]
start   72 gauss    I = 2.8243197264184  I-I_ME = -9.588e-02  |grad| = 1.7e-10  nonproj = 6.5e-02  ranks = [(3, 2, 2, 2, 2, 2), (3, 1, 2, 2, 2, 3), (2, 2, 3, 3, 3, 3), (2, 2, 2, 2, 2, 2)]  below  [41s]
start   73 rank     I = 2.5299033481780  I-I_ME = -3.903e-01  |grad| = 7.0e-10  nonproj = 9.8e-02  ranks = [(4, 1, 2, 4, 4, 3), (3, 2, 2, 3, 2, 5), (1, 3, 3, 3, 1, 6), (1, 3, 2, 0, 3, 6)]  below  [44s]
start   74 rank1    I = 2.9202036063791  I-I_ME = +2.220e-15  |grad| = 1.4e-10  nonproj = 1.1e-15  ranks = [(2, 2, 2, 2, 2, 2), (2, 2, 2, 2, 2, 2), (2, 2, 2, 2, 2, 2), (2, 2, 2, 2, 2, 2)]  ME  [44s]
start   75 frame    I = 2.9202036063791  I-I_ME = +2.220e-15  |grad| = 3.6e-10  nonproj = 1.1e-15  ranks = [(2, 2, 2, 2, 2, 2), (2, 2, 2, 2, 2, 2), (2, 2, 2, 2, 2, 2), (2, 2, 2, 2, 2, 2)]  ME  [45s]
start   76 dkzpert  I = 2.9202036063791  I-I_ME = +1.332e-15  |grad| = 4.9e-10  nonproj = 3.9e-16  ranks = [(2, 2, 2, 2, 2, 2), (2, 2, 2, 2, 2, 2), (2, 2, 2, 2, 2, 2), (2, 2, 2, 2, 2, 2)]  ME  [45s]
start   77 dkzcomp  I = 2.9202036063791  I-I_ME = +2.665e-15  |grad| = 3.2e-10  nonproj = 1.2e-15  ranks = [(2, 2, 2, 2, 2, 2), (2, 2, 2, 2, 2, 2), (2, 2, 2, 2, 2, 2), (2, 2, 2, 2, 2, 2)]  ME  [46s]
start   78 gauss    I = 2.9202036063791  I-I_ME = +1.332e-15  |grad| = 2.8e-10  nonproj = 8.3e-16  ranks = [(2, 2, 2, 2, 2, 2), (2, 2, 2, 2, 2, 2), (2, 2, 2, 2, 2, 2), (2, 2, 2, 2, 2, 2)]  ME  [46s]
start   79 rank     I = 2.4320163329431  I-I_ME = -4.882e-01  |grad| = 8.4e-11  nonproj = 1.2e-01  ranks = [(4, 7, 2, 2, 4, 3), (7, 3, 0, 0, 2, 4), (6, 0, 0, 2, 4, 6), (4, 0, 5, 5, 3, 5)]  below  [47s]
start   80 rank1    I = 2.9202036063791  I-I_ME = +1.776e-15  |grad| = 5.2e-10  nonproj = 7.8e-16  ranks = [(2, 2, 2, 2, 2, 2), (2, 2, 2, 2, 2, 2), (2, 2, 2, 2, 2, 2), (2, 2, 2, 2, 2, 2)]  ME  [47s]
start   81 frame    I = 2.9202036063791  I-I_ME = +1.332e-15  |grad| = 5.5e-10  nonproj = 8.9e-16  ranks = [(2, 2, 2, 2, 2, 2), (2, 2, 2, 2, 2, 2), (2, 2, 2, 2, 2, 2), (2, 2, 2, 2, 2, 2)]  ME  [48s]
start   82 dkzpert  I = 2.9202036063791  I-I_ME = +1.332e-15  |grad| = 4.0e-08  nonproj = 4.9e-16  ranks = [(2, 2, 2, 2, 2, 2), (2, 2, 2, 2, 2, 2), (2, 2, 2, 2, 2, 2), (2, 2, 2, 2, 2, 2)]  ME  [48s]
start   83 dkzcomp  I = 2.9202036063791  I-I_ME = +2.220e-15  |grad| = 7.2e-11  nonproj = 6.7e-16  ranks = [(2, 2, 2, 2, 2, 2), (2, 2, 2, 2, 2, 2), (2, 2, 2, 2, 2, 2), (2, 2, 2, 2, 2, 2)]  ME  [48s]
start   84 gauss    I = 2.9202036063791  I-I_ME = +4.441e-16  |grad| = 1.0e-10  nonproj = 5.6e-16  ranks = [(2, 2, 2, 2, 2, 2), (2, 2, 2, 2, 2, 2), (2, 2, 2, 2, 2, 2), (2, 2, 2, 2, 2, 2)]  ME  [49s]
start   85 rank     I = 2.5059576601329  I-I_ME = -4.142e-01  |grad| = 5.1e-11  nonproj = 1.5e-01  ranks = [(5, 3, 6, 0, 1, 5), (1, 5, 3, 1, 1, 6), (0, 5, 1, 3, 2, 6), (0, 5, 0, 6, 3, 4)]  below  [49s]
start   86 rank1    I = 2.9202036063791  I-I_ME = +1.332e-15  |grad| = 2.1e-10  nonproj = 6.7e-16  ranks = [(2, 2, 2, 2, 2, 2), (2, 2, 2, 2, 2, 2), (2, 2, 2, 2, 2, 2), (2, 2, 2, 2, 2, 2)]  ME  [49s]
start   87 frame    I = 2.9202036063791  I-I_ME = +8.882e-16  |grad| = 3.3e-10  nonproj = 6.7e-16  ranks = [(2, 2, 2, 2, 2, 2), (2, 2, 2, 2, 2, 2), (2, 2, 2, 2, 2, 2), (2, 2, 2, 2, 2, 2)]  ME  [50s]
start   88 dkzpert  I = 2.9202036063791  I-I_ME = +2.220e-15  |grad| = 9.4e-11  nonproj = 6.9e-16  ranks = [(2, 2, 2, 2, 2, 2), (2, 2, 2, 2, 2, 2), (2, 2, 2, 2, 2, 2), (2, 2, 2, 2, 2, 2)]  ME  [50s]
start   89 dkzcomp  I = 2.9202036063791  I-I_ME = -8.882e-16  |grad| = 5.7e-10  nonproj = 7.8e-16  ranks = [(2, 2, 2, 2, 2, 2), (2, 2, 2, 2, 2, 2), (2, 2, 2, 2, 2, 2), (2, 2, 2, 2, 2, 2)]  ME  [51s]
# BEST d=6 D=12: I = 2.9202036063791  I_ME = 2.9202036063791  I-I_ME = +3.109e-15  (init gauss)  counts {'below': 24, 'ME': 66}
