# d=7 D=10 nstart=90 seed=7010  I_ME(d) = 2.9271609424245
start    0 gauss    I = 2.8526972716372  I-I_ME = -7.446e-02  |grad| = 3.9e-11  nonproj = 8.9e-02  ranks = [(1, 2, 2, 1, 2, 2, 2), (2, 2, 1, 2, 2, 1, 2), (2, 1, 1, 2, 1, 1, 2), (2, 1, 1, 2, 1, 1, 2)]  below  [1s]
start    1 rank     I = 2.6334352682748  I-I_ME = -2.937e-01  |grad| = 3.4e-10  nonproj = 1.2e-01  ranks = [(2, 1, 1, 1, 3, 3, 4), (0, 1, 1, 2, 4, 2, 3), (1, 2, 4, 3, 3, 1, 2), (2, 3, 3, 1, 1, 1, 2)]  below  [2s]
start    2 rank1    I = 2.7456624909176  I-I_ME = -1.815e-01  |grad| = 5.2e-10  nonproj = 6.7e-02  ranks = [(2, 2, 2, 1, 1, 2, 2), (2, 2, 1, 2, 2, 2, 2), (2, 1, 1, 2, 1, 1, 2), (2, 1, 2, 2, 2, 2, 2)]  below  [3s]
start    3 frame    I = 2.8526972716374  I-I_ME = -7.446e-02  |grad| = 3.5e-10  nonproj = 6.9e-02  ranks = [(1, 1, 2, 2, 1, 2, 1), (2, 2, 2, 2, 1, 2, 1), (2, 1, 1, 2, 1, 2, 1), (2, 1, 1, 2, 2, 2, 2)]  below  [4s]
start    4 dkzpert  I = 2.7456624909175  I-I_ME = -1.815e-01  |grad| = 8.6e-10  nonproj = 8.1e-02  ranks = [(1, 2, 2, 2, 1, 1, 2), (2, 2, 2, 1, 1, 2, 2), (2, 2, 1, 1, 1, 2, 2), (2, 2, 1, 2, 3, 3, 2)]  below  [6s]
start    5 dkzcomp  I = 2.8526972716374  I-I_ME = -7.446e-02  |grad| = 3.5e-10  nonproj = 4.7e-02  ranks = [(2, 2, 1, 2, 2, 2, 2), (2, 1, 2, 2, 2, 1, 1), (2, 1, 2, 1, 2, 1, 1), (2, 1, 2, 1, 2, 1, 1)]  below  [7s]
start    6 gauss    I = 2.7456624909176  I-I_ME = -1.815e-01  |grad| = 6.1e-10  nonproj = 8.3e-02  ranks = [(2, 2, 3, 2, 2, 2, 2), (2, 2, 2, 1, 1, 2, 1), (3, 2, 1, 1, 1, 3, 2), (2, 1, 1, 2, 2, 3, 1)]  below  [7s]
start    7 rank     I = 2.5173697384008  I-I_ME = -4.098e-01  |grad| = 4.2e-11  nonproj = 1.4e-01  ranks = [(0, 2, 3, 5, 1, 3, 1), (3, 3, 2, 4, 0, 2, 1), (5, 2, 2, 3, 0, 2, 4), (2, 0, 0, 2, 4, 4, 5)]  below  [8s]
start    8 rank1    I = 2.8526972716374  I-I_ME = -7.446e-02  |grad| = 3.0e-10  nonproj = 6.9e-02  ranks = [(1, 1, 1, 1, 2, 2, 2), (1, 1, 1, 1, 2, 2, 2), (1, 1, 2, 2, 2, 2, 2), (2, 2, 2, 1, 1, 2, 2)]  below  [9s]
start    9 frame    I = 2.7456624909174  I-I_ME = -1.815e-01  |grad| = 1.4e-09  nonproj = 6.5e-02  ranks = [(2, 2, 1, 2, 1, 1, 2), (2, 1, 1, 2, 2, 2, 2), (1, 2, 2, 2, 2, 1, 2), (2, 2, 2, 2, 2, 2, 2)]  below  [10s]
start   10 dkzpert  I = 2.8526972716374  I-I_ME = -7.446e-02  |grad| = 1.3e-09  nonproj = 7.7e-02  ranks = [(2, 2, 2, 1, 1, 2, 1), (2, 2, 1, 2, 2, 2, 1), (2, 2, 1, 2, 1, 1, 2), (1, 2, 1, 2, 1, 1, 2)]  below  [12s]
start   11 dkzcomp  I = 2.7456624909175  I-I_ME = -1.815e-01  |grad| = 8.8e-10  nonproj = 7.7e-02  ranks = [(2, 2, 1, 2, 2, 2, 2), (1, 2, 2, 2, 2, 2, 2), (1, 2, 1, 2, 2, 2, 2), (1, 2, 2, 2, 1, 2, 1)]  below  [13s]
start   12 gauss    I = 2.8526972716374  I-I_ME = -7.446e-02  |grad| = 3.0e-10  nonproj = 5.6e-02  ranks = [(2, 1, 1, 2, 2, 1, 1), (2, 1, 2, 2, 2, 1, 2), (1, 1, 2, 1, 2, 2, 2), (1, 2, 2, 1, 2, 2, 1)]  below  [14s]
start   13 rank     I = 2.6140195696211  I-I_ME = -3.131e-01  |grad| = 7.1e-10  nonproj = 8.1e-02  ranks = [(0, 1, 3, 2, 2, 4, 4), (0, 2, 3, 1, 2, 3, 2), (2, 4, 2, 0, 3, 2, 2), (4, 2, 0, 1, 3, 1, 2)]  below  [15s]
start   14 rank1    I = 2.7456624909176  I-I_ME = -1.815e-01  |grad| = 1.0e-09  nonproj = 4.9e-02  ranks = [(2, 1, 1, 2, 2, 2, 2), (1, 2, 2, 2, 2, 1, 2), (1, 2, 1, 2, 2, 2, 2), (2, 2, 2, 2, 1, 2, 1)]  below  [16s]
start   15 frame    I = 2.7456624909176  I-I_ME = -1.815e-01  |grad| = 3.9e-07  nonproj = 8.4e-02  ranks = [(2, 2, 2, 1, 2, 1, 1), (2, 2, 1, 1, 2, 1, 2), (2, 1, 2, 2, 2, 2, 2), (1, 2, 2, 2, 1, 2, 2)]  below  [16s]
start   16 dkzpert  I = 2.8526972716374  I-I_ME = -7.446e-02  |grad| = 7.1e-10  nonproj = 4.8e-02  ranks = [(2, 1, 1, 2, 2, 1, 2), (1, 2, 2, 2, 2, 1, 2), (1, 2, 1, 1, 2, 2, 2), (1, 2, 1, 1, 2, 2, 1)]  below  [17s]
start   17 dkzcomp  I = 2.7456624909176  I-I_ME = -1.815e-01  |grad| = 5.7e-10  nonproj = 7.4e-02  ranks = [(2, 1, 2, 1, 2, 2, 1), (2, 2, 2, 2, 2, 1, 2), (2, 2, 2, 1, 1, 1, 2), (2, 2, 1, 2, 2, 2, 2)]  below  [18s]
start   18 gauss    I = 2.8526972716374  I-I_ME = -7.446e-02  |grad| = 5.8e-10  nonproj = 6.1e-02  ranks = [(2, 1, 2, 1, 1, 2, 1), (2, 1, 2, 1, 2, 2, 2), (1, 1, 2, 1, 2, 1, 2), (1, 2, 2, 2, 2, 1, 2)]  below  [19s]
start   19 rank     I = 2.5040190551021  I-I_ME = -4.231e-01  |grad| = 4.5e-10  nonproj = 1.5e-01  ranks = [(1, 2, 2, 2, 2, 4, 0), (2, 3, 2, 5, 3, 4, 2), (1, 3, 1, 4, 0, 2, 2), (3, 2, 1, 3, 1, 3, 5)]  below  [20s]
start   20 rank1    I = 2.8526972716374  I-I_ME = -7.446e-02  |grad| = 7.3e-10  nonproj = 4.7e-02  ranks = [(2, 1, 2, 1, 1, 2, 1), (2, 1, 2, 1, 1, 2, 2), (1, 2, 2, 1, 2, 2, 2), (1, 2, 1, 2, 2, 1, 2)]  below  [21s]
start   21 frame    I = 2.8526972716374  I-I_ME = -7.446e-02  |grad| = 5.2e-10  nonproj = 6.4e-02  ranks = [(1, 2, 2, 1, 2, 2, 1), (1, 2, 2, 2, 2, 1, 1), (2, 2, 2, 2, 1, 1, 1), (2, 1, 2, 2, 1, 1, 2)]  below  [21s]
start   22 dkzpert  I = 2.7456624909167  I-I_ME = -1.815e-01  |grad| = 6.8e-10  nonproj = 8.7e-02  ranks = [(1, 2, 2, 2, 1, 2, 2), (1, 2, 2, 2, 1, 2, 1), (2, 2, 2, 1, 1, 2, 2), (2, 1, 1, 2, 3, 3, 2)]  below  [22s]
start   23 dkzcomp  I = 2.8526972716374  I-I_ME = -7.446e-02  |grad| = 6.1e-07  nonproj = 6.4e-02  ranks = [(2, 2, 1, 1, 1, 2, 2), (1, 2, 1, 1, 2, 2, 2), (1, 2, 1, 2, 2, 1, 2), (1, 2, 2, 2, 1, 1, 2)]  below  [23s]
start   24 gauss    I = 2.7456624909176  I-I_ME = -1.815e-01  |grad| = 7.5e-10  nonproj = 5.8e-02  ranks = [(1, 2, 1, 1, 2, 1, 2), (1, 2, 1, 2, 3, 2, 2), (1, 2, 2, 3, 2, 1, 1), (3, 3, 3, 2, 1, 2, 2)]  below  [24s]
start   25 rank     I = 2.7386060368928  I-I_ME = -1.886e-01  |grad| = 1.0e-09  nonproj = 7.8e-02  ranks = [(2, 2, 1, 3, 0, 2, 0), (2, 3, 2, 3, 1, 2, 0), (3, 3, 2, 2, 2, 1, 2), (1, 2, 2, 1, 3, 1, 2)]  below  [25s]
start   26 rank1    I = 2.7456624909176  I-I_ME = -1.815e-01  |grad| = 4.5e-10  nonproj = 9.6e-02  ranks = [(2, 2, 2, 2, 1, 1, 1), (2, 2, 2, 1, 1, 2, 2), (2, 2, 1, 1, 2, 2, 2), (1, 2, 1, 2, 2, 2, 2)]  below  [26s]
start   27 frame    I = 2.6490126596972  I-I_ME = -2.781e-01  |grad| = 6.2e-10  nonproj = 1.1e-01  ranks = [(1, 1, 2, 2, 2, 2, 2), (2, 2, 2, 2, 2, 2, 1), (2, 2, 2, 2, 2, 1, 2), (2, 2, 2, 2, 2, 2, 2)]  below  [26s]
start   28 dkzpert  I = 2.8526972716374  I-I_ME = -7.446e-02  |grad| = 4.6e-07  nonproj = 5.9e-02  ranks = [(2, 2, 2, 2, 2, 2, 1), (2, 2, 2, 1, 1, 1, 1), (2, 2, 2, 1, 1, 1, 2), (1, 2, 2, 1, 1, 1, 2)]  below  [27s]
start   29 dkzcomp  I = 2.8526972716374  I-I_ME = -7.446e-02  |grad| = 7.3e-10  nonproj = 8.5e-02  ranks = [(1, 1, 2, 2, 2, 1, 2), (1, 1, 2, 2, 1, 1, 2), (1, 2, 2, 2, 1, 2, 2), (2, 2, 1, 2, 1, 2, 1)]  below  [28s]
start   30 gauss    I = 2.7456624909176  I-I_ME = -1.815e-01  |grad| = 9.3e-10  nonproj = 8.8e-02  ranks = [(2, 3, 3, 3, 2, 1, 1), (3, 2, 1, 2, 1, 2, 2), (2, 1, 1, 2, 1, 2, 2), (1, 1, 1, 2, 2, 3, 2)]  below  [29s]
start   31 rank     I = 2.6182205728744  I-I_ME = -3.089e-01  |grad| = 6.4e-08  nonproj = 8.7e-02  ranks = [(2, 2, 2, 1, 1, 4, 2), (1, 3, 1, 2, 3, 4, 1), (1, 4, 1, 3, 3, 2, 2), (1, 3, 1, 3, 2, 1, 2)]  below  [30s]
start   32 rank1    I = 2.8526972716374  I-I_ME = -7.446e-02  |grad| = 4.3e-09  nonproj = 1.1e-01  ranks = [(1, 2, 2, 1, 1, 1, 2), (1, 2, 2, 1, 1, 1, 2), (2, 2, 2, 2, 2, 2, 2), (2, 1, 2, 2, 1, 1, 1)]  below  [31s]
start   33 frame    I = 2.8526972716374  I-I_ME = -7.446e-02  |grad| = 1.0e-09  nonproj = 6.4e-02  ranks = [(2, 2, 2, 1, 1, 2, 2), (2, 1, 2, 1, 2, 2, 1), (2, 1, 2, 2, 2, 1, 1), (2, 1, 2, 2, 1, 1, 1)]  below  [32s]
start   34 dkzpert  I = 2.8526972716374  I-I_ME = -7.446e-02  |grad| = 5.4e-10  nonproj = 1.0e-01  ranks = [(1, 2, 1, 2, 2, 2, 1), (2, 2, 1, 2, 1, 2, 2), (1, 1, 2, 2, 1, 2, 2), (1, 1, 2, 1, 1, 2, 2)]  below  [32s]
start   35 dkzcomp  I = 2.8526972716374  I-I_ME = -7.446e-02  |grad| = 1.8e-10  nonproj = 5.1e-02  ranks = [(2, 1, 1, 2, 1, 2, 2), (1, 1, 2, 2, 2, 2, 2), (1, 1, 2, 1, 2, 1, 2), (1, 2, 2, 1, 2, 1, 2)]  below  [33s]
start   36 gauss    I = 2.7456624909176  I-I_ME = -1.815e-01  |grad| = 8.0e-08  nonproj = 6.7e-02  ranks = [(1, 1, 1, 1, 2, 2, 2), (1, 1, 1, 2, 3, 2, 2), (1, 2, 2, 3, 2, 1, 2), (3, 3, 2, 2, 1, 2, 3)]  below  [33s]
start   37 rank     I = 2.5215707416540  I-I_ME = -4.056e-01  |grad| = 6.2e-10  nonproj = 1.1e-01  ranks = [(5, 3, 0, 1, 0, 2, 4), (2, 2, 1, 2, 3, 5, 4), (1, 2, 3, 4, 1, 2, 1), (1, 4, 5, 2, 1, 1, 1)]  below  [35s]
start   38 rank1    I = 2.7456624909176  I-I_ME = -1.815e-01  |grad| = 4.9e-10  nonproj = 8.4e-02  ranks = [(1, 2, 2, 2, 2, 2, 2), (1, 2, 2, 2, 2, 2, 1), (2, 2, 2, 2, 1, 1, 1), (2, 2, 2, 1, 1, 1, 2)]  below  [36s]
start   39 frame    I = 2.7456624909176  I-I_ME = -1.815e-01  |grad| = 5.0e-10  nonproj = 6.0e-02  ranks = [(2, 2, 2, 2, 2, 1, 2), (2, 1, 2, 2, 1, 2, 2), (2, 1, 2, 1, 2, 2, 1), (2, 2, 2, 2, 2, 2, 2)]  below  [37s]
start   40 dkzpert  I = 2.8526972716374  I-I_ME = -7.446e-02  |grad| = 4.6e-10  nonproj = 4.2e-02  ranks = [(2, 1, 2, 1, 1, 2, 2), (1, 1, 2, 1, 2, 2, 2), (1, 2, 2, 1, 2, 1, 2), (1, 2, 1, 2, 2, 1, 2)]  below  [38s]
start   41 dkzcomp  I = 2.8526972716374  I-I_ME = -7.446e-02  |grad| = 9.5e-10  nonproj = 6.4e-02  ranks = [(1, 2, 1, 2, 1, 1, 2), (1, 2, 1, 2, 1, 2, 2), (1, 2, 1, 2, 1, 2, 1), (2, 2, 2, 2, 2, 2, 1)]  below  [38s]
start   42 gauss    I = 2.7456624909173  I-I_ME = -1.815e-01  |grad| = 7.9e-10  nonproj = 7.1e-02  ranks = [(1, 2, 2, 1, 2, 2, 2), (1, 2, 3, 2, 2, 1, 1), (2, 3, 3, 1, 1, 1, 1), (3, 2, 2, 2, 2, 2, 2)]  below  [40s]
start   43 rank     I = 2.5215707416540  I-I_ME = -4.056e-01  |grad| = 7.8e-10  nonproj = 1.6e-01  ranks = [(3, 2, 5, 5, 2, 0, 3), (3, 3, 2, 0, 1, 1, 5), (1, 2, 1, 0, 3, 5, 4), (2, 2, 1, 0, 4, 3, 0)]  below  [41s]
start   44 rank1    I = 2.7456624909176  I-I_ME = -1.815e-01  |grad| = 7.4e-11  nonproj = 9.9e-02  ranks = [(1, 2, 2, 2, 1, 1, 2), (1, 2, 2, 1, 1, 2, 2), (2, 2, 2, 1, 2, 2, 1), (2, 2, 1, 2, 2, 2, 2)]  below  [42s]
start   45 frame    I = 2.8526972716374  I-I_ME = -7.446e-02  |grad| = 5.8e-10  nonproj = 9.4e-02  ranks = [(2, 1, 2, 2, 1, 2, 1), (2, 1, 2, 1, 2, 2, 2), (1, 1, 2, 1, 2, 1, 2), (1, 2, 2, 1, 2, 1, 2)]  below  [43s]
start   46 dkzpert  I = 2.8526972716374  I-I_ME = -7.446e-02  |grad| = 2.5e-10  nonproj = 6.6e-02  ranks = [(1, 1, 2, 1, 2, 1, 2), (1, 1, 2, 2, 2, 1, 2), (2, 2, 2, 2, 1, 1, 2), (2, 1, 1, 2, 1, 2, 2)]  below  [43s]
start   47 dkzcomp  I = 2.8526972716374  I-I_ME = -7.446e-02  |grad| = 2.8e-10  nonproj = 1.3e-02  ranks = [(2, 2, 2, 2, 2, 2, 2), (1, 1, 1, 2, 2, 2, 1), (1, 1, 1, 2, 2, 2, 1), (1, 1, 1, 2, 2, 2, 1)]  below  [44s]
start   48 gauss    I = 2.7456624909173  I-I_ME = -1.815e-01  |grad| = 6.9e-10  nonproj = 5.5e-02  ranks = [(1, 2, 1, 2, 3, 2, 1), (1, 2, 1, 2, 2, 1, 1), (3, 3, 1, 3, 2, 1, 3), (1, 1, 2, 2, 1, 2, 3)]  below  [47s]
start   49 rank     I = 2.3865993248816  I-I_ME = -5.406e-01  |grad| = 3.3e-06  nonproj = 1.5e-01  ranks = [(2, 2, 0, 4, 0, 2, 6), (1, 1, 3, 4, 3, 4, 4), (3, 1, 3, 2, 4, 3, 0), (4, 1, 3, 2, 5, 2, 0)]  below  [47s]
start   50 rank1    I = 2.8526972716374  I-I_ME = -7.446e-02  |grad| = 6.4e-10  nonproj = 3.5e-02  ranks = [(2, 2, 2, 1, 2, 1, 1), (2, 1, 2, 1, 2, 1, 2), (1, 1, 2, 2, 2, 1, 2), (1, 1, 2, 2, 1, 2, 2)]  below  [48s]
start   51 frame    I = 2.8526972716374  I-I_ME = -7.446e-02  |grad| = 7.2e-10  nonproj = 6.5e-02  ranks = [(1, 2, 2, 2, 2, 2, 2), (2, 2, 1, 2, 1, 2, 1), (2, 1, 1, 2, 1, 2, 1), (2, 1, 1, 2, 1, 2, 1)]  below  [48s]
start   52 dkzpert  I = 2.7456624909175  I-I_ME = -1.815e-01  |grad| = 5.3e-10  nonproj = 7.0e-02  ranks = [(2, 2, 1, 1, 2, 2, 2), (1, 1, 1, 2, 2, 2, 2), (1, 1, 2, 2, 2, 2, 2), (2, 2, 3, 2, 2, 2, 1)]  below  [49s]
start   53 dkzcomp  I = 2.8526972716374  I-I_ME = -7.446e-02  |grad| = 4.5e-10  nonproj = 5.0e-02  ranks = [(1, 2, 2, 2, 2, 2, 2), (2, 2, 1, 2, 1, 2, 1), (2, 1, 1, 2, 1, 2, 1), (2, 1, 1, 2, 1, 2, 1)]  below  [50s]
start   54 gauss    I = 2.8526972716373  I-I_ME = -7.446e-02  |grad| = 2.7e-11  nonproj = 1.9e-02  ranks = [(2, 2, 1, 2, 1, 1, 2), (2, 1, 1, 2, 1, 2, 2), (2, 1, 1, 2, 2, 2, 1), (2, 1, 2, 2, 2, 1, 1)]  below  [51s]
start   55 rank     I = 2.5069847889005  I-I_ME = -4.202e-01  |grad| = 4.3e-10  nonproj = 1.3e-01  ranks = [(4, 1, 5, 2, 1, 0, 0), (5, 1, 4, 1, 1, 2, 5), (0, 3, 3, 2, 3, 3, 3), (0, 3, 0, 4, 4, 2, 2)]  below  [51s]
start   56 rank1    I = 2.8526972716374  I-I_ME = -7.446e-02  |grad| = 1.4e-10  nonproj = 1.1e-01  ranks = [(1, 2, 2, 2, 1, 2, 1), (1, 2, 2, 1, 1, 2, 1), (2, 2, 2, 1, 2, 2, 2), (1, 1, 2, 1, 2, 1, 2)]  below  [52s]
start   57 frame    I = 2.8526972716374  I-I_ME = -7.446e-02  |grad| = 5.9e-10  nonproj = 7.4e-02  ranks = [(1, 2, 2, 1, 2, 2, 2), (2, 2, 2, 1, 2, 1, 1), (2, 1, 2, 1, 2, 1, 1), (2, 1, 2, 2, 2, 1, 1)]  below  [53s]
start   58 dkzpert  I = 2.7456624909175  I-I_ME = -1.815e-01  |grad| = 1.9e-10  nonproj = 6.7e-02  ranks = [(2, 1, 2, 2, 2, 2, 2), (1, 2, 2, 2, 2, 2, 1), (2, 2, 2, 2, 1, 1, 1), (2, 2, 2, 2, 1, 1, 2)]  below  [53s]
start   59 dkzcomp  I = 2.8526972716374  I-I_ME = -7.446e-02  |grad| = 8.0e-10  nonproj = 2.8e-02  ranks = [(2, 1, 2, 2, 2, 2, 1), (2, 1, 2, 1, 1, 2, 1), (2, 2, 2, 1, 1, 2, 2), (1, 2, 1, 1, 1, 2, 2)]  below  [54s]
start   60 gauss    I = 2.8526972716374  I-I_ME = -7.446e-02  |grad| = 2.0e-11  nonproj = 1.2e-01  ranks = [(2, 2, 2, 2, 2, 1, 1), (2, 1, 2, 1, 2, 1, 1), (2, 1, 2, 1, 2, 1, 1), (2, 1, 2, 1, 2, 2, 2)]  below  [55s]
start   61 rank     I = 2.6140195696210  I-I_ME = -3.131e-01  |grad| = 7.8e-10  nonproj = 1.3e-01  ranks = [(3, 3, 2, 3, 0, 0, 3), (3, 1, 1, 3, 0, 0, 3), (3, 0, 1, 3, 1, 2, 4), (2, 1, 3, 4, 4, 3, 2)]  below  [56s]
start   62 rank1    I = 2.8526972716374  I-I_ME = -7.446e-02  |grad| = 3.2e-08  nonproj = 7.4e-02  ranks = [(1, 1, 1, 2, 2, 1, 2), (1, 2, 2, 2, 2, 1, 2), (1, 2, 1, 1, 2, 1, 2), (2, 2, 1, 1, 2, 2, 2)]  below  [57s]
start   63 frame    I = 2.8526972716374  I-I_ME = -7.446e-02  |grad| = 3.3e-10  nonproj = 6.1e-02  ranks = [(1, 2, 2, 1, 1, 1, 2), (2, 2, 2, 1, 1, 2, 2), (2, 1, 2, 1, 2, 2, 1), (2, 1, 2, 2, 2, 1, 1)]  below  [57s]
start   64 dkzpert  I = 2.8526972716374  I-I_ME = -7.446e-02  |grad| = 2.3e-10  nonproj = 7.1e-02  ranks = [(2, 2, 2, 1, 1, 1, 2), (1, 2, 2, 1, 2, 2, 2), (1, 2, 2, 1, 2, 1, 1), (1, 2, 2, 2, 2, 1, 1)]  below  [58s]
start   65 dkzcomp  I = 2.8526972716374  I-I_ME = -7.446e-02  |grad| = 7.1e-10  nonproj = 6.4e-02  ranks = [(2, 1, 1, 2, 2, 1, 1), (2, 1, 2, 2, 2, 1, 1), (2, 2, 2, 1, 2, 1, 1), (2, 2, 1, 1, 2, 2, 2)]  below  [59s]
start   66 gauss    I = 2.8526972716374  I-I_ME = -7.446e-02  |grad| = 6.4e-10  nonproj = 8.0e-02  ranks = [(1, 2, 2, 1, 2, 2, 2), (1, 2, 2, 1, 2, 1, 1), (2, 2, 2, 1, 2, 1, 1), (2, 1, 2, 2, 2, 1, 1)]  below  [60s]
start   67 rank     I = 2.3136851264605  I-I_ME = -6.135e-01  |grad| = 1.8e-09  nonproj = 1.5e-01  ranks = [(7, 4, 2, 1, 1, 4, 5), (2, 1, 0, 3, 3, 6, 2), (0, 2, 3, 6, 5, 4, 1), (0, 4, 3, 4, 2, 0, 1)]  below  [61s]
start   68 rank1    I = 2.8526972716374  I-I_ME = -7.446e-02  |grad| = 4.2e-10  nonproj = 6.9e-02  ranks = [(1, 2, 1, 1, 2, 1, 2), (1, 2, 1, 1, 2, 1, 2), (1, 2, 2, 2, 2, 1, 2), (2, 2, 2, 1, 1, 2, 2)]  below  [61s]
start   69 frame    I = 2.7456624909176  I-I_ME = -1.815e-01  |grad| = 6.5e-10  nonproj = 7.3e-02  ranks = [(2, 2, 1, 1, 2, 2, 2), (2, 2, 2, 2, 2, 2, 1), (2, 2, 1, 1, 2, 1, 1), (2, 2, 2, 2, 2, 1, 2)]  below  [62s]
start   70 dkzpert  I = 2.8526972716374  I-I_ME = -7.446e-02  |grad| = 7.3e-10  nonproj = 4.9e-02  ranks = [(1, 1, 1, 2, 2, 1, 2), (1, 1, 2, 2, 2, 1, 2), (1, 2, 2, 1, 2, 1, 2), (2, 2, 1, 1, 2, 2, 2)]  below  [63s]
start   71 dkzcomp  I = 2.8526972716374  I-I_ME = -7.446e-02  |grad| = 2.0e-07  nonproj = 4.5e-02  ranks = [(1, 1, 2, 2, 2, 2, 1), (1, 1, 2, 1, 2, 2, 1), (1, 2, 2, 1, 2, 2, 1), (2, 2, 1, 1, 2, 2, 2)]  below  [64s]
start   72 gauss    I = 2.7456624909176  I-I_ME = -1.815e-01  |grad| = 9.4e-10  nonproj = 8.7e-02  ranks = [(2, 2, 3, 2, 2, 2, 2), (2, 2, 2, 1, 2, 1, 1), (3, 2, 1, 1, 2, 2, 2), (2, 1, 1, 2, 3, 2, 1)]  below  [65s]
start   73 rank     I = 2.6036346201217  I-I_ME = -3.235e-01  |grad| = 1.3e-08  nonproj = 1.0e-01  ranks = [(0, 1, 3, 3, 0, 0, 4), (2, 2, 4, 2, 0, 1, 4), (2, 1, 2, 1, 2, 3, 3), (4, 2, 2, 2, 4, 2, 1)]  below  [67s]
start   74 rank1    I = 2.7456624909176  I-I_ME = -1.815e-01  |grad| = 2.9e-10  nonproj = 6.9e-02  ranks = [(2, 2, 1, 2, 2, 2, 2), (2, 2, 2, 2, 1, 2, 1), (2, 1, 2, 1, 2, 2, 2), (1, 2, 2, 2, 2, 2, 1)]  below  [67s]
start   75 frame    I = 2.8526972716374  I-I_ME = -7.446e-02  |grad| = 1.2e-09  nonproj = 4.2e-02  ranks = [(2, 2, 1, 2, 1, 2, 1), (2, 1, 1, 2, 1, 2, 2), (1, 1, 2, 2, 2, 2, 2), (1, 1, 2, 1, 2, 1, 2)]  below  [68s]
start   76 dkzpert  I = 2.8526972716374  I-I_ME = -7.446e-02  |grad| = 2.7e-10  nonproj = 8.0e-02  ranks = [(1, 2, 1, 1, 1, 2, 2), (1, 2, 1, 1, 2, 2, 2), (2, 2, 1, 2, 2, 1, 2), (2, 1, 2, 2, 1, 1, 2)]  below  [69s]
start   77 dkzcomp  I = 2.7456624909176  I-I_ME = -1.815e-01  |grad| = 4.5e-10  nonproj = 7.7e-02  ranks = [(2, 2, 2, 2, 2, 1, 2), (2, 1, 2, 1, 1, 2, 3), (1, 1, 2, 1, 2, 2, 2), (1, 2, 3, 2, 2, 2, 2)]  below  [69s]
start   78 gauss    I = 2.8526972716374  I-I_ME = -7.446e-02  |grad| = 2.2e-11  nonproj = 6.6e-02  ranks = [(2, 1, 1, 2, 1, 2, 1), (2, 2, 2, 2, 1, 2, 1), (2, 2, 1, 1, 1, 2, 2), (1, 2, 1, 1, 2, 2, 2)]  below  [70s]
start   79 rank     I = 2.5173697383985  I-I_ME = -4.098e-01  |grad| = 7.5e-11  nonproj = 9.8e-02  ranks = [(2, 4, 1, 2, 2, 2, 4), (3, 3, 1, 1, 2, 4, 2), (3, 0, 1, 1, 4, 5, 0), (2, 1, 4, 2, 4, 3, 0)]  below  [71s]
start   80 rank1    I = 2.8526972716373  I-I_ME = -7.446e-02  |grad| = 4.1e-07  nonproj = 3.6e-02  ranks = [(2, 2, 2, 1, 1, 2, 1), (2, 2, 1, 1, 2, 2, 1), (2, 2, 1, 2, 2, 1, 2), (1, 2, 1, 2, 1, 1, 2)]  below  [72s]
start   81 frame    I = 2.7456624909176  I-I_ME = -1.815e-01  |grad| = 4.1e-10  nonproj = 1.1e-01  ranks = [(2, 2, 2, 1, 1, 2, 1), (2, 2, 1, 1, 2, 2, 2), (2, 2, 1, 1, 2, 2, 1), (2, 1, 2, 2, 2, 2, 2)]  below  [72s]
start   82 dkzpert  I = 2.7456624909176  I-I_ME = -1.815e-01  |grad| = 6.8e-10  nonproj = 7.7e-02  ranks = [(1, 2, 1, 2, 3, 2, 2), (2, 2, 2, 2, 2, 1, 1), (2, 2, 3, 2, 2, 1, 1), (2, 2, 2, 1, 1, 2, 2)]  below  [73s]
start   83 dkzcomp  I = 2.8526972716374  I-I_ME = -7.446e-02  |grad| = 1.8e-10  nonproj = 6.8e-02  ranks = [(1, 1, 2, 1, 2, 1, 2), (2, 2, 2, 2, 2, 2, 2), (2, 1, 1, 2, 1, 2, 1), (2, 1, 1, 2, 1, 2, 1)]  below  [73s]
start   84 gauss    I = 2.7456624909176  I-I_ME = -1.815e-01  |grad| = 2.5e-10  nonproj = 8.6e-02  ranks = [(1, 2, 1, 1, 2, 2, 1), (2, 3, 2, 2, 3, 2, 1), (3, 2, 1, 1, 2, 1, 2), (2, 1, 2, 2, 2, 2, 3)]  below  [74s]
start   85 rank     I = 2.6182205728742  I-I_ME = -3.089e-01  |grad| = 5.1e-08  nonproj = 8.9e-02  ranks = [(3, 0, 1, 3, 4, 1, 1), (4, 1, 3, 2, 2, 1, 1), (4, 1, 3, 1, 2, 3, 3), (2, 3, 2, 0, 1, 4, 1)]  below  [75s]
start   86 rank1    I = 2.8526972716374  I-I_ME = -7.446e-02  |grad| = 8.7e-11  nonproj = 6.5e-02  ranks = [(1, 2, 1, 2, 2, 1, 1), (2, 2, 1, 2, 2, 1, 1), (2, 1, 1, 2, 2, 1, 1), (2, 1, 2, 2, 2, 2, 2)]  below  [76s]
start   87 frame    I = 2.8526972716372  I-I_ME = -7.446e-02  |grad| = 4.3e-09  nonproj = 1.0e-01  ranks = [(2, 1, 1, 2, 1, 1, 2), (2, 1, 2, 2, 1, 1, 2), (2, 1, 2, 1, 2, 2, 2), (2, 2, 2, 1, 2, 1, 1)]  below  [77s]
start   88 dkzpert  I = 2.8526972716374  I-I_ME = -7.446e-02  |grad| = 2.5e-10  nonproj = 7.7e-02  ranks = [(1, 2, 2, 1, 2, 1, 1), (2, 2, 2, 1, 2, 1, 1), (2, 1, 2, 2, 2, 2, 2), (1, 1, 2, 2, 1, 2, 1)]  below  [78s]
start   89 dkzcomp  I = 2.8526972716374  I-I_ME = -7.446e-02  |grad| = 3.6e-10  nonproj = 6.5e-02  ranks = [(1, 2, 1, 2, 2, 1, 2), (1, 2, 1, 2, 1, 1, 2), (1, 2, 2, 2, 1, 2, 2), (2, 2, 2, 1, 1, 2, 1)]  below  [78s]
# BEST d=7 D=10: I = 2.8526972716374  I_ME = 2.9271609424245  I-I_ME = -7.446e-02  (init dkzcomp)  counts {'below': 90}
