# d=4 D=8 nstart=150 seed=4008  I_ME(d) = 2.8962432184587
start    0 gauss    I = 2.8962432184587  I-I_ME = +3.553e-15  |grad| = 1.7e-11  nonproj = 1.8e-15  ranks = [(2, 2, 2, 2), (2, 2, 2, 2), (2, 2, 2, 2), (2, 2, 2, 2)]  ME  [0s]
start    1 rank     I = 2.5671203919724  I-I_ME = -3.291e-01  |grad| = 1.2e-09  nonproj = 8.4e-02  ranks = [(3, 3, 3, 2), (2, 2, 4, 1), (3, 2, 4, 0), (3, 2, 4, 2)]  below  [0s]
start    2 rank1    I = 2.8962432184587  I-I_ME = +8.882e-16  |grad| = 6.0e-10  nonproj = 8.9e-16  ranks = [(2, 2, 2, 2), (2, 2, 2, 2), (2, 2, 2, 2), (2, 2, 2, 2)]  ME  [0s]
start    3 frame    I = 2.8962432184587  I-I_ME = +1.776e-15  |grad| = 1.5e-10  nonproj = 6.7e-16  ranks = [(2, 2, 2, 2), (2, 2, 2, 2), (2, 2, 2, 2), (2, 2, 2, 2)]  ME  [0s]
start    4 dkzpert  I = 2.8962432184587  I-I_ME = +2.665e-15  |grad| = 3.1e-10  nonproj = 8.3e-16  ranks = [(2, 2, 2, 2), (2, 2, 2, 2), (2, 2, 2, 2), (2, 2, 2, 2)]  ME  [0s]
start    5 dkzcomp  I = 2.8962432184587  I-I_ME = +8.882e-16  |grad| = 2.0e-10  nonproj = 6.7e-16  ranks = [(2, 2, 2, 2), (2, 2, 2, 2), (2, 2, 2, 2), (2, 2, 2, 2)]  ME  [0s]
start    6 gauss    I = 2.8962432184587  I-I_ME = +1.776e-15  |grad| = 4.3e-10  nonproj = 1.1e-15  ranks = [(2, 2, 2, 2), (2, 2, 2, 2), (2, 2, 2, 2), (2, 2, 2, 2)]  ME  [1s]
start    7 rank     I = 2.2761423749142  I-I_ME = -6.201e-01  |grad| = 4.7e-10  nonproj = 1.3e-01  ranks = [(5, 0, 2, 5), (1, 1, 5, 6), (0, 4, 4, 3), (1, 6, 2, 2)]  below  [1s]
start    8 rank1    I = 2.8962432184587  I-I_ME = +0.000e+00  |grad| = 1.2e-09  nonproj = 1.8e-15  ranks = [(2, 2, 2, 2), (2, 2, 2, 2), (2, 2, 2, 2), (2, 2, 2, 2)]  ME  [1s]
start    9 frame    I = 2.8962432184587  I-I_ME = +2.665e-15  |grad| = 1.0e-09  nonproj = 1.4e-15  ranks = [(2, 2, 2, 2), (2, 2, 2, 2), (2, 2, 2, 2), (2, 2, 2, 2)]  ME  [1s]
start   10 dkzpert  I = 2.8962432184587  I-I_ME = +1.776e-15  |grad| = 2.0e-10  nonproj = 3.9e-16  ranks = [(2, 2, 2, 2), (2, 2, 2, 2), (2, 2, 2, 2), (2, 2, 2, 2)]  ME  [1s]
start   11 dkzcomp  I = 2.8962432184587  I-I_ME = +2.665e-15  |grad| = 7.4e-11  nonproj = 1.2e-15  ranks = [(2, 2, 2, 2), (2, 2, 2, 2), (2, 2, 2, 2), (2, 2, 2, 2)]  ME  [1s]
start   12 gauss    I = 2.8962432184587  I-I_ME = +4.441e-15  |grad| = 1.3e-11  nonproj = 1.3e-15  ranks = [(2, 2, 2, 2), (2, 2, 2, 2), (2, 2, 2, 2), (2, 2, 2, 2)]  ME  [1s]
start   13 rank     I = 2.5671203919728  I-I_ME = -3.291e-01  |grad| = 2.8e-09  nonproj = 8.4e-02  ranks = [(4, 3, 2, 2), (3, 3, 1, 4), (1, 4, 1, 3), (1, 4, 1, 3)]  below  [1s]
start   14 rank1    I = 2.8962432184587  I-I_ME = +3.553e-15  |grad| = 4.1e-10  nonproj = 1.2e-15  ranks = [(2, 2, 2, 2), (2, 2, 2, 2), (2, 2, 2, 2), (2, 2, 2, 2)]  ME  [1s]
start   15 frame    I = 2.8962432184587  I-I_ME = +2.665e-15  |grad| = 4.7e-10  nonproj = 1.0e-15  ranks = [(2, 2, 2, 2), (2, 2, 2, 2), (2, 2, 2, 2), (2, 2, 2, 2)]  ME  [1s]
start   16 dkzpert  I = 2.8962432184587  I-I_ME = +1.776e-15  |grad| = 1.6e-09  nonproj = 5.0e-16  ranks = [(2, 2, 2, 2), (2, 2, 2, 2), (2, 2, 2, 2), (2, 2, 2, 2)]  ME  [1s]
start   17 dkzcomp  I = 2.8962432184587  I-I_ME = +1.776e-15  |grad| = 7.7e-10  nonproj = 1.1e-15  ranks = [(2, 2, 2, 2), (2, 2, 2, 2), (2, 2, 2, 2), (2, 2, 2, 2)]  ME  [1s]
start   18 gauss    I = 2.7242639841448  I-I_ME = -1.720e-01  |grad| = 7.2e-10  nonproj = 6.9e-02  ranks = [(1, 3, 2, 2), (2, 3, 2, 2), (3, 2, 3, 2), (3, 1, 3, 2)]  below  [1s]
start   19 rank     I = 2.2909780170574  I-I_ME = -6.053e-01  |grad| = 7.0e-10  nonproj = 1.7e-01  ranks = [(3, 2, 1, 5), (2, 0, 3, 6), (2, 4, 6, 4), (3, 3, 2, 1)]  below  [2s]
start   20 rank1    I = 2.8962432184587  I-I_ME = +0.000e+00  |grad| = 1.9e-10  nonproj = 1.2e-15  ranks = [(2, 2, 2, 2), (2, 2, 2, 2), (2, 2, 2, 2), (2, 2, 2, 2)]  ME  [2s]
start   21 frame    I = 2.8962432184587  I-I_ME = +2.665e-15  |grad| = 8.4e-10  nonproj = 1.0e-15  ranks = [(2, 2, 2, 2), (2, 2, 2, 2), (2, 2, 2, 2), (2, 2, 2, 2)]  ME  [2s]
start   22 dkzpert  I = 2.8962432184587  I-I_ME = +1.776e-15  |grad| = 5.8e-10  nonproj = 5.6e-16  ranks = [(2, 2, 2, 2), (2, 2, 2, 2), (2, 2, 2, 2), (2, 2, 2, 2)]  ME  [2s]
start   23 dkzcomp  I = 2.8962432184587  I-I_ME = +8.882e-16  |grad| = 8.6e-11  nonproj = 6.1e-16  ranks = [(2, 2, 2, 2), (2, 2, 2, 2), (2, 2, 2, 2), (2, 2, 2, 2)]  ME  [2s]
start   24 gauss    I = 2.7390996262868  I-I_ME = -1.571e-01  |grad| = 5.5e-11  nonproj = 1.0e-01  ranks = [(3, 2, 3, 3), (2, 1, 3, 2), (2, 1, 3, 2), (2, 2, 3, 2)]  below  [2s]
start   25 rank     I = 2.7200272215726  I-I_ME = -1.762e-01  |grad| = 5.7e-10  nonproj = 6.6e-02  ranks = [(2, 3, 3, 1), (2, 3, 3, 0), (3, 3, 3, 1), (2, 2, 3, 2)]  below  [2s]
start   26 rank1    I = 2.8962432184587  I-I_ME = +1.776e-15  |grad| = 1.4e-10  nonproj = 7.8e-16  ranks = [(2, 2, 2, 2), (2, 2, 2, 2), (2, 2, 2, 2), (2, 2, 2, 2)]  ME  [2s]
start   27 frame    I = 2.8962432184587  I-I_ME = +1.776e-15  |grad| = 4.2e-10  nonproj = 1.3e-15  ranks = [(2, 2, 2, 2), (2, 2, 2, 2), (2, 2, 2, 2), (2, 2, 2, 2)]  ME  [3s]
start   28 dkzpert  I = 2.8962432184587  I-I_ME = +1.776e-15  |grad| = 1.5e-10  nonproj = 4.8e-16  ranks = [(2, 2, 2, 2), (2, 2, 2, 2), (2, 2, 2, 2), (2, 2, 2, 2)]  ME  [3s]
start   29 dkzcomp  I = 2.8962432184587  I-I_ME = +1.776e-15  |grad| = 1.1e-10  nonproj = 1.4e-15  ranks = [(2, 2, 2, 2), (2, 2, 2, 2), (2, 2, 2, 2), (2, 2, 2, 2)]  ME  [3s]
start   30 gauss    I = 2.8962432184587  I-I_ME = +2.665e-15  |grad| = 3.3e-11  nonproj = 8.9e-16  ranks = [(2, 2, 2, 2), (2, 2, 2, 2), (2, 2, 2, 2), (2, 2, 2, 2)]  ME  [3s]
start   31 rank     I = 2.5861927966867  I-I_ME = -3.101e-01  |grad| = 8.4e-10  nonproj = 6.7e-02  ranks = [(1, 3, 4, 2), (1, 4, 3, 1), (2, 4, 2, 1), (4, 3, 2, 3)]  below  [4s]
start   32 rank1    I = 2.8962432184587  I-I_ME = +2.665e-15  |grad| = 3.5e-10  nonproj = 1.1e-15  ranks = [(2, 2, 2, 2), (2, 2, 2, 2), (2, 2, 2, 2), (2, 2, 2, 2)]  ME  [4s]
start   33 frame    I = 2.8962432184587  I-I_ME = +8.882e-16  |grad| = 3.1e-10  nonproj = 1.3e-15  ranks = [(2, 2, 2, 2), (2, 2, 2, 2), (2, 2, 2, 2), (2, 2, 2, 2)]  ME  [4s]
start   34 dkzpert  I = 2.8962432184587  I-I_ME = +1.776e-15  |grad| = 7.2e-11  nonproj = 4.4e-16  ranks = [(2, 2, 2, 2), (2, 2, 2, 2), (2, 2, 2, 2), (2, 2, 2, 2)]  ME  [4s]
start   35 dkzcomp  I = 2.8962432184587  I-I_ME = +3.553e-15  |grad| = 3.1e-10  nonproj = 1.6e-15  ranks = [(2, 2, 2, 2), (2, 2, 2, 2), (2, 2, 2, 2), (2, 2, 2, 2)]  ME  [4s]
start   36 gauss    I = 2.8962432184587  I-I_ME = +8.882e-16  |grad| = 5.0e-11  nonproj = 1.3e-15  ranks = [(2, 2, 2, 2), (2, 2, 2, 2), (2, 2, 2, 2), (2, 2, 2, 2)]  ME  [4s]
start   37 rank     I = 2.5861927966864  I-I_ME = -3.101e-01  |grad| = 2.5e-09  nonproj = 6.5e-02  ranks = [(1, 1, 3, 4), (2, 3, 3, 3), (3, 2, 1, 3), (4, 2, 2, 3)]  below  [5s]
start   38 rank1    I = 2.8962432184587  I-I_ME = +1.776e-15  |grad| = 2.8e-10  nonproj = 8.3e-16  ranks = [(2, 2, 2, 2), (2, 2, 2, 2), (2, 2, 2, 2), (2, 2, 2, 2)]  ME  [5s]
start   39 frame    I = 2.8962432184587  I-I_ME = +1.776e-15  |grad| = 7.0e-11  nonproj = 1.2e-15  ranks = [(2, 2, 2, 2), (2, 2, 2, 2), (2, 2, 2, 2), (2, 2, 2, 2)]  ME  [5s]
start   40 dkzpert  I = 2.8962432184587  I-I_ME = +2.665e-15  |grad| = 5.3e-10  nonproj = 5.0e-16  ranks = [(2, 2, 2, 2), (2, 2, 2, 2), (2, 2, 2, 2), (2, 2, 2, 2)]  ME  [5s]
start   41 dkzcomp  I = 2.8962432184587  I-I_ME = +1.776e-15  |grad| = 1.9e-09  nonproj = 8.9e-16  ranks = [(2, 2, 2, 2), (2, 2, 2, 2), (2, 2, 2, 2), (2, 2, 2, 2)]  ME  [5s]
start   42 gauss    I = 2.8962432184587  I-I_ME = +2.665e-15  |grad| = 5.8e-10  nonproj = 6.7e-16  ranks = [(2, 2, 2, 2), (2, 2, 2, 2), (2, 2, 2, 2), (2, 2, 2, 2)]  ME  [5s]
start   43 rank     I = 2.5861927966870  I-I_ME = -3.101e-01  |grad| = 4.7e-10  nonproj = 1.2e-01  ranks = [(4, 4, 1, 2), (4, 1, 1, 2), (4, 1, 3, 4), (2, 1, 4, 2)]  below  [5s]
start   44 rank1    I = 2.8962432184587  I-I_ME = +1.776e-15  |grad| = 7.2e-10  nonproj = 1.0e-15  ranks = [(2, 2, 2, 2), (2, 2, 2, 2), (2, 2, 2, 2), (2, 2, 2, 2)]  ME  [5s]
start   45 frame    I = 2.8962432184587  I-I_ME = +4.441e-15  |grad| = 5.7e-10  nonproj = 1.6e-15  ranks = [(2, 2, 2, 2), (2, 2, 2, 2), (2, 2, 2, 2), (2, 2, 2, 2)]  ME  [5s]
start   46 dkzpert  I = 2.8962432184587  I-I_ME = +8.882e-16  |grad| = 7.6e-10  nonproj = 1.2e-15  ranks = [(2, 2, 2, 2), (2, 2, 2, 2), (2, 2, 2, 2), (2, 2, 2, 2)]  ME  [5s]
start   47 dkzcomp  I = 2.8962432184587  I-I_ME = +3.553e-15  |grad| = 4.8e-10  nonproj = 7.2e-16  ranks = [(2, 2, 2, 2), (2, 2, 2, 2), (2, 2, 2, 2), (2, 2, 2, 2)]  ME  [6s]
start   48 gauss    I = 2.8962432184587  I-I_ME = +2.665e-15  |grad| = 3.8e-11  nonproj = 8.9e-16  ranks = [(2, 2, 2, 2), (2, 2, 2, 2), (2, 2, 2, 2), (2, 2, 2, 2)]  ME  [6s]
start   49 rank     I = 2.7200272215697  I-I_ME = -1.762e-01  |grad| = 6.8e-10  nonproj = 3.4e-02  ranks = [(3, 2, 3, 0), (3, 2, 3, 1), (3, 3, 3, 3), (0, 3, 2, 3)]  below  [6s]
start   50 rank1    I = 2.8962432184587  I-I_ME = +2.665e-15  |grad| = 1.2e-10  nonproj = 1.0e-15  ranks = [(2, 2, 2, 2), (2, 2, 2, 2), (2, 2, 2, 2), (2, 2, 2, 2)]  ME  [6s]
start   51 frame    I = 2.8962432184587  I-I_ME = +2.665e-15  |grad| = 3.7e-10  nonproj = 7.8e-16  ranks = [(2, 2, 2, 2), (2, 2, 2, 2), (2, 2, 2, 2), (2, 2, 2, 2)]  ME  [6s]
start   52 dkzpert  I = 2.8962432184587  I-I_ME = +1.776e-15  |grad| = 7.9e-10  nonproj = 5.6e-16  ranks = [(2, 2, 2, 2), (2, 2, 2, 2), (2, 2, 2, 2), (2, 2, 2, 2)]  ME  [6s]
start   53 dkzcomp  I = 2.8962432184587  I-I_ME = +1.776e-15  |grad| = 2.8e-10  nonproj = 1.0e-15  ranks = [(2, 2, 2, 2), (2, 2, 2, 2), (2, 2, 2, 2), (2, 2, 2, 2)]  ME  [6s]
start   54 gauss    I = 2.8962432184587  I-I_ME = +1.776e-15  |grad| = 6.6e-11  nonproj = 7.8e-16  ranks = [(2, 2, 2, 2), (2, 2, 2, 2), (2, 2, 2, 2), (2, 2, 2, 2)]  ME  [6s]
start   55 rank     I = 2.5522847498305  I-I_ME = -3.440e-01  |grad| = 1.7e-10  nonproj = 1.6e-01  ranks = [(2, 1, 1, 4), (4, 2, 1, 4), (4, 0, 3, 4), (4, 2, 3, 1)]  below  [6s]
start   56 rank1    I = 2.8962432184587  I-I_ME = +1.776e-15  |grad| = 3.6e-10  nonproj = 2.1e-15  ranks = [(2, 2, 2, 2), (2, 2, 2, 2), (2, 2, 2, 2), (2, 2, 2, 2)]  ME  [6s]
start   57 frame    I = 2.8962432184587  I-I_ME = +4.441e-15  |grad| = 7.5e-10  nonproj = 1.8e-15  ranks = [(2, 2, 2, 2), (2, 2, 2, 2), (2, 2, 2, 2), (2, 2, 2, 2)]  ME  [6s]
start   58 dkzpert  I = 2.8962432184587  I-I_ME = +1.776e-15  |grad| = 4.8e-10  nonproj = 4.4e-16  ranks = [(2, 2, 2, 2), (2, 2, 2, 2), (2, 2, 2, 2), (2, 2, 2, 2)]  ME  [6s]
start   59 dkzcomp  I = 2.8962432184587  I-I_ME = +3.553e-15  |grad| = 2.4e-10  nonproj = 1.0e-15  ranks = [(2, 2, 2, 2), (2, 2, 2, 2), (2, 2, 2, 2), (2, 2, 2, 2)]  ME  [6s]
start   60 gauss    I = 2.7390996262868  I-I_ME = -1.571e-01  |grad| = 6.9e-11  nonproj = 1.4e-02  ranks = [(2, 2, 2, 3), (2, 2, 2, 2), (2, 2, 3, 2), (3, 3, 3, 1)]  below  [7s]
start   61 rank     I = 2.4290492045151  I-I_ME = -4.672e-01  |grad| = 1.6e-10  nonproj = 9.3e-02  ranks = [(2, 4, 4, 0), (4, 4, 3, 2), (3, 2, 2, 4), (1, 1, 3, 5)]  below  [7s]
start   62 rank1    I = 2.8962432184587  I-I_ME = +1.776e-15  |grad| = 3.0e-10  nonproj = 1.0e-15  ranks = [(2, 2, 2, 2), (2, 2, 2, 2), (2, 2, 2, 2), (2, 2, 2, 2)]  ME  [7s]
start   63 frame    I = 2.8962432184587  I-I_ME = +8.882e-16  |grad| = 4.1e-10  nonproj = 6.7e-16  ranks = [(2, 2, 2, 2), (2, 2, 2, 2), (2, 2, 2, 2), (2, 2, 2, 2)]  ME  [7s]
start   64 dkzpert  I = 2.8962432184587  I-I_ME = +1.776e-15  |grad| = 5.4e-10  nonproj = 5.0e-16  ranks = [(2, 2, 2, 2), (2, 2, 2, 2), (2, 2, 2, 2), (2, 2, 2, 2)]  ME  [7s]
start   65 dkzcomp  I = 2.8962432184587  I-I_ME = +3.553e-15  |grad| = 3.8e-10  nonproj = 1.0e-15  ranks = [(2, 2, 2, 2), (2, 2, 2, 2), (2, 2, 2, 2), (2, 2, 2, 2)]  ME  [7s]
start   66 gauss    I = 2.7390996262868  I-I_ME = -1.571e-01  |grad| = 1.1e-09  nonproj = 1.0e-01  ranks = [(3, 1, 3, 3), (2, 2, 3, 2), (2, 2, 2, 2), (2, 3, 2, 2)]  below  [7s]
start   67 rank     I = 2.1380711874575  I-I_ME = -7.582e-01  |grad| = 1.8e-09  nonproj = 1.4e-01  ranks = [(0, 7, 4, 1), (4, 7, 0, 4), (2, 3, 0, 6), (2, 0, 3, 6)]  below  [7s]
start   68 rank1    I = 2.8962432184587  I-I_ME = +1.776e-15  |grad| = 4.9e-10  nonproj = 8.9e-16  ranks = [(2, 2, 2, 2), (2, 2, 2, 2), (2, 2, 2, 2), (2, 2, 2, 2)]  ME  [7s]
start   69 frame    I = 2.8962432184587  I-I_ME = +2.665e-15  |grad| = 2.8e-10  nonproj = 1.3e-15  ranks = [(2, 2, 2, 2), (2, 2, 2, 2), (2, 2, 2, 2), (2, 2, 2, 2)]  ME  [7s]
start   70 dkzpert  I = 2.8962432184587  I-I_ME = +2.665e-15  |grad| = 1.7e-10  nonproj = 8.3e-16  ranks = [(2, 2, 2, 2), (2, 2, 2, 2), (2, 2, 2, 2), (2, 2, 2, 2)]  ME  [8s]
start   71 dkzcomp  I = 2.8962432184587  I-I_ME = +2.665e-15  |grad| = 4.8e-10  nonproj = 1.1e-15  ranks = [(2, 2, 2, 2), (2, 2, 2, 2), (2, 2, 2, 2), (2, 2, 2, 2)]  ME  [8s]
start   72 gauss    I = 2.8962432184587  I-I_ME = +0.000e+00  |grad| = 1.0e-09  nonproj = 9.4e-16  ranks = [(2, 2, 2, 2), (2, 2, 2, 2), (2, 2, 2, 2), (2, 2, 2, 2)]  ME  [8s]
start   73 rank     I = 2.1380711874577  I-I_ME = -7.582e-01  |grad| = 4.4e-10  nonproj = 1.9e-01  ranks = [(4, 1, 1, 2), (5, 1, 3, 7), (0, 0, 4, 5), (2, 5, 7, 4)]  below  [8s]
start   74 rank1    I = 2.8962432184587  I-I_ME = +8.882e-16  |grad| = 1.7e-10  nonproj = 1.2e-15  ranks = [(2, 2, 2, 2), (2, 2, 2, 2), (2, 2, 2, 2), (2, 2, 2, 2)]  ME  [8s]
start   75 frame    I = 2.8962432184587  I-I_ME = +2.665e-15  |grad| = 5.3e-10  nonproj = 1.6e-15  ranks = [(2, 2, 2, 2), (2, 2, 2, 2), (2, 2, 2, 2), (2, 2, 2, 2)]  ME  [8s]
start   76 dkzpert  I = 2.8962432184587  I-I_ME = +2.665e-15  |grad| = 1.8e-10  nonproj = 9.1e-16  ranks = [(2, 2, 2, 2), (2, 2, 2, 2), (2, 2, 2, 2), (2, 2, 2, 2)]  ME  [8s]
start   77 dkzcomp  I = 2.8962432184587  I-I_ME = +1.776e-15  |grad| = 3.8e-10  nonproj = 8.9e-16  ranks = [(2, 2, 2, 2), (2, 2, 2, 2), (2, 2, 2, 2), (2, 2, 2, 2)]  ME  [9s]
start   78 gauss    I = 2.8962432184587  I-I_ME = +1.776e-15  |grad| = 2.7e-11  nonproj = 1.4e-15  ranks = [(2, 2, 2, 2), (2, 2, 2, 2), (2, 2, 2, 2), (2, 2, 2, 2)]  ME  [9s]
start   79 rank     I = 2.5671203919696  I-I_ME = -3.291e-01  |grad| = 8.3e-10  nonproj = 1.3e-01  ranks = [(2, 4, 1, 2), (1, 4, 3, 2), (1, 4, 3, 0), (2, 4, 4, 2)]  below  [9s]
start   80 rank1    I = 2.8962432184587  I-I_ME = +8.882e-16  |grad| = 3.4e-10  nonproj = 8.9e-16  ranks = [(2, 2, 2, 2), (2, 2, 2, 2), (2, 2, 2, 2), (2, 2, 2, 2)]  ME  [9s]
start   81 frame    I = 2.8962432184587  I-I_ME = +1.776e-15  |grad| = 9.0e-10  nonproj = 7.8e-16  ranks = [(2, 2, 2, 2), (2, 2, 2, 2), (2, 2, 2, 2), (2, 2, 2, 2)]  ME  [9s]
start   82 dkzpert  I = 2.8962432184587  I-I_ME = +1.776e-15  |grad| = 5.6e-10  nonproj = 5.6e-16  ranks = [(2, 2, 2, 2), (2, 2, 2, 2), (2, 2, 2, 2), (2, 2, 2, 2)]  ME  [9s]
start   83 dkzcomp  I = 2.8962432184587  I-I_ME = +1.776e-15  |grad| = 3.5e-10  nonproj = 7.8e-16  ranks = [(2, 2, 2, 2), (2, 2, 2, 2), (2, 2, 2, 2), (2, 2, 2, 2)]  ME  [9s]
start   84 gauss    I = 2.8962432184587  I-I_ME = +1.776e-15  |grad| = 2.8e-10  nonproj = 5.6e-16  ranks = [(2, 2, 2, 2), (2, 2, 2, 2), (2, 2, 2, 2), (2, 2, 2, 2)]  ME  [9s]
start   85 rank     I = 2.4481216092294  I-I_ME = -4.481e-01  |grad| = 7.2e-10  nonproj = 1.1e-01  ranks = [(3, 5, 1, 2), (4, 3, 2, 4), (2, 1, 3, 4), (1, 1, 5, 3)]  below  [10s]
start   86 rank1    I = 2.8962432184587  I-I_ME = +1.776e-15  |grad| = 1.9e-10  nonproj = 1.4e-15  ranks = [(2, 2, 2, 2), (2, 2, 2, 2), (2, 2, 2, 2), (2, 2, 2, 2)]  ME  [10s]
start   87 frame    I = 2.8962432184587  I-I_ME = -8.882e-16  |grad| = 3.9e-10  nonproj = 1.2e-15  ranks = [(2, 2, 2, 2), (2, 2, 2, 2), (2, 2, 2, 2), (2, 2, 2, 2)]  ME  [10s]
start   88 dkzpert  I = 2.8962432184587  I-I_ME = +2.665e-15  |grad| = 4.4e-10  nonproj = 6.1e-16  ranks = [(2, 2, 2, 2), (2, 2, 2, 2), (2, 2, 2, 2), (2, 2, 2, 2)]  ME  [10s]
start   89 dkzcomp  I = 2.8962432184587  I-I_ME = +1.776e-15  |grad| = 8.8e-11  nonproj = 8.9e-16  ranks = [(2, 2, 2, 2), (2, 2, 2, 2), (2, 2, 2, 2), (2, 2, 2, 2)]  ME  [10s]
start   90 gauss    I = 2.8962432184587  I-I_ME = +1.776e-15  |grad| = 2.2e-11  nonproj = 8.9e-16  ranks = [(2, 2, 2, 2), (2, 2, 2, 2), (2, 2, 2, 2), (2, 2, 2, 2)]  ME  [10s]
start   91 rank     I = 2.4481216092274  I-I_ME = -4.481e-01  |grad| = 9.9e-10  nonproj = 1.3e-01  ranks = [(3, 4, 3, 1), (5, 3, 2, 2), (4, 1, 1, 3), (3, 2, 3, 4)]  below  [10s]
start   92 rank1    I = 2.8962432184587  I-I_ME = +0.000e+00  |grad| = 4.7e-10  nonproj = 7.9e-16  ranks = [(2, 2, 2, 2), (2, 2, 2, 2), (2, 2, 2, 2), (2, 2, 2, 2)]  ME  [10s]
start   93 frame    I = 2.8962432184587  I-I_ME = +1.776e-15  |grad| = 1.0e-09  nonproj = 1.0e-15  ranks = [(2, 2, 2, 2), (2, 2, 2, 2), (2, 2, 2, 2), (2, 2, 2, 2)]  ME  [10s]
start   94 dkzpert  I = 2.8962432184587  I-I_ME = +1.776e-15  |grad| = 3.4e-11  nonproj = 7.2e-16  ranks = [(2, 2, 2, 2), (2, 2, 2, 2), (2, 2, 2, 2), (2, 2, 2, 2)]  ME  [11s]
start   95 dkzcomp  I = 2.8962432184587  I-I_ME = +1.776e-15  |grad| = 2.3e-06  nonproj = 9.4e-16  ranks = [(2, 2, 2, 2), (2, 2, 2, 2), (2, 2, 2, 2), (2, 2, 2, 2)]  ME  [11s]
start   96 gauss    I = 2.7390996262868  I-I_ME = -1.571e-01  |grad| = 4.1e-10  nonproj = 6.3e-02  ranks = [(3, 2, 3, 2), (3, 1, 2, 2), (3, 1, 2, 3), (2, 2, 2, 3)]  below  [11s]
start   97 rank     I = 2.4290492045137  I-I_ME = -4.672e-01  |grad| = 3.1e-10  nonproj = 1.7e-01  ranks = [(5, 3, 0, 4), (3, 1, 0, 4), (3, 1, 1, 5), (2, 3, 4, 4)]  below  [11s]
start   98 rank1    I = 2.8962432184587  I-I_ME = +8.882e-16  |grad| = 5.1e-10  nonproj = 8.9e-16  ranks = [(2, 2, 2, 2), (2, 2, 2, 2), (2, 2, 2, 2), (2, 2, 2, 2)]  ME  [11s]
start   99 frame    I = 2.8962432184587  I-I_ME = +2.665e-15  |grad| = 5.9e-10  nonproj = 5.6e-16  ranks = [(2, 2, 2, 2), (2, 2, 2, 2), (2, 2, 2, 2), (2, 2, 2, 2)]  ME  [11s]
start  100 dkzpert  I = 2.8962432184587  I-I_ME = +8.882e-16  |grad| = 2.7e-09  nonproj = 5.3e-16  ranks = [(2, 2, 2, 2), (2, 2, 2, 2), (2, 2, 2, 2), (2, 2, 2, 2)]  ME  [11s]
start  101 dkzcomp  I = 2.8962432184587  I-I_ME = +1.776e-15  |grad| = 2.8e-10  nonproj = 1.3e-15  ranks = [(2, 2, 2, 2), (2, 2, 2, 2), (2, 2, 2, 2), (2, 2, 2, 2)]  ME  [11s]
start  102 gauss    I = 2.7390996262868  I-I_ME = -1.571e-01  |grad| = 2.4e-10  nonproj = 1.2e-01  ranks = [(3, 3, 1, 2), (3, 2, 1, 2), (3, 2, 2, 3), (2, 2, 3, 2)]  below  [11s]
start  103 rank     I = 2.4290492045151  I-I_ME = -4.672e-01  |grad| = 9.4e-11  nonproj = 1.9e-01  ranks = [(1, 1, 5, 2), (3, 2, 5, 1), (3, 0, 4, 3), (3, 3, 4, 4)]  below  [11s]
start  104 rank1    I = 2.8962432184587  I-I_ME = +1.776e-15  |grad| = 6.7e-10  nonproj = 8.9e-16  ranks = [(2, 2, 2, 2), (2, 2, 2, 2), (2, 2, 2, 2), (2, 2, 2, 2)]  ME  [11s]
start  105 frame    I = 2.8962432184587  I-I_ME = +3.553e-15  |grad| = 1.0e-07  nonproj = 1.1e-15  ranks = [(2, 2, 2, 2), (2, 2, 2, 2), (2, 2, 2, 2), (2, 2, 2, 2)]  ME  [11s]
start  106 dkzpert  I = 2.8962432184587  I-I_ME = +1.776e-15  |grad| = 5.1e-10  nonproj = 7.8e-16  ranks = [(2, 2, 2, 2), (2, 2, 2, 2), (2, 2, 2, 2), (2, 2, 2, 2)]  ME  [12s]
start  107 dkzcomp  I = 2.8962432184587  I-I_ME = +1.776e-15  |grad| = 3.0e-10  nonproj = 6.7e-16  ranks = [(2, 2, 2, 2), (2, 2, 2, 2), (2, 2, 2, 2), (2, 2, 2, 2)]  ME  [12s]
start  108 gauss    I = 2.8962432184587  I-I_ME = +2.665e-15  |grad| = 3.1e-11  nonproj = 1.2e-15  ranks = [(2, 2, 2, 2), (2, 2, 2, 2), (2, 2, 2, 2), (2, 2, 2, 2)]  ME  [12s]
start  109 rank     I = 2.4142135623714  I-I_ME = -4.820e-01  |grad| = 1.2e-09  nonproj = 1.1e-01  ranks = [(5, 3, 1, 4), (1, 3, 0, 5), (0, 3, 2, 5), (0, 5, 4, 3)]  below  [12s]
start  110 rank1    I = 2.8962432184587  I-I_ME = +3.553e-15  |grad| = 5.6e-10  nonproj = 1.4e-15  ranks = [(2, 2, 2, 2), (2, 2, 2, 2), (2, 2, 2, 2), (2, 2, 2, 2)]  ME  [13s]
start  111 frame    I = 2.8962432184587  I-I_ME = +1.776e-15  |grad| = 4.4e-10  nonproj = 6.7e-16  ranks = [(2, 2, 2, 2), (2, 2, 2, 2), (2, 2, 2, 2), (2, 2, 2, 2)]  ME  [13s]
start  112 dkzpert  I = 2.8962432184587  I-I_ME = +3.553e-15  |grad| = 3.0e-10  nonproj = 5.6e-16  ranks = [(2, 2, 2, 2), (2, 2, 2, 2), (2, 2, 2, 2), (2, 2, 2, 2)]  ME  [13s]
start  113 dkzcomp  I = 2.8962432184587  I-I_ME = +0.000e+00  |grad| = 9.2e-11  nonproj = 1.3e-15  ranks = [(2, 2, 2, 2), (2, 2, 2, 2), (2, 2, 2, 2), (2, 2, 2, 2)]  ME  [13s]
start  114 gauss    I = 2.8962432184587  I-I_ME = +1.776e-15  |grad| = 1.1e-09  nonproj = 8.3e-16  ranks = [(2, 2, 2, 2), (2, 2, 2, 2), (2, 2, 2, 2), (2, 2, 2, 2)]  ME  [13s]
start  115 rank     I = 2.4142135623693  I-I_ME = -4.820e-01  |grad| = 1.8e-09  nonproj = 1.6e-01  ranks = [(3, 4, 1, 1), (2, 4, 4, 3), (1, 4, 5, 1), (1, 4, 5, 1)]  below  [13s]
start  116 rank1    I = 2.8962432184587  I-I_ME = +0.000e+00  |grad| = 6.4e-10  nonproj = 6.7e-16  ranks = [(2, 2, 2, 2), (2, 2, 2, 2), (2, 2, 2, 2), (2, 2, 2, 2)]  ME  [13s]
start  117 frame    I = 2.8962432184587  I-I_ME = +2.665e-15  |grad| = 5.9e-10  nonproj = 9.4e-16  ranks = [(2, 2, 2, 2), (2, 2, 2, 2), (2, 2, 2, 2), (2, 2, 2, 2)]  ME  [13s]
start  118 dkzpert  I = 2.8962432184587  I-I_ME = +2.665e-15  |grad| = 2.9e-10  nonproj = 1.0e-15  ranks = [(2, 2, 2, 2), (2, 2, 2, 2), (2, 2, 2, 2), (2, 2, 2, 2)]  ME  [14s]
start  119 dkzcomp  I = 2.8962432184587  I-I_ME = +1.776e-15  |grad| = 5.3e-11  nonproj = 1.1e-15  ranks = [(2, 2, 2, 2), (2, 2, 2, 2), (2, 2, 2, 2), (2, 2, 2, 2)]  ME  [14s]
start  120 gauss    I = 2.8962432184587  I-I_ME = +1.776e-15  |grad| = 6.7e-10  nonproj = 7.8e-16  ranks = [(2, 2, 2, 2), (2, 2, 2, 2), (2, 2, 2, 2), (2, 2, 2, 2)]  ME  [14s]
start  121 rank     I = 2.1380711874577  I-I_ME = -7.582e-01  |grad| = 3.0e-09  nonproj = 1.7e-01  ranks = [(1, 3, 6, 2), (2, 6, 4, 0), (4, 6, 0, 3), (4, 2, 1, 5)]  below  [14s]
start  122 rank1    I = 2.8962432184587  I-I_ME = +1.776e-15  |grad| = 1.5e-10  nonproj = 1.0e-15  ranks = [(2, 2, 2, 2), (2, 2, 2, 2), (2, 2, 2, 2), (2, 2, 2, 2)]  ME  [14s]
start  123 frame    I = 2.8962432184587  I-I_ME = +1.776e-15  |grad| = 1.7e-10  nonproj = 1.1e-15  ranks = [(2, 2, 2, 2), (2, 2, 2, 2), (2, 2, 2, 2), (2, 2, 2, 2)]  ME  [14s]
start  124 dkzpert  I = 2.8962432184587  I-I_ME = +1.776e-15  |grad| = 6.3e-10  nonproj = 6.9e-16  ranks = [(2, 2, 2, 2), (2, 2, 2, 2), (2, 2, 2, 2), (2, 2, 2, 2)]  ME  [14s]
start  125 dkzcomp  I = 2.8962432184587  I-I_ME = +3.553e-15  |grad| = 4.8e-10  nonproj = 1.1e-15  ranks = [(2, 2, 2, 2), (2, 2, 2, 2), (2, 2, 2, 2), (2, 2, 2, 2)]  ME  [14s]
start  126 gauss    I = 2.8962432184587  I-I_ME = +3.553e-15  |grad| = 3.0e-11  nonproj = 1.2e-15  ranks = [(2, 2, 2, 2), (2, 2, 2, 2), (2, 2, 2, 2), (2, 2, 2, 2)]  ME  [14s]
start  127 rank     I = 2.5819560341149  I-I_ME = -3.143e-01  |grad| = 1.4e-10  nonproj = 1.0e-01  ranks = [(2, 3, 2, 4), (2, 4, 0, 3), (3, 4, 1, 2), (4, 3, 1, 1)]  below  [14s]
start  128 rank1    I = 2.8962432184587  I-I_ME = +8.882e-16  |grad| = 1.9e-10  nonproj = 1.0e-15  ranks = [(2, 2, 2, 2), (2, 2, 2, 2), (2, 2, 2, 2), (2, 2, 2, 2)]  ME  [15s]
start  129 frame    I = 2.8962432184587  I-I_ME = +1.776e-15  |grad| = 1.5e-10  nonproj = 1.1e-15  ranks = [(2, 2, 2, 2), (2, 2, 2, 2), (2, 2, 2, 2), (2, 2, 2, 2)]  ME  [15s]
start  130 dkzpert  I = 2.8962432184587  I-I_ME = +3.553e-15  |grad| = 1.5e-10  nonproj = 9.4e-16  ranks = [(2, 2, 2, 2), (2, 2, 2, 2), (2, 2, 2, 2), (2, 2, 2, 2)]  ME  [15s]
start  131 dkzcomp  I = 2.8962432184587  I-I_ME = +3.553e-15  |grad| = 6.9e-11  nonproj = 1.2e-15  ranks = [(2, 2, 2, 2), (2, 2, 2, 2), (2, 2, 2, 2), (2, 2, 2, 2)]  ME  [15s]
start  132 gauss    I = 2.7390996262868  I-I_ME = -1.571e-01  |grad| = 1.2e-09  nonproj = 1.1e-01  ranks = [(1, 2, 2, 3), (1, 2, 2, 3), (2, 3, 3, 3), (3, 2, 2, 2)]  below  [15s]
start  133 rank     I = 2.7242639841447  I-I_ME = -1.720e-01  |grad| = 4.1e-09  nonproj = 1.7e-01  ranks = [(2, 3, 3, 1), (2, 2, 3, 1), (2, 2, 3, 2), (2, 1, 3, 3)]  below  [15s]
start  134 rank1    I = 2.8962432184587  I-I_ME = +8.882e-16  |grad| = 1.7e-10  nonproj = 7.8e-16  ranks = [(2, 2, 2, 2), (2, 2, 2, 2), (2, 2, 2, 2), (2, 2, 2, 2)]  ME  [15s]
start  135 frame    I = 2.8962432184587  I-I_ME = +1.776e-15  |grad| = 9.5e-10  nonproj = 1.4e-15  ranks = [(2, 2, 2, 2), (2, 2, 2, 2), (2, 2, 2, 2), (2, 2, 2, 2)]  ME  [15s]
start  136 dkzpert  I = 2.8962432184587  I-I_ME = +1.776e-15  |grad| = 2.1e-10  nonproj = 6.1e-16  ranks = [(2, 2, 2, 2), (2, 2, 2, 2), (2, 2, 2, 2), (2, 2, 2, 2)]  ME  [15s]
start  137 dkzcomp  I = 2.8962432184587  I-I_ME = +1.776e-15  |grad| = 1.3e-10  nonproj = 1.3e-15  ranks = [(2, 2, 2, 2), (2, 2, 2, 2), (2, 2, 2, 2), (2, 2, 2, 2)]  ME  [15s]
start  138 gauss    I = 2.7390996262868  I-I_ME = -1.571e-01  |grad| = 2.2e-10  nonproj = 8.6e-02  ranks = [(3, 3, 2, 1), (3, 2, 2, 2), (2, 2, 3, 2), (2, 2, 3, 2)]  below  [15s]
start  139 rank     I = 2.2909780170568  I-I_ME = -6.053e-01  |grad| = 1.1e-09  nonproj = 1.1e-01  ranks = [(3, 3, 6, 0), (3, 2, 4, 1), (5, 3, 3, 2), (2, 1, 1, 6)]  below  [16s]
start  140 rank1    I = 2.8962432184587  I-I_ME = +8.882e-16  |grad| = 4.1e-10  nonproj = 1.2e-15  ranks = [(2, 2, 2, 2), (2, 2, 2, 2), (2, 2, 2, 2), (2, 2, 2, 2)]  ME  [16s]
start  141 frame    I = 2.8962432184587  I-I_ME = +2.665e-15  |grad| = 6.7e-10  nonproj = 1.1e-15  ranks = [(2, 2, 2, 2), (2, 2, 2, 2), (2, 2, 2, 2), (2, 2, 2, 2)]  ME  [16s]
start  142 dkzpert  I = 2.8962432184587  I-I_ME = +1.776e-15  |grad| = 4.3e-10  nonproj = 6.1e-16  ranks = [(2, 2, 2, 2), (2, 2, 2, 2), (2, 2, 2, 2), (2, 2, 2, 2)]  ME  [16s]
start  143 dkzcomp  I = 2.8962432184587  I-I_ME = +1.776e-15  |grad| = 3.3e-08  nonproj = 5.6e-16  ranks = [(2, 2, 2, 2), (2, 2, 2, 2), (2, 2, 2, 2), (2, 2, 2, 2)]  ME  [16s]
start  144 gauss    I = 2.7390996262868  I-I_ME = -1.571e-01  |grad| = 4.2e-10  nonproj = 6.9e-02  ranks = [(3, 1, 3, 3), (2, 2, 3, 2), (2, 2, 2, 2), (2, 3, 2, 2)]  below  [16s]
start  145 rank     I = 2.4290492045074  I-I_ME = -4.672e-01  |grad| = 2.4e-09  nonproj = 7.1e-02  ranks = [(4, 1, 4, 4), (0, 1, 4, 3), (0, 4, 4, 3), (2, 5, 2, 3)]  below  [16s]
start  146 rank1    I = 2.8962432184587  I-I_ME = +1.776e-15  |grad| = 8.6e-10  nonproj = 1.2e-15  ranks = [(2, 2, 2, 2), (2, 2, 2, 2), (2, 2, 2, 2), (2, 2, 2, 2)]  ME  [16s]
start  147 frame    I = 2.8962432184587  I-I_ME = +1.776e-15  |grad| = 3.5e-10  nonproj = 7.2e-16  ranks = [(2, 2, 2, 2), (2, 2, 2, 2), (2, 2, 2, 2), (2, 2, 2, 2)]  ME  [16s]
start  148 dkzpert  I = 2.8962432184587  I-I_ME = +2.665e-15  |grad| = 5.7e-10  nonproj = 6.1e-16  ranks = [(2, 2, 2, 2), (2, 2, 2, 2), (2, 2, 2, 2), (2, 2, 2, 2)]  ME  [16s]
start  149 dkzcomp  I = 2.8962432184587  I-I_ME = +1.776e-15  |grad| = 3.2e-10  nonproj = 1.0e-15  ranks = [(2, 2, 2, 2), (2, 2, 2, 2), (2, 2, 2, 2), (2, 2, 2, 2)]  ME  [17s]
# BEST d=4 D=8: I = 2.8962432184587  I_ME = 2.8962432184587  I-I_ME = +4.441e-15  (init gauss)  counts {'ME': 116, 'below': 34}
