# d=7 D=11 nstart=90 seed=7011  I_ME(d) = 2.9271609424245
start    0 gauss    I = 2.8751798055979  I-I_ME = -5.198e-02  |grad| = 1.3e-06  nonproj = 8.2e-02  ranks = [(1, 2, 2, 2, 2, 2, 1), (2, 2, 2, 2, 2, 1, 1), (2, 1, 2, 2, 2, 1, 1), (2, 1, 2, 2, 2, 1, 2)]  below  [1s]
start    1 rank     I = 2.5620187026125  I-I_ME = -3.651e-01  |grad| = 5.2e-10  nonproj = 7.5e-02  ranks = [(1, 5, 1, 2, 4, 2, 3), (2, 5, 2, 2, 2, 0, 1), (3, 4, 3, 2, 1, 1, 2), (4, 3, 4, 2, 0, 2, 2)]  below  [2s]
start    2 rank1    I = 2.7751793378522  I-I_ME = -1.520e-01  |grad| = 5.7e-10  nonproj = 1.1e-01  ranks = [(1, 2, 2, 2, 2, 2, 2), (1, 2, 2, 2, 2, 1, 1), (2, 2, 2, 2, 2, 1, 1), (2, 2, 2, 2, 1, 2, 2)]  below  [3s]
start    3 frame    I = 2.7751793378522  I-I_ME = -1.520e-01  |grad| = 3.8e-10  nonproj = 1.2e-01  ranks = [(1, 2, 2, 1, 2, 2, 1), (2, 2, 2, 2, 2, 2, 1), (2, 2, 2, 2, 2, 1, 2), (2, 1, 2, 2, 1, 2, 2)]  below  [4s]
start    4 dkzpert  I = 2.7751793378522  I-I_ME = -1.520e-01  |grad| = 3.5e-10  nonproj = 9.2e-02  ranks = [(3, 2, 1, 2, 1, 2, 3), (2, 1, 2, 2, 2, 3, 2), (2, 1, 2, 1, 2, 2, 1), (2, 2, 2, 2, 2, 2, 1)]  below  [5s]
start    5 dkzcomp  I = 2.8751798055979  I-I_ME = -5.198e-02  |grad| = 5.0e-10  nonproj = 2.8e-02  ranks = [(2, 2, 1, 2, 2, 2, 2), (1, 2, 1, 2, 1, 2, 2), (1, 2, 2, 2, 1, 2, 2), (1, 2, 2, 1, 1, 2, 2)]  below  [6s]
start    6 gauss    I = 2.7751793378522  I-I_ME = -1.520e-01  |grad| = 4.8e-10  nonproj = 6.6e-02  ranks = [(2, 1, 2, 3, 3, 3, 2), (1, 2, 3, 2, 2, 2, 1), (2, 2, 2, 1, 2, 2, 1), (2, 2, 2, 1, 2, 2, 2)]  below  [7s]
start    7 rank     I = 2.5487587455652  I-I_ME = -3.784e-01  |grad| = 2.4e-10  nonproj = 1.1e-01  ranks = [(5, 3, 2, 5, 4, 1, 2), (3, 0, 2, 4, 1, 0, 5), (0, 1, 3, 3, 1, 3, 5), (0, 2, 3, 2, 2, 4, 2)]  below  [8s]
start    8 rank1    I = 2.7657384746709  I-I_ME = -1.614e-01  |grad| = 1.3e-09  nonproj = 7.3e-02  ranks = [(2, 2, 2, 2, 2, 2, 2), (1, 1, 2, 2, 1, 2, 2), (2, 2, 2, 2, 1, 2, 2), (2, 1, 2, 1, 2, 2, 2)]  below  [9s]
start    9 frame    I = 2.8751798055979  I-I_ME = -5.198e-02  |grad| = 6.4e-10  nonproj = 5.9e-02  ranks = [(2, 1, 2, 1, 2, 2, 1), (2, 1, 2, 1, 2, 2, 1), (2, 2, 2, 1, 2, 2, 1), (2, 2, 1, 2, 2, 2, 2)]  below  [10s]
start   10 dkzpert  I = 2.7751793378522  I-I_ME = -1.520e-01  |grad| = 1.9e-06  nonproj = 1.1e-01  ranks = [(2, 2, 2, 1, 2, 2, 2), (2, 2, 1, 2, 3, 2, 1), (2, 2, 1, 2, 2, 2, 2), (2, 2, 2, 2, 2, 2, 1)]  below  [11s]
start   11 dkzcomp  I = 2.7751793378522  I-I_ME = -1.520e-01  |grad| = 4.0e-10  nonproj = 6.4e-02  ranks = [(2, 2, 2, 2, 1, 1, 2), (2, 2, 2, 2, 1, 2, 2), (2, 2, 2, 2, 2, 3, 2), (2, 2, 2, 2, 2, 2, 1)]  below  [12s]
start   12 gauss    I = 2.7751793378521  I-I_ME = -1.520e-01  |grad| = 4.9e-07  nonproj = 5.8e-02  ranks = [(2, 3, 2, 1, 2, 1, 2), (2, 2, 1, 1, 2, 1, 2), (3, 2, 2, 2, 2, 2, 3), (2, 1, 2, 2, 2, 3, 2)]  below  [14s]
start   13 rank     I = 2.5620187026131  I-I_ME = -3.651e-01  |grad| = 5.8e-10  nonproj = 1.0e-01  ranks = [(3, 5, 3, 5, 2, 0, 1), (4, 2, 1, 3, 1, 1, 5), (1, 1, 3, 3, 1, 2, 4), (1, 0, 3, 1, 4, 5, 3)]  below  [15s]
start   14 rank1    I = 2.8751798055979  I-I_ME = -5.198e-02  |grad| = 1.0e-10  nonproj = 4.6e-02  ranks = [(1, 2, 1, 2, 1, 2, 2), (2, 2, 2, 2, 1, 2, 2), (2, 1, 2, 1, 2, 2, 2), (2, 1, 2, 1, 2, 1, 2)]  below  [16s]
start   15 frame    I = 2.7751793378522  I-I_ME = -1.520e-01  |grad| = 5.0e-10  nonproj = 6.6e-02  ranks = [(2, 2, 2, 2, 1, 2, 2), (2, 2, 2, 2, 1, 2, 1), (2, 2, 1, 2, 2, 2, 2), (2, 2, 2, 2, 2, 2, 1)]  below  [17s]
start   16 dkzpert  I = 2.7751793378522  I-I_ME = -1.520e-01  |grad| = 2.9e-10  nonproj = 6.2e-02  ranks = [(1, 1, 2, 1, 2, 2, 2), (2, 2, 2, 2, 2, 2, 2), (2, 2, 1, 2, 2, 1, 2), (2, 2, 1, 2, 1, 2, 2)]  below  [17s]
start   17 dkzcomp  I = 2.8751798055979  I-I_ME = -5.198e-02  |grad| = 6.5e-10  nonproj = 2.0e-02  ranks = [(2, 2, 1, 2, 2, 2, 1), (2, 2, 1, 2, 1, 2, 1), (2, 2, 2, 2, 1, 2, 1), (2, 2, 2, 1, 1, 2, 2)]  below  [18s]
start   18 gauss    I = 2.7751793378522  I-I_ME = -1.520e-01  |grad| = 1.4e-11  nonproj = 8.2e-02  ranks = [(1, 2, 1, 2, 2, 2, 2), (2, 2, 2, 3, 3, 2, 2), (2, 2, 3, 2, 2, 1, 1), (3, 2, 2, 1, 2, 1, 2)]  below  [19s]
start   19 rank     I = 2.1851678290365  I-I_ME = -7.420e-01  |grad| = 9.2e-08  nonproj = 1.3e-01  ranks = [(8, 4, 3, 4, 0, 1, 5), (4, 2, 1, 0, 1, 5, 8), (0, 2, 4, 3, 6, 8, 4), (0, 5, 5, 0, 6, 3, 0)]  below  [22s]
start   20 rank1    I = 2.7751793378522  I-I_ME = -1.520e-01  |grad| = 9.8e-10  nonproj = 5.7e-02  ranks = [(1, 2, 2, 2, 2, 2, 2), (2, 2, 2, 2, 2, 1, 2), (2, 2, 2, 1, 2, 2, 2), (2, 1, 1, 2, 2, 2, 2)]  below  [22s]
start   21 frame    I = 2.8751798055979  I-I_ME = -5.198e-02  |grad| = 5.5e-10  nonproj = 6.8e-02  ranks = [(2, 2, 1, 2, 2, 2, 1), (2, 1, 1, 2, 2, 2, 1), (2, 1, 2, 2, 2, 2, 2), (1, 1, 2, 1, 2, 2, 2)]  below  [23s]
start   22 dkzpert  I = 2.8751798055979  I-I_ME = -5.198e-02  |grad| = 5.3e-10  nonproj = 4.7e-02  ranks = [(2, 1, 2, 1, 2, 2, 1), (2, 1, 2, 1, 2, 2, 2), (1, 1, 2, 2, 2, 2, 2), (1, 2, 2, 2, 1, 2, 2)]  below  [24s]
start   23 dkzcomp  I = 2.7657384746709  I-I_ME = -1.614e-01  |grad| = 2.2e-10  nonproj = 7.4e-02  ranks = [(1, 2, 2, 2, 2, 2, 2), (1, 2, 2, 2, 2, 1, 2), (1, 2, 2, 2, 2, 2, 2), (3, 2, 2, 2, 2, 1, 2)]  below  [25s]
start   24 gauss    I = 2.7751793378522  I-I_ME = -1.520e-01  |grad| = 6.6e-10  nonproj = 8.6e-02  ranks = [(3, 3, 2, 1, 2, 3, 2), (2, 2, 1, 2, 2, 2, 1), (2, 2, 1, 2, 2, 2, 1), (2, 2, 2, 3, 2, 1, 2)]  below  [26s]
start   25 rank     I = 2.7731550577408  I-I_ME = -1.540e-01  |grad| = 1.3e-08  nonproj = 1.0e-01  ranks = [(3, 2, 3, 3, 2, 2, 3), (2, 0, 2, 2, 1, 1, 3), (2, 0, 2, 2, 1, 2, 3), (2, 1, 2, 2, 2, 2, 2)]  below  [28s]
start   26 rank1    I = 2.7751793378522  I-I_ME = -1.520e-01  |grad| = 6.9e-10  nonproj = 5.9e-02  ranks = [(1, 2, 2, 2, 2, 1, 2), (2, 2, 2, 2, 1, 2, 2), (2, 2, 2, 1, 2, 2, 2), (2, 2, 2, 1, 2, 2, 1)]  below  [29s]
start   27 frame    I = 2.8751798055979  I-I_ME = -5.198e-02  |grad| = 3.7e-10  nonproj = 7.9e-02  ranks = [(1, 1, 2, 2, 2, 2, 2), (1, 2, 2, 1, 2, 2, 2), (2, 2, 1, 1, 2, 2, 2), (2, 1, 1, 1, 2, 2, 2)]  below  [31s]
start   28 dkzpert  I = 2.8751798055979  I-I_ME = -5.198e-02  |grad| = 3.1e-10  nonproj = 8.3e-03  ranks = [(2, 2, 2, 2, 1, 2, 2), (1, 1, 2, 2, 1, 2, 2), (1, 1, 2, 2, 2, 2, 2), (1, 1, 2, 2, 2, 1, 2)]  below  [32s]
start   29 dkzcomp  I = 2.8751798055979  I-I_ME = -5.198e-02  |grad| = 5.5e-10  nonproj = 4.2e-02  ranks = [(2, 2, 1, 2, 1, 2, 2), (2, 1, 1, 2, 2, 2, 2), (2, 1, 2, 2, 2, 1, 2), (2, 1, 2, 1, 2, 1, 2)]  below  [33s]
start   30 gauss    I = 2.7751793378522  I-I_ME = -1.520e-01  |grad| = 4.3e-10  nonproj = 8.6e-02  ranks = [(2, 2, 2, 2, 2, 2, 1), (3, 2, 3, 2, 2, 2, 2), (2, 1, 2, 1, 1, 2, 2), (2, 1, 2, 1, 2, 3, 3)]  below  [34s]
start   31 rank     I = 2.5714595657944  I-I_ME = -3.557e-01  |grad| = 7.4e-10  nonproj = 1.1e-01  ranks = [(3, 2, 2, 1, 3, 2, 4), (1, 0, 2, 3, 5, 3, 4), (0, 2, 5, 4, 3, 1, 2), (1, 3, 3, 2, 2, 1, 2)]  below  [35s]
start   32 rank1    I = 2.8751798055979  I-I_ME = -5.198e-02  |grad| = 5.8e-10  nonproj = 2.9e-03  ranks = [(2, 2, 1, 1, 2, 2, 1), (2, 2, 1, 1, 2, 2, 2), (1, 2, 1, 1, 2, 2, 2), (1, 2, 2, 2, 2, 2, 2)]  below  [36s]
start   33 frame    I = 2.8751798055979  I-I_ME = -5.198e-02  |grad| = 4.4e-10  nonproj = 4.3e-02  ranks = [(2, 2, 1, 2, 1, 2, 2), (1, 2, 1, 2, 1, 2, 2), (1, 2, 1, 2, 1, 2, 2), (1, 2, 2, 2, 2, 2, 2)]  below  [37s]
start   34 dkzpert  I = 2.8751798055979  I-I_ME = -5.198e-02  |grad| = 8.3e-10  nonproj = 4.9e-02  ranks = [(2, 2, 1, 1, 2, 1, 2), (2, 2, 1, 1, 2, 1, 2), (2, 2, 1, 1, 2, 2, 2), (2, 2, 2, 2, 2, 2, 1)]  below  [38s]
start   35 dkzcomp  I = 2.7657384746709  I-I_ME = -1.614e-01  |grad| = 4.2e-10  nonproj = 5.2e-02  ranks = [(2, 1, 2, 2, 1, 1, 2), (2, 1, 2, 2, 2, 2, 3), (2, 3, 2, 2, 2, 2, 2), (2, 2, 1, 2, 2, 2, 1)]  below  [38s]
start   36 gauss    I = 2.8751798055979  I-I_ME = -5.198e-02  |grad| = 7.1e-10  nonproj = 4.7e-02  ranks = [(2, 2, 2, 1, 1, 2, 2), (1, 2, 2, 1, 1, 2, 2), (1, 2, 2, 2, 2, 2, 2), (1, 2, 2, 2, 1, 1, 2)]  below  [39s]
start   37 rank     I = 2.7593235164678  I-I_ME = -1.678e-01  |grad| = 1.0e-09  nonproj = 1.1e-01  ranks = [(0, 1, 2, 0, 2, 3, 3), (0, 1, 3, 3, 2, 3, 3), (1, 2, 3, 2, 0, 2, 3), (3, 2, 2, 2, 0, 2, 3)]  below  [41s]
start   38 rank1    I = 2.8751798055979  I-I_ME = -5.198e-02  |grad| = 4.7e-10  nonproj = 7.9e-02  ranks = [(2, 2, 2, 2, 1, 1, 2), (1, 2, 2, 2, 2, 2, 2), (1, 2, 2, 2, 2, 1, 1), (1, 2, 2, 2, 2, 1, 1)]  below  [42s]
start   39 frame    I = 2.7657384746709  I-I_ME = -1.614e-01  |grad| = 3.7e-10  nonproj = 9.0e-02  ranks = [(1, 2, 2, 1, 2, 2, 2), (2, 2, 2, 1, 2, 2, 2), (2, 2, 1, 2, 2, 2, 2), (2, 2, 2, 2, 2, 2, 2)]  below  [43s]
start   40 dkzpert  I = 2.8751798055979  I-I_ME = -5.198e-02  |grad| = 2.3e-10  nonproj = 4.3e-02  ranks = [(1, 2, 1, 2, 2, 1, 2), (2, 2, 1, 2, 2, 2, 2), (2, 1, 1, 2, 2, 2, 1), (2, 1, 2, 2, 2, 2, 1)]  below  [44s]
start   41 dkzcomp  I = 2.7751793378522  I-I_ME = -1.520e-01  |grad| = 1.0e-09  nonproj = 1.2e-01  ranks = [(1, 2, 1, 2, 2, 1, 2), (2, 2, 2, 2, 2, 1, 2), (2, 2, 1, 2, 1, 1, 2), (2, 2, 2, 2, 2, 2, 3)]  below  [44s]
start   42 gauss    I = 2.7751793378522  I-I_ME = -1.520e-01  |grad| = 4.6e-10  nonproj = 6.7e-02  ranks = [(2, 3, 3, 2, 2, 2, 2), (2, 3, 2, 1, 2, 1, 1), (2, 2, 2, 1, 2, 2, 2), (1, 2, 2, 2, 3, 2, 1)]  below  [45s]
start   43 rank     I = 2.6731545899897  I-I_ME = -2.540e-01  |grad| = 9.5e-07  nonproj = 9.4e-02  ranks = [(2, 2, 1, 1, 0, 3, 4), (2, 2, 2, 2, 2, 4, 3), (4, 3, 2, 2, 2, 2, 2), (4, 1, 2, 2, 2, 1, 2)]  below  [47s]
start   44 rank1    I = 2.8751798055979  I-I_ME = -5.198e-02  |grad| = 7.4e-10  nonproj = 4.6e-02  ranks = [(2, 1, 1, 2, 2, 2, 2), (2, 1, 2, 2, 1, 2, 2), (2, 1, 2, 1, 1, 2, 2), (2, 2, 2, 1, 1, 2, 2)]  below  [48s]
start   45 frame    I = 2.7751793378522  I-I_ME = -1.520e-01  |grad| = 5.2e-10  nonproj = 1.0e-01  ranks = [(2, 2, 2, 1, 2, 1, 2), (2, 1, 2, 1, 2, 2, 2), (1, 1, 2, 1, 2, 2, 2), (1, 2, 2, 2, 2, 2, 2)]  below  [49s]
start   46 dkzpert  I = 2.8751798055979  I-I_ME = -5.198e-02  |grad| = 2.8e-10  nonproj = 7.8e-02  ranks = [(2, 1, 2, 2, 2, 2, 1), (2, 1, 2, 2, 1, 2, 2), (1, 2, 2, 2, 1, 2, 2), (1, 2, 1, 2, 1, 2, 2)]  below  [50s]
start   47 dkzcomp  I = 2.7751793378522  I-I_ME = -1.520e-01  |grad| = 2.4e-10  nonproj = 7.6e-02  ranks = [(2, 2, 1, 2, 2, 2, 1), (2, 2, 1, 2, 2, 1, 2), (2, 1, 2, 2, 2, 1, 2), (2, 2, 2, 2, 2, 2, 2)]  below  [52s]
start   48 gauss    I = 2.7751793378522  I-I_ME = -1.520e-01  |grad| = 1.2e-09  nonproj = 5.8e-02  ranks = [(3, 2, 1, 2, 2, 2, 3), (2, 1, 2, 3, 2, 2, 2), (2, 1, 2, 2, 1, 1, 2), (2, 2, 3, 2, 1, 2, 2)]  below  [53s]
start   49 rank     I = 2.5581996087461  I-I_ME = -3.690e-01  |grad| = 1.0e-09  nonproj = 1.2e-01  ranks = [(3, 5, 3, 0, 1, 5, 5), (1, 3, 0, 0, 3, 4, 2), (1, 3, 2, 2, 5, 2, 2), (1, 3, 2, 3, 3, 0, 2)]  below  [54s]
start   50 rank1    I = 2.8751798055979  I-I_ME = -5.198e-02  |grad| = 2.4e-09  nonproj = 2.9e-02  ranks = [(2, 2, 2, 1, 1, 2, 1), (2, 2, 2, 2, 2, 2, 1), (2, 2, 2, 2, 1, 1, 1), (2, 2, 2, 2, 1, 1, 2)]  below  [55s]
start   51 frame    I = 2.7751793378522  I-I_ME = -1.520e-01  |grad| = 4.8e-08  nonproj = 7.2e-02  ranks = [(2, 1, 2, 2, 1, 2, 2), (2, 2, 2, 2, 2, 2, 1), (2, 2, 2, 1, 2, 1, 2), (2, 2, 1, 2, 2, 2, 2)]  below  [56s]
start   52 dkzpert  I = 2.8751798055979  I-I_ME = -5.198e-02  |grad| = 4.3e-10  nonproj = 5.6e-02  ranks = [(2, 1, 2, 1, 2, 2, 1), (2, 1, 2, 1, 2, 2, 1), (2, 1, 2, 2, 2, 2, 1), (2, 2, 2, 2, 1, 2, 2)]  below  [58s]
start   53 dkzcomp  I = 2.7751793378522  I-I_ME = -1.520e-01  |grad| = 5.5e-10  nonproj = 1.3e-01  ranks = [(2, 2, 2, 1, 2, 2, 1), (2, 2, 2, 2, 2, 2, 2), (2, 2, 2, 1, 1, 2, 2), (2, 1, 2, 2, 2, 2, 2)]  below  [59s]
start   54 gauss    I = 2.8751798055979  I-I_ME = -5.198e-02  |grad| = 4.1e-10  nonproj = 4.5e-02  ranks = [(2, 2, 1, 1, 2, 2, 2), (2, 2, 1, 2, 2, 1, 2), (2, 2, 2, 2, 1, 1, 2), (2, 2, 2, 1, 1, 1, 2)]  below  [61s]
start   55 rank     I = 2.6593230487220  I-I_ME = -2.678e-01  |grad| = 5.7e-11  nonproj = 9.1e-02  ranks = [(1, 2, 3, 3, 4, 3, 1), (1, 2, 3, 4, 1, 1, 1), (0, 4, 4, 4, 0, 2, 2), (2, 3, 2, 3, 0, 2, 2)]  below  [62s]
start   56 rank1    I = 2.8751798055979  I-I_ME = -5.198e-02  |grad| = 2.2e-06  nonproj = 6.6e-02  ranks = [(2, 1, 1, 2, 1, 2, 2), (2, 1, 1, 2, 2, 2, 2), (2, 1, 2, 2, 2, 1, 2), (2, 2, 2, 1, 2, 1, 2)]  below  [63s]
start   57 frame    I = 2.8751798055979  I-I_ME = -5.198e-02  |grad| = 6.0e-10  nonproj = 3.6e-02  ranks = [(2, 2, 1, 2, 2, 1, 1), (2, 2, 2, 2, 2, 1, 2), (1, 2, 2, 1, 2, 2, 2), (1, 2, 2, 1, 2, 2, 1)]  below  [64s]
start   58 dkzpert  I = 2.7751793378522  I-I_ME = -1.520e-01  |grad| = 2.5e-10  nonproj = 9.1e-02  ranks = [(2, 2, 2, 2, 2, 2, 2), (1, 2, 2, 1, 2, 1, 2), (1, 2, 2, 2, 2, 2, 2), (2, 2, 2, 2, 2, 1, 1)]  below  [66s]
start   59 dkzcomp  I = 2.8751798055979  I-I_ME = -5.198e-02  |grad| = 8.8e-10  nonproj = 2.2e-02  ranks = [(2, 2, 1, 2, 1, 2, 2), (2, 2, 2, 2, 1, 2, 1), (2, 2, 2, 1, 2, 2, 1), (2, 2, 2, 1, 2, 1, 1)]  below  [67s]
start   60 gauss    I = 2.8751798055979  I-I_ME = -5.198e-02  |grad| = 3.0e-10  nonproj = 8.7e-02  ranks = [(1, 2, 1, 2, 2, 2, 2), (2, 2, 1, 2, 1, 2, 2), (2, 1, 1, 2, 1, 2, 2), (2, 1, 2, 2, 1, 2, 2)]  below  [68s]
start   61 rank     I = 2.4703361258185  I-I_ME = -4.568e-01  |grad| = 4.5e-08  nonproj = 1.2e-01  ranks = [(0, 0, 1, 2, 4, 3, 3), (0, 3, 5, 6, 6, 4, 2), (5, 5, 3, 2, 2, 2, 0), (6, 1, 0, 1, 2, 3, 3)]  below  [70s]
start   62 rank1    I = 2.7751793378522  I-I_ME = -1.520e-01  |grad| = 4.9e-10  nonproj = 1.5e-01  ranks = [(2, 1, 2, 2, 2, 2, 2), (2, 1, 2, 1, 2, 2, 2), (2, 1, 2, 2, 2, 2, 2), (2, 2, 2, 2, 1, 2, 2)]  below  [71s]
start   63 frame    I = 2.8751798055979  I-I_ME = -5.198e-02  |grad| = 3.5e-10  nonproj = 7.2e-02  ranks = [(1, 2, 1, 2, 2, 1, 2), (1, 2, 2, 2, 2, 1, 2), (1, 2, 2, 1, 2, 1, 2), (2, 2, 2, 1, 2, 2, 2)]  below  [72s]
start   64 dkzpert  I = 2.8751798055976  I-I_ME = -5.198e-02  |grad| = 1.4e-09  nonproj = 7.3e-02  ranks = [(1, 2, 1, 2, 2, 1, 2), (1, 2, 1, 2, 2, 1, 2), (1, 2, 2, 2, 2, 2, 2), (2, 2, 2, 1, 2, 2, 1)]  below  [73s]
start   65 dkzcomp  I = 2.8751798055979  I-I_ME = -5.198e-02  |grad| = 2.0e-09  nonproj = 4.5e-02  ranks = [(2, 1, 2, 1, 1, 2, 2), (2, 1, 2, 1, 2, 2, 2), (2, 2, 2, 2, 2, 1, 2), (2, 2, 1, 2, 1, 1, 2)]  below  [75s]
start   66 gauss    I = 2.8751798055979  I-I_ME = -5.198e-02  |grad| = 4.0e-10  nonproj = 7.4e-02  ranks = [(2, 1, 1, 1, 2, 2, 2), (2, 2, 2, 2, 2, 2, 2), (2, 2, 1, 1, 1, 2, 2), (2, 2, 1, 1, 1, 2, 2)]  below  [76s]
start   67 rank     I = 2.5620187026131  I-I_ME = -3.651e-01  |grad| = 1.2e-08  nonproj = 1.2e-01  ranks = [(0, 1, 0, 5, 1, 1, 3), (1, 4, 1, 5, 1, 1, 3), (4, 4, 1, 2, 1, 2, 5), (3, 1, 1, 1, 5, 5, 4)]  below  [78s]
start   68 rank1    I = 2.7751793378522  I-I_ME = -1.520e-01  |grad| = 5.7e-10  nonproj = 7.0e-02  ranks = [(2, 2, 2, 2, 2, 2, 2), (2, 1, 1, 2, 2, 2, 2), (2, 2, 2, 2, 2, 2, 1), (2, 2, 1, 2, 1, 2, 1)]  below  [78s]
start   69 frame    I = 2.8751798055979  I-I_ME = -5.198e-02  |grad| = 3.7e-10  nonproj = 1.0e-01  ranks = [(2, 2, 2, 1, 1, 2, 2), (1, 2, 2, 1, 1, 2, 2), (1, 2, 2, 1, 1, 2, 2), (1, 2, 2, 2, 2, 2, 2)]  below  [79s]
start   70 dkzpert  I = 2.8751798055979  I-I_ME = -5.198e-02  |grad| = 1.0e-10  nonproj = 8.9e-02  ranks = [(2, 2, 1, 2, 1, 2, 1), (2, 2, 1, 2, 1, 2, 1), (2, 2, 2, 2, 1, 2, 1), (2, 2, 2, 1, 2, 2, 2)]  below  [80s]
start   71 dkzcomp  I = 2.8751798055979  I-I_ME = -5.198e-02  |grad| = 3.6e-10  nonproj = 9.6e-02  ranks = [(1, 2, 2, 2, 1, 2, 1), (1, 2, 2, 2, 1, 2, 1), (1, 2, 2, 2, 1, 2, 1), (2, 2, 2, 2, 2, 2, 2)]  below  [81s]
start   72 gauss    I = 2.7751793378522  I-I_ME = -1.520e-01  |grad| = 2.0e-11  nonproj = 8.6e-02  ranks = [(2, 2, 2, 3, 3, 2, 1), (3, 2, 1, 2, 2, 1, 2), (2, 1, 2, 2, 2, 1, 2), (2, 2, 2, 1, 2, 2, 3)]  below  [82s]
start   73 rank     I = 2.7566273948309  I-I_ME = -1.705e-01  |grad| = 5.9e-11  nonproj = 5.8e-02  ranks = [(3, 3, 0, 3, 1, 1, 3), (3, 1, 1, 3, 1, 2, 2), (3, 1, 2, 2, 2, 3, 1), (3, 1, 3, 1, 3, 2, 0)]  below  [84s]
start   74 rank1    I = 2.8751798055979  I-I_ME = -5.198e-02  |grad| = 7.2e-07  nonproj = 6.8e-02  ranks = [(1, 1, 2, 2, 2, 1, 2), (1, 1, 2, 2, 2, 1, 2), (1, 2, 2, 2, 2, 2, 2), (2, 2, 1, 2, 2, 2, 1)]  below  [86s]
start   75 frame    I = 2.7751793378520  I-I_ME = -1.520e-01  |grad| = 1.3e-06  nonproj = 3.7e-02  ranks = [(2, 2, 2, 1, 2, 2, 2), (1, 1, 2, 2, 2, 2, 2), (1, 2, 2, 2, 2, 1, 2), (1, 2, 2, 2, 2, 1, 2)]  below  [88s]
start   76 dkzpert  I = 2.8751798055979  I-I_ME = -5.198e-02  |grad| = 2.5e-10  nonproj = 5.1e-02  ranks = [(2, 1, 2, 2, 2, 2, 2), (1, 1, 2, 1, 2, 2, 2), (1, 1, 2, 1, 2, 2, 2), (1, 2, 2, 1, 2, 2, 2)]  below  [89s]
start   77 dkzcomp  I = 2.8751798055979  I-I_ME = -5.198e-02  |grad| = 2.5e-10  nonproj = 6.1e-02  ranks = [(2, 1, 1, 2, 2, 1, 2), (2, 1, 1, 2, 2, 1, 2), (2, 2, 2, 2, 2, 2, 2), (2, 2, 1, 1, 2, 2, 1)]  below  [90s]
start   78 gauss    I = 2.7751793378522  I-I_ME = -1.520e-01  |grad| = 1.3e-11  nonproj = 7.9e-02  ranks = [(2, 1, 2, 2, 3, 2, 2), (1, 2, 3, 3, 2, 2, 2), (2, 3, 2, 2, 1, 2, 1), (2, 2, 1, 2, 1, 2, 2)]  below  [91s]
start   79 rank     I = 2.5620187026126  I-I_ME = -3.651e-01  |grad| = 4.1e-10  nonproj = 9.5e-02  ranks = [(1, 4, 1, 3, 5, 2, 1), (4, 3, 2, 4, 3, 1, 1), (5, 0, 4, 2, 1, 2, 5), (1, 0, 3, 0, 1, 4, 4)]  below  [92s]
start   80 rank1    I = 2.7751793378522  I-I_ME = -1.520e-01  |grad| = 4.5e-10  nonproj = 8.4e-02  ranks = [(2, 2, 2, 2, 1, 2, 2), (2, 1, 2, 1, 2, 2, 2), (1, 1, 2, 2, 2, 2, 2), (2, 2, 2, 2, 2, 2, 2)]  below  [93s]
start   81 frame    I = 2.7751793378522  I-I_ME = -1.520e-01  |grad| = 2.1e-06  nonproj = 5.6e-02  ranks = [(2, 2, 1, 2, 1, 2, 1), (2, 2, 1, 2, 2, 2, 2), (2, 1, 2, 2, 2, 2, 1), (2, 2, 2, 2, 2, 2, 2)]  below  [94s]
start   82 dkzpert  I = 2.7751793378522  I-I_ME = -1.520e-01  |grad| = 4.1e-10  nonproj = 9.3e-02  ranks = [(2, 2, 2, 1, 2, 2, 2), (2, 2, 2, 2, 2, 2, 3), (1, 1, 2, 2, 2, 2, 2), (1, 2, 2, 2, 2, 1, 2)]  below  [95s]
start   83 dkzcomp  I = 2.8751798055979  I-I_ME = -5.198e-02  |grad| = 7.9e-10  nonproj = 4.2e-02  ranks = [(1, 2, 2, 2, 2, 2, 2), (1, 2, 2, 2, 1, 1, 2), (2, 2, 2, 2, 1, 1, 2), (2, 1, 2, 2, 1, 1, 2)]  below  [96s]
start   84 gauss    I = 2.7751793378522  I-I_ME = -1.520e-01  |grad| = 6.3e-10  nonproj = 9.0e-02  ranks = [(3, 2, 2, 2, 2, 2, 2), (2, 1, 2, 2, 1, 2, 3), (1, 1, 2, 2, 1, 2, 2), (1, 2, 3, 3, 2, 2, 2)]  below  [98s]
start   85 rank     I = 2.5581996087465  I-I_ME = -3.690e-01  |grad| = 9.2e-10  nonproj = 1.0e-01  ranks = [(2, 2, 1, 4, 5, 4, 0), (5, 4, 2, 4, 1, 2, 1), (4, 1, 1, 3, 0, 2, 4), (1, 2, 3, 2, 0, 3, 5)]  below  [99s]
start   86 rank1    I = 2.7751793378522  I-I_ME = -1.520e-01  |grad| = 3.1e-10  nonproj = 7.3e-02  ranks = [(2, 2, 2, 2, 2, 1, 2), (1, 2, 2, 2, 2, 1, 2), (2, 2, 2, 2, 1, 2, 2), (1, 2, 1, 2, 2, 2, 2)]  below  [100s]
start   87 frame    I = 2.7751793378522  I-I_ME = -1.520e-01  |grad| = 5.5e-10  nonproj = 6.2e-02  ranks = [(2, 1, 1, 2, 1, 2, 2), (2, 2, 2, 2, 2, 2, 2), (1, 2, 1, 2, 2, 2, 2), (2, 2, 2, 2, 2, 2, 2)]  below  [101s]
start   88 dkzpert  I = 2.8751798055979  I-I_ME = -5.198e-02  |grad| = 1.1e-10  nonproj = 6.1e-02  ranks = [(1, 2, 2, 2, 1, 1, 2), (1, 2, 2, 2, 1, 2, 2), (2, 2, 2, 2, 1, 2, 1), (2, 1, 2, 2, 2, 2, 1)]  below  [102s]
start   89 dkzcomp  I = 2.8751798055979  I-I_ME = -5.198e-02  |grad| = 4.8e-08  nonproj = 9.1e-02  ranks = [(1, 2, 2, 2, 2, 1, 2), (2, 2, 1, 2, 2, 1, 2), (2, 1, 1, 2, 2, 2, 2), (2, 1, 1, 2, 2, 2, 1)]  below  [103s]
# BEST d=7 D=11: I = 2.8751798055979  I_ME = 2.9271609424245  I-I_ME = -5.198e-02  (init rank1)  counts {'below': 90}
