# d=6 D=11 nstart=90 seed=6011  I_ME(d) = 2.9202036063791
start    0 gauss    I = 2.8992578833655  I-I_ME = -2.095e-02  |grad| = 1.9e-10  nonproj = 2.9e-02  ranks = [(2, 2, 1, 2, 2, 2), (2, 2, 1, 2, 2, 2), (2, 2, 1, 2, 2, 2), (2, 2, 2, 2, 2, 2)]  below  [1s]
start    1 rank     I = 2.3712060747446  I-I_ME = -5.490e-01  |grad| = 1.1e-10  nonproj = 1.5e-01  ranks = [(6, 2, 0, 0, 5, 5), (4, 0, 1, 2, 6, 3), (3, 0, 3, 6, 5, 1), (4, 5, 6, 4, 0, 2)]  below  [2s]
start    2 rank1    I = 2.8992578833655  I-I_ME = -2.095e-02  |grad| = 5.7e-07  nonproj = 5.8e-02  ranks = [(2, 2, 1, 2, 2, 2), (2, 2, 1, 2, 2, 2), (2, 2, 1, 2, 2, 2), (2, 2, 2, 2, 2, 2)]  below  [3s]
start    3 frame    I = 2.8992578833655  I-I_ME = -2.095e-02  |grad| = 4.7e-10  nonproj = 6.1e-02  ranks = [(2, 2, 2, 2, 2, 2), (2, 1, 2, 2, 2, 2), (2, 1, 2, 2, 2, 2), (2, 1, 2, 2, 2, 2)]  below  [3s]
start    4 dkzpert  I = 2.8992578833655  I-I_ME = -2.095e-02  |grad| = 3.3e-10  nonproj = 9.5e-02  ranks = [(1, 2, 2, 2, 2, 2), (1, 2, 2, 2, 2, 2), (1, 2, 2, 2, 2, 2), (2, 2, 2, 2, 2, 2)]  below  [3s]
start    5 dkzcomp  I = 2.8992578833655  I-I_ME = -2.095e-02  |grad| = 4.1e-10  nonproj = 2.8e-02  ranks = [(2, 2, 2, 1, 2, 2), (2, 2, 2, 1, 2, 2), (2, 2, 2, 2, 2, 2), (2, 2, 2, 2, 1, 2)]  below  [4s]
start    6 gauss    I = 2.7952452022478  I-I_ME = -1.250e-01  |grad| = 1.7e-11  nonproj = 7.2e-02  ranks = [(2, 2, 2, 2, 2, 2), (3, 2, 3, 2, 3, 3), (2, 1, 3, 1, 2, 2), (2, 2, 3, 1, 2, 2)]  below  [5s]
start    7 rank     I = 2.4837743008417  I-I_ME = -4.364e-01  |grad| = 4.0e-07  nonproj = 1.1e-01  ranks = [(0, 2, 4, 3, 6, 3), (3, 5, 4, 1, 3, 2), (6, 2, 2, 1, 3, 3), (5, 0, 1, 2, 2, 5)]  below  [5s]
start    8 rank1    I = 2.8992578833655  I-I_ME = -2.095e-02  |grad| = 1.9e-10  nonproj = 5.9e-02  ranks = [(2, 2, 2, 2, 2, 1), (2, 2, 2, 2, 2, 1), (2, 2, 2, 2, 2, 2), (1, 2, 2, 2, 2, 2)]  below  [6s]
start    9 frame    I = 2.8992578833654  I-I_ME = -2.095e-02  |grad| = 5.1e-10  nonproj = 5.2e-05  ranks = [(1, 2, 2, 2, 2, 2), (1, 2, 2, 2, 2, 2), (1, 2, 2, 2, 2, 2), (2, 2, 2, 2, 2, 2)]  below  [6s]
start   10 dkzpert  I = 2.8992578833655  I-I_ME = -2.095e-02  |grad| = 3.4e-10  nonproj = 2.0e-02  ranks = [(2, 2, 2, 2, 1, 2), (2, 2, 2, 2, 1, 2), (2, 2, 2, 2, 2, 2), (2, 2, 2, 2, 2, 1)]  below  [7s]
start   11 dkzcomp  I = 2.8992578833655  I-I_ME = -2.095e-02  |grad| = 2.5e-10  nonproj = 4.1e-02  ranks = [(2, 2, 2, 2, 2, 2), (2, 1, 2, 2, 2, 2), (2, 1, 2, 2, 2, 2), (2, 1, 2, 2, 2, 2)]  below  [7s]
start   12 gauss    I = 2.7952452022478  I-I_ME = -1.250e-01  |grad| = 4.8e-10  nonproj = 1.1e-01  ranks = [(2, 2, 1, 2, 3, 3), (1, 2, 2, 3, 3, 2), (1, 2, 3, 2, 2, 2), (2, 3, 3, 1, 2, 2)]  below  [8s]
start   13 rank     I = 2.4740636987129  I-I_ME = -4.461e-01  |grad| = 5.6e-10  nonproj = 1.5e-01  ranks = [(1, 6, 5, 2, 3, 1), (4, 5, 0, 1, 3, 1), (6, 2, 0, 2, 4, 3), (4, 0, 1, 5, 5, 5)]  below  [9s]
start   14 rank1    I = 2.8992578833655  I-I_ME = -2.095e-02  |grad| = 9.2e-09  nonproj = 3.9e-03  ranks = [(2, 2, 2, 2, 2, 2), (2, 2, 1, 2, 2, 2), (2, 2, 1, 2, 2, 2), (2, 2, 1, 2, 2, 2)]  below  [10s]
start   15 frame    I = 2.8992578833655  I-I_ME = -2.095e-02  |grad| = 3.6e-10  nonproj = 7.9e-02  ranks = [(2, 1, 2, 2, 2, 2), (2, 1, 2, 2, 2, 2), (2, 2, 2, 2, 2, 2), (2, 2, 1, 2, 2, 2)]  below  [10s]
start   16 dkzpert  I = 2.8992578833655  I-I_ME = -2.095e-02  |grad| = 2.4e-11  nonproj = 6.6e-02  ranks = [(2, 2, 1, 2, 2, 2), (2, 2, 1, 2, 2, 2), (2, 2, 1, 2, 2, 2), (2, 2, 2, 2, 2, 2)]  below  [11s]
start   17 dkzcomp  I = 2.8992578833655  I-I_ME = -2.095e-02  |grad| = 3.8e-10  nonproj = 4.5e-02  ranks = [(2, 2, 2, 2, 1, 2), (2, 2, 2, 2, 2, 2), (2, 2, 2, 2, 2, 1), (2, 2, 2, 2, 2, 1)]  below  [12s]
start   18 gauss    I = 2.8992578833655  I-I_ME = -2.095e-02  |grad| = 8.5e-11  nonproj = 7.8e-02  ranks = [(2, 2, 2, 2, 2, 2), (2, 2, 2, 2, 2, 1), (2, 2, 2, 2, 2, 1), (2, 2, 2, 2, 2, 1)]  below  [12s]
start   19 rank     I = 2.6906446059270  I-I_ME = -2.296e-01  |grad| = 4.6e-10  nonproj = 1.1e-01  ranks = [(3, 2, 4, 4, 2, 2), (2, 2, 4, 0, 2, 2), (1, 3, 4, 0, 2, 2), (2, 4, 3, 0, 2, 2)]  below  [13s]
start   20 rank1    I = 2.8992578833655  I-I_ME = -2.095e-02  |grad| = 5.6e-10  nonproj = 4.7e-02  ranks = [(2, 1, 2, 2, 2, 2), (2, 1, 2, 2, 2, 2), (2, 1, 2, 2, 2, 2), (2, 2, 2, 2, 2, 2)]  below  [14s]
start   21 frame    I = 2.8992578833655  I-I_ME = -2.095e-02  |grad| = 5.8e-10  nonproj = 3.4e-02  ranks = [(2, 2, 2, 2, 2, 2), (1, 2, 2, 2, 2, 2), (1, 2, 2, 2, 2, 2), (1, 2, 2, 2, 2, 2)]  below  [14s]
start   22 dkzpert  I = 2.8992578833655  I-I_ME = -2.095e-02  |grad| = 1.0e-10  nonproj = 6.5e-02  ranks = [(2, 1, 2, 2, 2, 2), (2, 2, 2, 2, 2, 2), (2, 2, 1, 2, 2, 2), (2, 2, 1, 2, 2, 2)]  below  [15s]
start   23 dkzcomp  I = 2.8992578833655  I-I_ME = -2.095e-02  |grad| = 3.3e-10  nonproj = 6.7e-02  ranks = [(2, 2, 2, 2, 2, 2), (2, 2, 2, 2, 2, 1), (2, 2, 2, 2, 2, 1), (2, 2, 2, 2, 2, 1)]  below  [15s]
start   24 gauss    I = 2.8992578833655  I-I_ME = -2.095e-02  |grad| = 1.2e-11  nonproj = 7.1e-02  ranks = [(1, 2, 2, 2, 2, 2), (2, 2, 2, 2, 2, 2), (2, 1, 2, 2, 2, 2), (2, 1, 2, 2, 2, 2)]  below  [16s]
start   25 rank     I = 2.3836898305588  I-I_ME = -5.365e-01  |grad| = 7.3e-11  nonproj = 1.0e-01  ranks = [(2, 1, 1, 5, 6, 2), (3, 4, 6, 7, 2, 0), (6, 5, 4, 2, 0, 3), (4, 3, 1, 1, 1, 5)]  below  [18s]
start   26 rank1    I = 2.8992578833655  I-I_ME = -2.095e-02  |grad| = 6.6e-11  nonproj = 7.1e-03  ranks = [(2, 2, 2, 1, 2, 2), (2, 2, 2, 2, 2, 2), (2, 2, 2, 2, 1, 2), (2, 2, 2, 2, 1, 2)]  below  [18s]
start   27 frame    I = 2.8992578833655  I-I_ME = -2.095e-02  |grad| = 1.2e-10  nonproj = 1.2e-01  ranks = [(2, 1, 2, 2, 2, 2), (2, 2, 2, 2, 2, 2), (2, 2, 1, 2, 2, 2), (2, 2, 1, 2, 2, 2)]  below  [19s]
start   28 dkzpert  I = 2.8992578833655  I-I_ME = -2.095e-02  |grad| = 4.7e-10  nonproj = 6.9e-02  ranks = [(2, 2, 1, 2, 2, 2), (2, 2, 1, 2, 2, 2), (2, 2, 2, 2, 2, 2), (2, 2, 2, 1, 2, 2)]  below  [19s]
start   29 dkzcomp  I = 2.8992578833655  I-I_ME = -2.095e-02  |grad| = 1.2e-10  nonproj = 1.4e-02  ranks = [(2, 1, 2, 2, 2, 2), (2, 1, 2, 2, 2, 2), (2, 1, 2, 2, 2, 2), (2, 2, 2, 2, 2, 2)]  below  [19s]
start   30 gauss    I = 2.7952452022478  I-I_ME = -1.250e-01  |grad| = 4.2e-10  nonproj = 8.5e-02  ranks = [(3, 2, 3, 3, 3, 2), (2, 2, 2, 2, 2, 1), (2, 3, 2, 2, 2, 1), (2, 3, 1, 2, 2, 2)]  below  [20s]
start   31 rank     I = 2.5644375668671  I-I_ME = -3.558e-01  |grad| = 4.0e-10  nonproj = 1.2e-01  ranks = [(4, 0, 1, 3, 4, 1), (4, 3, 5, 5, 3, 5), (0, 3, 2, 1, 1, 4), (1, 5, 2, 1, 1, 4)]  below  [21s]
start   32 rank1    I = 2.8992578833655  I-I_ME = -2.095e-02  |grad| = 9.2e-11  nonproj = 1.3e-02  ranks = [(2, 2, 2, 2, 1, 2), (2, 2, 2, 2, 2, 2), (2, 2, 2, 2, 2, 1), (2, 2, 2, 2, 2, 1)]  below  [22s]
start   33 frame    I = 2.8992578833655  I-I_ME = -2.095e-02  |grad| = 2.5e-10  nonproj = 5.1e-03  ranks = [(2, 2, 2, 2, 2, 1), (2, 2, 2, 2, 2, 1), (2, 2, 2, 2, 2, 2), (1, 2, 2, 2, 2, 2)]  below  [23s]
start   34 dkzpert  I = 2.8992578833655  I-I_ME = -2.095e-02  |grad| = 2.2e-10  nonproj = 3.1e-02  ranks = [(2, 2, 2, 2, 2, 1), (2, 2, 2, 2, 2, 2), (1, 2, 2, 2, 2, 2), (1, 2, 2, 2, 2, 2)]  below  [23s]
start   35 dkzcomp  I = 2.8992578833655  I-I_ME = -2.095e-02  |grad| = 7.8e-11  nonproj = 7.0e-02  ranks = [(2, 2, 2, 2, 2, 2), (2, 2, 2, 2, 2, 1), (2, 2, 2, 2, 2, 1), (2, 2, 2, 2, 2, 1)]  below  [23s]
start   36 gauss    I = 2.8992578833655  I-I_ME = -2.095e-02  |grad| = 2.5e-07  nonproj = 4.7e-02  ranks = [(2, 2, 2, 2, 2, 2), (1, 2, 2, 2, 2, 2), (1, 2, 2, 2, 2, 2), (1, 2, 2, 2, 2, 2)]  below  [24s]
start   37 rank     I = 2.6906446059270  I-I_ME = -2.296e-01  |grad| = 9.9e-11  nonproj = 1.1e-01  ranks = [(2, 2, 4, 3, 1, 2), (2, 3, 4, 1, 1, 1), (3, 4, 3, 1, 2, 1), (4, 3, 2, 2, 4, 2)]  below  [24s]
start   38 rank1    I = 2.8992578833655  I-I_ME = -2.095e-02  |grad| = 1.5e-10  nonproj = 1.5e-02  ranks = [(2, 2, 2, 1, 2, 2), (2, 2, 2, 1, 2, 2), (2, 2, 2, 1, 2, 2), (2, 2, 2, 2, 2, 2)]  below  [25s]
start   39 frame    I = 2.8992578833655  I-I_ME = -2.095e-02  |grad| = 2.1e-10  nonproj = 1.5e-04  ranks = [(1, 2, 2, 2, 2, 2), (1, 2, 2, 2, 2, 2), (1, 2, 2, 2, 2, 2), (2, 2, 2, 2, 2, 2)]  below  [25s]
start   40 dkzpert  I = 2.8992578833655  I-I_ME = -2.095e-02  |grad| = 3.6e-10  nonproj = 1.6e-02  ranks = [(2, 2, 2, 2, 2, 2), (2, 2, 2, 1, 2, 2), (2, 2, 2, 1, 2, 2), (2, 2, 2, 1, 2, 2)]  below  [26s]
start   41 dkzcomp  I = 2.8992578833655  I-I_ME = -2.095e-02  |grad| = 5.0e-10  nonproj = 6.2e-02  ranks = [(2, 2, 2, 2, 2, 2), (1, 2, 2, 2, 2, 2), (1, 2, 2, 2, 2, 2), (1, 2, 2, 2, 2, 2)]  below  [26s]
start   42 gauss    I = 2.8992578833655  I-I_ME = -2.095e-02  |grad| = 3.2e-10  nonproj = 3.9e-02  ranks = [(2, 2, 2, 2, 2, 2), (1, 2, 2, 2, 2, 2), (1, 2, 2, 2, 2, 2), (1, 2, 2, 2, 2, 2)]  below  [27s]
start   43 rank     I = 2.4837743008413  I-I_ME = -4.364e-01  |grad| = 3.1e-07  nonproj = 8.5e-02  ranks = [(3, 6, 4, 1, 2, 0), (5, 5, 0, 2, 3, 3), (3, 2, 0, 3, 3, 5), (0, 2, 2, 6, 4, 4)]  below  [30s]
start   44 rank1    I = 2.8992578833655  I-I_ME = -2.095e-02  |grad| = 3.9e-10  nonproj = 5.4e-02  ranks = [(2, 2, 2, 2, 2, 1), (2, 2, 2, 2, 2, 2), (1, 2, 2, 2, 2, 2), (1, 2, 2, 2, 2, 2)]  below  [31s]
start   45 frame    I = 2.8992578833655  I-I_ME = -2.095e-02  |grad| = 1.7e-10  nonproj = 5.6e-02  ranks = [(2, 2, 2, 2, 2, 2), (2, 2, 2, 2, 2, 1), (2, 2, 2, 2, 2, 1), (2, 2, 2, 2, 2, 1)]  below  [31s]
start   46 dkzpert  I = 2.8992578833655  I-I_ME = -2.095e-02  |grad| = 4.9e-10  nonproj = 5.6e-02  ranks = [(2, 2, 2, 2, 2, 1), (2, 2, 2, 2, 2, 2), (1, 2, 2, 2, 2, 2), (1, 2, 2, 2, 2, 2)]  below  [31s]
start   47 dkzcomp  I = 2.8992578833655  I-I_ME = -2.095e-02  |grad| = 2.2e-10  nonproj = 7.7e-02  ranks = [(2, 2, 1, 2, 2, 2), (2, 2, 2, 2, 2, 2), (2, 2, 2, 1, 2, 2), (2, 2, 2, 1, 2, 2)]  below  [32s]
start   48 gauss    I = 2.8992578833655  I-I_ME = -2.095e-02  |grad| = 4.0e-10  nonproj = 3.9e-02  ranks = [(2, 2, 2, 1, 2, 2), (2, 2, 2, 2, 2, 2), (2, 2, 2, 2, 1, 2), (2, 2, 2, 2, 1, 2)]  below  [32s]
start   49 rank     I = 2.3836898305570  I-I_ME = -5.365e-01  |grad| = 1.5e-10  nonproj = 1.2e-01  ranks = [(6, 2, 4, 1, 0, 5), (2, 1, 2, 1, 4, 7), (0, 2, 2, 3, 7, 3), (1, 3, 4, 5, 5, 0)]  below  [33s]
start   50 rank1    I = 2.8992578833655  I-I_ME = -2.095e-02  |grad| = 3.9e-11  nonproj = 6.3e-02  ranks = [(2, 1, 2, 2, 2, 2), (2, 1, 2, 2, 2, 2), (2, 2, 2, 2, 2, 2), (2, 2, 1, 2, 2, 2)]  below  [34s]
start   51 frame    I = 2.8992578833655  I-I_ME = -2.095e-02  |grad| = 3.4e-10  nonproj = 5.4e-02  ranks = [(2, 2, 2, 2, 2, 2), (2, 2, 2, 2, 2, 1), (2, 2, 2, 2, 2, 1), (2, 2, 2, 2, 2, 1)]  below  [34s]
start   52 dkzpert  I = 2.8992578833655  I-I_ME = -2.095e-02  |grad| = 2.1e-10  nonproj = 3.6e-02  ranks = [(2, 2, 2, 1, 2, 2), (2, 2, 2, 1, 2, 2), (2, 2, 2, 1, 2, 2), (2, 2, 2, 2, 2, 2)]  below  [34s]
start   53 dkzcomp  I = 2.8992578833655  I-I_ME = -2.095e-02  |grad| = 5.9e-11  nonproj = 6.1e-02  ranks = [(2, 2, 2, 2, 1, 2), (2, 2, 2, 2, 1, 2), (2, 2, 2, 2, 1, 2), (2, 2, 2, 2, 2, 2)]  below  [35s]
start   54 gauss    I = 2.7952452022478  I-I_ME = -1.250e-01  |grad| = 1.3e-06  nonproj = 2.8e-02  ranks = [(2, 2, 2, 2, 2, 1), (3, 2, 2, 2, 2, 1), (3, 1, 2, 2, 2, 2), (2, 2, 3, 3, 3, 3)]  below  [35s]
start   55 rank     I = 2.7827614464348  I-I_ME = -1.374e-01  |grad| = 4.2e-10  nonproj = 6.6e-02  ranks = [(2, 3, 2, 3, 3, 2), (3, 2, 3, 2, 2, 1), (3, 1, 3, 1, 2, 1), (3, 1, 3, 1, 2, 2)]  below  [36s]
start   56 rank1    I = 2.8992578833655  I-I_ME = -2.095e-02  |grad| = 5.3e-10  nonproj = 4.3e-02  ranks = [(2, 2, 2, 2, 2, 1), (2, 2, 2, 2, 2, 2), (1, 2, 2, 2, 2, 2), (1, 2, 2, 2, 2, 2)]  below  [37s]
start   57 frame    I = 2.8992578833655  I-I_ME = -2.095e-02  |grad| = 6.9e-11  nonproj = 3.1e-02  ranks = [(2, 1, 2, 2, 2, 2), (2, 1, 2, 2, 2, 2), (2, 2, 2, 2, 2, 2), (2, 2, 1, 2, 2, 2)]  below  [37s]
start   58 dkzpert  I = 2.8992578833655  I-I_ME = -2.095e-02  |grad| = 1.9e-10  nonproj = 3.9e-03  ranks = [(1, 2, 2, 2, 2, 2), (1, 2, 2, 2, 2, 2), (1, 2, 2, 2, 2, 2), (2, 2, 2, 2, 2, 2)]  below  [37s]
start   59 dkzcomp  I = 2.8992578833655  I-I_ME = -2.095e-02  |grad| = 2.1e-11  nonproj = 5.2e-02  ranks = [(2, 2, 2, 2, 2, 2), (2, 1, 2, 2, 2, 2), (2, 1, 2, 2, 2, 2), (2, 1, 2, 2, 2, 2)]  below  [38s]
start   60 gauss    I = 2.7952452022478  I-I_ME = -1.250e-01  |grad| = 1.3e-09  nonproj = 7.2e-02  ranks = [(2, 2, 2, 2, 1, 2), (2, 3, 2, 2, 1, 2), (3, 3, 1, 2, 2, 3), (2, 2, 2, 3, 3, 2)]  below  [38s]
start   61 rank     I = 2.5780763798306  I-I_ME = -3.421e-01  |grad| = 3.5e-11  nonproj = 1.0e-01  ranks = [(3, 2, 0, 3, 2, 5), (1, 1, 2, 4, 4, 4), (2, 2, 5, 3, 3, 2), (3, 3, 4, 0, 3, 2)]  below  [39s]
start   62 rank1    I = 2.8992578833655  I-I_ME = -2.095e-02  |grad| = 4.6e-10  nonproj = 8.6e-02  ranks = [(2, 2, 2, 1, 2, 2), (2, 2, 2, 2, 2, 2), (2, 2, 2, 2, 1, 2), (2, 2, 2, 2, 1, 2)]  below  [39s]
start   63 frame    I = 2.8992578833655  I-I_ME = -2.095e-02  |grad| = 3.8e-10  nonproj = 3.9e-02  ranks = [(2, 2, 2, 2, 2, 1), (2, 2, 2, 2, 2, 1), (2, 2, 2, 2, 2, 1), (2, 2, 2, 2, 2, 2)]  below  [40s]
start   64 dkzpert  I = 2.8992578833655  I-I_ME = -2.095e-02  |grad| = 2.1e-06  nonproj = 6.8e-02  ranks = [(2, 1, 2, 2, 2, 2), (2, 1, 2, 2, 2, 2), (2, 2, 2, 2, 2, 2), (2, 2, 1, 2, 2, 2)]  below  [40s]
start   65 dkzcomp  I = 2.8992578833655  I-I_ME = -2.095e-02  |grad| = 3.5e-10  nonproj = 7.0e-02  ranks = [(2, 2, 2, 2, 2, 1), (2, 2, 2, 2, 2, 2), (1, 2, 2, 2, 2, 2), (1, 2, 2, 2, 2, 2)]  below  [40s]
start   66 gauss    I = 2.8992578833655  I-I_ME = -2.095e-02  |grad| = 1.0e-11  nonproj = 2.5e-02  ranks = [(2, 2, 1, 2, 2, 2), (2, 2, 2, 2, 2, 2), (2, 2, 2, 1, 2, 2), (2, 2, 2, 1, 2, 2)]  below  [41s]
start   67 rank     I = 2.4877025116764  I-I_ME = -4.325e-01  |grad| = 7.5e-10  nonproj = 1.1e-01  ranks = [(5, 1, 1, 1, 3, 6), (1, 0, 4, 4, 2, 5), (1, 2, 5, 1, 3, 4), (2, 5, 4, 2, 2, 2)]  below  [41s]
start   68 rank1    I = 2.8992578833655  I-I_ME = -2.095e-02  |grad| = 7.1e-10  nonproj = 4.5e-02  ranks = [(2, 2, 2, 2, 2, 1), (2, 2, 2, 2, 2, 2), (1, 2, 2, 2, 2, 2), (1, 2, 2, 2, 2, 2)]  below  [42s]
start   69 frame    I = 2.8992578833655  I-I_ME = -2.095e-02  |grad| = 8.4e-10  nonproj = 1.0e-01  ranks = [(2, 2, 1, 2, 2, 2), (2, 2, 2, 2, 2, 2), (2, 2, 2, 1, 2, 2), (2, 2, 2, 1, 2, 2)]  below  [42s]
start   70 dkzpert  I = 2.8992578833655  I-I_ME = -2.095e-02  |grad| = 4.8e-10  nonproj = 1.6e-02  ranks = [(2, 2, 2, 2, 2, 2), (2, 2, 2, 2, 2, 1), (2, 2, 2, 2, 2, 1), (2, 2, 2, 2, 2, 1)]  below  [42s]
start   71 dkzcomp  I = 2.8992578833655  I-I_ME = -2.095e-02  |grad| = 1.6e-10  nonproj = 7.2e-02  ranks = [(2, 2, 2, 1, 2, 2), (2, 2, 2, 1, 2, 2), (2, 2, 2, 1, 2, 2), (2, 2, 2, 2, 2, 2)]  below  [43s]
start   72 gauss    I = 2.8992578833655  I-I_ME = -2.095e-02  |grad| = 4.1e-10  nonproj = 9.9e-03  ranks = [(2, 1, 2, 2, 2, 2), (2, 1, 2, 2, 2, 2), (2, 1, 2, 2, 2, 2), (2, 2, 2, 2, 2, 2)]  below  [43s]
start   73 rank     I = 2.6906446059270  I-I_ME = -2.296e-01  |grad| = 3.7e-07  nonproj = 5.6e-02  ranks = [(3, 2, 3, 4, 2, 3), (2, 0, 2, 3, 1, 3), (3, 2, 3, 3, 3, 4), (2, 1, 1, 2, 3, 2)]  below  [45s]
start   74 rank1    I = 2.8992578833655  I-I_ME = -2.095e-02  |grad| = 3.3e-10  nonproj = 3.7e-02  ranks = [(2, 1, 2, 2, 2, 2), (2, 2, 2, 2, 2, 2), (2, 2, 1, 2, 2, 2), (2, 2, 1, 2, 2, 2)]  below  [46s]
start   75 frame    I = 2.8992578833655  I-I_ME = -2.095e-02  |grad| = 2.8e-10  nonproj = 4.4e-02  ranks = [(1, 2, 2, 2, 2, 2), (1, 2, 2, 2, 2, 2), (1, 2, 2, 2, 2, 2), (2, 2, 2, 2, 2, 2)]  below  [46s]
start   76 dkzpert  I = 2.8992578833655  I-I_ME = -2.095e-02  |grad| = 3.1e-10  nonproj = 9.4e-03  ranks = [(2, 1, 2, 2, 2, 2), (2, 2, 2, 2, 2, 2), (2, 2, 1, 2, 2, 2), (2, 2, 1, 2, 2, 2)]  below  [47s]
start   77 dkzcomp  I = 2.8992578833655  I-I_ME = -2.095e-02  |grad| = 7.2e-11  nonproj = 4.8e-02  ranks = [(2, 2, 2, 2, 2, 2), (2, 1, 2, 2, 2, 2), (2, 1, 2, 2, 2, 2), (2, 1, 2, 2, 2, 2)]  below  [47s]
start   78 gauss    I = 2.8992578833655  I-I_ME = -2.095e-02  |grad| = 2.0e-11  nonproj = 4.8e-02  ranks = [(2, 2, 2, 2, 2, 2), (2, 2, 2, 2, 2, 1), (2, 2, 2, 2, 2, 1), (2, 2, 2, 2, 2, 1)]  below  [47s]
start   79 rank     I = 2.6742326392782  I-I_ME = -2.460e-01  |grad| = 8.5e-10  nonproj = 1.2e-01  ranks = [(2, 0, 3, 3, 2, 3), (1, 0, 4, 4, 2, 4), (0, 2, 4, 3, 2, 3), (2, 4, 2, 3, 2, 2)]  below  [48s]
start   80 rank1    I = 2.8992578833655  I-I_ME = -2.095e-02  |grad| = 6.2e-10  nonproj = 1.0e-02  ranks = [(1, 2, 2, 2, 2, 2), (2, 2, 2, 2, 2, 2), (2, 1, 2, 2, 2, 2), (2, 1, 2, 2, 2, 2)]  below  [49s]
start   81 frame    I = 2.8992578833655  I-I_ME = -2.095e-02  |grad| = 8.0e-10  nonproj = 4.0e-02  ranks = [(2, 1, 2, 2, 2, 2), (2, 1, 2, 2, 2, 2), (2, 2, 2, 2, 2, 2), (2, 2, 1, 2, 2, 2)]  below  [49s]
start   82 dkzpert  I = 2.8992578833655  I-I_ME = -2.095e-02  |grad| = 1.3e-10  nonproj = 5.8e-02  ranks = [(2, 2, 2, 1, 2, 2), (2, 2, 2, 1, 2, 2), (2, 2, 2, 2, 2, 2), (2, 2, 2, 2, 1, 2)]  below  [49s]
start   83 dkzcomp  I = 2.8992578833655  I-I_ME = -2.095e-02  |grad| = 3.1e-10  nonproj = 1.6e-02  ranks = [(2, 2, 1, 2, 2, 2), (2, 2, 1, 2, 2, 2), (2, 2, 1, 2, 2, 2), (2, 2, 2, 2, 2, 2)]  below  [49s]
start   84 gauss    I = 2.7952452022478  I-I_ME = -1.250e-01  |grad| = 2.1e-11  nonproj = 7.1e-02  ranks = [(2, 3, 2, 2, 2, 2), (2, 2, 1, 2, 2, 2), (3, 2, 1, 3, 3, 3), (2, 1, 2, 3, 2, 2)]  below  [50s]
start   85 rank     I = 2.3809166768750  I-I_ME = -5.393e-01  |grad| = 2.6e-09  nonproj = 1.4e-01  ranks = [(0, 2, 3, 3, 2, 2), (0, 4, 5, 6, 2, 2), (0, 6, 5, 3, 0, 0), (2, 7, 3, 2, 3, 5)]  below  [51s]
start   86 rank1    I = 2.8992578833655  I-I_ME = -2.095e-02  |grad| = 2.3e-10  nonproj = 3.7e-02  ranks = [(2, 2, 2, 2, 1, 2), (2, 2, 2, 2, 2, 2), (2, 2, 2, 2, 2, 1), (2, 2, 2, 2, 2, 1)]  below  [51s]
start   87 frame    I = 2.8992578833655  I-I_ME = -2.095e-02  |grad| = 3.4e-08  nonproj = 1.6e-02  ranks = [(2, 1, 2, 2, 2, 2), (2, 2, 2, 2, 2, 2), (2, 2, 1, 2, 2, 2), (2, 2, 1, 2, 2, 2)]  below  [51s]
start   88 dkzpert  I = 2.8992578833655  I-I_ME = -2.095e-02  |grad| = 7.3e-10  nonproj = 7.5e-02  ranks = [(1, 2, 2, 2, 2, 2), (1, 2, 2, 2, 2, 2), (1, 2, 2, 2, 2, 2), (2, 2, 2, 2, 2, 2)]  below  [52s]
start   89 dkzcomp  I = 2.7952452022478  I-I_ME = -1.250e-01  |grad| = 3.3e-10  nonproj = 8.6e-02  ranks = [(1, 2, 2, 2, 2, 2), (2, 2, 2, 2, 2, 2), (2, 2, 2, 2, 2, 1), (2, 2, 2, 2, 2, 2)]  below  [52s]
# BEST d=6 D=11: I = 2.8992578833655  I_ME = 2.9202036063791  I-I_ME = -2.095e-02  (init dkzpert)  counts {'below': 90}
