# d=5 D=10 nstart=150 seed=5010  I_ME(d) = 2.9105448080721
start    0 gauss    I = 2.7913636109581  I-I_ME = -1.192e-01  |grad| = 2.7e-10  nonproj = 1.2e-01  ranks = [(3, 3, 3, 2, 2), (2, 2, 2, 3, 3), (1, 2, 2, 3, 2), (1, 2, 2, 3, 2)]  below  [0s]
start    1 rank     I = 2.4364670255862  I-I_ME = -4.741e-01  |grad| = 1.1e-09  nonproj = 1.3e-01  ranks = [(3, 1, 6, 3, 2), (4, 2, 5, 2, 0), (5, 4, 3, 2, 3), (3, 2, 0, 4, 4)]  below  [1s]
start    2 rank1    I = 2.9105448080721  I-I_ME = +4.441e-16  |grad| = 4.7e-10  nonproj = 1.0e-15  ranks = [(2, 2, 2, 2, 2), (2, 2, 2, 2, 2), (2, 2, 2, 2, 2), (2, 2, 2, 2, 2)]  ME  [1s]
start    3 frame    I = 2.9105448080721  I-I_ME = +1.776e-15  |grad| = 8.8e-11  nonproj = 6.7e-16  ranks = [(2, 2, 2, 2, 2), (2, 2, 2, 2, 2), (2, 2, 2, 2, 2), (2, 2, 2, 2, 2)]  ME  [1s]
start    4 dkzpert  I = 2.9105448080721  I-I_ME = +8.882e-16  |grad| = 7.3e-10  nonproj = 3.9e-16  ranks = [(2, 2, 2, 2, 2), (2, 2, 2, 2, 2), (2, 2, 2, 2, 2), (2, 2, 2, 2, 2)]  ME  [1s]
start    5 dkzcomp  I = 2.9105448080721  I-I_ME = +8.882e-16  |grad| = 1.9e-10  nonproj = 6.7e-16  ranks = [(2, 2, 2, 2, 2), (2, 2, 2, 2, 2), (2, 2, 2, 2, 2), (2, 2, 2, 2, 2)]  ME  [1s]
start    6 gauss    I = 2.9105448080721  I-I_ME = +1.332e-15  |grad| = 1.4e-10  nonproj = 6.7e-16  ranks = [(2, 2, 2, 2, 2), (2, 2, 2, 2, 2), (2, 2, 2, 2, 2), (2, 2, 2, 2, 2)]  ME  [1s]
start    7 rank     I = 2.4364670255857  I-I_ME = -4.741e-01  |grad| = 9.8e-11  nonproj = 1.2e-01  ranks = [(2, 4, 6, 4, 3), (5, 1, 4, 2, 1), (6, 0, 3, 2, 0), (6, 0, 2, 3, 3)]  below  [2s]
start    8 rank1    I = 2.9105448080721  I-I_ME = +8.882e-16  |grad| = 4.5e-11  nonproj = 5.6e-16  ranks = [(2, 2, 2, 2, 2), (2, 2, 2, 2, 2), (2, 2, 2, 2, 2), (2, 2, 2, 2, 2)]  ME  [2s]
start    9 frame    I = 2.9105448080721  I-I_ME = +1.776e-15  |grad| = 2.5e-10  nonproj = 5.2e-16  ranks = [(2, 2, 2, 2, 2), (2, 2, 2, 2, 2), (2, 2, 2, 2, 2), (2, 2, 2, 2, 2)]  ME  [2s]
start   10 dkzpert  I = 2.9105448080721  I-I_ME = +0.000e+00  |grad| = 7.9e-12  nonproj = 4.4e-16  ranks = [(2, 2, 2, 2, 2), (2, 2, 2, 2, 2), (2, 2, 2, 2, 2), (2, 2, 2, 2, 2)]  ME  [2s]
start   11 dkzcomp  I = 2.9105448080721  I-I_ME = +1.332e-15  |grad| = 4.5e-10  nonproj = 7.2e-16  ranks = [(2, 2, 2, 2, 2), (2, 2, 2, 2, 2), (2, 2, 2, 2, 2), (2, 2, 2, 2, 2)]  ME  [3s]
start   12 gauss    I = 2.9105448080721  I-I_ME = +8.882e-16  |grad| = 1.3e-10  nonproj = 1.3e-15  ranks = [(2, 2, 2, 2, 2), (2, 2, 2, 2, 2), (2, 2, 2, 2, 2), (2, 2, 2, 2, 2)]  ME  [3s]
start   13 rank     I = 2.5543247197151  I-I_ME = -3.562e-01  |grad| = 3.8e-10  nonproj = 1.0e-01  ranks = [(5, 2, 3, 3, 3), (3, 0, 2, 3, 5), (1, 1, 3, 3, 4), (1, 3, 3, 3, 4)]  below  [3s]
start   14 rank1    I = 2.9105448080721  I-I_ME = +0.000e+00  |grad| = 4.1e-10  nonproj = 5.6e-16  ranks = [(2, 2, 2, 2, 2), (2, 2, 2, 2, 2), (2, 2, 2, 2, 2), (2, 2, 2, 2, 2)]  ME  [3s]
start   15 frame    I = 2.9105448080721  I-I_ME = +0.000e+00  |grad| = 4.7e-10  nonproj = 6.7e-16  ranks = [(2, 2, 2, 2, 2), (2, 2, 2, 2, 2), (2, 2, 2, 2, 2), (2, 2, 2, 2, 2)]  ME  [4s]
start   16 dkzpert  I = 2.9105448080721  I-I_ME = +1.776e-15  |grad| = 8.3e-11  nonproj = 3.8e-16  ranks = [(2, 2, 2, 2, 2), (2, 2, 2, 2, 2), (2, 2, 2, 2, 2), (2, 2, 2, 2, 2)]  ME  [4s]
start   17 dkzcomp  I = 2.9105448080721  I-I_ME = +8.882e-16  |grad| = 3.1e-10  nonproj = 1.2e-15  ranks = [(2, 2, 2, 2, 2), (2, 2, 2, 2, 2), (2, 2, 2, 2, 2), (2, 2, 2, 2, 2)]  ME  [4s]
start   18 gauss    I = 2.7913636109581  I-I_ME = -1.192e-01  |grad| = 1.8e-11  nonproj = 7.3e-02  ranks = [(2, 2, 2, 2, 2), (2, 3, 3, 3, 2), (2, 3, 2, 2, 1), (3, 3, 2, 2, 2)]  below  [4s]
start   19 rank     I = 2.5543247197151  I-I_ME = -3.562e-01  |grad| = 9.7e-11  nonproj = 8.6e-02  ranks = [(5, 1, 3, 3, 1), (3, 1, 4, 4, 2), (2, 3, 5, 3, 0), (2, 5, 3, 2, 2)]  below  [4s]
start   20 rank1    I = 2.9105448080721  I-I_ME = -4.441e-16  |grad| = 1.3e-10  nonproj = 1.0e-15  ranks = [(2, 2, 2, 2, 2), (2, 2, 2, 2, 2), (2, 2, 2, 2, 2), (2, 2, 2, 2, 2)]  ME  [4s]
start   21 frame    I = 2.9105448080721  I-I_ME = +1.776e-15  |grad| = 2.4e-09  nonproj = 1.3e-15  ranks = [(2, 2, 2, 2, 2), (2, 2, 2, 2, 2), (2, 2, 2, 2, 2), (2, 2, 2, 2, 2)]  ME  [5s]
start   22 dkzpert  I = 2.9105448080721  I-I_ME = +1.776e-15  |grad| = 2.4e-10  nonproj = 3.9e-16  ranks = [(2, 2, 2, 2, 2), (2, 2, 2, 2, 2), (2, 2, 2, 2, 2), (2, 2, 2, 2, 2)]  ME  [5s]
start   23 dkzcomp  I = 2.9105448080721  I-I_ME = +4.441e-16  |grad| = 3.5e-10  nonproj = 7.2e-16  ranks = [(2, 2, 2, 2, 2), (2, 2, 2, 2, 2), (2, 2, 2, 2, 2), (2, 2, 2, 2, 2)]  ME  [5s]
start   24 gauss    I = 2.9105448080721  I-I_ME = +2.220e-15  |grad| = 1.8e-11  nonproj = 1.4e-15  ranks = [(2, 2, 2, 2, 2), (2, 2, 2, 2, 2), (2, 2, 2, 2, 2), (2, 2, 2, 2, 2)]  ME  [5s]
start   25 rank     I = 2.3106601717798  I-I_ME = -5.999e-01  |grad| = 1.7e-10  nonproj = 1.3e-01  ranks = [(3, 0, 7, 4, 4), (3, 2, 7, 0, 1), (2, 7, 5, 1, 1), (6, 7, 0, 2, 2)]  below  [5s]
start   26 rank1    I = 2.9105448080721  I-I_ME = +8.882e-16  |grad| = 3.4e-10  nonproj = 7.8e-16  ranks = [(2, 2, 2, 2, 2), (2, 2, 2, 2, 2), (2, 2, 2, 2, 2), (2, 2, 2, 2, 2)]  ME  [6s]
start   27 frame    I = 2.9105448080721  I-I_ME = +1.776e-15  |grad| = 3.3e-10  nonproj = 6.7e-16  ranks = [(2, 2, 2, 2, 2), (2, 2, 2, 2, 2), (2, 2, 2, 2, 2), (2, 2, 2, 2, 2)]  ME  [6s]
start   28 dkzpert  I = 2.9105448080721  I-I_ME = +3.109e-15  |grad| = 5.9e-11  nonproj = 6.6e-16  ranks = [(2, 2, 2, 2, 2), (2, 2, 2, 2, 2), (2, 2, 2, 2, 2), (2, 2, 2, 2, 2)]  ME  [6s]
start   29 dkzcomp  I = 2.9105448080721  I-I_ME = +2.665e-15  |grad| = 3.7e-10  nonproj = 1.2e-15  ranks = [(2, 2, 2, 2, 2), (2, 2, 2, 2, 2), (2, 2, 2, 2, 2), (2, 2, 2, 2, 2)]  ME  [6s]
start   30 gauss    I = 2.7913636109580  I-I_ME = -1.192e-01  |grad| = 9.2e-10  nonproj = 2.1e-02  ranks = [(2, 2, 2, 2, 2), (3, 2, 2, 2, 3), (2, 1, 3, 3, 3), (2, 2, 3, 2, 2)]  below  [7s]
start   31 rank     I = 2.6578781103084  I-I_ME = -2.527e-01  |grad| = 1.2e-09  nonproj = 9.9e-02  ranks = [(3, 1, 1, 4, 3), (2, 1, 2, 3, 3), (2, 2, 4, 2, 3), (3, 3, 3, 0, 4)]  below  [7s]
start   32 rank1    I = 2.9105448080721  I-I_ME = +8.882e-16  |grad| = 5.5e-10  nonproj = 1.0e-15  ranks = [(2, 2, 2, 2, 2), (2, 2, 2, 2, 2), (2, 2, 2, 2, 2), (2, 2, 2, 2, 2)]  ME  [7s]
start   33 frame    I = 2.9105448080721  I-I_ME = +8.882e-16  |grad| = 9.5e-10  nonproj = 1.0e-15  ranks = [(2, 2, 2, 2, 2), (2, 2, 2, 2, 2), (2, 2, 2, 2, 2), (2, 2, 2, 2, 2)]  ME  [7s]
start   34 dkzpert  I = 2.9105448080721  I-I_ME = +1.776e-15  |grad| = 5.0e-10  nonproj = 3.2e-16  ranks = [(2, 2, 2, 2, 2), (2, 2, 2, 2, 2), (2, 2, 2, 2, 2), (2, 2, 2, 2, 2)]  ME  [7s]
start   35 dkzcomp  I = 2.9105448080721  I-I_ME = +1.776e-15  |grad| = 3.3e-10  nonproj = 7.8e-16  ranks = [(2, 2, 2, 2, 2), (2, 2, 2, 2, 2), (2, 2, 2, 2, 2), (2, 2, 2, 2, 2)]  ME  [7s]
start   36 gauss    I = 2.7913636109581  I-I_ME = -1.192e-01  |grad| = 3.3e-07  nonproj = 5.3e-02  ranks = [(2, 2, 3, 1, 2), (3, 3, 3, 2, 3), (2, 2, 2, 2, 2), (2, 2, 2, 3, 2)]  below  [8s]
start   37 rank     I = 2.3360912069220  I-I_ME = -5.745e-01  |grad| = 1.7e-09  nonproj = 1.4e-01  ranks = [(5, 5, 1, 1, 5), (3, 2, 3, 6, 6), (1, 2, 7, 5, 1), (2, 3, 6, 1, 0)]  below  [8s]
start   38 rank1    I = 2.9105448080721  I-I_ME = +1.332e-15  |grad| = 3.2e-10  nonproj = 8.9e-16  ranks = [(2, 2, 2, 2, 2), (2, 2, 2, 2, 2), (2, 2, 2, 2, 2), (2, 2, 2, 2, 2)]  ME  [8s]
start   39 frame    I = 2.9105448080721  I-I_ME = +1.776e-15  |grad| = 4.0e-10  nonproj = 6.7e-16  ranks = [(2, 2, 2, 2, 2), (2, 2, 2, 2, 2), (2, 2, 2, 2, 2), (2, 2, 2, 2, 2)]  ME  [8s]
start   40 dkzpert  I = 2.9105448080721  I-I_ME = +8.882e-16  |grad| = 2.1e-10  nonproj = 3.9e-16  ranks = [(2, 2, 2, 2, 2), (2, 2, 2, 2, 2), (2, 2, 2, 2, 2), (2, 2, 2, 2, 2)]  ME  [8s]
start   41 dkzcomp  I = 2.9105448080721  I-I_ME = +4.441e-16  |grad| = 9.5e-11  nonproj = 6.8e-16  ranks = [(2, 2, 2, 2, 2), (2, 2, 2, 2, 2), (2, 2, 2, 2, 2), (2, 2, 2, 2, 2)]  ME  [8s]
start   42 gauss    I = 2.7913636109581  I-I_ME = -1.192e-01  |grad| = 2.5e-11  nonproj = 1.1e-01  ranks = [(2, 3, 2, 2, 2), (3, 2, 2, 2, 2), (3, 1, 2, 2, 2), (3, 1, 3, 3, 3)]  below  [9s]
start   43 rank     I = 2.4552724040323  I-I_ME = -4.553e-01  |grad| = 7.7e-10  nonproj = 1.4e-01  ranks = [(1, 3, 6, 5, 1), (3, 6, 4, 1, 2), (4, 4, 1, 1, 6), (1, 1, 1, 2, 6)]  below  [9s]
start   44 rank1    I = 2.9105448080721  I-I_ME = +1.776e-15  |grad| = 1.9e-10  nonproj = 5.6e-16  ranks = [(2, 2, 2, 2, 2), (2, 2, 2, 2, 2), (2, 2, 2, 2, 2), (2, 2, 2, 2, 2)]  ME  [9s]
start   45 frame    I = 2.9105448080721  I-I_ME = +4.441e-16  |grad| = 1.8e-10  nonproj = 5.6e-16  ranks = [(2, 2, 2, 2, 2), (2, 2, 2, 2, 2), (2, 2, 2, 2, 2), (2, 2, 2, 2, 2)]  ME  [9s]
start   46 dkzpert  I = 2.9105448080721  I-I_ME = +0.000e+00  |grad| = 1.7e-09  nonproj = 5.0e-16  ranks = [(2, 2, 2, 2, 2), (2, 2, 2, 2, 2), (2, 2, 2, 2, 2), (2, 2, 2, 2, 2)]  ME  [9s]
start   47 dkzcomp  I = 2.9105448080721  I-I_ME = +1.332e-15  |grad| = 5.5e-10  nonproj = 7.2e-16  ranks = [(2, 2, 2, 2, 2), (2, 2, 2, 2, 2), (2, 2, 2, 2, 2), (2, 2, 2, 2, 2)]  ME  [9s]
start   48 gauss    I = 2.7913636109580  I-I_ME = -1.192e-01  |grad| = 3.4e-06  nonproj = 6.9e-02  ranks = [(2, 2, 1, 3, 2), (2, 2, 2, 3, 2), (3, 3, 2, 2, 3), (2, 2, 2, 2, 3)]  below  [10s]
start   49 rank     I = 2.5543247197151  I-I_ME = -3.562e-01  |grad| = 4.7e-10  nonproj = 1.5e-01  ranks = [(3, 1, 0, 2, 5), (2, 1, 3, 3, 5), (3, 4, 5, 2, 2), (4, 4, 2, 0, 2)]  below  [10s]
start   50 rank1    I = 2.9105448080721  I-I_ME = +1.776e-15  |grad| = 1.3e-10  nonproj = 8.9e-16  ranks = [(2, 2, 2, 2, 2), (2, 2, 2, 2, 2), (2, 2, 2, 2, 2), (2, 2, 2, 2, 2)]  ME  [10s]
start   51 frame    I = 2.9105448080721  I-I_ME = +4.441e-16  |grad| = 4.7e-10  nonproj = 7.8e-16  ranks = [(2, 2, 2, 2, 2), (2, 2, 2, 2, 2), (2, 2, 2, 2, 2), (2, 2, 2, 2, 2)]  ME  [10s]
start   52 dkzpert  I = 2.9105448080721  I-I_ME = +0.000e+00  |grad| = 3.6e-11  nonproj = 5.0e-16  ranks = [(2, 2, 2, 2, 2), (2, 2, 2, 2, 2), (2, 2, 2, 2, 2), (2, 2, 2, 2, 2)]  ME  [10s]
start   53 dkzcomp  I = 2.9105448080721  I-I_ME = +1.776e-15  |grad| = 2.6e-10  nonproj = 6.7e-16  ranks = [(2, 2, 2, 2, 2), (2, 2, 2, 2, 2), (2, 2, 2, 2, 2), (2, 2, 2, 2, 2)]  ME  [11s]
start   54 gauss    I = 2.7913636109581  I-I_ME = -1.192e-01  |grad| = 5.5e-10  nonproj = 2.3e-02  ranks = [(2, 3, 2, 1, 2), (2, 3, 2, 1, 2), (3, 3, 2, 1, 2), (3, 2, 3, 3, 3)]  below  [11s]
start   55 rank     I = 2.4396445975153  I-I_ME = -4.709e-01  |grad| = 6.3e-10  nonproj = 1.4e-01  ranks = [(5, 3, 3, 3, 3), (4, 1, 4, 2, 0), (4, 3, 6, 3, 3), (1, 4, 4, 2, 0)]  below  [11s]
start   56 rank1    I = 2.9105448080721  I-I_ME = +8.882e-16  |grad| = 3.3e-10  nonproj = 1.3e-15  ranks = [(2, 2, 2, 2, 2), (2, 2, 2, 2, 2), (2, 2, 2, 2, 2), (2, 2, 2, 2, 2)]  ME  [11s]
start   57 frame    I = 2.9105448080721  I-I_ME = +1.776e-15  |grad| = 3.2e-10  nonproj = 6.7e-16  ranks = [(2, 2, 2, 2, 2), (2, 2, 2, 2, 2), (2, 2, 2, 2, 2), (2, 2, 2, 2, 2)]  ME  [12s]
start   58 dkzpert  I = 2.9105448080721  I-I_ME = +8.882e-16  |grad| = 4.6e-10  nonproj = 4.4e-16  ranks = [(2, 2, 2, 2, 2), (2, 2, 2, 2, 2), (2, 2, 2, 2, 2), (2, 2, 2, 2, 2)]  ME  [12s]
start   59 dkzcomp  I = 2.9105448080721  I-I_ME = +0.000e+00  |grad| = 5.4e-10  nonproj = 7.2e-16  ranks = [(2, 2, 2, 2, 2), (2, 2, 2, 2, 2), (2, 2, 2, 2, 2), (2, 2, 2, 2, 2)]  ME  [12s]
start   60 gauss    I = 2.9105448080721  I-I_ME = +1.332e-15  |grad| = 6.9e-11  nonproj = 1.2e-15  ranks = [(2, 2, 2, 2, 2), (2, 2, 2, 2, 2), (2, 2, 2, 2, 2), (2, 2, 2, 2, 2)]  ME  [12s]
start   61 rank     I = 2.5177669529664  I-I_ME = -3.928e-01  |grad| = 4.0e-10  nonproj = 1.4e-01  ranks = [(3, 5, 1, 1, 5), (0, 5, 0, 3, 4), (2, 5, 2, 5, 2), (2, 3, 4, 3, 0)]  below  [12s]
start   62 rank1    I = 2.9105448080721  I-I_ME = +0.000e+00  |grad| = 2.2e-10  nonproj = 1.9e-15  ranks = [(2, 2, 2, 2, 2), (2, 2, 2, 2, 2), (2, 2, 2, 2, 2), (2, 2, 2, 2, 2)]  ME  [12s]
start   63 frame    I = 2.9105448080721  I-I_ME = +1.776e-15  |grad| = 3.2e-10  nonproj = 1.2e-15  ranks = [(2, 2, 2, 2, 2), (2, 2, 2, 2, 2), (2, 2, 2, 2, 2), (2, 2, 2, 2, 2)]  ME  [13s]
start   64 dkzpert  I = 2.9105448080721  I-I_ME = +1.776e-15  |grad| = 2.1e-10  nonproj = 5.6e-16  ranks = [(2, 2, 2, 2, 2), (2, 2, 2, 2, 2), (2, 2, 2, 2, 2), (2, 2, 2, 2, 2)]  ME  [13s]
start   65 dkzcomp  I = 2.9105448080721  I-I_ME = +1.332e-15  |grad| = 3.1e-10  nonproj = 4.7e-16  ranks = [(2, 2, 2, 2, 2), (2, 2, 2, 2, 2), (2, 2, 2, 2, 2), (2, 2, 2, 2, 2)]  ME  [13s]
start   66 gauss    I = 2.9105448080721  I-I_ME = +1.332e-15  |grad| = 3.3e-11  nonproj = 1.1e-15  ranks = [(2, 2, 2, 2, 2), (2, 2, 2, 2, 2), (2, 2, 2, 2, 2), (2, 2, 2, 2, 2)]  ME  [13s]
start   67 rank     I = 2.7913636109581  I-I_ME = -1.192e-01  |grad| = 7.0e-11  nonproj = 3.9e-02  ranks = [(2, 3, 2, 2, 2), (2, 3, 2, 2, 2), (2, 2, 2, 2, 3), (1, 2, 3, 3, 3)]  below  [14s]
start   68 rank1    I = 2.9105448080721  I-I_ME = +8.882e-16  |grad| = 1.6e-10  nonproj = 1.3e-15  ranks = [(2, 2, 2, 2, 2), (2, 2, 2, 2, 2), (2, 2, 2, 2, 2), (2, 2, 2, 2, 2)]  ME  [14s]
start   69 frame    I = 2.9105448080721  I-I_ME = +1.776e-15  |grad| = 3.2e-10  nonproj = 9.4e-16  ranks = [(2, 2, 2, 2, 2), (2, 2, 2, 2, 2), (2, 2, 2, 2, 2), (2, 2, 2, 2, 2)]  ME  [14s]
start   70 dkzpert  I = 2.9105448080721  I-I_ME = +1.332e-15  |grad| = 1.5e-10  nonproj = 4.9e-16  ranks = [(2, 2, 2, 2, 2), (2, 2, 2, 2, 2), (2, 2, 2, 2, 2), (2, 2, 2, 2, 2)]  ME  [14s]
start   71 dkzcomp  I = 2.9105448080721  I-I_ME = +8.882e-16  |grad| = 3.1e-10  nonproj = 6.1e-16  ranks = [(2, 2, 2, 2, 2), (2, 2, 2, 2, 2), (2, 2, 2, 2, 2), (2, 2, 2, 2, 2)]  ME  [14s]
start   72 gauss    I = 2.7913636109580  I-I_ME = -1.192e-01  |grad| = 2.7e-11  nonproj = 6.6e-02  ranks = [(3, 3, 2, 2, 3), (2, 2, 2, 2, 3), (2, 2, 3, 2, 2), (2, 2, 3, 1, 2)]  below  [15s]
start   73 rank     I = 2.4396445975134  I-I_ME = -4.709e-01  |grad| = 4.7e-08  nonproj = 1.3e-01  ranks = [(5, 1, 1, 3, 4), (4, 2, 3, 5, 3), (3, 5, 4, 4, 1), (3, 6, 2, 2, 0)]  below  [15s]
start   74 rank1    I = 2.9105448080721  I-I_ME = +1.332e-15  |grad| = 2.4e-10  nonproj = 8.9e-16  ranks = [(2, 2, 2, 2, 2), (2, 2, 2, 2, 2), (2, 2, 2, 2, 2), (2, 2, 2, 2, 2)]  ME  [16s]
start   75 frame    I = 2.9105448080721  I-I_ME = +1.776e-15  |grad| = 3.7e-10  nonproj = 1.2e-15  ranks = [(2, 2, 2, 2, 2), (2, 2, 2, 2, 2), (2, 2, 2, 2, 2), (2, 2, 2, 2, 2)]  ME  [16s]
start   76 dkzpert  I = 2.9105448080721  I-I_ME = +8.882e-16  |grad| = 3.9e-10  nonproj = 3.1e-16  ranks = [(2, 2, 2, 2, 2), (2, 2, 2, 2, 2), (2, 2, 2, 2, 2), (2, 2, 2, 2, 2)]  ME  [16s]
start   77 dkzcomp  I = 2.9105448080721  I-I_ME = +8.882e-16  |grad| = 5.5e-10  nonproj = 1.1e-15  ranks = [(2, 2, 2, 2, 2), (2, 2, 2, 2, 2), (2, 2, 2, 2, 2), (2, 2, 2, 2, 2)]  ME  [16s]
start   78 gauss    I = 2.7913636109581  I-I_ME = -1.192e-01  |grad| = 7.8e-10  nonproj = 7.9e-02  ranks = [(2, 2, 2, 3, 3), (2, 2, 2, 2, 2), (2, 3, 3, 2, 2), (3, 3, 2, 1, 2)]  below  [17s]
start   79 rank     I = 2.6623791852226  I-I_ME = -2.482e-01  |grad| = 1.6e-09  nonproj = 7.1e-02  ranks = [(3, 1, 2, 3, 2), (3, 3, 4, 3, 2), (2, 3, 2, 1, 3), (2, 4, 2, 2, 3)]  below  [17s]
start   80 rank1    I = 2.9105448080721  I-I_ME = +8.882e-16  |grad| = 2.4e-10  nonproj = 1.0e-15  ranks = [(2, 2, 2, 2, 2), (2, 2, 2, 2, 2), (2, 2, 2, 2, 2), (2, 2, 2, 2, 2)]  ME  [17s]
start   81 frame    I = 2.9105448080721  I-I_ME = -1.332e-15  |grad| = 7.3e-10  nonproj = 7.8e-16  ranks = [(2, 2, 2, 2, 2), (2, 2, 2, 2, 2), (2, 2, 2, 2, 2), (2, 2, 2, 2, 2)]  ME  [17s]
start   82 dkzpert  I = 2.9105448080721  I-I_ME = +1.776e-15  |grad| = 2.7e-10  nonproj = 4.2e-16  ranks = [(2, 2, 2, 2, 2), (2, 2, 2, 2, 2), (2, 2, 2, 2, 2), (2, 2, 2, 2, 2)]  ME  [18s]
start   83 dkzcomp  I = 2.9105448080721  I-I_ME = +2.220e-15  |grad| = 4.5e-10  nonproj = 1.2e-15  ranks = [(2, 2, 2, 2, 2), (2, 2, 2, 2, 2), (2, 2, 2, 2, 2), (2, 2, 2, 2, 2)]  ME  [18s]
start   84 gauss    I = 2.9105448080721  I-I_ME = +1.776e-15  |grad| = 2.4e-11  nonproj = 1.1e-15  ranks = [(2, 2, 2, 2, 2), (2, 2, 2, 2, 2), (2, 2, 2, 2, 2), (2, 2, 2, 2, 2)]  ME  [18s]
start   85 rank     I = 2.5588257946292  I-I_ME = -3.517e-01  |grad| = 1.1e-09  nonproj = 8.4e-02  ranks = [(3, 2, 5, 3, 1), (4, 2, 4, 1, 2), (4, 3, 3, 1, 3), (3, 2, 1, 3, 5)]  below  [19s]
start   86 rank1    I = 2.9105448080721  I-I_ME = +8.882e-16  |grad| = 1.7e-10  nonproj = 5.0e-16  ranks = [(2, 2, 2, 2, 2), (2, 2, 2, 2, 2), (2, 2, 2, 2, 2), (2, 2, 2, 2, 2)]  ME  [19s]
start   87 frame    I = 2.9105448080721  I-I_ME = -8.882e-16  |grad| = 7.7e-10  nonproj = 1.2e-15  ranks = [(2, 2, 2, 2, 2), (2, 2, 2, 2, 2), (2, 2, 2, 2, 2), (2, 2, 2, 2, 2)]  ME  [19s]
start   88 dkzpert  I = 2.9105448080721  I-I_ME = +1.332e-15  |grad| = 1.4e-10  nonproj = 5.8e-16  ranks = [(2, 2, 2, 2, 2), (2, 2, 2, 2, 2), (2, 2, 2, 2, 2), (2, 2, 2, 2, 2)]  ME  [19s]
start   89 dkzcomp  I = 2.9105448080721  I-I_ME = +8.882e-16  |grad| = 3.3e-07  nonproj = 5.6e-16  ranks = [(2, 2, 2, 2, 2), (2, 2, 2, 2, 2), (2, 2, 2, 2, 2), (2, 2, 2, 2, 2)]  ME  [20s]
start   90 gauss    I = 2.7913636109581  I-I_ME = -1.192e-01  |grad| = 1.6e-11  nonproj = 9.4e-02  ranks = [(2, 3, 3, 2, 1), (2, 3, 2, 2, 2), (2, 3, 2, 2, 2), (2, 2, 2, 3, 3)]  below  [20s]
start   91 rank     I = 2.6547005383793  I-I_ME = -2.558e-01  |grad| = 1.1e-10  nonproj = 1.6e-01  ranks = [(3, 3, 2, 4, 0), (3, 3, 4, 2, 1), (2, 4, 4, 0, 2), (2, 4, 3, 0, 4)]  below  [20s]
start   92 rank1    I = 2.9105448080721  I-I_ME = +1.332e-15  |grad| = 4.7e-10  nonproj = 7.2e-16  ranks = [(2, 2, 2, 2, 2), (2, 2, 2, 2, 2), (2, 2, 2, 2, 2), (2, 2, 2, 2, 2)]  ME  [20s]
start   93 frame    I = 2.9105448080721  I-I_ME = +0.000e+00  |grad| = 6.7e-10  nonproj = 5.0e-16  ranks = [(2, 2, 2, 2, 2), (2, 2, 2, 2, 2), (2, 2, 2, 2, 2), (2, 2, 2, 2, 2)]  ME  [20s]
start   94 dkzpert  I = 2.9105448080721  I-I_ME = +8.882e-16  |grad| = 3.9e-10  nonproj = 5.0e-16  ranks = [(2, 2, 2, 2, 2), (2, 2, 2, 2, 2), (2, 2, 2, 2, 2), (2, 2, 2, 2, 2)]  ME  [21s]
start   95 dkzcomp  I = 2.9105448080721  I-I_ME = +1.332e-15  |grad| = 2.5e-10  nonproj = 7.8e-16  ranks = [(2, 2, 2, 2, 2), (2, 2, 2, 2, 2), (2, 2, 2, 2, 2), (2, 2, 2, 2, 2)]  ME  [21s]
start   96 gauss    I = 2.7913636109581  I-I_ME = -1.192e-01  |grad| = 1.9e-11  nonproj = 6.8e-02  ranks = [(2, 2, 2, 2, 2), (2, 2, 2, 3, 3), (1, 2, 3, 3, 2), (2, 3, 3, 2, 2)]  below  [21s]
start   97 rank     I = 2.4396445975142  I-I_ME = -4.709e-01  |grad| = 4.2e-10  nonproj = 1.3e-01  ranks = [(1, 2, 3, 6, 4), (2, 6, 5, 3, 1), (4, 5, 2, 1, 1), (6, 3, 2, 0, 3)]  below  [21s]
start   98 rank1    I = 2.9105448080721  I-I_ME = +8.882e-16  |grad| = 2.8e-10  nonproj = 7.8e-16  ranks = [(2, 2, 2, 2, 2), (2, 2, 2, 2, 2), (2, 2, 2, 2, 2), (2, 2, 2, 2, 2)]  ME  [22s]
start   99 frame    I = 2.9105448080721  I-I_ME = +1.332e-15  |grad| = 3.4e-10  nonproj = 9.4e-16  ranks = [(2, 2, 2, 2, 2), (2, 2, 2, 2, 2), (2, 2, 2, 2, 2), (2, 2, 2, 2, 2)]  ME  [22s]
start  100 dkzpert  I = 2.9105448080721  I-I_ME = +2.665e-15  |grad| = 8.0e-11  nonproj = 5.0e-16  ranks = [(2, 2, 2, 2, 2), (2, 2, 2, 2, 2), (2, 2, 2, 2, 2), (2, 2, 2, 2, 2)]  ME  [22s]
start  101 dkzcomp  I = 2.9105448080721  I-I_ME = +2.665e-15  |grad| = 3.3e-10  nonproj = 7.8e-16  ranks = [(2, 2, 2, 2, 2), (2, 2, 2, 2, 2), (2, 2, 2, 2, 2), (2, 2, 2, 2, 2)]  ME  [22s]
start  102 gauss    I = 2.7913636109580  I-I_ME = -1.192e-01  |grad| = 6.9e-10  nonproj = 5.2e-02  ranks = [(1, 2, 2, 3, 3), (2, 3, 3, 3, 2), (2, 2, 2, 2, 2), (3, 2, 2, 2, 2)]  below  [22s]
start  103 rank     I = 2.6578781103084  I-I_ME = -2.527e-01  |grad| = 4.5e-10  nonproj = 9.1e-02  ranks = [(1, 2, 3, 3, 4), (1, 0, 4, 4, 3), (1, 0, 4, 3, 2), (3, 2, 4, 3, 2)]  below  [23s]
start  104 rank1    I = 2.9105448080721  I-I_ME = +1.776e-15  |grad| = 3.5e-10  nonproj = 5.6e-16  ranks = [(2, 2, 2, 2, 2), (2, 2, 2, 2, 2), (2, 2, 2, 2, 2), (2, 2, 2, 2, 2)]  ME  [23s]
start  105 frame    I = 2.9105448080721  I-I_ME = +8.882e-16  |grad| = 1.9e-10  nonproj = 4.4e-16  ranks = [(2, 2, 2, 2, 2), (2, 2, 2, 2, 2), (2, 2, 2, 2, 2), (2, 2, 2, 2, 2)]  ME  [23s]
start  106 dkzpert  I = 2.9105448080721  I-I_ME = +1.332e-15  |grad| = 6.4e-11  nonproj = 5.0e-16  ranks = [(2, 2, 2, 2, 2), (2, 2, 2, 2, 2), (2, 2, 2, 2, 2), (2, 2, 2, 2, 2)]  ME  [23s]
start  107 dkzcomp  I = 2.9105448080721  I-I_ME = +2.220e-15  |grad| = 1.1e-10  nonproj = 1.1e-15  ranks = [(2, 2, 2, 2, 2), (2, 2, 2, 2, 2), (2, 2, 2, 2, 2), (2, 2, 2, 2, 2)]  ME  [23s]
start  108 gauss    I = 2.7913636109581  I-I_ME = -1.192e-01  |grad| = 6.0e-10  nonproj = 5.5e-02  ranks = [(2, 3, 2, 2, 2), (3, 2, 2, 2, 3), (2, 1, 2, 2, 3), (2, 1, 3, 3, 3)]  below  [24s]
start  109 rank     I = 2.6578781103084  I-I_ME = -2.527e-01  |grad| = 9.6e-11  nonproj = 9.0e-02  ranks = [(4, 3, 3, 2, 1), (4, 3, 2, 1, 0), (4, 4, 3, 2, 2), (2, 4, 2, 2, 2)]  below  [24s]
start  110 rank1    I = 2.9105448080721  I-I_ME = +8.882e-16  |grad| = 3.0e-10  nonproj = 5.0e-16  ranks = [(2, 2, 2, 2, 2), (2, 2, 2, 2, 2), (2, 2, 2, 2, 2), (2, 2, 2, 2, 2)]  ME  [24s]
start  111 frame    I = 2.9105448080721  I-I_ME = +0.000e+00  |grad| = 1.4e-10  nonproj = 1.0e-15  ranks = [(2, 2, 2, 2, 2), (2, 2, 2, 2, 2), (2, 2, 2, 2, 2), (2, 2, 2, 2, 2)]  ME  [25s]
start  112 dkzpert  I = 2.9105448080721  I-I_ME = +1.776e-15  |grad| = 2.5e-10  nonproj = 5.0e-16  ranks = [(2, 2, 2, 2, 2), (2, 2, 2, 2, 2), (2, 2, 2, 2, 2), (2, 2, 2, 2, 2)]  ME  [25s]
start  113 dkzcomp  I = 2.9105448080721  I-I_ME = +8.882e-16  |grad| = 3.6e-10  nonproj = 9.4e-16  ranks = [(2, 2, 2, 2, 2), (2, 2, 2, 2, 2), (2, 2, 2, 2, 2), (2, 2, 2, 2, 2)]  ME  [25s]
start  114 gauss    I = 2.7913636109580  I-I_ME = -1.192e-01  |grad| = 2.0e-06  nonproj = 5.2e-02  ranks = [(3, 2, 2, 1, 2), (3, 2, 2, 2, 3), (2, 2, 2, 3, 2), (2, 3, 3, 3, 1)]  below  [25s]
start  115 rank     I = 2.5588257946293  I-I_ME = -3.517e-01  |grad| = 7.4e-10  nonproj = 1.1e-01  ranks = [(3, 5, 4, 1, 1), (5, 4, 1, 1, 3), (3, 2, 1, 3, 5), (1, 2, 2, 5, 3)]  below  [25s]
start  116 rank1    I = 2.9105448080721  I-I_ME = -1.332e-15  |grad| = 4.5e-10  nonproj = 5.0e-16  ranks = [(2, 2, 2, 2, 2), (2, 2, 2, 2, 2), (2, 2, 2, 2, 2), (2, 2, 2, 2, 2)]  ME  [25s]
start  117 frame    I = 2.9105448080721  I-I_ME = +1.776e-15  |grad| = 4.2e-07  nonproj = 7.8e-16  ranks = [(2, 2, 2, 2, 2), (2, 2, 2, 2, 2), (2, 2, 2, 2, 2), (2, 2, 2, 2, 2)]  ME  [26s]
start  118 dkzpert  I = 2.9105448080721  I-I_ME = +8.882e-16  |grad| = 9.3e-10  nonproj = 6.0e-16  ranks = [(2, 2, 2, 2, 2), (2, 2, 2, 2, 2), (2, 2, 2, 2, 2), (2, 2, 2, 2, 2)]  ME  [26s]
start  119 dkzcomp  I = 2.9105448080721  I-I_ME = +1.332e-15  |grad| = 3.0e-10  nonproj = 6.1e-16  ranks = [(2, 2, 2, 2, 2), (2, 2, 2, 2, 2), (2, 2, 2, 2, 2), (2, 2, 2, 2, 2)]  ME  [26s]
start  120 gauss    I = 2.7913636109581  I-I_ME = -1.192e-01  |grad| = 1.0e-07  nonproj = 7.4e-02  ranks = [(2, 2, 2, 2, 2), (2, 3, 2, 2, 2), (3, 3, 1, 2, 2), (3, 2, 2, 3, 3)]  below  [26s]
start  121 rank     I = 2.5431979881074  I-I_ME = -3.673e-01  |grad| = 1.2e-08  nonproj = 1.0e-01  ranks = [(3, 3, 1, 3, 3), (4, 3, 4, 5, 2), (5, 2, 3, 2, 0), (5, 1, 3, 1, 2)]  below  [27s]
start  122 rank1    I = 2.9105448080721  I-I_ME = +8.882e-16  |grad| = 4.0e-10  nonproj = 7.8e-16  ranks = [(2, 2, 2, 2, 2), (2, 2, 2, 2, 2), (2, 2, 2, 2, 2), (2, 2, 2, 2, 2)]  ME  [27s]
start  123 frame    I = 2.9105448080721  I-I_ME = +8.882e-16  |grad| = 8.8e-11  nonproj = 5.6e-16  ranks = [(2, 2, 2, 2, 2), (2, 2, 2, 2, 2), (2, 2, 2, 2, 2), (2, 2, 2, 2, 2)]  ME  [27s]
start  124 dkzpert  I = 2.9105448080721  I-I_ME = +2.220e-15  |grad| = 4.8e-10  nonproj = 4.6e-16  ranks = [(2, 2, 2, 2, 2), (2, 2, 2, 2, 2), (2, 2, 2, 2, 2), (2, 2, 2, 2, 2)]  ME  [27s]
start  125 dkzcomp  I = 2.9105448080721  I-I_ME = +4.441e-16  |grad| = 2.5e-10  nonproj = 8.9e-16  ranks = [(2, 2, 2, 2, 2), (2, 2, 2, 2, 2), (2, 2, 2, 2, 2), (2, 2, 2, 2, 2)]  ME  [27s]
start  126 gauss    I = 2.7913636109581  I-I_ME = -1.192e-01  |grad| = 3.0e-09  nonproj = 4.6e-02  ranks = [(2, 2, 2, 2, 2), (3, 3, 2, 2, 2), (3, 2, 2, 2, 3), (2, 2, 2, 2, 3)]  below  [28s]
start  127 rank     I = 2.6578781103083  I-I_ME = -2.527e-01  |grad| = 6.4e-10  nonproj = 9.6e-02  ranks = [(2, 3, 2, 3, 3), (3, 4, 4, 3, 1), (4, 3, 3, 1, 0), (4, 2, 3, 1, 1)]  below  [28s]
start  128 rank1    I = 2.9105448080721  I-I_ME = +1.776e-15  |grad| = 2.1e-10  nonproj = 1.1e-15  ranks = [(2, 2, 2, 2, 2), (2, 2, 2, 2, 2), (2, 2, 2, 2, 2), (2, 2, 2, 2, 2)]  ME  [28s]
start  129 frame    I = 2.9105448080721  I-I_ME = +2.220e-15  |grad| = 6.7e-10  nonproj = 6.1e-16  ranks = [(2, 2, 2, 2, 2), (2, 2, 2, 2, 2), (2, 2, 2, 2, 2), (2, 2, 2, 2, 2)]  ME  [28s]
start  130 dkzpert  I = 2.9105448080721  I-I_ME = +1.776e-15  |grad| = 1.6e-10  nonproj = 4.1e-16  ranks = [(2, 2, 2, 2, 2), (2, 2, 2, 2, 2), (2, 2, 2, 2, 2), (2, 2, 2, 2, 2)]  ME  [28s]
start  131 dkzcomp  I = 2.9105448080721  I-I_ME = +1.776e-15  |grad| = 1.8e-10  nonproj = 8.3e-16  ranks = [(2, 2, 2, 2, 2), (2, 2, 2, 2, 2), (2, 2, 2, 2, 2), (2, 2, 2, 2, 2)]  ME  [29s]
start  132 gauss    I = 2.7770593074224  I-I_ME = -1.335e-01  |grad| = 4.1e-10  nonproj = 8.5e-02  ranks = [(1, 3, 2, 2, 2), (2, 3, 3, 3, 2), (2, 2, 3, 2, 1), (3, 2, 3, 2, 2)]  below  [29s]
start  133 rank     I = 2.4364670255848  I-I_ME = -4.741e-01  |grad| = 9.1e-10  nonproj = 1.2e-01  ranks = [(0, 4, 6, 3, 2), (6, 6, 4, 0, 3), (5, 0, 2, 1, 5), (3, 0, 2, 3, 5)]  below  [29s]
start  134 rank1    I = 2.9105448080721  I-I_ME = +0.000e+00  |grad| = 1.7e-10  nonproj = 5.6e-16  ranks = [(2, 2, 2, 2, 2), (2, 2, 2, 2, 2), (2, 2, 2, 2, 2), (2, 2, 2, 2, 2)]  ME  [29s]
start  135 frame    I = 2.9105448080721  I-I_ME = -8.882e-16  |grad| = 4.5e-10  nonproj = 8.3e-16  ranks = [(2, 2, 2, 2, 2), (2, 2, 2, 2, 2), (2, 2, 2, 2, 2), (2, 2, 2, 2, 2)]  ME  [29s]
start  136 dkzpert  I = 2.9105448080721  I-I_ME = +4.441e-16  |grad| = 5.0e-10  nonproj = 6.1e-16  ranks = [(2, 2, 2, 2, 2), (2, 2, 2, 2, 2), (2, 2, 2, 2, 2), (2, 2, 2, 2, 2)]  ME  [30s]
start  137 dkzcomp  I = 2.9105448080721  I-I_ME = +1.332e-15  |grad| = 4.6e-10  nonproj = 8.9e-16  ranks = [(2, 2, 2, 2, 2), (2, 2, 2, 2, 2), (2, 2, 2, 2, 2), (2, 2, 2, 2, 2)]  ME  [30s]
start  138 gauss    I = 2.7913636109581  I-I_ME = -1.192e-01  |grad| = 4.6e-10  nonproj = 8.5e-02  ranks = [(3, 3, 3, 3, 2), (2, 2, 2, 3, 1), (2, 2, 2, 3, 1), (2, 2, 2, 3, 2)]  below  [30s]
start  139 rank     I = 2.6578781103084  I-I_ME = -2.527e-01  |grad| = 2.3e-06  nonproj = 1.2e-01  ranks = [(2, 2, 4, 3, 0), (4, 3, 4, 4, 2), (2, 1, 2, 4, 3), (0, 1, 2, 4, 3)]  below  [30s]
start  140 rank1    I = 2.9105448080721  I-I_ME = +2.220e-15  |grad| = 6.5e-11  nonproj = 8.3e-16  ranks = [(2, 2, 2, 2, 2), (2, 2, 2, 2, 2), (2, 2, 2, 2, 2), (2, 2, 2, 2, 2)]  ME  [31s]
start  141 frame    I = 2.9105448080721  I-I_ME = +8.882e-16  |grad| = 8.0e-11  nonproj = 5.0e-16  ranks = [(2, 2, 2, 2, 2), (2, 2, 2, 2, 2), (2, 2, 2, 2, 2), (2, 2, 2, 2, 2)]  ME  [31s]
start  142 dkzpert  I = 2.9105448080721  I-I_ME = +8.882e-16  |grad| = 1.6e-10  nonproj = 5.6e-16  ranks = [(2, 2, 2, 2, 2), (2, 2, 2, 2, 2), (2, 2, 2, 2, 2), (2, 2, 2, 2, 2)]  ME  [31s]
start  143 dkzcomp  I = 2.9105448080721  I-I_ME = +2.220e-15  |grad| = 3.6e-10  nonproj = 1.1e-15  ranks = [(2, 2, 2, 2, 2), (2, 2, 2, 2, 2), (2, 2, 2, 2, 2), (2, 2, 2, 2, 2)]  ME  [31s]
start  144 gauss    I = 2.9105448080721  I-I_ME = +2.220e-15  |grad| = 2.8e-11  nonproj = 1.3e-15  ranks = [(2, 2, 2, 2, 2), (2, 2, 2, 2, 2), (2, 2, 2, 2, 2), (2, 2, 2, 2, 2)]  ME  [31s]
start  145 rank     I = 2.6578781103071  I-I_ME = -2.527e-01  |grad| = 7.0e-10  nonproj = 7.3e-02  ranks = [(1, 2, 3, 2, 4), (1, 3, 3, 1, 4), (3, 3, 2, 1, 3), (4, 2, 3, 2, 3)]  below  [32s]
start  146 rank1    I = 2.9105448080721  I-I_ME = +1.776e-15  |grad| = 4.0e-11  nonproj = 9.4e-16  ranks = [(2, 2, 2, 2, 2), (2, 2, 2, 2, 2), (2, 2, 2, 2, 2), (2, 2, 2, 2, 2)]  ME  [32s]
start  147 frame    I = 2.9105448080721  I-I_ME = +2.665e-15  |grad| = 7.3e-10  nonproj = 1.2e-15  ranks = [(2, 2, 2, 2, 2), (2, 2, 2, 2, 2), (2, 2, 2, 2, 2), (2, 2, 2, 2, 2)]  ME  [32s]
start  148 dkzpert  I = 2.9105448080721  I-I_ME = +4.441e-16  |grad| = 1.4e-10  nonproj = 3.3e-16  ranks = [(2, 2, 2, 2, 2), (2, 2, 2, 2, 2), (2, 2, 2, 2, 2), (2, 2, 2, 2, 2)]  ME  [32s]
start  149 dkzcomp  I = 2.9105448080721  I-I_ME = +4.441e-16  |grad| = 7.3e-10  nonproj = 1.0e-15  ranks = [(2, 2, 2, 2, 2), (2, 2, 2, 2, 2), (2, 2, 2, 2, 2), (2, 2, 2, 2, 2)]  ME  [32s]
# BEST d=5 D=10: I = 2.9105448080721  I_ME = 2.9105448080721  I-I_ME = +3.109e-15  (init dkzpert)  counts {'below': 43, 'ME': 107}
