# d=8 D=8 nstart=90 seed=8008  I_ME(d) = 2.9324096087045
start    0 gauss    I = 2.6386580510047  I-I_ME = -2.938e-01  |grad| = 2.7e-11  nonproj = 1.1e-01  ranks = [(2, 2, 2, 0, 2, 1, 1, 0), (3, 1, 1, 1, 3, 2, 2, 2), (1, 0, 2, 2, 2, 1, 1, 2), (0, 1, 2, 2, 1, 2, 2, 2)]  below  [0s]
start    1 rank     I = 2.2494097289064  I-I_ME = -6.830e-01  |grad| = 2.8e-06  nonproj = 1.6e-01  ranks = [(3, 5, 3, 0, 0, 1, 0, 1), (3, 4, 1, 0, 1, 2, 1, 4), (2, 2, 0, 1, 4, 2, 5, 5), (0, 1, 3, 5, 5, 2, 2, 0)]  below  [1s]
start    2 rank1    I = 2.9324096087045  I-I_ME = +8.882e-16  |grad| = 8.3e-10  nonproj = 8.9e-16  ranks = [(1, 1, 1, 1, 1, 1, 1, 1), (1, 1, 1, 1, 1, 1, 1, 1), (1, 1, 1, 1, 1, 1, 1, 1), (1, 1, 1, 1, 1, 1, 1, 1)]  ME  [1s]
start    3 frame    I = 2.9324096087045  I-I_ME = +1.776e-15  |grad| = 6.0e-10  nonproj = 5.6e-16  ranks = [(1, 1, 1, 1, 1, 1, 1, 1), (1, 1, 1, 1, 1, 1, 1, 1), (1, 1, 1, 1, 1, 1, 1, 1), (1, 1, 1, 1, 1, 1, 1, 1)]  ME  [1s]
start    4 dkzpert  I = 2.9324096087045  I-I_ME = +1.776e-15  |grad| = 5.0e-10  nonproj = 2.7e-16  ranks = [(1, 1, 1, 1, 1, 1, 1, 1), (1, 1, 1, 1, 1, 1, 1, 1), (1, 1, 1, 1, 1, 1, 1, 1), (1, 1, 1, 1, 1, 1, 1, 1)]  ME  [1s]
start    5 dkzcomp  I = 2.9324096087045  I-I_ME = +8.882e-16  |grad| = 3.6e-10  nonproj = 5.6e-16  ranks = [(1, 1, 1, 1, 1, 1, 1, 1), (1, 1, 1, 1, 1, 1, 1, 1), (1, 1, 1, 1, 1, 1, 1, 1), (1, 1, 1, 1, 1, 1, 1, 1)]  ME  [1s]
start    6 gauss    I = 2.7756350223774  I-I_ME = -1.568e-01  |grad| = 9.5e-12  nonproj = 1.0e-01  ranks = [(1, 1, 2, 1, 1, 1, 1, 2), (1, 1, 1, 1, 1, 1, 1, 2), (2, 2, 1, 1, 0, 1, 1, 2), (2, 1, 0, 1, 1, 2, 2, 2)]  below  [1s]
start    7 rank     I = 2.1183467321064  I-I_ME = -8.141e-01  |grad| = 8.8e-10  nonproj = 1.8e-01  ranks = [(2, 7, 2, 2, 0, 0, 0, 0), (4, 6, 0, 0, 0, 0, 2, 4), (3, 2, 0, 3, 1, 5, 7, 5), (0, 1, 4, 5, 1, 4, 2, 0)]  below  [2s]
start    8 rank1    I = 2.9324096087045  I-I_ME = +1.776e-15  |grad| = 6.8e-10  nonproj = 7.8e-16  ranks = [(1, 1, 1, 1, 1, 1, 1, 1), (1, 1, 1, 1, 1, 1, 1, 1), (1, 1, 1, 1, 1, 1, 1, 1), (1, 1, 1, 1, 1, 1, 1, 1)]  ME  [2s]
start    9 frame    I = 2.9324096087045  I-I_ME = +1.776e-15  |grad| = 9.5e-10  nonproj = 6.7e-16  ranks = [(1, 1, 1, 1, 1, 1, 1, 1), (1, 1, 1, 1, 1, 1, 1, 1), (1, 1, 1, 1, 1, 1, 1, 1), (1, 1, 1, 1, 1, 1, 1, 1)]  ME  [2s]
start   10 dkzpert  I = 2.9324096087045  I-I_ME = +3.553e-15  |grad| = 5.6e-10  nonproj = 4.4e-16  ranks = [(1, 1, 1, 1, 1, 1, 1, 1), (1, 1, 1, 1, 1, 1, 1, 1), (1, 1, 1, 1, 1, 1, 1, 1), (1, 1, 1, 1, 1, 1, 1, 1)]  ME  [2s]
start   11 dkzcomp  I = 2.9324096087045  I-I_ME = +2.220e-15  |grad| = 3.4e-10  nonproj = 8.3e-16  ranks = [(1, 1, 1, 1, 1, 1, 1, 1), (1, 1, 1, 1, 1, 1, 1, 1), (1, 1, 1, 1, 1, 1, 1, 1), (1, 1, 1, 1, 1, 1, 1, 1)]  ME  [2s]
start   12 gauss    I = 2.9324096087045  I-I_ME = +0.000e+00  |grad| = 6.4e-10  nonproj = 4.4e-16  ranks = [(1, 1, 1, 1, 1, 1, 1, 1), (1, 1, 1, 1, 1, 1, 1, 1), (1, 1, 1, 1, 1, 1, 1, 1), (1, 1, 1, 1, 1, 1, 1, 1)]  ME  [3s]
start   13 rank     I = 2.6386580510049  I-I_ME = -2.938e-01  |grad| = 1.4e-09  nonproj = 1.0e-01  ranks = [(0, 2, 2, 3, 1, 3, 2, 1), (1, 3, 1, 2, 1, 1, 1, 1), (3, 2, 0, 2, 1, 0, 2, 3), (1, 0, 1, 2, 1, 0, 2, 2)]  below  [3s]
start   14 rank1    I = 2.9324096087045  I-I_ME = +3.553e-15  |grad| = 4.5e-09  nonproj = 1.7e-15  ranks = [(1, 1, 1, 1, 1, 1, 1, 1), (1, 1, 1, 1, 1, 1, 1, 1), (1, 1, 1, 1, 1, 1, 1, 1), (1, 1, 1, 1, 1, 1, 1, 1)]  ME  [4s]
start   15 frame    I = 2.9324096087045  I-I_ME = +2.665e-15  |grad| = 5.1e-10  nonproj = 7.8e-16  ranks = [(1, 1, 1, 1, 1, 1, 1, 1), (1, 1, 1, 1, 1, 1, 1, 1), (1, 1, 1, 1, 1, 1, 1, 1), (1, 1, 1, 1, 1, 1, 1, 1)]  ME  [4s]
start   16 dkzpert  I = 2.9324096087045  I-I_ME = +2.665e-15  |grad| = 5.1e-10  nonproj = 2.8e-16  ranks = [(1, 1, 1, 1, 1, 1, 1, 1), (1, 1, 1, 1, 1, 1, 1, 1), (1, 1, 1, 1, 1, 1, 1, 1), (1, 1, 1, 1, 1, 1, 1, 1)]  ME  [4s]
start   17 dkzcomp  I = 2.9324096087045  I-I_ME = +2.665e-15  |grad| = 2.4e-10  nonproj = 1.0e-15  ranks = [(1, 1, 1, 1, 1, 1, 1, 1), (1, 1, 1, 1, 1, 1, 1, 1), (1, 1, 1, 1, 1, 1, 1, 1), (1, 1, 1, 1, 1, 1, 1, 1)]  ME  [4s]
start   18 gauss    I = 2.6572882902708  I-I_ME = -2.751e-01  |grad| = 2.3e-11  nonproj = 1.1e-01  ranks = [(1, 1, 1, 2, 1, 1, 1, 1), (2, 2, 2, 2, 1, 1, 1, 2), (2, 2, 2, 1, 0, 1, 2, 3), (1, 1, 1, 0, 2, 3, 3, 2)]  below  [5s]
start   19 rank     I = 2.6386580510049  I-I_ME = -2.938e-01  |grad| = 4.2e-10  nonproj = 1.4e-01  ranks = [(1, 1, 0, 3, 2, 2, 3, 1), (2, 1, 2, 2, 0, 1, 2, 1), (3, 2, 2, 0, 0, 2, 2, 3), (1, 1, 0, 0, 1, 2, 1, 3)]  below  [5s]
start   20 rank1    I = 2.9324096087045  I-I_ME = +2.220e-15  |grad| = 1.6e-10  nonproj = 1.6e-15  ranks = [(1, 1, 1, 1, 1, 1, 1, 1), (1, 1, 1, 1, 1, 1, 1, 1), (1, 1, 1, 1, 1, 1, 1, 1), (1, 1, 1, 1, 1, 1, 1, 1)]  ME  [6s]
start   21 frame    I = 2.9324096087045  I-I_ME = +0.000e+00  |grad| = 2.1e-10  nonproj = 5.0e-16  ranks = [(1, 1, 1, 1, 1, 1, 1, 1), (1, 1, 1, 1, 1, 1, 1, 1), (1, 1, 1, 1, 1, 1, 1, 1), (1, 1, 1, 1, 1, 1, 1, 1)]  ME  [6s]
start   22 dkzpert  I = 2.9324096087045  I-I_ME = +2.665e-15  |grad| = 1.2e-10  nonproj = 3.9e-16  ranks = [(1, 1, 1, 1, 1, 1, 1, 1), (1, 1, 1, 1, 1, 1, 1, 1), (1, 1, 1, 1, 1, 1, 1, 1), (1, 1, 1, 1, 1, 1, 1, 1)]  ME  [6s]
start   23 dkzcomp  I = 2.9324096087045  I-I_ME = +1.776e-15  |grad| = 3.2e-10  nonproj = 5.0e-16  ranks = [(1, 1, 1, 1, 1, 1, 1, 1), (1, 1, 1, 1, 1, 1, 1, 1), (1, 1, 1, 1, 1, 1, 1, 1), (1, 1, 1, 1, 1, 1, 1, 1)]  ME  [6s]
start   24 gauss    I = 2.7756350223774  I-I_ME = -1.568e-01  |grad| = 3.4e-11  nonproj = 1.7e-01  ranks = [(1, 1, 2, 2, 1, 2, 2, 1), (2, 2, 2, 1, 0, 2, 1, 0), (2, 1, 1, 1, 0, 2, 1, 1), (1, 1, 1, 1, 1, 2, 1, 1)]  below  [7s]
start   25 rank     I = 2.4988194578128  I-I_ME = -4.336e-01  |grad| = 8.6e-10  nonproj = 1.3e-01  ranks = [(3, 0, 4, 4, 2, 1, 0, 3), (0, 2, 3, 2, 0, 0, 2, 3), (1, 3, 1, 2, 0, 0, 3, 2), (0, 2, 0, 2, 2, 3, 4, 1)]  below  [8s]
start   26 rank1    I = 2.9324096087045  I-I_ME = +1.776e-15  |grad| = 1.6e-06  nonproj = 8.9e-16  ranks = [(1, 1, 1, 1, 1, 1, 1, 1), (1, 1, 1, 1, 1, 1, 1, 1), (1, 1, 1, 1, 1, 1, 1, 1), (1, 1, 1, 1, 1, 1, 1, 1)]  ME  [8s]
start   27 frame    I = 2.9324096087045  I-I_ME = +1.776e-15  |grad| = 5.5e-10  nonproj = 1.1e-15  ranks = [(1, 1, 1, 1, 1, 1, 1, 1), (1, 1, 1, 1, 1, 1, 1, 1), (1, 1, 1, 1, 1, 1, 1, 1), (1, 1, 1, 1, 1, 1, 1, 1)]  ME  [8s]
start   28 dkzpert  I = 2.9324096087045  I-I_ME = +1.776e-15  |grad| = 5.3e-10  nonproj = 3.1e-16  ranks = [(1, 1, 1, 1, 1, 1, 1, 1), (1, 1, 1, 1, 1, 1, 1, 1), (1, 1, 1, 1, 1, 1, 1, 1), (1, 1, 1, 1, 1, 1, 1, 1)]  ME  [8s]
start   29 dkzcomp  I = 2.9324096087045  I-I_ME = +2.220e-15  |grad| = 2.6e-10  nonproj = 4.4e-16  ranks = [(1, 1, 1, 1, 1, 1, 1, 1), (1, 1, 1, 1, 1, 1, 1, 1), (1, 1, 1, 1, 1, 1, 1, 1), (1, 1, 1, 1, 1, 1, 1, 1)]  ME  [8s]
start   30 gauss    I = 2.7947093792210  I-I_ME = -1.377e-01  |grad| = 5.6e-10  nonproj = 6.7e-02  ranks = [(1, 1, 1, 1, 1, 1, 1, 1), (1, 1, 1, 1, 1, 1, 2, 1), (1, 1, 1, 1, 1, 1, 2, 0), (2, 2, 2, 2, 2, 2, 2, 1)]  below  [9s]
start   31 rank     I = 2.2494097289030  I-I_ME = -6.830e-01  |grad| = 3.4e-08  nonproj = 1.4e-01  ranks = [(3, 2, 4, 3, 0, 0, 2, 2), (2, 3, 3, 2, 1, 2, 4, 3), (1, 2, 0, 1, 3, 2, 4, 2), (1, 1, 0, 4, 5, 3, 0, 0)]  below  [10s]
start   32 rank1    I = 2.9324096087045  I-I_ME = +1.776e-15  |grad| = 4.6e-10  nonproj = 7.8e-16  ranks = [(1, 1, 1, 1, 1, 1, 1, 1), (1, 1, 1, 1, 1, 1, 1, 1), (1, 1, 1, 1, 1, 1, 1, 1), (1, 1, 1, 1, 1, 1, 1, 1)]  ME  [10s]
start   33 frame    I = 2.9324096087045  I-I_ME = +8.882e-16  |grad| = 2.0e-10  nonproj = 6.1e-16  ranks = [(1, 1, 1, 1, 1, 1, 1, 1), (1, 1, 1, 1, 1, 1, 1, 1), (1, 1, 1, 1, 1, 1, 1, 1), (1, 1, 1, 1, 1, 1, 1, 1)]  ME  [10s]
start   34 dkzpert  I = 2.9324096087045  I-I_ME = +1.332e-15  |grad| = 7.4e-10  nonproj = 1.9e-16  ranks = [(1, 1, 1, 1, 1, 1, 1, 1), (1, 1, 1, 1, 1, 1, 1, 1), (1, 1, 1, 1, 1, 1, 1, 1), (1, 1, 1, 1, 1, 1, 1, 1)]  ME  [10s]
start   35 dkzcomp  I = 2.9324096087045  I-I_ME = +1.776e-15  |grad| = 3.4e-10  nonproj = 6.1e-16  ranks = [(1, 1, 1, 1, 1, 1, 1, 1), (1, 1, 1, 1, 1, 1, 1, 1), (1, 1, 1, 1, 1, 1, 1, 1), (1, 1, 1, 1, 1, 1, 1, 1)]  ME  [11s]
start   36 gauss    I = 2.9324096087045  I-I_ME = +1.776e-15  |grad| = 8.5e-11  nonproj = 8.3e-16  ranks = [(1, 1, 1, 1, 1, 1, 1, 1), (1, 1, 1, 1, 1, 1, 1, 1), (1, 1, 1, 1, 1, 1, 1, 1), (1, 1, 1, 1, 1, 1, 1, 1)]  ME  [11s]
start   37 rank     I = 2.5024509685889  I-I_ME = -4.300e-01  |grad| = 7.6e-11  nonproj = 1.5e-01  ranks = [(4, 2, 2, 0, 2, 0, 2, 4), (0, 0, 3, 2, 3, 1, 3, 3), (0, 2, 3, 0, 1, 2, 3, 2), (0, 2, 1, 2, 2, 3, 1, 1)]  below  [11s]
start   38 rank1    I = 2.9324096087045  I-I_ME = +1.776e-15  |grad| = 3.4e-10  nonproj = 3.4e-16  ranks = [(1, 1, 1, 1, 1, 1, 1, 1), (1, 1, 1, 1, 1, 1, 1, 1), (1, 1, 1, 1, 1, 1, 1, 1), (1, 1, 1, 1, 1, 1, 1, 1)]  ME  [11s]
start   39 frame    I = 2.9324096087045  I-I_ME = +1.776e-15  |grad| = 6.3e-10  nonproj = 6.7e-16  ranks = [(1, 1, 1, 1, 1, 1, 1, 1), (1, 1, 1, 1, 1, 1, 1, 1), (1, 1, 1, 1, 1, 1, 1, 1), (1, 1, 1, 1, 1, 1, 1, 1)]  ME  [12s]
start   40 dkzpert  I = 2.9324096087045  I-I_ME = +2.665e-15  |grad| = 2.7e-10  nonproj = 4.7e-16  ranks = [(1, 1, 1, 1, 1, 1, 1, 1), (1, 1, 1, 1, 1, 1, 1, 1), (1, 1, 1, 1, 1, 1, 1, 1), (1, 1, 1, 1, 1, 1, 1, 1)]  ME  [12s]
start   41 dkzcomp  I = 2.9324096087045  I-I_ME = +1.776e-15  |grad| = 4.6e-10  nonproj = 6.1e-16  ranks = [(1, 1, 1, 1, 1, 1, 1, 1), (1, 1, 1, 1, 1, 1, 1, 1), (1, 1, 1, 1, 1, 1, 1, 1), (1, 1, 1, 1, 1, 1, 1, 1)]  ME  [12s]
start   42 gauss    I = 2.9324096087045  I-I_ME = +1.776e-15  |grad| = 1.4e-11  nonproj = 1.2e-15  ranks = [(1, 1, 1, 1, 1, 1, 1, 1), (1, 1, 1, 1, 1, 1, 1, 1), (1, 1, 1, 1, 1, 1, 1, 1), (1, 1, 1, 1, 1, 1, 1, 1)]  ME  [12s]
start   43 rank     I = 2.7756350223774  I-I_ME = -1.568e-01  |grad| = 2.5e-09  nonproj = 6.1e-02  ranks = [(1, 0, 1, 1, 2, 2, 1, 1), (1, 1, 1, 2, 2, 2, 0, 1), (2, 1, 1, 1, 1, 2, 0, 2), (1, 1, 1, 1, 1, 2, 1, 2)]  below  [13s]
start   44 rank1    I = 2.9324096087045  I-I_ME = +8.882e-16  |grad| = 3.3e-10  nonproj = 8.9e-16  ranks = [(1, 1, 1, 1, 1, 1, 1, 1), (1, 1, 1, 1, 1, 1, 1, 1), (1, 1, 1, 1, 1, 1, 1, 1), (1, 1, 1, 1, 1, 1, 1, 1)]  ME  [13s]
start   45 frame    I = 2.9324096087045  I-I_ME = +2.220e-15  |grad| = 7.7e-11  nonproj = 6.7e-16  ranks = [(1, 1, 1, 1, 1, 1, 1, 1), (1, 1, 1, 1, 1, 1, 1, 1), (1, 1, 1, 1, 1, 1, 1, 1), (1, 1, 1, 1, 1, 1, 1, 1)]  ME  [14s]
start   46 dkzpert  I = 2.9324096087045  I-I_ME = +1.776e-15  |grad| = 3.4e-10  nonproj = 7.2e-16  ranks = [(1, 1, 1, 1, 1, 1, 1, 1), (1, 1, 1, 1, 1, 1, 1, 1), (1, 1, 1, 1, 1, 1, 1, 1), (1, 1, 1, 1, 1, 1, 1, 1)]  ME  [14s]
start   47 dkzcomp  I = 2.9324096087045  I-I_ME = +4.441e-15  |grad| = 3.6e-10  nonproj = 1.2e-15  ranks = [(1, 1, 1, 1, 1, 1, 1, 1), (1, 1, 1, 1, 1, 1, 1, 1), (1, 1, 1, 1, 1, 1, 1, 1), (1, 1, 1, 1, 1, 1, 1, 1)]  ME  [14s]
start   48 gauss    I = 2.6572882902707  I-I_ME = -2.751e-01  |grad| = 1.9e-09  nonproj = 1.2e-01  ranks = [(1, 3, 2, 1, 1, 1, 1, 1), (2, 2, 1, 0, 1, 2, 2, 2), (2, 1, 1, 1, 3, 3, 2, 2), (1, 0, 2, 2, 2, 1, 1, 1)]  below  [15s]
start   49 rank     I = 2.5024509685888  I-I_ME = -4.300e-01  |grad| = 1.6e-09  nonproj = 1.6e-01  ranks = [(0, 0, 0, 2, 2, 2, 2, 2), (1, 1, 3, 4, 2, 1, 2, 1), (1, 0, 3, 1, 0, 1, 2, 1), (4, 3, 3, 0, 1, 3, 3, 3)]  below  [16s]
start   50 rank1    I = 2.9324096087045  I-I_ME = +2.665e-15  |grad| = 1.6e-10  nonproj = 8.9e-16  ranks = [(1, 1, 1, 1, 1, 1, 1, 1), (1, 1, 1, 1, 1, 1, 1, 1), (1, 1, 1, 1, 1, 1, 1, 1), (1, 1, 1, 1, 1, 1, 1, 1)]  ME  [16s]
start   51 frame    I = 2.9324096087045  I-I_ME = +8.882e-16  |grad| = 2.6e-10  nonproj = 6.1e-16  ranks = [(1, 1, 1, 1, 1, 1, 1, 1), (1, 1, 1, 1, 1, 1, 1, 1), (1, 1, 1, 1, 1, 1, 1, 1), (1, 1, 1, 1, 1, 1, 1, 1)]  ME  [17s]
start   52 dkzpert  I = 2.9324096087045  I-I_ME = +1.776e-15  |grad| = 4.6e-10  nonproj = 4.2e-16  ranks = [(1, 1, 1, 1, 1, 1, 1, 1), (1, 1, 1, 1, 1, 1, 1, 1), (1, 1, 1, 1, 1, 1, 1, 1), (1, 1, 1, 1, 1, 1, 1, 1)]  ME  [17s]
start   53 dkzcomp  I = 2.9324096087045  I-I_ME = +1.776e-15  |grad| = 5.4e-10  nonproj = 8.9e-16  ranks = [(1, 1, 1, 1, 1, 1, 1, 1), (1, 1, 1, 1, 1, 1, 1, 1), (1, 1, 1, 1, 1, 1, 1, 1), (1, 1, 1, 1, 1, 1, 1, 1)]  ME  [17s]
start   54 gauss    I = 2.7947093792210  I-I_ME = -1.377e-01  |grad| = 1.1e-09  nonproj = 1.0e-01  ranks = [(1, 1, 1, 1, 1, 1, 2, 2), (0, 1, 1, 1, 1, 2, 2, 1), (1, 2, 2, 2, 2, 2, 1, 1), (1, 1, 1, 1, 1, 1, 1, 1)]  below  [17s]
start   55 rank     I = 2.6386580510049  I-I_ME = -2.938e-01  |grad| = 5.6e-10  nonproj = 9.3e-02  ranks = [(2, 2, 1, 1, 1, 2, 0, 2), (1, 1, 2, 2, 1, 2, 2, 2), (0, 1, 2, 1, 0, 2, 3, 1), (0, 2, 3, 2, 1, 2, 2, 0)]  below  [19s]
start   56 rank1    I = 2.9324096087045  I-I_ME = +2.665e-15  |grad| = 2.2e-10  nonproj = 8.9e-16  ranks = [(1, 1, 1, 1, 1, 1, 1, 1), (1, 1, 1, 1, 1, 1, 1, 1), (1, 1, 1, 1, 1, 1, 1, 1), (1, 1, 1, 1, 1, 1, 1, 1)]  ME  [19s]
start   57 frame    I = 2.9324096087045  I-I_ME = +3.553e-15  |grad| = 2.2e-10  nonproj = 1.0e-15  ranks = [(1, 1, 1, 1, 1, 1, 1, 1), (1, 1, 1, 1, 1, 1, 1, 1), (1, 1, 1, 1, 1, 1, 1, 1), (1, 1, 1, 1, 1, 1, 1, 1)]  ME  [20s]
start   58 dkzpert  I = 2.9324096087045  I-I_ME = +1.776e-15  |grad| = 2.5e-10  nonproj = 3.1e-16  ranks = [(1, 1, 1, 1, 1, 1, 1, 1), (1, 1, 1, 1, 1, 1, 1, 1), (1, 1, 1, 1, 1, 1, 1, 1), (1, 1, 1, 1, 1, 1, 1, 1)]  ME  [20s]
start   59 dkzcomp  I = 2.9324096087045  I-I_ME = +1.776e-15  |grad| = 3.2e-10  nonproj = 5.6e-16  ranks = [(1, 1, 1, 1, 1, 1, 1, 1), (1, 1, 1, 1, 1, 1, 1, 1), (1, 1, 1, 1, 1, 1, 1, 1), (1, 1, 1, 1, 1, 1, 1, 1)]  ME  [20s]
start   60 gauss    I = 2.7947093792210  I-I_ME = -1.377e-01  |grad| = 9.3e-09  nonproj = 8.5e-02  ranks = [(0, 1, 1, 1, 1, 1, 1, 2), (0, 2, 2, 2, 2, 2, 2, 2), (1, 2, 1, 1, 1, 1, 1, 1), (2, 1, 1, 1, 1, 1, 1, 1)]  below  [21s]
start   61 rank     I = 2.7697210478047  I-I_ME = -1.627e-01  |grad| = 2.1e-08  nonproj = 9.2e-02  ranks = [(2, 1, 2, 1, 2, 0, 1, 2), (1, 1, 2, 0, 2, 1, 1, 1), (1, 2, 2, 1, 2, 2, 1, 1), (1, 2, 1, 1, 1, 2, 0, 0)]  below  [21s]
start   62 rank1    I = 2.9324096087045  I-I_ME = +1.332e-15  |grad| = 3.4e-10  nonproj = 7.8e-16  ranks = [(1, 1, 1, 1, 1, 1, 1, 1), (1, 1, 1, 1, 1, 1, 1, 1), (1, 1, 1, 1, 1, 1, 1, 1), (1, 1, 1, 1, 1, 1, 1, 1)]  ME  [21s]
start   63 frame    I = 2.9324096087045  I-I_ME = +3.109e-15  |grad| = 3.5e-10  nonproj = 1.1e-15  ranks = [(1, 1, 1, 1, 1, 1, 1, 1), (1, 1, 1, 1, 1, 1, 1, 1), (1, 1, 1, 1, 1, 1, 1, 1), (1, 1, 1, 1, 1, 1, 1, 1)]  ME  [21s]
start   64 dkzpert  I = 2.9324096087045  I-I_ME = +2.220e-15  |grad| = 1.9e-10  nonproj = 2.9e-16  ranks = [(1, 1, 1, 1, 1, 1, 1, 1), (1, 1, 1, 1, 1, 1, 1, 1), (1, 1, 1, 1, 1, 1, 1, 1), (1, 1, 1, 1, 1, 1, 1, 1)]  ME  [22s]
start   65 dkzcomp  I = 2.9324096087045  I-I_ME = +2.220e-15  |grad| = 3.6e-10  nonproj = 9.4e-16  ranks = [(1, 1, 1, 1, 1, 1, 1, 1), (1, 1, 1, 1, 1, 1, 1, 1), (1, 1, 1, 1, 1, 1, 1, 1), (1, 1, 1, 1, 1, 1, 1, 1)]  ME  [22s]
start   66 gauss    I = 2.7947093792210  I-I_ME = -1.377e-01  |grad| = 9.4e-10  nonproj = 9.6e-02  ranks = [(1, 1, 1, 1, 1, 1, 1, 1), (2, 1, 1, 1, 1, 1, 2, 2), (1, 1, 1, 1, 1, 2, 2, 1), (1, 1, 1, 2, 2, 2, 1, 1)]  below  [22s]
start   67 rank     I = 2.2494097289064  I-I_ME = -6.830e-01  |grad| = 8.9e-10  nonproj = 1.7e-01  ranks = [(1, 1, 0, 0, 4, 4, 4, 2), (1, 2, 4, 5, 5, 2, 1, 0), (4, 6, 4, 2, 1, 1, 0, 2), (4, 3, 1, 0, 0, 0, 2, 4)]  below  [22s]
start   68 rank1    I = 2.9324096087045  I-I_ME = +2.665e-15  |grad| = 2.4e-10  nonproj = 8.3e-16  ranks = [(1, 1, 1, 1, 1, 1, 1, 1), (1, 1, 1, 1, 1, 1, 1, 1), (1, 1, 1, 1, 1, 1, 1, 1), (1, 1, 1, 1, 1, 1, 1, 1)]  ME  [23s]
start   69 frame    I = 2.9324096087045  I-I_ME = +1.776e-15  |grad| = 6.0e-10  nonproj = 5.6e-16  ranks = [(1, 1, 1, 1, 1, 1, 1, 1), (1, 1, 1, 1, 1, 1, 1, 1), (1, 1, 1, 1, 1, 1, 1, 1), (1, 1, 1, 1, 1, 1, 1, 1)]  ME  [23s]
start   70 dkzpert  I = 2.9324096087045  I-I_ME = +8.882e-16  |grad| = 3.2e-10  nonproj = 3.3e-16  ranks = [(1, 1, 1, 1, 1, 1, 1, 1), (1, 1, 1, 1, 1, 1, 1, 1), (1, 1, 1, 1, 1, 1, 1, 1), (1, 1, 1, 1, 1, 1, 1, 1)]  ME  [23s]
start   71 dkzcomp  I = 2.9324096087045  I-I_ME = +1.776e-15  |grad| = 6.3e-10  nonproj = 7.8e-16  ranks = [(1, 1, 1, 1, 1, 1, 1, 1), (1, 1, 1, 1, 1, 1, 1, 1), (1, 1, 1, 1, 1, 1, 1, 1), (1, 1, 1, 1, 1, 1, 1, 1)]  ME  [23s]
start   72 gauss    I = 2.7947093792208  I-I_ME = -1.377e-01  |grad| = 1.1e-09  nonproj = 9.8e-02  ranks = [(1, 2, 2, 1, 1, 1, 1, 0), (2, 2, 1, 1, 1, 1, 1, 1), (1, 1, 1, 1, 1, 1, 1, 2), (0, 1, 1, 2, 2, 2, 2, 2)]  below  [24s]
start   73 rank     I = 2.5203113188983  I-I_ME = -4.121e-01  |grad| = 7.7e-10  nonproj = 1.6e-01  ranks = [(2, 0, 1, 1, 0, 3, 3, 2), (1, 0, 1, 2, 2, 4, 1, 1), (1, 2, 2, 4, 3, 2, 0, 1), (3, 4, 2, 2, 1, 0, 1, 2)]  below  [25s]
start   74 rank1    I = 2.9324096087045  I-I_ME = +1.332e-15  |grad| = 2.6e-10  nonproj = 3.3e-16  ranks = [(1, 1, 1, 1, 1, 1, 1, 1), (1, 1, 1, 1, 1, 1, 1, 1), (1, 1, 1, 1, 1, 1, 1, 1), (1, 1, 1, 1, 1, 1, 1, 1)]  ME  [25s]
start   75 frame    I = 2.9324096087045  I-I_ME = +1.332e-15  |grad| = 2.5e-09  nonproj = 1.1e-15  ranks = [(1, 1, 1, 1, 1, 1, 1, 1), (1, 1, 1, 1, 1, 1, 1, 1), (1, 1, 1, 1, 1, 1, 1, 1), (1, 1, 1, 1, 1, 1, 1, 1)]  ME  [25s]
start   76 dkzpert  I = 2.9324096087045  I-I_ME = +1.776e-15  |grad| = 8.4e-10  nonproj = 3.0e-16  ranks = [(1, 1, 1, 1, 1, 1, 1, 1), (1, 1, 1, 1, 1, 1, 1, 1), (1, 1, 1, 1, 1, 1, 1, 1), (1, 1, 1, 1, 1, 1, 1, 1)]  ME  [25s]
start   77 dkzcomp  I = 2.9324096087045  I-I_ME = +2.665e-15  |grad| = 8.2e-10  nonproj = 6.7e-16  ranks = [(1, 1, 1, 1, 1, 1, 1, 1), (1, 1, 1, 1, 1, 1, 1, 1), (1, 1, 1, 1, 1, 1, 1, 1), (1, 1, 1, 1, 1, 1, 1, 1)]  ME  [26s]
start   78 gauss    I = 2.7947093792202  I-I_ME = -1.377e-01  |grad| = 1.7e-08  nonproj = 1.4e-01  ranks = [(1, 1, 1, 2, 1, 1, 0, 1), (2, 1, 2, 2, 1, 1, 1, 2), (1, 1, 1, 1, 1, 1, 1, 1), (1, 1, 1, 1, 2, 2, 2, 1)]  below  [27s]
start   79 rank     I = 2.3841042364805  I-I_ME = -5.483e-01  |grad| = 1.9e-09  nonproj = 1.1e-01  ranks = [(3, 3, 1, 1, 0, 1, 1, 4), (2, 1, 0, 1, 0, 2, 3, 4), (1, 0, 1, 4, 3, 5, 4, 1), (3, 1, 4, 4, 2, 1, 1, 0)]  below  [28s]
start   80 rank1    I = 2.9324096087045  I-I_ME = +2.665e-15  |grad| = 4.9e-10  nonproj = 6.1e-16  ranks = [(1, 1, 1, 1, 1, 1, 1, 1), (1, 1, 1, 1, 1, 1, 1, 1), (1, 1, 1, 1, 1, 1, 1, 1), (1, 1, 1, 1, 1, 1, 1, 1)]  ME  [28s]
start   81 frame    I = 2.9324096087045  I-I_ME = +1.776e-15  |grad| = 9.3e-10  nonproj = 6.1e-16  ranks = [(1, 1, 1, 1, 1, 1, 1, 1), (1, 1, 1, 1, 1, 1, 1, 1), (1, 1, 1, 1, 1, 1, 1, 1), (1, 1, 1, 1, 1, 1, 1, 1)]  ME  [28s]
start   82 dkzpert  I = 2.9324096087045  I-I_ME = +1.776e-15  |grad| = 3.7e-10  nonproj = 1.7e-16  ranks = [(1, 1, 1, 1, 1, 1, 1, 1), (1, 1, 1, 1, 1, 1, 1, 1), (1, 1, 1, 1, 1, 1, 1, 1), (1, 1, 1, 1, 1, 1, 1, 1)]  ME  [28s]
start   83 dkzcomp  I = 2.9324096087045  I-I_ME = +1.776e-15  |grad| = 4.3e-10  nonproj = 5.6e-16  ranks = [(1, 1, 1, 1, 1, 1, 1, 1), (1, 1, 1, 1, 1, 1, 1, 1), (1, 1, 1, 1, 1, 1, 1, 1), (1, 1, 1, 1, 1, 1, 1, 1)]  ME  [28s]
start   84 gauss    I = 2.7947093792210  I-I_ME = -1.377e-01  |grad| = 1.5e-09  nonproj = 5.2e-02  ranks = [(1, 1, 1, 1, 1, 2, 1, 1), (1, 1, 2, 2, 2, 2, 0, 1), (2, 2, 2, 1, 1, 1, 1, 2), (1, 1, 1, 1, 1, 1, 1, 1)]  below  [29s]
start   85 rank     I = 2.2494097289053  I-I_ME = -6.830e-01  |grad| = 1.5e-06  nonproj = 1.4e-01  ranks = [(4, 3, 4, 3, 1, 2, 1, 5), (1, 1, 0, 0, 2, 2, 4, 5), (0, 1, 0, 1, 6, 4, 4, 1), (2, 1, 2, 3, 5, 0, 1, 0)]  below  [29s]
start   86 rank1    I = 2.9324096087045  I-I_ME = +2.220e-15  |grad| = 2.6e-10  nonproj = 9.4e-16  ranks = [(1, 1, 1, 1, 1, 1, 1, 1), (1, 1, 1, 1, 1, 1, 1, 1), (1, 1, 1, 1, 1, 1, 1, 1), (1, 1, 1, 1, 1, 1, 1, 1)]  ME  [29s]
start   87 frame    I = 2.9324096087045  I-I_ME = +1.332e-15  |grad| = 5.5e-10  nonproj = 6.7e-16  ranks = [(1, 1, 1, 1, 1, 1, 1, 1), (1, 1, 1, 1, 1, 1, 1, 1), (1, 1, 1, 1, 1, 1, 1, 1), (1, 1, 1, 1, 1, 1, 1, 1)]  ME  [29s]
start   88 dkzpert  I = 2.9324096087045  I-I_ME = +2.220e-15  |grad| = 1.7e-10  nonproj = 2.6e-16  ranks = [(1, 1, 1, 1, 1, 1, 1, 1), (1, 1, 1, 1, 1, 1, 1, 1), (1, 1, 1, 1, 1, 1, 1, 1), (1, 1, 1, 1, 1, 1, 1, 1)]  ME  [30s]
start   89 dkzcomp  I = 2.9324096087045  I-I_ME = +2.665e-15  |grad| = 4.9e-10  nonproj = 6.7e-16  ranks = [(1, 1, 1, 1, 1, 1, 1, 1), (1, 1, 1, 1, 1, 1, 1, 1), (1, 1, 1, 1, 1, 1, 1, 1), (1, 1, 1, 1, 1, 1, 1, 1)]  ME  [30s]
# BEST d=8 D=8: I = 2.9324096087045  I_ME = 2.9324096087045  I-I_ME = +4.441e-15  (init dkzcomp)  counts {'below': 27, 'ME': 63}
