# d=6 D=4 nstart=90 seed=6004  I_ME(d) = 2.9202036063791
start    0 gauss    I = 2.8066188966128  I-I_ME = -1.136e-01  |grad| = 2.9e-11  nonproj = 1.2e-01  ranks = [(1, 1, 1, 1, 1, 1), (0, 1, 0, 1, 1, 1), (0, 1, 0, 1, 1, 1), (0, 1, 0, 1, 1, 1)]  below  [0s]
start    1 rank     I = 2.5237604307034  I-I_ME = -3.964e-01  |grad| = 1.0e-09  nonproj = 1.1e-01  ranks = [(1, 2, 2, 1, 0, 0), (1, 1, 1, 1, 0, 1), (1, 1, 1, 1, 0, 2), (0, 0, 1, 2, 2, 1)]  below  [0s]
start    2 rank1    I = 2.5237604307031  I-I_ME = -3.964e-01  |grad| = 1.0e-09  nonproj = 1.4e-01  ranks = [(1, 1, 0, 1, 1, 1), (1, 0, 1, 1, 1, 1), (1, 0, 1, 1, 0, 1), (1, 1, 1, 1, 0, 1)]  below  [0s]
start    3 frame    I = 2.8066188966128  I-I_ME = -1.136e-01  |grad| = 4.3e-10  nonproj = 1.7e-01  ranks = [(1, 0, 1, 1, 1, 0), (1, 0, 1, 1, 1, 0), (1, 0, 1, 1, 1, 0), (1, 1, 1, 1, 1, 1)]  below  [0s]
start    4 dkzpert  I = 2.8066188966128  I-I_ME = -1.136e-01  |grad| = 2.3e-10  nonproj = 1.7e-01  ranks = [(0, 1, 1, 1, 0, 1), (0, 1, 1, 1, 1, 1), (0, 1, 1, 1, 1, 0), (1, 1, 1, 1, 1, 0)]  below  [0s]
start    5 dkzcomp  I = 2.5237604307034  I-I_ME = -3.964e-01  |grad| = 4.2e-09  nonproj = 1.7e-01  ranks = [(1, 1, 0, 1, 1, 0), (1, 1, 1, 2, 1, 1), (0, 1, 1, 1, 0, 1), (1, 1, 1, 1, 1, 2)]  below  [0s]
start    6 gauss    I = 2.8066188966128  I-I_ME = -1.136e-01  |grad| = 1.6e-09  nonproj = 1.1e-01  ranks = [(1, 1, 0, 1, 0, 1), (1, 1, 1, 1, 1, 1), (1, 1, 1, 0, 1, 0), (1, 1, 1, 0, 1, 0)]  below  [0s]
start    7 rank     I = 2.5237604307005  I-I_ME = -3.964e-01  |grad| = 1.9e-09  nonproj = 1.4e-01  ranks = [(1, 2, 0, 1, 0, 1), (1, 1, 0, 1, 1, 1), (2, 1, 1, 1, 1, 0), (2, 0, 2, 1, 2, 1)]  below  [0s]
start    8 rank1    I = 2.8066188966128  I-I_ME = -1.136e-01  |grad| = 1.0e-09  nonproj = 7.3e-02  ranks = [(1, 1, 0, 1, 1, 1), (1, 1, 1, 1, 1, 0), (1, 1, 1, 0, 1, 0), (1, 1, 1, 0, 1, 0)]  below  [0s]
start    9 frame    I = 2.8066188966128  I-I_ME = -1.136e-01  |grad| = 5.5e-10  nonproj = 6.9e-02  ranks = [(1, 1, 1, 0, 1, 1), (1, 0, 1, 1, 1, 1), (1, 0, 1, 1, 0, 1), (1, 0, 1, 1, 0, 1)]  below  [1s]
start   10 dkzpert  I = 2.5237604307034  I-I_ME = -3.964e-01  |grad| = 1.6e-09  nonproj = 1.1e-01  ranks = [(1, 1, 0, 1, 1, 0), (2, 1, 1, 1, 1, 1), (1, 0, 1, 1, 1, 1), (1, 1, 1, 1, 1, 1)]  below  [1s]
start   11 dkzcomp  I = 2.8066188966128  I-I_ME = -1.136e-01  |grad| = 1.7e-09  nonproj = 8.3e-02  ranks = [(1, 1, 1, 0, 1, 0), (1, 1, 1, 0, 1, 1), (0, 1, 1, 1, 1, 1), (0, 1, 1, 1, 0, 1)]  below  [1s]
start   12 gauss    I = 2.5237604307034  I-I_ME = -3.964e-01  |grad| = 2.0e-09  nonproj = 1.6e-01  ranks = [(1, 1, 0, 1, 1, 1), (0, 1, 1, 2, 2, 1), (0, 1, 1, 1, 1, 0), (1, 2, 2, 1, 1, 1)]  below  [1s]
start   13 rank     I = 2.4970562748411  I-I_ME = -4.231e-01  |grad| = 2.9e-10  nonproj = 9.4e-02  ranks = [(2, 1, 1, 1, 1, 1), (2, 0, 0, 0, 2, 1), (2, 1, 1, 1, 2, 0), (2, 1, 0, 1, 1, 1)]  below  [1s]
start   14 rank1    I = 2.8066188966128  I-I_ME = -1.136e-01  |grad| = 1.4e-09  nonproj = 1.6e-01  ranks = [(1, 0, 1, 0, 1, 1), (1, 0, 1, 1, 1, 1), (1, 0, 1, 1, 0, 1), (1, 1, 1, 1, 0, 1)]  below  [1s]
start   15 frame    I = 2.4970562748477  I-I_ME = -4.231e-01  |grad| = 1.0e-09  nonproj = 1.8e-01  ranks = [(1, 1, 1, 1, 1, 1), (1, 0, 1, 1, 1, 1), (0, 0, 1, 1, 1, 1), (0, 1, 1, 1, 1, 1)]  below  [1s]
start   16 dkzpert  I = 2.8066188966128  I-I_ME = -1.136e-01  |grad| = 1.0e-09  nonproj = 8.7e-02  ranks = [(1, 1, 1, 1, 1, 1), (1, 0, 1, 1, 0, 1), (1, 0, 1, 1, 0, 1), (1, 0, 1, 1, 0, 1)]  below  [1s]
start   17 dkzcomp  I = 2.8066188966128  I-I_ME = -1.136e-01  |grad| = 4.6e-10  nonproj = 6.1e-02  ranks = [(0, 1, 1, 1, 1, 1), (0, 1, 1, 1, 1, 0), (1, 1, 1, 1, 1, 0), (1, 0, 1, 1, 1, 0)]  below  [1s]
start   18 gauss    I = 2.2485281374221  I-I_ME = -6.717e-01  |grad| = 9.7e-08  nonproj = 2.1e-01  ranks = [(0, 1, 2, 2, 2, 1), (1, 2, 2, 1, 1, 0), (2, 2, 1, 0, 1, 1), (2, 1, 0, 1, 2, 2)]  below  [1s]
start   19 rank     I = 2.5237604307034  I-I_ME = -3.964e-01  |grad| = 2.4e-09  nonproj = 1.8e-01  ranks = [(2, 0, 1, 2, 1, 2), (1, 0, 1, 1, 0, 1), (1, 2, 2, 1, 1, 1), (1, 2, 0, 0, 1, 0)]  below  [1s]
start   20 rank1    I = 2.8066188966128  I-I_ME = -1.136e-01  |grad| = 2.6e-10  nonproj = 1.2e-01  ranks = [(1, 1, 1, 1, 0, 1), (1, 0, 1, 1, 0, 1), (1, 0, 1, 1, 0, 1), (1, 0, 1, 1, 1, 1)]  below  [1s]
start   21 frame    I = 2.8066188966128  I-I_ME = -1.136e-01  |grad| = 7.9e-10  nonproj = 1.3e-01  ranks = [(1, 1, 0, 1, 1, 0), (1, 1, 1, 1, 1, 1), (0, 1, 1, 0, 1, 1), (0, 1, 1, 0, 1, 1)]  below  [1s]
start   22 dkzpert  I = 2.8066188966128  I-I_ME = -1.136e-01  |grad| = 9.2e-10  nonproj = 9.4e-02  ranks = [(1, 1, 1, 0, 1, 1), (1, 0, 1, 0, 1, 1), (1, 0, 1, 1, 1, 1), (1, 0, 1, 1, 0, 1)]  below  [1s]
start   23 dkzcomp  I = 2.8066188966128  I-I_ME = -1.136e-01  |grad| = 6.6e-10  nonproj = 1.3e-01  ranks = [(0, 1, 1, 1, 1, 1), (0, 1, 0, 1, 1, 1), (1, 1, 0, 1, 1, 1), (1, 0, 0, 1, 1, 1)]  below  [1s]
start   24 gauss    I = 2.8066188966128  I-I_ME = -1.136e-01  |grad| = 2.3e-10  nonproj = 3.8e-03  ranks = [(0, 1, 1, 0, 1, 1), (1, 1, 1, 1, 1, 1), (1, 0, 1, 1, 0, 1), (1, 0, 1, 1, 0, 1)]  below  [2s]
start   25 rank     I = 2.5237604307034  I-I_ME = -3.964e-01  |grad| = 8.7e-11  nonproj = 1.4e-01  ranks = [(0, 0, 1, 0, 1, 2), (0, 1, 1, 0, 1, 2), (0, 1, 0, 1, 2, 2), (2, 2, 1, 2, 1, 1)]  below  [2s]
start   26 rank1    I = 2.4970562748477  I-I_ME = -4.231e-01  |grad| = 1.2e-09  nonproj = 1.2e-01  ranks = [(1, 0, 1, 1, 0, 1), (1, 1, 1, 1, 1, 1), (1, 1, 1, 1, 1, 1), (1, 1, 1, 1, 1, 1)]  below  [2s]
start   27 frame    I = 2.8066188966128  I-I_ME = -1.136e-01  |grad| = 3.2e-10  nonproj = 5.3e-02  ranks = [(1, 1, 1, 1, 1, 1), (1, 1, 1, 0, 0, 1), (1, 1, 1, 0, 0, 1), (1, 1, 1, 0, 0, 1)]  below  [2s]
start   28 dkzpert  I = 2.5237604307034  I-I_ME = -3.964e-01  |grad| = 7.8e-09  nonproj = 1.9e-01  ranks = [(1, 0, 0, 1, 1, 1), (1, 1, 1, 1, 1, 1), (1, 1, 0, 1, 1, 0), (1, 1, 1, 1, 1, 1)]  below  [2s]
start   29 dkzcomp  I = 2.8066188966128  I-I_ME = -1.136e-01  |grad| = 1.2e-09  nonproj = 8.0e-02  ranks = [(0, 1, 1, 1, 1, 1), (1, 1, 0, 1, 1, 1), (1, 0, 0, 1, 1, 1), (1, 0, 0, 1, 1, 1)]  below  [2s]
start   30 gauss    I = 2.8066188966128  I-I_ME = -1.136e-01  |grad| = 1.2e-09  nonproj = 1.2e-01  ranks = [(1, 1, 0, 1, 1, 1), (0, 1, 1, 1, 1, 1), (0, 1, 1, 0, 1, 1), (0, 1, 1, 0, 1, 1)]  below  [2s]
start   31 rank     I = 2.5237604307034  I-I_ME = -3.964e-01  |grad| = 3.8e-10  nonproj = 1.7e-01  ranks = [(2, 1, 2, 0, 2, 1), (1, 0, 1, 2, 2, 0), (1, 0, 1, 2, 0, 0), (1, 1, 1, 2, 0, 1)]  below  [2s]
start   32 rank1    I = 2.8066188966128  I-I_ME = -1.136e-01  |grad| = 4.1e-10  nonproj = 2.2e-01  ranks = [(1, 1, 1, 1, 1, 1), (0, 1, 0, 1, 1, 1), (0, 1, 0, 1, 1, 1), (0, 1, 0, 1, 1, 1)]  below  [2s]
start   33 frame    I = 2.4970562748477  I-I_ME = -4.231e-01  |grad| = 1.3e-09  nonproj = 1.2e-01  ranks = [(1, 1, 1, 1, 1, 1), (1, 1, 0, 1, 1, 1), (1, 1, 1, 1, 1, 0), (1, 1, 1, 1, 0, 1)]  below  [2s]
start   34 dkzpert  I = 2.8066188966128  I-I_ME = -1.136e-01  |grad| = 3.4e-10  nonproj = 1.7e-02  ranks = [(1, 1, 0, 1, 1, 0), (1, 1, 1, 1, 1, 0), (1, 1, 1, 0, 1, 1), (0, 1, 1, 0, 1, 1)]  below  [2s]
start   35 dkzcomp  I = 2.4970562748477  I-I_ME = -4.231e-01  |grad| = 3.8e-09  nonproj = 1.2e-01  ranks = [(0, 1, 1, 1, 1, 1), (1, 1, 1, 1, 0, 1), (1, 1, 1, 1, 1, 1), (1, 1, 1, 1, 0, 1)]  below  [2s]
start   36 gauss    I = 2.8066188966128  I-I_ME = -1.136e-01  |grad| = 1.6e-09  nonproj = 1.7e-01  ranks = [(0, 1, 1, 1, 0, 1), (1, 1, 1, 1, 0, 1), (1, 0, 1, 1, 0, 1), (1, 0, 1, 1, 1, 1)]  below  [2s]
start   37 rank     I = 2.4970562748477  I-I_ME = -4.231e-01  |grad| = 1.3e-09  nonproj = 1.4e-01  ranks = [(1, 2, 1, 1, 0, 1), (1, 2, 0, 0, 1, 2), (0, 2, 0, 0, 2, 1), (1, 2, 1, 0, 2, 0)]  below  [2s]
start   38 rank1    I = 2.5237604307034  I-I_ME = -3.964e-01  |grad| = 9.9e-10  nonproj = 1.5e-01  ranks = [(1, 1, 1, 0, 1, 1), (1, 1, 0, 1, 1, 1), (0, 1, 1, 1, 1, 1), (0, 1, 1, 1, 0, 1)]  below  [2s]
start   39 frame    I = 2.5237604307034  I-I_ME = -3.964e-01  |grad| = 8.2e-10  nonproj = 9.5e-02  ranks = [(0, 1, 1, 1, 1, 1), (1, 1, 1, 1, 1, 1), (1, 1, 0, 0, 1, 1), (1, 1, 0, 1, 1, 1)]  below  [2s]
start   40 dkzpert  I = 2.5237604307034  I-I_ME = -3.964e-01  |grad| = 2.8e-10  nonproj = 1.8e-01  ranks = [(1, 2, 1, 1, 1, 0), (1, 1, 1, 1, 1, 1), (1, 1, 1, 1, 2, 1), (1, 0, 1, 1, 1, 1)]  below  [2s]
start   41 dkzcomp  I = 2.8066188966128  I-I_ME = -1.136e-01  |grad| = 1.1e-09  nonproj = 8.5e-02  ranks = [(1, 0, 1, 1, 1, 1), (0, 0, 1, 1, 1, 1), (0, 1, 1, 1, 1, 1), (0, 1, 0, 1, 1, 1)]  below  [2s]
start   42 gauss    I = 2.8066188966128  I-I_ME = -1.136e-01  |grad| = 9.8e-10  nonproj = 1.2e-01  ranks = [(1, 1, 1, 1, 0, 1), (1, 1, 0, 1, 0, 1), (1, 1, 0, 1, 1, 1), (1, 1, 0, 1, 1, 0)]  below  [3s]
start   43 rank     I = 2.5237604307034  I-I_ME = -3.964e-01  |grad| = 1.5e-09  nonproj = 1.1e-01  ranks = [(2, 0, 1, 1, 1, 1), (2, 0, 1, 0, 0, 1), (2, 1, 1, 0, 0, 1), (2, 2, 1, 1, 1, 2)]  below  [3s]
start   44 rank1    I = 2.8066188966128  I-I_ME = -1.136e-01  |grad| = 1.6e-10  nonproj = 1.1e-01  ranks = [(1, 1, 0, 1, 1, 0), (1, 1, 0, 1, 1, 1), (0, 1, 0, 1, 1, 1), (0, 1, 1, 1, 1, 1)]  below  [3s]
start   45 frame    I = 2.8066188966128  I-I_ME = -1.136e-01  |grad| = 3.1e-09  nonproj = 1.5e-01  ranks = [(1, 1, 1, 0, 1, 1), (1, 1, 1, 0, 1, 0), (1, 1, 1, 1, 1, 0), (1, 1, 1, 1, 0, 0)]  below  [3s]
start   46 dkzpert  I = 2.8066188966128  I-I_ME = -1.136e-01  |grad| = 7.9e-10  nonproj = 3.5e-02  ranks = [(0, 1, 1, 0, 1, 1), (1, 1, 1, 0, 1, 1), (1, 0, 1, 0, 1, 1), (1, 0, 1, 1, 1, 1)]  below  [3s]
start   47 dkzcomp  I = 2.8066188966128  I-I_ME = -1.136e-01  |grad| = 2.8e-10  nonproj = 1.3e-01  ranks = [(1, 1, 1, 1, 1, 1), (0, 1, 1, 1, 1, 0), (0, 1, 1, 1, 1, 0), (0, 1, 1, 1, 1, 0)]  below  [3s]
start   48 gauss    I = 2.8066188966128  I-I_ME = -1.136e-01  |grad| = 3.6e-11  nonproj = 1.3e-01  ranks = [(1, 0, 1, 1, 1, 0), (1, 1, 1, 1, 1, 0), (1, 1, 0, 1, 1, 1), (0, 1, 0, 1, 1, 1)]  below  [3s]
start   49 rank     I = 2.5237604307034  I-I_ME = -3.964e-01  |grad| = 1.2e-09  nonproj = 1.3e-01  ranks = [(0, 2, 1, 1, 1, 1), (2, 2, 0, 0, 1, 2), (1, 0, 1, 1, 2, 2), (1, 0, 1, 0, 1, 1)]  below  [3s]
start   50 rank1    I = 2.5237604307034  I-I_ME = -3.964e-01  |grad| = 3.1e-10  nonproj = 1.0e-01  ranks = [(1, 1, 1, 1, 1, 0), (1, 1, 1, 1, 0, 1), (1, 1, 0, 1, 0, 1), (1, 1, 1, 1, 1, 1)]  below  [3s]
start   51 frame    I = 2.5237604307034  I-I_ME = -3.964e-01  |grad| = 2.6e-10  nonproj = 1.6e-01  ranks = [(1, 1, 0, 1, 1, 0), (1, 1, 1, 1, 1, 1), (1, 0, 1, 1, 1, 0), (1, 1, 1, 1, 1, 1)]  below  [3s]
start   52 dkzpert  I = 2.8066188966128  I-I_ME = -1.136e-01  |grad| = 4.1e-10  nonproj = 1.5e-01  ranks = [(1, 1, 1, 1, 1, 0), (1, 1, 1, 0, 1, 0), (1, 1, 1, 0, 1, 0), (1, 1, 1, 0, 1, 1)]  below  [3s]
start   53 dkzcomp  I = 2.8066188966128  I-I_ME = -1.136e-01  |grad| = 6.1e-10  nonproj = 1.6e-01  ranks = [(1, 1, 0, 1, 1, 1), (1, 1, 0, 1, 0, 1), (1, 1, 0, 1, 0, 1), (1, 1, 1, 1, 0, 1)]  below  [3s]
start   54 gauss    I = 2.5237604307034  I-I_ME = -3.964e-01  |grad| = 8.5e-10  nonproj = 1.3e-01  ranks = [(0, 0, 1, 1, 1, 1), (1, 1, 2, 2, 1, 1), (1, 0, 1, 1, 0, 1), (2, 1, 1, 1, 1, 2)]  below  [3s]
start   55 rank     I = 2.5237604307034  I-I_ME = -3.964e-01  |grad| = 2.2e-10  nonproj = 1.0e-01  ranks = [(0, 1, 0, 2, 0, 1), (1, 2, 2, 2, 0, 1), (2, 1, 1, 0, 1, 2), (1, 0, 1, 0, 2, 1)]  below  [3s]
start   56 rank1    I = 2.8066188966128  I-I_ME = -1.136e-01  |grad| = 1.4e-09  nonproj = 9.1e-02  ranks = [(1, 1, 1, 1, 0, 0), (1, 1, 1, 1, 0, 0), (1, 1, 1, 1, 0, 0), (1, 1, 1, 1, 1, 1)]  below  [3s]
start   57 frame    I = 2.8066188966128  I-I_ME = -1.136e-01  |grad| = 1.9e-09  nonproj = 1.2e-01  ranks = [(1, 1, 1, 0, 1, 1), (0, 1, 1, 0, 1, 1), (0, 1, 1, 1, 1, 1), (0, 1, 1, 1, 0, 1)]  below  [3s]
start   58 dkzpert  I = 2.8066188966128  I-I_ME = -1.136e-01  |grad| = 9.0e-10  nonproj = 7.4e-02  ranks = [(1, 0, 1, 0, 1, 1), (1, 0, 1, 1, 1, 1), (1, 1, 1, 1, 0, 1), (1, 1, 0, 1, 0, 1)]  below  [3s]
start   59 dkzcomp  I = 2.8066188966128  I-I_ME = -1.136e-01  |grad| = 1.5e-09  nonproj = 9.4e-02  ranks = [(1, 0, 1, 1, 1, 0), (1, 0, 1, 1, 1, 0), (1, 1, 1, 1, 1, 0), (1, 1, 0, 1, 1, 1)]  below  [3s]
start   60 gauss    I = 2.8066188966128  I-I_ME = -1.136e-01  |grad| = 1.3e-11  nonproj = 1.0e-01  ranks = [(1, 0, 1, 1, 0, 1), (1, 0, 1, 1, 0, 1), (1, 0, 1, 1, 0, 1), (1, 1, 1, 1, 1, 1)]  below  [4s]
start   61 rank     I = 2.5237604307034  I-I_ME = -3.964e-01  |grad| = 9.8e-10  nonproj = 1.8e-01  ranks = [(1, 1, 2, 2, 1, 0), (1, 2, 2, 0, 0, 0), (2, 2, 1, 0, 1, 2), (0, 1, 1, 0, 1, 1)]  below  [4s]
start   62 rank1    I = 2.8066188966128  I-I_ME = -1.136e-01  |grad| = 5.5e-10  nonproj = 2.7e-02  ranks = [(1, 0, 1, 1, 1, 1), (0, 0, 1, 1, 1, 1), (0, 0, 1, 1, 1, 1), (0, 1, 1, 1, 1, 1)]  below  [4s]
start   63 frame    I = 2.5237604307034  I-I_ME = -3.964e-01  |grad| = 3.3e-09  nonproj = 1.7e-01  ranks = [(1, 1, 1, 1, 0, 1), (1, 1, 1, 1, 1, 1), (1, 1, 0, 1, 1, 1), (1, 0, 1, 1, 1, 1)]  below  [4s]
start   64 dkzpert  I = 2.8066188966128  I-I_ME = -1.136e-01  |grad| = 3.3e-09  nonproj = 8.8e-02  ranks = [(1, 1, 1, 0, 1, 1), (1, 0, 1, 0, 1, 1), (1, 0, 1, 1, 1, 1), (1, 0, 1, 1, 0, 1)]  below  [4s]
start   65 dkzcomp  I = 2.8066188966014  I-I_ME = -1.136e-01  |grad| = 2.7e-09  nonproj = 1.1e-01  ranks = [(1, 0, 1, 1, 1, 1), (1, 1, 1, 1, 1, 1), (1, 1, 0, 0, 1, 1), (1, 1, 0, 0, 1, 1)]  below  [4s]
start   66 gauss    I = 2.8066188966128  I-I_ME = -1.136e-01  |grad| = 2.0e-09  nonproj = 8.2e-02  ranks = [(1, 1, 1, 1, 0, 0), (1, 1, 1, 1, 0, 0), (1, 1, 1, 1, 0, 0), (1, 1, 1, 1, 1, 1)]  below  [4s]
start   67 rank     I = 2.4970562748437  I-I_ME = -4.231e-01  |grad| = 4.0e-10  nonproj = 1.8e-01  ranks = [(1, 1, 0, 0, 2, 1), (1, 0, 0, 1, 2, 2), (1, 0, 2, 1, 1, 2), (1, 0, 1, 0, 0, 2)]  below  [4s]
start   68 rank1    I = 2.8066188966128  I-I_ME = -1.136e-01  |grad| = 1.6e-10  nonproj = 6.4e-02  ranks = [(0, 0, 1, 1, 1, 1), (0, 0, 1, 1, 1, 1), (1, 1, 1, 1, 1, 1), (1, 0, 0, 1, 1, 1)]  below  [4s]
start   69 frame    I = 2.8066188966128  I-I_ME = -1.136e-01  |grad| = 1.7e-09  nonproj = 8.2e-02  ranks = [(1, 1, 1, 1, 1, 1), (0, 1, 1, 0, 1, 1), (0, 1, 1, 0, 1, 1), (0, 1, 1, 0, 1, 1)]  below  [4s]
start   70 dkzpert  I = 2.5237604307034  I-I_ME = -3.964e-01  |grad| = 5.3e-10  nonproj = 2.2e-01  ranks = [(1, 1, 2, 1, 0, 1), (1, 1, 1, 0, 0, 1), (1, 1, 1, 0, 1, 1), (0, 1, 1, 1, 1, 1)]  below  [4s]
start   71 dkzcomp  I = 2.8066188966128  I-I_ME = -1.136e-01  |grad| = 1.6e-09  nonproj = 1.3e-01  ranks = [(1, 1, 1, 1, 0, 1), (1, 1, 1, 0, 0, 1), (1, 1, 1, 0, 1, 1), (1, 1, 1, 0, 1, 0)]  below  [4s]
start   72 gauss    I = 2.8066188966128  I-I_ME = -1.136e-01  |grad| = 1.1e-09  nonproj = 6.5e-02  ranks = [(0, 1, 1, 1, 1, 1), (0, 1, 1, 1, 0, 1), (1, 1, 1, 1, 0, 1), (1, 0, 1, 1, 0, 1)]  below  [4s]
start   73 rank     I = 2.8066188966128  I-I_ME = -1.136e-01  |grad| = 3.3e-09  nonproj = 6.4e-02  ranks = [(1, 1, 1, 1, 0, 1), (0, 1, 1, 1, 1, 1), (0, 1, 1, 1, 1, 0), (0, 1, 1, 1, 1, 0)]  below  [4s]
start   74 rank1    I = 2.8066188966128  I-I_ME = -1.136e-01  |grad| = 6.1e-10  nonproj = 5.3e-02  ranks = [(0, 1, 1, 1, 0, 1), (1, 1, 1, 1, 0, 1), (1, 0, 1, 1, 1, 1), (1, 0, 1, 1, 1, 0)]  below  [4s]
start   75 frame    I = 2.5237604307034  I-I_ME = -3.964e-01  |grad| = 1.5e-09  nonproj = 1.6e-01  ranks = [(1, 1, 0, 1, 1, 1), (0, 1, 0, 1, 1, 1), (1, 1, 1, 1, 1, 1), (1, 1, 1, 1, 1, 1)]  below  [5s]
start   76 dkzpert  I = 2.8066188966128  I-I_ME = -1.136e-01  |grad| = 2.7e-10  nonproj = 1.1e-01  ranks = [(1, 1, 0, 1, 1, 1), (1, 1, 0, 1, 0, 1), (1, 1, 1, 1, 0, 1), (1, 1, 1, 0, 0, 1)]  below  [5s]
start   77 dkzcomp  I = 2.8066188966128  I-I_ME = -1.136e-01  |grad| = 9.8e-10  nonproj = 4.3e-02  ranks = [(0, 1, 1, 1, 1, 1), (0, 1, 1, 0, 1, 1), (1, 1, 1, 0, 1, 1), (1, 0, 1, 0, 1, 1)]  below  [5s]
start   78 gauss    I = 2.4970562748477  I-I_ME = -4.231e-01  |grad| = 1.7e-10  nonproj = 1.8e-01  ranks = [(1, 0, 1, 0, 1, 2), (0, 0, 1, 1, 1, 2), (0, 1, 2, 1, 1, 2), (1, 2, 1, 1, 1, 1)]  below  [5s]
start   79 rank     I = 2.5237604307034  I-I_ME = -3.964e-01  |grad| = 1.9e-09  nonproj = 1.5e-01  ranks = [(1, 2, 1, 0, 1, 0), (2, 1, 1, 1, 2, 1), (1, 0, 1, 2, 1, 1), (0, 0, 2, 2, 0, 1)]  below  [5s]
start   80 rank1    I = 2.8066188966128  I-I_ME = -1.136e-01  |grad| = 6.2e-10  nonproj = 1.1e-01  ranks = [(1, 1, 0, 1, 1, 0), (1, 1, 1, 1, 1, 0), (1, 1, 1, 0, 1, 0), (1, 1, 1, 0, 1, 1)]  below  [5s]
start   81 frame    I = 2.8066188966128  I-I_ME = -1.136e-01  |grad| = 1.6e-09  nonproj = 3.7e-02  ranks = [(1, 1, 0, 1, 1, 1), (1, 1, 1, 1, 0, 1), (1, 1, 1, 0, 0, 1), (1, 1, 1, 0, 0, 1)]  below  [5s]
start   82 dkzpert  I = 2.8066188966128  I-I_ME = -1.136e-01  |grad| = 1.1e-10  nonproj = 5.6e-02  ranks = [(1, 0, 1, 1, 1, 1), (0, 0, 1, 1, 1, 1), (0, 1, 1, 1, 1, 1), (0, 1, 0, 1, 1, 1)]  below  [5s]
start   83 dkzcomp  I = 2.5237604307034  I-I_ME = -3.964e-01  |grad| = 1.8e-09  nonproj = 1.1e-01  ranks = [(0, 1, 1, 1, 1, 0), (1, 1, 1, 1, 1, 0), (1, 1, 1, 1, 0, 1), (1, 0, 1, 1, 1, 1)]  below  [5s]
start   84 gauss    I = 2.5237604307034  I-I_ME = -3.964e-01  |grad| = 5.1e-10  nonproj = 1.4e-01  ranks = [(2, 1, 1, 1, 0, 1), (1, 1, 1, 1, 0, 1), (1, 1, 0, 1, 1, 2), (0, 1, 1, 2, 1, 1)]  below  [5s]
start   85 rank     I = 2.5237604306993  I-I_ME = -3.964e-01  |grad| = 2.9e-09  nonproj = 6.6e-02  ranks = [(1, 1, 0, 1, 1, 0), (1, 2, 1, 2, 1, 1), (0, 2, 1, 1, 0, 1), (0, 2, 1, 1, 1, 2)]  below  [5s]
start   86 rank1    I = 2.8066188966128  I-I_ME = -1.136e-01  |grad| = 4.5e-10  nonproj = 1.6e-01  ranks = [(0, 1, 1, 1, 1, 1), (0, 1, 1, 1, 0, 1), (0, 1, 1, 1, 0, 1), (1, 1, 1, 1, 0, 1)]  below  [5s]
start   87 frame    I = 2.5237604307034  I-I_ME = -3.964e-01  |grad| = 8.3e-10  nonproj = 1.4e-01  ranks = [(1, 1, 0, 1, 1, 1), (1, 0, 0, 1, 1, 1), (1, 1, 1, 1, 1, 1), (1, 1, 1, 1, 0, 1)]  below  [5s]
start   88 dkzpert  I = 2.5237604307034  I-I_ME = -3.964e-01  |grad| = 1.5e-09  nonproj = 2.3e-01  ranks = [(1, 0, 1, 1, 1, 1), (1, 1, 2, 1, 1, 1), (0, 1, 1, 0, 1, 1), (1, 1, 1, 1, 1, 1)]  below  [5s]
start   89 dkzcomp  I = 2.8066188966128  I-I_ME = -1.136e-01  |grad| = 9.1e-10  nonproj = 1.3e-01  ranks = [(1, 0, 1, 0, 1, 1), (1, 0, 1, 0, 1, 1), (1, 0, 1, 0, 1, 1), (1, 1, 1, 1, 1, 1)]  below  [5s]
# BEST d=6 D=4: I = 2.8066188966128  I_ME = 2.9202036063791  I-I_ME = -1.136e-01  (init rank1)  counts {'below': 90}
