# d=6 D=10 nstart=90 seed=6010  I_ME(d) = 2.9202036063791
start    0 gauss    I = 2.7616263361088  I-I_ME = -1.586e-01  |grad| = 1.1e-07  nonproj = 6.1e-02  ranks = [(2, 3, 2, 1, 3, 3), (1, 2, 1, 2, 3, 2), (2, 2, 2, 3, 2, 2), (2, 1, 2, 2, 1, 2)]  below  [1s]
start    1 rank     I = 2.3089154272476  I-I_ME = -6.113e-01  |grad| = 6.4e-09  nonproj = 1.7e-01  ranks = [(7, 5, 3, 1, 1, 4), (3, 0, 2, 1, 6, 5), (1, 0, 4, 6, 7, 1), (0, 2, 6, 5, 2, 0)]  below  [1s]
start    2 rank1    I = 2.8747697224725  I-I_ME = -4.543e-02  |grad| = 6.3e-10  nonproj = 5.2e-02  ranks = [(2, 2, 2, 2, 1, 2), (1, 2, 2, 2, 1, 2), (1, 2, 2, 2, 2, 2), (1, 2, 2, 2, 2, 1)]  below  [2s]
start    3 frame    I = 2.8747697224726  I-I_ME = -4.543e-02  |grad| = 1.3e-09  nonproj = 1.1e-01  ranks = [(2, 1, 2, 2, 1, 2), (2, 1, 2, 2, 2, 2), (2, 1, 2, 2, 2, 1), (2, 2, 2, 2, 2, 1)]  below  [2s]
start    4 dkzpert  I = 2.8747697224726  I-I_ME = -4.543e-02  |grad| = 2.6e-10  nonproj = 3.5e-02  ranks = [(1, 2, 2, 2, 2, 2), (1, 2, 2, 1, 2, 2), (1, 2, 2, 1, 2, 2), (2, 2, 2, 1, 2, 2)]  below  [3s]
start    5 dkzcomp  I = 2.8747697224726  I-I_ME = -4.543e-02  |grad| = 5.2e-10  nonproj = 6.2e-02  ranks = [(1, 2, 2, 2, 1, 2), (1, 2, 2, 2, 2, 2), (1, 2, 2, 2, 2, 1), (2, 2, 2, 2, 2, 1)]  below  [3s]
start    6 gauss    I = 2.8747697224726  I-I_ME = -4.543e-02  |grad| = 2.0e-11  nonproj = 5.0e-02  ranks = [(2, 1, 2, 2, 2, 2), (2, 1, 2, 1, 2, 2), (2, 2, 2, 1, 2, 2), (2, 2, 1, 1, 2, 2)]  below  [3s]
start    7 rank     I = 2.5077379371886  I-I_ME = -4.125e-01  |grad| = 1.0e-10  nonproj = 1.2e-01  ranks = [(0, 1, 4, 4, 5, 2), (1, 4, 4, 1, 4, 1), (4, 4, 1, 0, 4, 2), (4, 1, 0, 1, 4, 4)]  below  [4s]
start    8 rank1    I = 2.8747697224726  I-I_ME = -4.543e-02  |grad| = 1.8e-10  nonproj = 5.1e-02  ranks = [(2, 1, 1, 2, 2, 2), (2, 1, 2, 2, 2, 2), (2, 2, 2, 1, 2, 2), (2, 2, 1, 1, 2, 2)]  below  [4s]
start    9 frame    I = 2.8747697224726  I-I_ME = -4.543e-02  |grad| = 4.7e-10  nonproj = 3.8e-02  ranks = [(2, 2, 2, 1, 2, 1), (2, 2, 2, 1, 2, 2), (1, 2, 2, 2, 2, 2), (1, 2, 2, 2, 1, 2)]  below  [5s]
start   10 dkzpert  I = 2.8747697224726  I-I_ME = -4.543e-02  |grad| = 7.7e-10  nonproj = 5.2e-02  ranks = [(2, 1, 2, 2, 2, 2), (2, 1, 2, 2, 1, 2), (2, 2, 2, 2, 1, 2), (2, 2, 1, 2, 1, 2)]  below  [5s]
start   11 dkzcomp  I = 2.8747697224726  I-I_ME = -4.543e-02  |grad| = 3.0e-10  nonproj = 4.8e-02  ranks = [(2, 2, 2, 2, 2, 1), (2, 2, 2, 1, 2, 1), (2, 2, 2, 1, 2, 2), (1, 2, 2, 1, 2, 2)]  below  [5s]
start   12 gauss    I = 2.7616263361088  I-I_ME = -1.586e-01  |grad| = 1.4e-11  nonproj = 8.5e-02  ranks = [(2, 2, 2, 2, 2, 1), (3, 2, 2, 2, 2, 2), (2, 1, 2, 1, 2, 2), (2, 2, 2, 2, 3, 3)]  below  [6s]
start   13 rank     I = 2.4083266822203  I-I_ME = -5.119e-01  |grad| = 6.9e-10  nonproj = 1.4e-01  ranks = [(4, 2, 3, 1, 5, 1), (4, 2, 0, 0, 6, 0), (3, 1, 0, 4, 6, 1), (3, 3, 3, 5, 2, 4)]  below  [7s]
start   14 rank1    I = 2.7616263361088  I-I_ME = -1.586e-01  |grad| = 2.7e-10  nonproj = 6.7e-02  ranks = [(2, 1, 2, 2, 2, 1), (2, 2, 2, 2, 2, 1), (2, 2, 2, 2, 2, 2), (2, 2, 1, 2, 2, 2)]  below  [7s]
start   15 frame    I = 2.7616263361088  I-I_ME = -1.586e-01  |grad| = 5.0e-10  nonproj = 1.0e-01  ranks = [(2, 2, 2, 2, 2, 2), (2, 2, 2, 1, 2, 1), (2, 2, 2, 2, 2, 2), (2, 2, 1, 2, 2, 2)]  below  [8s]
start   16 dkzpert  I = 2.8747697224726  I-I_ME = -4.543e-02  |grad| = 7.7e-11  nonproj = 7.0e-02  ranks = [(1, 2, 2, 2, 1, 2), (1, 2, 2, 2, 1, 2), (1, 2, 2, 2, 1, 2), (2, 2, 2, 2, 2, 2)]  below  [8s]
start   17 dkzcomp  I = 2.8747697224725  I-I_ME = -4.543e-02  |grad| = 1.2e-09  nonproj = 2.0e-02  ranks = [(2, 2, 2, 2, 1, 2), (2, 2, 1, 2, 1, 2), (2, 2, 1, 2, 2, 2), (2, 2, 1, 2, 2, 1)]  below  [9s]
start   18 gauss    I = 2.7616263361087  I-I_ME = -1.586e-01  |grad| = 4.7e-08  nonproj = 8.3e-02  ranks = [(1, 1, 2, 3, 2, 2), (2, 2, 3, 3, 2, 2), (3, 2, 2, 2, 2, 1), (3, 1, 1, 2, 2, 2)]  below  [9s]
start   19 rank     I = 2.4220588136146  I-I_ME = -4.981e-01  |grad| = 1.5e-09  nonproj = 1.2e-01  ranks = [(3, 5, 4, 1, 0, 3), (4, 3, 1, 1, 2, 5), (3, 1, 1, 1, 5, 4), (2, 0, 3, 5, 6, 1)]  below  [10s]
start   20 rank1    I = 2.8747697224726  I-I_ME = -4.543e-02  |grad| = 1.1e-10  nonproj = 9.1e-02  ranks = [(2, 1, 2, 2, 2, 2), (2, 1, 2, 1, 2, 2), (2, 1, 2, 1, 2, 2), (2, 2, 2, 1, 2, 2)]  below  [11s]
start   21 frame    I = 2.8747697224726  I-I_ME = -4.543e-02  |grad| = 4.2e-10  nonproj = 5.2e-02  ranks = [(2, 1, 2, 2, 2, 1), (2, 2, 2, 2, 2, 1), (2, 2, 1, 2, 2, 1), (2, 2, 1, 2, 2, 2)]  below  [11s]
start   22 dkzpert  I = 2.8747697224726  I-I_ME = -4.543e-02  |grad| = 4.6e-10  nonproj = 2.9e-02  ranks = [(1, 2, 2, 2, 1, 2), (1, 2, 2, 2, 1, 2), (1, 2, 2, 2, 2, 2), (2, 2, 2, 2, 2, 1)]  below  [12s]
start   23 dkzcomp  I = 2.7616263361084  I-I_ME = -1.586e-01  |grad| = 9.0e-10  nonproj = 1.0e-01  ranks = [(1, 2, 2, 2, 2, 2), (1, 2, 2, 2, 2, 2), (2, 3, 2, 2, 2, 1), (2, 2, 2, 1, 2, 2)]  below  [13s]
start   24 gauss    I = 2.8747697224726  I-I_ME = -4.543e-02  |grad| = 2.8e-11  nonproj = 6.8e-04  ranks = [(2, 1, 2, 2, 2, 2), (1, 1, 2, 2, 2, 2), (1, 1, 2, 2, 2, 2), (1, 2, 2, 2, 2, 2)]  below  [14s]
start   25 rank     I = 2.7597090665178  I-I_ME = -1.605e-01  |grad| = 2.2e-09  nonproj = 9.3e-02  ranks = [(0, 2, 3, 2, 2, 2), (0, 3, 3, 2, 1, 3), (1, 2, 2, 2, 2, 3), (2, 2, 2, 3, 2, 2)]  below  [14s]
start   26 rank1    I = 2.8747697224725  I-I_ME = -4.543e-02  |grad| = 3.3e-10  nonproj = 4.9e-02  ranks = [(2, 2, 2, 2, 2, 2), (2, 2, 2, 2, 1, 1), (2, 2, 2, 2, 1, 1), (2, 2, 2, 2, 1, 1)]  below  [15s]
start   27 frame    I = 2.8747697224726  I-I_ME = -4.543e-02  |grad| = 3.6e-10  nonproj = 6.5e-02  ranks = [(1, 2, 2, 1, 2, 2), (1, 2, 2, 1, 2, 2), (1, 2, 2, 2, 2, 2), (2, 2, 2, 2, 1, 2)]  below  [15s]
start   28 dkzpert  I = 2.8747697224726  I-I_ME = -4.543e-02  |grad| = 3.7e-10  nonproj = 3.5e-02  ranks = [(2, 2, 1, 2, 2, 2), (1, 2, 1, 2, 2, 2), (1, 2, 1, 2, 2, 2), (1, 2, 2, 2, 2, 2)]  below  [15s]
start   29 dkzcomp  I = 2.8747697224726  I-I_ME = -4.543e-02  |grad| = 2.2e-10  nonproj = 6.3e-02  ranks = [(1, 2, 2, 2, 1, 2), (2, 2, 2, 2, 1, 2), (2, 1, 2, 2, 2, 2), (2, 1, 2, 2, 2, 1)]  below  [16s]
start   30 gauss    I = 2.8747697224726  I-I_ME = -4.543e-02  |grad| = 1.5e-07  nonproj = 6.0e-02  ranks = [(2, 2, 1, 2, 2, 2), (2, 2, 2, 2, 1, 2), (2, 2, 2, 1, 1, 2), (2, 2, 2, 1, 1, 2)]  below  [16s]
start   31 rank     I = 2.7459769351255  I-I_ME = -1.742e-01  |grad| = 5.4e-10  nonproj = 9.6e-02  ranks = [(1, 1, 3, 1, 3, 3), (1, 2, 2, 2, 3, 2), (2, 3, 1, 3, 2, 2), (3, 2, 0, 3, 1, 2)]  below  [17s]
start   32 rank1    I = 2.8747697224726  I-I_ME = -4.543e-02  |grad| = 2.1e-10  nonproj = 6.1e-02  ranks = [(1, 2, 2, 2, 1, 2), (1, 2, 2, 2, 2, 2), (2, 2, 2, 2, 2, 1), (2, 1, 2, 2, 2, 1)]  below  [18s]
start   33 frame    I = 2.7616263361088  I-I_ME = -1.586e-01  |grad| = 5.0e-10  nonproj = 5.1e-02  ranks = [(1, 2, 2, 2, 2, 2), (1, 2, 2, 2, 2, 2), (2, 2, 2, 2, 1, 2), (2, 2, 2, 1, 2, 2)]  below  [18s]
start   34 dkzpert  I = 2.7616263361088  I-I_ME = -1.586e-01  |grad| = 3.4e-10  nonproj = 1.0e-01  ranks = [(2, 2, 2, 1, 2, 1), (3, 3, 3, 2, 2, 2), (2, 2, 2, 1, 1, 2), (2, 2, 2, 2, 2, 2)]  below  [19s]
start   35 dkzcomp  I = 2.8747697224726  I-I_ME = -4.543e-02  |grad| = 3.4e-10  nonproj = 4.3e-02  ranks = [(1, 2, 2, 2, 2, 1), (2, 2, 2, 2, 2, 2), (1, 1, 2, 2, 2, 2), (1, 1, 2, 2, 2, 2)]  below  [20s]
start   36 gauss    I = 2.8747697224726  I-I_ME = -4.543e-02  |grad| = 5.8e-10  nonproj = 3.5e-02  ranks = [(2, 2, 1, 2, 1, 2), (2, 2, 1, 2, 2, 2), (2, 2, 1, 2, 2, 1), (2, 2, 2, 2, 2, 1)]  below  [20s]
start   37 rank     I = 2.6358840178137  I-I_ME = -2.843e-01  |grad| = 1.2e-09  nonproj = 1.0e-01  ranks = [(3, 2, 4, 1, 1, 0), (4, 2, 4, 1, 1, 2), (2, 1, 3, 3, 3, 3), (1, 2, 3, 4, 2, 2)]  below  [21s]
start   38 rank1    I = 2.8747697224726  I-I_ME = -4.543e-02  |grad| = 4.9e-10  nonproj = 7.0e-02  ranks = [(2, 2, 1, 2, 2, 2), (1, 2, 1, 2, 2, 2), (1, 2, 2, 2, 2, 2), (1, 2, 2, 1, 2, 2)]  below  [21s]
start   39 frame    I = 2.8747697224726  I-I_ME = -4.543e-02  |grad| = 2.7e-10  nonproj = 6.0e-02  ranks = [(2, 2, 1, 2, 1, 2), (2, 2, 2, 2, 1, 2), (2, 2, 2, 1, 1, 2), (2, 2, 2, 1, 2, 2)]  below  [21s]
start   40 dkzpert  I = 2.8747697224726  I-I_ME = -4.543e-02  |grad| = 1.4e-09  nonproj = 2.0e-03  ranks = [(2, 1, 2, 2, 2, 2), (2, 1, 2, 1, 2, 2), (2, 1, 2, 1, 2, 2), (2, 2, 2, 1, 2, 2)]  below  [22s]
start   41 dkzcomp  I = 2.7616263361088  I-I_ME = -1.586e-01  |grad| = 4.5e-07  nonproj = 6.9e-02  ranks = [(1, 2, 2, 1, 2, 2), (2, 2, 2, 2, 2, 2), (2, 1, 1, 2, 2, 2), (2, 1, 2, 2, 2, 2)]  below  [22s]
start   42 gauss    I = 2.7616263361088  I-I_ME = -1.586e-01  |grad| = 2.2e-11  nonproj = 7.0e-02  ranks = [(2, 1, 2, 2, 3, 2), (2, 2, 2, 1, 3, 1), (3, 3, 2, 2, 3, 2), (2, 2, 1, 1, 2, 2)]  below  [23s]
start   43 rank     I = 2.5321517309265  I-I_ME = -3.881e-01  |grad| = 1.1e-09  nonproj = 1.4e-01  ranks = [(5, 4, 1, 1, 0, 4), (3, 2, 2, 3, 4, 4), (2, 2, 4, 4, 2, 0), (2, 3, 5, 2, 0, 0)]  below  [23s]
start   44 rank1    I = 2.8747697224726  I-I_ME = -4.543e-02  |grad| = 8.9e-10  nonproj = 6.8e-02  ranks = [(2, 2, 1, 2, 1, 2), (2, 2, 1, 2, 1, 2), (2, 2, 2, 2, 2, 2), (2, 2, 2, 1, 2, 1)]  below  [24s]
start   45 frame    I = 2.7616263361088  I-I_ME = -1.586e-01  |grad| = 6.5e-10  nonproj = 7.3e-02  ranks = [(2, 1, 2, 2, 1, 2), (2, 2, 2, 2, 2, 2), (1, 2, 2, 2, 2, 2), (2, 2, 2, 2, 2, 2)]  below  [24s]
start   46 dkzpert  I = 2.8747697224726  I-I_ME = -4.543e-02  |grad| = 7.1e-10  nonproj = 3.2e-02  ranks = [(1, 2, 2, 1, 2, 2), (1, 2, 2, 2, 2, 2), (2, 2, 2, 2, 1, 2), (2, 1, 2, 2, 1, 2)]  below  [25s]
start   47 dkzcomp  I = 2.7616263361088  I-I_ME = -1.586e-01  |grad| = 4.0e-10  nonproj = 1.1e-01  ranks = [(2, 2, 2, 2, 2, 1), (2, 2, 2, 1, 2, 2), (2, 1, 2, 2, 2, 2), (2, 2, 2, 2, 2, 3)]  below  [26s]
start   48 gauss    I = 2.7616263361088  I-I_ME = -1.586e-01  |grad| = 4.7e-10  nonproj = 1.1e-01  ranks = [(2, 1, 2, 3, 3, 3), (2, 2, 3, 2, 1, 2), (2, 2, 2, 1, 1, 2), (3, 3, 2, 1, 1, 2)]  below  [27s]
start   49 rank     I = 2.6178308545003  I-I_ME = -3.024e-01  |grad| = 6.7e-10  nonproj = 1.2e-01  ranks = [(2, 1, 0, 3, 3, 4), (1, 0, 4, 4, 3, 4), (0, 2, 4, 0, 2, 4), (2, 3, 2, 0, 3, 4)]  below  [27s]
start   50 rank1    I = 2.7616263361088  I-I_ME = -1.586e-01  |grad| = 2.6e-07  nonproj = 7.0e-02  ranks = [(2, 2, 1, 2, 2, 2), (2, 1, 2, 2, 2, 2), (2, 2, 2, 2, 2, 2), (2, 2, 2, 1, 2, 1)]  below  [27s]
start   51 frame    I = 2.8747697224726  I-I_ME = -4.543e-02  |grad| = 7.7e-10  nonproj = 3.3e-02  ranks = [(1, 2, 2, 2, 2, 2), (1, 2, 2, 1, 2, 2), (1, 2, 2, 1, 2, 2), (2, 2, 2, 1, 2, 2)]  below  [28s]
start   52 dkzpert  I = 2.8747697224726  I-I_ME = -4.543e-02  |grad| = 2.3e-10  nonproj = 3.9e-02  ranks = [(2, 2, 2, 1, 2, 2), (2, 1, 2, 1, 2, 2), (2, 1, 2, 1, 2, 2), (2, 1, 2, 2, 2, 2)]  below  [28s]
start   53 dkzcomp  I = 2.8747697224726  I-I_ME = -4.543e-02  |grad| = 2.5e-10  nonproj = 3.8e-02  ranks = [(2, 2, 2, 2, 1, 1), (2, 2, 2, 2, 1, 2), (1, 2, 2, 2, 2, 2), (1, 2, 2, 2, 2, 1)]  below  [29s]
start   54 gauss    I = 2.8747697224726  I-I_ME = -4.543e-02  |grad| = 7.8e-10  nonproj = 8.7e-03  ranks = [(2, 2, 2, 1, 2, 2), (2, 2, 1, 1, 2, 2), (2, 2, 1, 1, 2, 2), (2, 2, 1, 2, 2, 2)]  below  [29s]
start   55 rank     I = 2.3089154272509  I-I_ME = -6.113e-01  |grad| = 7.3e-10  nonproj = 1.4e-01  ranks = [(0, 4, 4, 6, 0, 0), (4, 7, 4, 3, 1, 1), (6, 3, 1, 2, 3, 5), (1, 0, 3, 3, 7, 4)]  below  [30s]
start   56 rank1    I = 2.7616263361088  I-I_ME = -1.586e-01  |grad| = 5.5e-10  nonproj = 1.1e-01  ranks = [(2, 2, 1, 2, 2, 2), (1, 2, 2, 2, 2, 2), (2, 2, 2, 2, 1, 2), (2, 2, 2, 1, 2, 2)]  below  [31s]
start   57 frame    I = 2.7616263361088  I-I_ME = -1.586e-01  |grad| = 7.6e-10  nonproj = 6.0e-02  ranks = [(2, 2, 2, 2, 2, 2), (2, 2, 1, 2, 1, 2), (2, 2, 1, 2, 2, 2), (1, 2, 2, 2, 2, 2)]  below  [31s]
start   58 dkzpert  I = 2.7616263361088  I-I_ME = -1.586e-01  |grad| = 5.5e-10  nonproj = 7.8e-02  ranks = [(2, 2, 2, 2, 2, 2), (2, 2, 2, 2, 2, 2), (1, 2, 2, 2, 2, 2), (1, 2, 2, 2, 2, 1)]  below  [32s]
start   59 dkzcomp  I = 2.7616263361088  I-I_ME = -1.586e-01  |grad| = 9.9e-10  nonproj = 5.8e-02  ranks = [(2, 2, 1, 2, 3, 2), (1, 2, 1, 2, 2, 2), (2, 3, 2, 2, 2, 2), (2, 2, 2, 1, 1, 2)]  below  [32s]
start   60 gauss    I = 2.8747697224726  I-I_ME = -4.543e-02  |grad| = 1.2e-08  nonproj = 8.1e-02  ranks = [(2, 2, 1, 2, 2, 2), (2, 2, 2, 2, 2, 1), (2, 2, 2, 1, 2, 1), (2, 2, 2, 1, 2, 1)]  below  [33s]
start   61 rank     I = 2.5077379371891  I-I_ME = -4.125e-01  |grad| = 6.0e-10  nonproj = 1.3e-01  ranks = [(0, 4, 2, 0, 5, 2), (2, 4, 1, 3, 5, 1), (3, 2, 2, 3, 2, 2), (4, 2, 3, 3, 1, 4)]  below  [34s]
start   62 rank1    I = 2.8747697224726  I-I_ME = -4.543e-02  |grad| = 1.6e-10  nonproj = 3.5e-02  ranks = [(2, 2, 1, 2, 2, 1), (2, 2, 2, 2, 2, 2), (1, 2, 2, 1, 2, 2), (1, 2, 2, 1, 2, 2)]  below  [34s]
start   63 frame    I = 2.7616263361075  I-I_ME = -1.586e-01  |grad| = 2.8e-09  nonproj = 6.4e-02  ranks = [(2, 2, 2, 1, 2, 2), (2, 2, 1, 2, 2, 2), (2, 1, 2, 2, 2, 2), (2, 1, 2, 2, 2, 2)]  below  [35s]
start   64 dkzpert  I = 2.8747697224726  I-I_ME = -4.543e-02  |grad| = 5.6e-10  nonproj = 5.3e-02  ranks = [(2, 2, 2, 2, 2, 2), (1, 2, 2, 2, 1, 2), (1, 2, 2, 2, 1, 2), (1, 2, 2, 2, 1, 2)]  below  [35s]
start   65 dkzcomp  I = 2.8747697224726  I-I_ME = -4.543e-02  |grad| = 4.0e-10  nonproj = 9.2e-02  ranks = [(1, 2, 2, 2, 1, 2), (1, 2, 2, 2, 1, 2), (2, 2, 2, 2, 2, 2), (2, 1, 2, 2, 2, 1)]  below  [36s]
start   66 gauss    I = 2.7616263361088  I-I_ME = -1.586e-01  |grad| = 4.2e-10  nonproj = 8.7e-02  ranks = [(2, 3, 2, 2, 1, 1), (3, 3, 1, 2, 1, 2), (2, 2, 2, 2, 2, 3), (1, 2, 2, 2, 3, 2)]  below  [36s]
start   67 rank     I = 2.7597090665197  I-I_ME = -1.605e-01  |grad| = 4.9e-10  nonproj = 5.3e-02  ranks = [(1, 1, 3, 2, 2, 2), (2, 1, 3, 2, 3, 3), (1, 1, 2, 3, 3, 2), (2, 1, 1, 3, 2, 2)]  below  [38s]
start   68 rank1    I = 2.8747697224726  I-I_ME = -4.543e-02  |grad| = 1.5e-10  nonproj = 7.6e-02  ranks = [(1, 2, 2, 2, 1, 2), (1, 2, 2, 2, 1, 2), (2, 2, 2, 2, 1, 2), (2, 1, 2, 2, 2, 2)]  below  [38s]
start   69 frame    I = 2.8747697224726  I-I_ME = -4.543e-02  |grad| = 5.6e-10  nonproj = 5.0e-02  ranks = [(1, 2, 2, 1, 2, 2), (1, 2, 2, 1, 2, 2), (1, 2, 2, 2, 2, 2), (2, 2, 2, 2, 1, 2)]  below  [39s]
start   70 dkzpert  I = 2.8747697224726  I-I_ME = -4.543e-02  |grad| = 1.7e-10  nonproj = 5.8e-02  ranks = [(2, 1, 2, 2, 2, 2), (2, 1, 2, 2, 2, 1), (2, 2, 2, 2, 2, 1), (2, 2, 1, 2, 2, 1)]  below  [39s]
start   71 dkzcomp  I = 2.8747697224726  I-I_ME = -4.543e-02  |grad| = 1.9e-10  nonproj = 3.9e-02  ranks = [(2, 2, 2, 2, 2, 2), (2, 1, 2, 2, 1, 2), (2, 1, 2, 2, 1, 2), (2, 1, 2, 2, 1, 2)]  below  [39s]
start   72 gauss    I = 2.7616263361088  I-I_ME = -1.586e-01  |grad| = 6.4e-10  nonproj = 7.7e-02  ranks = [(2, 2, 2, 1, 2, 3), (1, 2, 2, 1, 2, 2), (1, 2, 2, 1, 3, 2), (2, 3, 3, 3, 3, 1)]  below  [40s]
start   73 rank     I = 2.5321517309262  I-I_ME = -3.881e-01  |grad| = 5.4e-10  nonproj = 1.4e-01  ranks = [(4, 3, 3, 0, 1, 3), (4, 1, 2, 0, 3, 5), (2, 0, 3, 1, 5, 3), (2, 2, 4, 4, 2, 1)]  below  [40s]
start   74 rank1    I = 2.8747697224726  I-I_ME = -4.543e-02  |grad| = 1.2e-10  nonproj = 8.4e-02  ranks = [(2, 2, 1, 1, 2, 2), (2, 2, 1, 2, 2, 2), (2, 2, 1, 2, 1, 2), (2, 2, 2, 2, 1, 2)]  below  [41s]
start   75 frame    I = 2.8747697224726  I-I_ME = -4.543e-02  |grad| = 3.9e-10  nonproj = 6.4e-02  ranks = [(1, 2, 2, 2, 1, 2), (1, 2, 2, 2, 1, 2), (2, 2, 2, 2, 1, 2), (2, 1, 2, 2, 2, 2)]  below  [41s]
start   76 dkzpert  I = 2.8747697224726  I-I_ME = -4.543e-02  |grad| = 3.8e-10  nonproj = 7.1e-02  ranks = [(2, 2, 1, 1, 2, 2), (2, 2, 1, 1, 2, 2), (2, 2, 1, 1, 2, 2), (2, 2, 2, 2, 2, 2)]  below  [42s]
start   77 dkzcomp  I = 2.8747697224726  I-I_ME = -4.543e-02  |grad| = 6.8e-10  nonproj = 5.4e-02  ranks = [(2, 1, 1, 2, 2, 2), (2, 1, 1, 2, 2, 2), (2, 2, 2, 2, 2, 2), (2, 2, 1, 1, 2, 2)]  below  [42s]
start   78 gauss    I = 2.8747697224726  I-I_ME = -4.543e-02  |grad| = 9.5e-10  nonproj = 2.7e-02  ranks = [(2, 2, 2, 1, 2, 2), (1, 2, 2, 1, 2, 2), (1, 2, 2, 1, 2, 2), (1, 2, 2, 2, 2, 2)]  below  [43s]
start   79 rank     I = 2.6465656801559  I-I_ME = -2.736e-01  |grad| = 8.4e-10  nonproj = 1.8e-01  ranks = [(2, 4, 3, 0, 3, 2), (3, 3, 1, 0, 3, 1), (3, 2, 1, 2, 4, 1), (2, 2, 2, 4, 2, 2)]  below  [43s]
start   80 rank1    I = 2.8747697224726  I-I_ME = -4.543e-02  |grad| = 3.2e-10  nonproj = 5.3e-02  ranks = [(1, 2, 2, 2, 2, 1), (2, 2, 2, 2, 2, 1), (2, 1, 2, 2, 2, 1), (2, 1, 2, 2, 2, 2)]  below  [44s]
start   81 frame    I = 2.7616263361087  I-I_ME = -1.586e-01  |grad| = 5.7e-10  nonproj = 5.6e-02  ranks = [(2, 2, 2, 2, 2, 1), (2, 2, 2, 2, 2, 2), (1, 2, 2, 2, 2, 2), (2, 2, 2, 2, 2, 2)]  below  [45s]
start   82 dkzpert  I = 2.8747697224726  I-I_ME = -4.543e-02  |grad| = 4.5e-10  nonproj = 4.7e-02  ranks = [(2, 1, 2, 1, 2, 2), (2, 1, 2, 2, 2, 2), (2, 2, 2, 2, 1, 2), (2, 2, 1, 2, 1, 2)]  below  [45s]
start   83 dkzcomp  I = 2.8747697224726  I-I_ME = -4.543e-02  |grad| = 6.2e-07  nonproj = 6.8e-02  ranks = [(2, 2, 1, 2, 2, 2), (2, 1, 1, 2, 2, 2), (2, 1, 1, 2, 2, 2), (2, 1, 2, 2, 2, 2)]  below  [46s]
start   84 gauss    I = 2.7616263361088  I-I_ME = -1.586e-01  |grad| = 6.9e-10  nonproj = 8.0e-02  ranks = [(2, 2, 3, 3, 2, 1), (3, 2, 2, 2, 1, 2), (2, 2, 2, 2, 2, 3), (1, 2, 1, 2, 2, 2)]  below  [46s]
start   85 rank     I = 2.5364727628439  I-I_ME = -3.837e-01  |grad| = 6.4e-10  nonproj = 1.5e-01  ranks = [(2, 1, 1, 2, 4, 4), (1, 1, 2, 2, 5, 2), (2, 4, 5, 1, 4, 1), (4, 4, 2, 0, 2, 2)]  below  [47s]
start   86 rank1    I = 2.7616263361088  I-I_ME = -1.586e-01  |grad| = 6.5e-10  nonproj = 6.2e-02  ranks = [(1, 2, 2, 2, 2, 1), (2, 2, 2, 2, 2, 2), (2, 2, 2, 1, 2, 2), (2, 1, 2, 2, 2, 2)]  below  [48s]
start   87 frame    I = 2.8747697224726  I-I_ME = -4.543e-02  |grad| = 1.7e-10  nonproj = 4.5e-02  ranks = [(2, 2, 1, 1, 2, 2), (2, 2, 1, 1, 2, 2), (2, 2, 2, 2, 2, 2), (2, 2, 2, 1, 1, 2)]  below  [48s]
start   88 dkzpert  I = 2.8747697224726  I-I_ME = -4.543e-02  |grad| = 5.9e-10  nonproj = 4.3e-02  ranks = [(1, 1, 2, 2, 2, 2), (1, 2, 2, 2, 2, 2), (1, 2, 1, 2, 2, 2), (2, 2, 1, 2, 2, 2)]  below  [48s]
start   89 dkzcomp  I = 2.8747697224726  I-I_ME = -4.543e-02  |grad| = 4.5e-10  nonproj = 1.8e-02  ranks = [(2, 1, 2, 2, 1, 2), (2, 1, 2, 2, 1, 2), (2, 2, 2, 2, 1, 2), (2, 2, 1, 2, 2, 2)]  below  [49s]
# BEST d=6 D=10: I = 2.8747697224726  I_ME = 2.9202036063791  I-I_ME = -4.543e-02  (init frame)  counts {'below': 90}
