# d=8 D=9 nstart=90 seed=8009  I_ME(d) = 2.9324096087045
start    0 gauss    I = 2.8288085410706  I-I_ME = -1.036e-01  |grad| = 4.7e-10  nonproj = 8.9e-02  ranks = [(2, 2, 2, 2, 1, 1, 1, 1), (2, 1, 1, 1, 1, 1, 2, 2), (1, 1, 1, 1, 1, 2, 2, 1), (1, 1, 1, 1, 2, 2, 1, 1)]  below  [0s]
start    1 rank     I = 2.6841964869341  I-I_ME = -2.482e-01  |grad| = 5.8e-10  nonproj = 1.2e-01  ranks = [(1, 3, 2, 2, 0, 1, 2, 3), (2, 2, 1, 3, 1, 2, 1, 2), (2, 2, 2, 3, 0, 1, 0, 2), (2, 0, 2, 2, 2, 2, 1, 2)]  below  [1s]
start    2 rank1    I = 2.8288085410706  I-I_ME = -1.036e-01  |grad| = 1.8e-10  nonproj = 6.2e-02  ranks = [(2, 2, 1, 1, 1, 1, 2, 2), (1, 1, 1, 1, 2, 2, 2, 1), (1, 1, 1, 2, 2, 1, 1, 1), (1, 1, 2, 2, 1, 1, 1, 1)]  below  [1s]
start    3 frame    I = 2.8288085410706  I-I_ME = -1.036e-01  |grad| = 1.0e-09  nonproj = 1.2e-01  ranks = [(2, 2, 2, 2, 1, 1, 1, 1), (2, 1, 1, 1, 1, 1, 1, 2), (1, 1, 1, 1, 1, 2, 2, 2), (1, 1, 1, 1, 2, 2, 1, 1)]  below  [1s]
start    4 dkzpert  I = 2.8288085410706  I-I_ME = -1.036e-01  |grad| = 5.5e-10  nonproj = 5.1e-02  ranks = [(2, 2, 2, 2, 1, 2, 2, 2), (1, 1, 1, 1, 2, 2, 1, 1), (1, 1, 1, 1, 2, 1, 1, 1), (1, 1, 1, 1, 2, 1, 1, 1)]  below  [1s]
start    5 dkzcomp  I = 2.8116054322912  I-I_ME = -1.208e-01  |grad| = 6.6e-10  nonproj = 6.4e-02  ranks = [(1, 1, 2, 2, 1, 1, 2, 1), (1, 1, 1, 1, 1, 2, 2, 1), (2, 2, 1, 1, 2, 2, 1, 1), (2, 1, 0, 1, 2, 1, 1, 2)]  below  [2s]
start    6 gauss    I = 2.8288085410682  I-I_ME = -1.036e-01  |grad| = 4.4e-07  nonproj = 5.5e-02  ranks = [(2, 2, 2, 1, 1, 1, 2, 2), (1, 1, 1, 1, 2, 2, 2, 1), (1, 1, 1, 2, 2, 1, 1, 1), (1, 1, 1, 2, 1, 1, 1, 1)]  below  [2s]
start    7 rank     I = 2.5676960453377  I-I_ME = -3.647e-01  |grad| = 3.4e-11  nonproj = 1.3e-01  ranks = [(3, 2, 2, 0, 1, 0, 1, 3), (3, 1, 1, 1, 1, 0, 3, 4), (2, 0, 1, 1, 0, 4, 4, 2), (2, 2, 3, 4, 3, 4, 0, 1)]  below  [3s]
start    8 rank1    I = 2.8288085410706  I-I_ME = -1.036e-01  |grad| = 3.3e-10  nonproj = 6.1e-02  ranks = [(1, 2, 2, 2, 2, 2, 1, 1), (2, 2, 1, 1, 1, 1, 1, 1), (2, 1, 1, 1, 1, 1, 2, 2), (1, 1, 1, 1, 1, 1, 2, 1)]  below  [3s]
start    9 frame    I = 2.8288085410706  I-I_ME = -1.036e-01  |grad| = 5.0e-10  nonproj = 1.0e-01  ranks = [(1, 2, 2, 2, 1, 1, 1, 1), (1, 2, 1, 1, 1, 1, 1, 1), (2, 2, 1, 1, 1, 1, 1, 1), (2, 1, 1, 1, 2, 2, 2, 2)]  below  [4s]
start   10 dkzpert  I = 2.8288085410706  I-I_ME = -1.036e-01  |grad| = 4.3e-10  nonproj = 8.0e-02  ranks = [(2, 1, 1, 1, 1, 1, 1, 2), (1, 1, 1, 1, 1, 1, 2, 2), (1, 1, 1, 1, 2, 2, 2, 1), (1, 2, 2, 2, 2, 1, 1, 1)]  below  [4s]
start   11 dkzcomp  I = 2.8288085410706  I-I_ME = -1.036e-01  |grad| = 2.9e-09  nonproj = 1.2e-02  ranks = [(1, 1, 1, 1, 1, 1, 1, 2), (1, 1, 1, 1, 1, 1, 1, 2), (1, 1, 1, 1, 1, 1, 1, 2), (2, 2, 2, 2, 2, 2, 2, 2)]  below  [5s]
start   12 gauss    I = 2.8288085410706  I-I_ME = -1.036e-01  |grad| = 3.3e-10  nonproj = 9.5e-02  ranks = [(1, 1, 2, 2, 1, 1, 1, 1), (2, 2, 2, 1, 1, 2, 2, 2), (1, 1, 1, 1, 1, 2, 1, 1), (1, 1, 1, 1, 2, 2, 1, 1)]  below  [5s]
start   13 rank     I = 2.5842562580183  I-I_ME = -3.482e-01  |grad| = 2.1e-09  nonproj = 1.5e-01  ranks = [(1, 1, 0, 1, 3, 4, 4, 1), (2, 3, 0, 3, 4, 1, 1, 3), (2, 2, 2, 2, 1, 0, 1, 4), (1, 1, 1, 0, 1, 0, 1, 4)]  below  [6s]
start   14 rank1    I = 2.8288085410705  I-I_ME = -1.036e-01  |grad| = 2.6e-09  nonproj = 9.6e-02  ranks = [(1, 1, 2, 2, 2, 2, 2, 1), (1, 2, 2, 1, 1, 1, 1, 1), (1, 2, 1, 1, 1, 1, 1, 1), (2, 2, 1, 1, 1, 1, 1, 2)]  below  [6s]
start   15 frame    I = 2.8288085410706  I-I_ME = -1.036e-01  |grad| = 4.0e-10  nonproj = 4.7e-02  ranks = [(1, 1, 1, 1, 2, 1, 1, 1), (1, 1, 2, 2, 2, 1, 1, 1), (2, 2, 2, 1, 1, 1, 1, 2), (1, 1, 1, 1, 1, 2, 2, 2)]  below  [7s]
start   16 dkzpert  I = 2.8288085410706  I-I_ME = -1.036e-01  |grad| = 1.6e-08  nonproj = 3.6e-02  ranks = [(1, 1, 1, 1, 1, 1, 2, 2), (2, 2, 2, 2, 2, 2, 2, 1), (2, 1, 1, 1, 1, 1, 1, 1), (2, 1, 1, 1, 1, 1, 1, 1)]  below  [7s]
start   17 dkzcomp  I = 2.8116054322912  I-I_ME = -1.208e-01  |grad| = 3.1e-10  nonproj = 4.7e-02  ranks = [(2, 0, 1, 2, 2, 2, 1, 1), (2, 0, 1, 2, 1, 1, 2, 2), (1, 1, 2, 2, 1, 1, 2, 1), (1, 2, 1, 1, 1, 1, 2, 1)]  below  [8s]
start   18 gauss    I = 2.8288085410706  I-I_ME = -1.036e-01  |grad| = 1.6e-11  nonproj = 3.6e-02  ranks = [(2, 1, 1, 1, 1, 1, 1, 1), (2, 1, 1, 1, 1, 1, 2, 2), (1, 1, 1, 1, 2, 2, 2, 1), (1, 2, 2, 2, 2, 1, 1, 1)]  below  [9s]
start   19 rank     I = 2.4624989501318  I-I_ME = -4.699e-01  |grad| = 6.0e-10  nonproj = 9.8e-02  ranks = [(0, 2, 5, 2, 3, 4, 2, 2), (0, 3, 4, 0, 0, 1, 1, 1), (1, 4, 3, 0, 0, 1, 2, 3), (2, 2, 2, 0, 0, 2, 4, 3)]  below  [10s]
start   20 rank1    I = 2.8288085410706  I-I_ME = -1.036e-01  |grad| = 4.0e-10  nonproj = 4.8e-02  ranks = [(2, 2, 2, 2, 2, 2, 2, 2), (1, 1, 1, 2, 1, 1, 1, 1), (1, 1, 1, 2, 1, 1, 1, 1), (1, 1, 1, 2, 1, 1, 1, 1)]  below  [10s]
start   21 frame    I = 2.8288085410706  I-I_ME = -1.036e-01  |grad| = 2.2e-10  nonproj = 8.7e-02  ranks = [(2, 2, 2, 1, 1, 1, 1, 1), (2, 1, 1, 1, 1, 1, 1, 2), (1, 1, 1, 1, 1, 1, 2, 2), (1, 1, 1, 2, 2, 2, 2, 1)]  below  [11s]
start   22 dkzpert  I = 2.8288085410706  I-I_ME = -1.036e-01  |grad| = 7.7e-10  nonproj = 9.7e-02  ranks = [(2, 1, 1, 1, 1, 1, 2, 2), (1, 1, 1, 1, 2, 2, 2, 1), (1, 1, 2, 2, 2, 1, 1, 1), (1, 2, 2, 1, 1, 1, 1, 1)]  below  [11s]
start   23 dkzcomp  I = 2.8288085410706  I-I_ME = -1.036e-01  |grad| = 3.6e-10  nonproj = 6.6e-02  ranks = [(2, 1, 1, 1, 1, 1, 1, 1), (2, 1, 1, 1, 1, 2, 2, 2), (1, 1, 1, 1, 2, 2, 1, 1), (1, 2, 2, 2, 2, 1, 1, 1)]  below  [12s]
start   24 gauss    I = 2.6894533532243  I-I_ME = -2.430e-01  |grad| = 2.8e-07  nonproj = 8.8e-02  ranks = [(0, 2, 2, 2, 1, 1, 2, 2), (1, 3, 2, 2, 2, 3, 3, 1), (2, 2, 1, 1, 1, 2, 1, 0), (3, 1, 1, 1, 2, 2, 1, 1)]  below  [12s]
start   25 rank     I = 2.6828519759678  I-I_ME = -2.496e-01  |grad| = 5.7e-10  nonproj = 1.2e-01  ranks = [(2, 0, 2, 1, 0, 2, 2, 2), (2, 0, 2, 0, 2, 3, 2, 2), (2, 1, 3, 2, 3, 1, 0, 2), (3, 3, 2, 1, 1, 0, 1, 3)]  below  [13s]
start   26 rank1    I = 2.8116054322912  I-I_ME = -1.208e-01  |grad| = 1.6e-06  nonproj = 1.2e-01  ranks = [(1, 2, 1, 1, 1, 2, 1, 1), (2, 2, 1, 1, 1, 2, 0, 1), (2, 1, 1, 2, 2, 2, 1, 2), (1, 1, 2, 2, 1, 1, 1, 1)]  below  [13s]
start   27 frame    I = 2.8288085410703  I-I_ME = -1.036e-01  |grad| = 1.4e-09  nonproj = 1.3e-01  ranks = [(1, 1, 1, 1, 1, 1, 2, 2), (1, 1, 1, 2, 2, 2, 2, 1), (1, 1, 2, 2, 1, 1, 1, 1), (2, 2, 2, 1, 1, 1, 1, 1)]  below  [14s]
start   28 dkzpert  I = 2.8288085410706  I-I_ME = -1.036e-01  |grad| = 1.2e-09  nonproj = 5.7e-02  ranks = [(2, 2, 2, 2, 2, 1, 1, 2), (1, 1, 1, 1, 1, 2, 2, 2), (1, 1, 1, 1, 1, 2, 1, 1), (1, 1, 1, 1, 1, 2, 1, 1)]  below  [15s]
start   29 dkzcomp  I = 2.8288085410706  I-I_ME = -1.036e-01  |grad| = 1.1e-09  nonproj = 5.3e-02  ranks = [(1, 2, 2, 2, 2, 2, 2, 2), (1, 2, 1, 1, 1, 1, 1, 1), (2, 2, 1, 1, 1, 1, 1, 1), (2, 1, 1, 1, 1, 1, 1, 1)]  below  [15s]
start   30 gauss    I = 2.7064083370854  I-I_ME = -2.260e-01  |grad| = 3.6e-11  nonproj = 9.7e-02  ranks = [(1, 2, 2, 2, 3, 2, 1, 1), (2, 2, 1, 1, 2, 1, 0, 2), (1, 1, 1, 2, 2, 1, 1, 2), (2, 2, 2, 2, 1, 2, 2, 2)]  below  [16s]
start   31 rank     I = 2.5631235247885  I-I_ME = -3.693e-01  |grad| = 3.7e-10  nonproj = 1.4e-01  ranks = [(3, 3, 0, 3, 1, 2, 2, 2), (1, 2, 2, 2, 0, 4, 3, 2), (0, 2, 2, 0, 1, 4, 1, 0), (1, 3, 3, 0, 3, 3, 1, 1)]  below  [17s]
start   32 rank1    I = 2.8288085410706  I-I_ME = -1.036e-01  |grad| = 7.6e-10  nonproj = 6.1e-02  ranks = [(1, 1, 1, 2, 2, 1, 1, 1), (1, 2, 2, 2, 1, 1, 1, 1), (1, 2, 1, 1, 1, 1, 1, 1), (2, 2, 1, 1, 1, 2, 2, 2)]  below  [17s]
start   33 frame    I = 2.8288085410706  I-I_ME = -1.036e-01  |grad| = 4.0e-10  nonproj = 6.3e-02  ranks = [(1, 1, 1, 2, 1, 1, 1, 1), (1, 2, 2, 2, 1, 1, 1, 1), (2, 2, 1, 1, 1, 1, 1, 1), (2, 1, 1, 1, 2, 2, 2, 2)]  below  [18s]
start   34 dkzpert  I = 2.8288085410706  I-I_ME = -1.036e-01  |grad| = 9.2e-10  nonproj = 4.3e-03  ranks = [(1, 1, 1, 2, 2, 1, 1, 1), (1, 2, 2, 2, 1, 1, 1, 1), (2, 2, 1, 1, 1, 1, 1, 1), (2, 1, 1, 1, 1, 2, 2, 2)]  below  [19s]
start   35 dkzcomp  I = 2.8288085410706  I-I_ME = -1.036e-01  |grad| = 6.8e-07  nonproj = 4.4e-02  ranks = [(1, 1, 2, 2, 2, 1, 1, 1), (1, 1, 2, 1, 1, 1, 1, 1), (2, 2, 2, 1, 1, 1, 2, 2), (1, 1, 1, 1, 1, 2, 2, 1)]  below  [20s]
start   36 gauss    I = 2.8116054322912  I-I_ME = -1.208e-01  |grad| = 4.0e-10  nonproj = 1.4e-01  ranks = [(1, 1, 1, 1, 2, 2, 1, 2), (1, 1, 2, 2, 2, 1, 1, 1), (1, 1, 2, 1, 1, 1, 2, 1), (2, 2, 2, 1, 1, 1, 2, 0)]  below  [21s]
start   37 rank     I = 2.5676960453377  I-I_ME = -3.647e-01  |grad| = 6.9e-10  nonproj = 1.2e-01  ranks = [(3, 4, 3, 0, 2, 0, 1, 3), (2, 2, 0, 2, 2, 1, 3, 3), (1, 1, 0, 3, 1, 3, 2, 2), (1, 1, 1, 4, 1, 3, 1, 1)]  below  [22s]
start   38 rank1    I = 2.8288085410706  I-I_ME = -1.036e-01  |grad| = 8.6e-11  nonproj = 7.1e-02  ranks = [(1, 1, 2, 2, 2, 2, 2, 1), (1, 1, 2, 1, 1, 1, 1, 1), (1, 2, 2, 1, 1, 1, 1, 1), (2, 2, 1, 1, 1, 1, 1, 2)]  below  [23s]
start   39 frame    I = 2.8288085410706  I-I_ME = -1.036e-01  |grad| = 3.3e-10  nonproj = 5.6e-02  ranks = [(1, 2, 2, 2, 2, 1, 1, 1), (2, 2, 1, 1, 1, 1, 1, 2), (1, 1, 1, 1, 1, 1, 2, 2), (1, 1, 1, 1, 1, 2, 2, 1)]  below  [23s]
start   40 dkzpert  I = 2.8288085410706  I-I_ME = -1.036e-01  |grad| = 2.0e-10  nonproj = 4.6e-02  ranks = [(1, 1, 1, 1, 1, 1, 2, 2), (1, 1, 1, 1, 1, 1, 2, 1), (1, 1, 1, 2, 2, 2, 2, 1), (2, 2, 2, 2, 1, 1, 1, 1)]  below  [24s]
start   41 dkzcomp  I = 2.8288085410706  I-I_ME = -1.036e-01  |grad| = 2.7e-10  nonproj = 1.4e-02  ranks = [(1, 2, 2, 2, 2, 1, 1, 1), (2, 2, 1, 1, 1, 1, 1, 1), (2, 1, 1, 1, 1, 1, 2, 2), (1, 1, 1, 1, 1, 2, 2, 1)]  below  [25s]
start   42 gauss    I = 2.8288085410706  I-I_ME = -1.036e-01  |grad| = 7.5e-10  nonproj = 1.9e-02  ranks = [(2, 2, 2, 1, 1, 2, 2, 2), (1, 1, 1, 1, 1, 2, 1, 1), (1, 1, 1, 2, 2, 2, 1, 1), (1, 1, 1, 2, 1, 1, 1, 1)]  below  [25s]
start   43 rank     I = 2.2103941904116  I-I_ME = -7.220e-01  |grad| = 5.9e-11  nonproj = 1.4e-01  ranks = [(2, 0, 0, 2, 0, 2, 6, 5), (0, 1, 0, 3, 2, 6, 5, 1), (1, 6, 2, 4, 5, 4, 1, 0), (5, 6, 1, 0, 3, 0, 0, 2)]  below  [26s]
start   44 rank1    I = 2.8288085410706  I-I_ME = -1.036e-01  |grad| = 1.2e-09  nonproj = 2.9e-02  ranks = [(1, 1, 1, 2, 1, 1, 1, 1), (1, 1, 1, 2, 1, 1, 1, 1), (1, 2, 2, 2, 1, 1, 1, 1), (2, 2, 1, 1, 2, 2, 2, 2)]  below  [27s]
start   45 frame    I = 2.8288085410706  I-I_ME = -1.036e-01  |grad| = 6.4e-10  nonproj = 6.4e-02  ranks = [(1, 1, 2, 2, 2, 1, 1, 1), (1, 1, 2, 1, 1, 1, 1, 1), (1, 1, 2, 1, 1, 1, 1, 1), (2, 2, 2, 1, 1, 2, 2, 2)]  below  [28s]
start   46 dkzpert  I = 2.8288085410706  I-I_ME = -1.036e-01  |grad| = 4.3e-10  nonproj = 6.4e-02  ranks = [(2, 1, 1, 1, 1, 1, 1, 2), (1, 1, 1, 1, 1, 1, 1, 2), (1, 2, 2, 2, 2, 2, 2, 2), (1, 2, 1, 1, 1, 1, 1, 1)]  below  [28s]
start   47 dkzcomp  I = 2.8288085410706  I-I_ME = -1.036e-01  |grad| = 2.2e-10  nonproj = 8.7e-02  ranks = [(1, 1, 2, 1, 1, 1, 1, 1), (2, 2, 2, 1, 1, 1, 1, 1), (2, 1, 1, 1, 2, 2, 2, 2), (1, 1, 1, 2, 2, 1, 1, 1)]  below  [29s]
start   48 gauss    I = 2.7064083370854  I-I_ME = -2.260e-01  |grad| = 2.4e-11  nonproj = 9.6e-02  ranks = [(1, 1, 1, 3, 3, 2, 2, 1), (1, 2, 2, 2, 1, 1, 1, 1), (2, 3, 2, 1, 1, 2, 2, 2), (2, 2, 1, 0, 1, 2, 1, 2)]  below  [30s]
start   49 rank     I = 2.6841964869375  I-I_ME = -2.482e-01  |grad| = 1.9e-07  nonproj = 1.2e-01  ranks = [(3, 2, 1, 2, 3, 2, 1, 0), (3, 0, 0, 1, 2, 2, 1, 1), (2, 1, 2, 2, 2, 2, 1, 2), (1, 1, 1, 0, 1, 3, 3, 3)]  below  [31s]
start   50 rank1    I = 2.8288085410706  I-I_ME = -1.036e-01  |grad| = 4.7e-10  nonproj = 6.9e-02  ranks = [(1, 1, 1, 2, 1, 1, 1, 1), (1, 2, 2, 2, 1, 1, 1, 1), (1, 2, 1, 1, 1, 1, 1, 1), (2, 2, 1, 1, 2, 2, 2, 2)]  below  [32s]
start   51 frame    I = 2.8288085410706  I-I_ME = -1.036e-01  |grad| = 7.2e-10  nonproj = 5.9e-02  ranks = [(1, 1, 1, 1, 1, 2, 2, 2), (1, 1, 1, 1, 2, 2, 1, 1), (1, 1, 1, 1, 2, 1, 1, 1), (2, 2, 2, 2, 2, 1, 1, 1)]  below  [32s]
start   52 dkzpert  I = 2.8288085410706  I-I_ME = -1.036e-01  |grad| = 1.5e-10  nonproj = 9.8e-02  ranks = [(2, 2, 1, 1, 1, 1, 1, 1), (2, 1, 1, 1, 1, 1, 1, 2), (1, 1, 1, 1, 2, 2, 2, 2), (1, 1, 2, 2, 2, 1, 1, 1)]  below  [33s]
start   53 dkzcomp  I = 2.8288085410706  I-I_ME = -1.036e-01  |grad| = 7.6e-10  nonproj = 9.1e-02  ranks = [(2, 2, 2, 1, 1, 1, 2, 2), (1, 1, 1, 1, 1, 2, 2, 1), (1, 1, 1, 2, 2, 2, 1, 1), (1, 1, 1, 2, 1, 1, 1, 1)]  below  [33s]
start   54 gauss    I = 2.8288085410706  I-I_ME = -1.036e-01  |grad| = 6.2e-10  nonproj = 5.3e-02  ranks = [(1, 1, 2, 1, 1, 1, 1, 1), (1, 1, 2, 1, 1, 1, 1, 1), (1, 2, 2, 1, 1, 1, 1, 1), (2, 2, 1, 2, 2, 2, 2, 2)]  below  [34s]
start   55 rank     I = 2.5372888224233  I-I_ME = -3.951e-01  |grad| = 6.9e-10  nonproj = 1.2e-01  ranks = [(3, 1, 0, 1, 3, 3, 0, 2), (2, 0, 3, 3, 4, 1, 0, 4), (0, 1, 4, 0, 2, 0, 2, 4), (1, 3, 3, 0, 1, 1, 4, 2)]  below  [35s]
start   56 rank1    I = 2.8288085410706  I-I_ME = -1.036e-01  |grad| = 5.8e-10  nonproj = 5.8e-02  ranks = [(1, 1, 1, 1, 1, 1, 2, 1), (1, 1, 1, 1, 2, 2, 2, 1), (1, 1, 2, 2, 2, 1, 1, 1), (2, 2, 2, 1, 1, 1, 1, 2)]  below  [35s]
start   57 frame    I = 2.8288085410706  I-I_ME = -1.036e-01  |grad| = 4.6e-07  nonproj = 5.6e-02  ranks = [(1, 1, 2, 2, 2, 2, 2, 2), (1, 2, 2, 1, 1, 1, 1, 1), (2, 2, 1, 1, 1, 1, 1, 1), (2, 1, 1, 1, 1, 1, 1, 1)]  below  [36s]
start   58 dkzpert  I = 2.8288085410706  I-I_ME = -1.036e-01  |grad| = 1.3e-09  nonproj = 2.1e-02  ranks = [(1, 1, 2, 2, 2, 2, 1, 1), (1, 1, 2, 1, 1, 1, 1, 1), (2, 2, 2, 1, 1, 1, 2, 2), (1, 1, 1, 1, 1, 1, 2, 1)]  below  [36s]
start   59 dkzcomp  I = 2.8288085410705  I-I_ME = -1.036e-01  |grad| = 1.4e-06  nonproj = 8.7e-03  ranks = [(1, 1, 1, 2, 2, 1, 1, 1), (1, 1, 1, 2, 1, 1, 1, 1), (2, 2, 2, 2, 1, 1, 1, 2), (1, 1, 1, 1, 1, 2, 2, 2)]  below  [37s]
start   60 gauss    I = 2.7064083370854  I-I_ME = -2.260e-01  |grad| = 4.0e-10  nonproj = 9.5e-02  ranks = [(0, 1, 2, 2, 3, 3, 3, 2), (1, 2, 2, 1, 2, 1, 1, 1), (2, 2, 2, 2, 2, 1, 1, 1), (3, 1, 1, 1, 1, 1, 1, 2)]  below  [37s]
start   61 rank     I = 2.5676960453377  I-I_ME = -3.647e-01  |grad| = 5.7e-10  nonproj = 1.1e-01  ranks = [(1, 2, 4, 3, 3, 2, 1, 0), (2, 3, 2, 0, 2, 1, 1, 0), (3, 3, 1, 0, 2, 1, 2, 3), (0, 2, 0, 1, 3, 3, 4, 3)]  below  [38s]
start   62 rank1    I = 2.8288085410706  I-I_ME = -1.036e-01  |grad| = 2.2e-10  nonproj = 5.6e-02  ranks = [(2, 1, 1, 1, 1, 1, 1, 1), (2, 1, 1, 2, 2, 2, 2, 2), (1, 1, 2, 2, 1, 1, 1, 1), (1, 2, 2, 1, 1, 1, 1, 1)]  below  [39s]
start   63 frame    I = 2.8288085410706  I-I_ME = -1.036e-01  |grad| = 1.1e-09  nonproj = 6.6e-02  ranks = [(2, 2, 2, 2, 2, 2, 1, 2), (1, 1, 1, 1, 1, 1, 1, 2), (1, 1, 1, 1, 1, 1, 2, 2), (1, 1, 1, 1, 1, 1, 2, 1)]  below  [39s]
start   64 dkzpert  I = 2.8288085410706  I-I_ME = -1.036e-01  |grad| = 5.3e-10  nonproj = 5.9e-02  ranks = [(1, 1, 2, 2, 2, 2, 1, 1), (2, 2, 2, 1, 1, 1, 1, 1), (2, 1, 1, 1, 1, 1, 1, 1), (2, 1, 1, 1, 1, 1, 2, 2)]  below  [40s]
start   65 dkzcomp  I = 2.8288085410706  I-I_ME = -1.036e-01  |grad| = 3.0e-10  nonproj = 7.5e-02  ranks = [(1, 1, 1, 1, 1, 1, 1, 2), (1, 1, 1, 1, 1, 1, 1, 2), (1, 1, 1, 1, 1, 1, 1, 2), (2, 2, 2, 2, 2, 2, 2, 2)]  below  [41s]
start   66 gauss    I = 2.8116054322912  I-I_ME = -1.208e-01  |grad| = 7.1e-10  nonproj = 1.2e-01  ranks = [(2, 1, 2, 2, 2, 1, 1, 1), (2, 1, 1, 1, 1, 1, 1, 2), (1, 2, 1, 1, 1, 1, 1, 2), (1, 2, 0, 1, 1, 2, 2, 2)]  below  [41s]
start   67 rank     I = 2.5676960453377  I-I_ME = -3.647e-01  |grad| = 7.5e-07  nonproj = 1.3e-01  ranks = [(0, 2, 1, 1, 2, 4, 2, 1), (0, 2, 0, 3, 4, 2, 1, 1), (0, 2, 2, 4, 2, 0, 1, 1), (4, 4, 3, 2, 1, 0, 3, 2)]  below  [42s]
start   68 rank1    I = 2.8288085410706  I-I_ME = -1.036e-01  |grad| = 5.7e-10  nonproj = 9.3e-02  ranks = [(1, 1, 1, 2, 2, 2, 2, 1), (2, 2, 2, 2, 1, 1, 1, 1), (2, 1, 1, 1, 1, 1, 1, 1), (2, 1, 1, 1, 1, 1, 1, 2)]  below  [43s]
start   69 frame    I = 2.8288085410706  I-I_ME = -1.036e-01  |grad| = 1.1e-09  nonproj = 7.8e-02  ranks = [(2, 2, 2, 2, 1, 1, 1, 1), (2, 1, 1, 1, 1, 1, 1, 1), (2, 1, 1, 1, 1, 1, 1, 2), (1, 1, 1, 1, 2, 2, 2, 2)]  below  [43s]
start   70 dkzpert  I = 2.8288085410704  I-I_ME = -1.036e-01  |grad| = 4.9e-10  nonproj = 3.9e-02  ranks = [(1, 1, 1, 1, 1, 2, 2, 2), (1, 1, 1, 2, 2, 2, 1, 1), (1, 1, 2, 2, 1, 1, 1, 1), (2, 2, 2, 1, 1, 1, 1, 1)]  below  [44s]
start   71 dkzcomp  I = 2.8288085410706  I-I_ME = -1.036e-01  |grad| = 4.8e-07  nonproj = 8.5e-02  ranks = [(1, 1, 1, 2, 2, 2, 1, 1), (1, 1, 1, 2, 1, 1, 1, 1), (1, 1, 2, 2, 1, 1, 1, 1), (2, 2, 2, 1, 1, 1, 2, 2)]  below  [45s]
start   72 gauss    I = 2.8288085410706  I-I_ME = -1.036e-01  |grad| = 5.5e-10  nonproj = 1.0e-01  ranks = [(2, 1, 1, 2, 2, 2, 2, 2), (1, 1, 1, 2, 1, 1, 1, 1), (1, 1, 1, 2, 1, 1, 1, 1), (1, 2, 2, 2, 1, 1, 1, 1)]  below  [45s]
start   73 rank     I = 2.6841964869374  I-I_ME = -2.482e-01  |grad| = 1.6e-09  nonproj = 1.1e-01  ranks = [(1, 1, 2, 0, 3, 2, 1, 2), (0, 2, 2, 1, 3, 1, 1, 2), (0, 2, 1, 2, 2, 2, 2, 1), (2, 3, 2, 3, 1, 2, 1, 1)]  below  [47s]
start   74 rank1    I = 2.8288085410706  I-I_ME = -1.036e-01  |grad| = 2.6e-10  nonproj = 7.0e-02  ranks = [(2, 2, 2, 2, 1, 1, 1, 2), (1, 1, 1, 1, 1, 2, 2, 2), (1, 1, 1, 1, 2, 2, 1, 1), (1, 1, 1, 1, 2, 1, 1, 1)]  below  [48s]
start   75 frame    I = 2.8288085410706  I-I_ME = -1.036e-01  |grad| = 5.9e-10  nonproj = 5.5e-02  ranks = [(2, 2, 2, 2, 1, 2, 2, 2), (1, 1, 1, 1, 1, 2, 1, 1), (1, 1, 1, 1, 1, 2, 1, 1), (1, 1, 1, 1, 2, 2, 1, 1)]  below  [48s]
start   76 dkzpert  I = 2.8288085410706  I-I_ME = -1.036e-01  |grad| = 6.3e-10  nonproj = 7.2e-02  ranks = [(1, 2, 2, 2, 2, 1, 1, 1), (2, 2, 1, 1, 1, 1, 1, 2), (1, 1, 1, 1, 1, 1, 1, 2), (1, 1, 1, 1, 1, 2, 2, 2)]  below  [49s]
start   77 dkzcomp  I = 2.8288085410706  I-I_ME = -1.036e-01  |grad| = 8.8e-10  nonproj = 1.1e-01  ranks = [(2, 1, 1, 1, 1, 1, 1, 1), (2, 1, 1, 1, 1, 2, 2, 2), (1, 1, 1, 1, 2, 2, 1, 1), (1, 2, 2, 2, 2, 1, 1, 1)]  below  [49s]
start   78 gauss    I = 2.8288085410706  I-I_ME = -1.036e-01  |grad| = 5.9e-10  nonproj = 6.6e-02  ranks = [(2, 1, 1, 1, 1, 1, 1, 1), (2, 1, 1, 2, 2, 2, 2, 2), (1, 1, 1, 2, 1, 1, 1, 1), (1, 2, 2, 2, 1, 1, 1, 1)]  below  [50s]
start   79 rank     I = 2.4466230831901  I-I_ME = -4.858e-01  |grad| = 6.0e-11  nonproj = 1.3e-01  ranks = [(1, 0, 0, 0, 3, 4, 3, 3), (2, 3, 3, 2, 5, 2, 1, 2), (4, 3, 2, 1, 1, 0, 1, 2), (5, 2, 1, 0, 0, 1, 3, 3)]  below  [51s]
start   80 rank1    I = 2.8288085410706  I-I_ME = -1.036e-01  |grad| = 5.6e-10  nonproj = 6.1e-02  ranks = [(1, 2, 2, 1, 1, 1, 1, 1), (2, 2, 1, 1, 1, 2, 2, 2), (1, 1, 1, 2, 2, 2, 1, 1), (1, 1, 1, 2, 1, 1, 1, 1)]  below  [51s]
start   81 frame    I = 2.8288085410706  I-I_ME = -1.036e-01  |grad| = 1.3e-09  nonproj = 9.4e-02  ranks = [(2, 2, 2, 1, 1, 1, 1, 1), (2, 1, 1, 1, 2, 2, 2, 2), (1, 1, 1, 2, 2, 1, 1, 1), (1, 1, 1, 2, 1, 1, 1, 1)]  below  [52s]
start   82 dkzpert  I = 2.8288085410706  I-I_ME = -1.036e-01  |grad| = 3.5e-10  nonproj = 9.5e-02  ranks = [(1, 1, 1, 1, 2, 2, 2, 1), (1, 1, 2, 2, 2, 1, 1, 1), (2, 2, 2, 1, 1, 1, 1, 2), (1, 1, 1, 1, 1, 1, 1, 2)]  below  [52s]
start   83 dkzcomp  I = 2.8288085410706  I-I_ME = -1.036e-01  |grad| = 5.8e-10  nonproj = 7.6e-02  ranks = [(2, 1, 1, 1, 1, 1, 1, 1), (2, 1, 1, 1, 1, 1, 1, 1), (2, 1, 2, 2, 2, 2, 2, 2), (1, 2, 2, 1, 1, 1, 1, 1)]  below  [53s]
start   84 gauss    I = 2.8116054322912  I-I_ME = -1.208e-01  |grad| = 1.3e-11  nonproj = 9.0e-02  ranks = [(1, 1, 1, 1, 1, 2, 1, 2), (1, 1, 1, 1, 2, 1, 1, 2), (1, 2, 2, 2, 2, 0, 2, 2), (2, 2, 1, 1, 1, 0, 2, 1)]  below  [54s]
start   85 rank     I = 2.4466230831901  I-I_ME = -4.858e-01  |grad| = 6.0e-11  nonproj = 1.2e-01  ranks = [(3, 1, 2, 2, 0, 2, 4, 4), (2, 1, 1, 0, 1, 5, 2, 2), (2, 1, 0, 0, 3, 4, 0, 1), (4, 4, 3, 1, 5, 2, 0, 2)]  below  [55s]
start   86 rank1    I = 2.8288085410706  I-I_ME = -1.036e-01  |grad| = 3.8e-10  nonproj = 6.0e-02  ranks = [(1, 1, 2, 1, 1, 1, 1, 1), (1, 2, 2, 1, 1, 1, 1, 1), (2, 2, 1, 1, 1, 2, 2, 2), (1, 1, 1, 2, 2, 2, 1, 1)]  below  [55s]
start   87 frame    I = 2.8288085410706  I-I_ME = -1.036e-01  |grad| = 6.2e-10  nonproj = 8.1e-02  ranks = [(2, 2, 2, 1, 1, 1, 1, 1), (2, 1, 1, 1, 1, 1, 1, 1), (2, 1, 1, 1, 1, 2, 2, 2), (1, 1, 1, 2, 2, 2, 1, 1)]  below  [56s]
start   88 dkzpert  I = 2.8288085410706  I-I_ME = -1.036e-01  |grad| = 6.9e-10  nonproj = 7.9e-02  ranks = [(1, 1, 1, 1, 1, 1, 1, 2), (1, 1, 1, 1, 1, 1, 2, 2), (2, 2, 2, 2, 2, 2, 2, 1), (2, 1, 1, 1, 1, 1, 1, 1)]  below  [57s]
start   89 dkzcomp  I = 2.8288085410706  I-I_ME = -1.036e-01  |grad| = 2.5e-06  nonproj = 1.1e-01  ranks = [(1, 2, 1, 1, 1, 1, 1, 1), (1, 2, 1, 1, 1, 1, 1, 1), (2, 2, 1, 1, 1, 1, 1, 2), (1, 1, 2, 2, 2, 2, 2, 2)]  below  [57s]
# BEST d=8 D=9: I = 2.8288085410706  I_ME = 2.9324096087045  I-I_ME = -1.036e-01  (init rank1)  counts {'below': 90}
