# d=8 D=12 nstart=90 seed=8012  I_ME(d) = 2.9324096087045
start    0 gauss    I = 2.7794020486118  I-I_ME = -1.530e-01  |grad| = 4.5e-10  nonproj = 7.2e-02  ranks = [(2, 1, 2, 2, 1, 1, 2, 2), (1, 2, 3, 2, 1, 2, 3, 2), (2, 3, 2, 1, 2, 3, 2, 1), (2, 2, 1, 2, 3, 2, 1, 2)]  below  [1s]
start    1 rank     I = 2.6784121345807  I-I_ME = -2.540e-01  |grad| = 5.4e-10  nonproj = 7.7e-02  ranks = [(2, 3, 1, 4, 2, 4, 0, 0), (3, 4, 4, 3, 0, 3, 1, 2), (2, 3, 3, 0, 1, 3, 4, 3), (0, 2, 3, 0, 2, 2, 4, 0)]  below  [2s]
start    2 rank1    I = 2.8776758967912  I-I_ME = -5.473e-02  |grad| = 8.3e-10  nonproj = 4.0e-02  ranks = [(1, 1, 2, 1, 2, 2, 1, 2), (1, 1, 2, 1, 2, 2, 1, 2), (1, 1, 2, 1, 2, 2, 1, 2), (2, 2, 2, 2, 2, 2, 2, 2)]  below  [3s]
start    3 frame    I = 2.7878795584072  I-I_ME = -1.445e-01  |grad| = 1.9e-10  nonproj = 8.2e-02  ranks = [(2, 2, 2, 1, 2, 2, 2, 2), (2, 1, 1, 1, 2, 2, 2, 2), (1, 2, 2, 2, 2, 2, 2, 2), (1, 2, 1, 2, 2, 2, 1, 2)]  below  [4s]
start    4 dkzpert  I = 2.8776758967912  I-I_ME = -5.473e-02  |grad| = 4.4e-10  nonproj = 4.2e-02  ranks = [(2, 2, 2, 1, 1, 2, 2, 2), (2, 2, 1, 2, 2, 2, 2, 1), (2, 2, 1, 2, 1, 1, 2, 1), (2, 2, 1, 2, 1, 1, 2, 1)]  below  [6s]
start    5 dkzcomp  I = 2.8776758967912  I-I_ME = -5.473e-02  |grad| = 3.3e-10  nonproj = 6.0e-02  ranks = [(2, 2, 1, 2, 2, 2, 2, 1), (2, 1, 1, 2, 2, 2, 1, 1), (2, 1, 1, 2, 2, 2, 1, 1), (2, 1, 2, 2, 2, 2, 1, 2)]  below  [7s]
start    6 gauss    I = 2.7878795584072  I-I_ME = -1.445e-01  |grad| = 1.2e-11  nonproj = 7.1e-02  ranks = [(1, 2, 1, 2, 2, 2, 1, 2), (2, 3, 2, 2, 2, 1, 2, 3), (2, 2, 1, 1, 2, 1, 2, 2), (2, 1, 2, 2, 3, 2, 3, 2)]  below  [9s]
start    7 rank     I = 2.5170900149145  I-I_ME = -4.153e-01  |grad| = 9.9e-10  nonproj = 1.2e-01  ranks = [(3, 1, 1, 2, 2, 3, 4, 3), (2, 1, 5, 6, 4, 3, 2, 1), (2, 4, 5, 2, 1, 0, 2, 2), (3, 6, 3, 1, 1, 1, 3, 2)]  below  [11s]
start    8 rank1    I = 2.8776758967912  I-I_ME = -5.473e-02  |grad| = 3.6e-10  nonproj = 1.8e-02  ranks = [(2, 2, 2, 2, 2, 1, 1, 2), (2, 2, 2, 1, 1, 2, 2, 2), (2, 2, 2, 1, 1, 2, 1, 1), (2, 2, 2, 1, 1, 2, 1, 1)]  below  [13s]
start    9 frame    I = 2.8776758967912  I-I_ME = -5.473e-02  |grad| = 4.8e-10  nonproj = 5.7e-02  ranks = [(1, 2, 1, 1, 2, 1, 2, 2), (2, 2, 1, 2, 2, 1, 2, 2), (2, 1, 1, 2, 1, 2, 2, 2), (2, 1, 2, 2, 1, 2, 1, 2)]  below  [14s]
start   10 dkzpert  I = 2.7878795584072  I-I_ME = -1.445e-01  |grad| = 2.1e-10  nonproj = 8.3e-02  ranks = [(1, 2, 2, 2, 2, 2, 2, 1), (2, 2, 2, 2, 2, 2, 1, 2), (2, 2, 2, 1, 2, 2, 1, 2), (2, 1, 1, 2, 2, 2, 2, 3)]  below  [15s]
start   11 dkzcomp  I = 2.8776758967912  I-I_ME = -5.473e-02  |grad| = 5.1e-10  nonproj = 5.9e-02  ranks = [(2, 2, 2, 2, 1, 2, 1, 1), (2, 2, 2, 1, 1, 2, 1, 2), (1, 2, 2, 1, 2, 2, 1, 2), (1, 2, 2, 1, 2, 1, 2, 2)]  below  [17s]
start   12 gauss    I = 2.7878795584071  I-I_ME = -1.445e-01  |grad| = 9.7e-12  nonproj = 6.1e-02  ranks = [(1, 1, 1, 2, 2, 1, 2, 2), (2, 2, 2, 3, 3, 2, 3, 2), (2, 2, 2, 2, 2, 1, 2, 1), (3, 2, 1, 1, 2, 2, 2, 2)]  below  [20s]
start   13 rank     I = 2.4223426435924  I-I_ME = -5.101e-01  |grad| = 1.7e-06  nonproj = 1.3e-01  ranks = [(6, 4, 4, 2, 1, 3, 3, 1), (6, 1, 1, 3, 2, 4, 0, 2), (3, 0, 0, 7, 1, 6, 3, 5), (0, 0, 3, 7, 2, 2, 0, 2)]  below  [22s]
start   14 rank1    I = 2.8776758967911  I-I_ME = -5.473e-02  |grad| = 6.9e-10  nonproj = 1.0e-01  ranks = [(1, 1, 2, 2, 1, 1, 2, 2), (1, 2, 2, 2, 1, 2, 2, 2), (2, 2, 1, 2, 1, 2, 1, 2), (2, 1, 1, 2, 2, 2, 1, 2)]  below  [24s]
start   15 frame    I = 2.8776758967912  I-I_ME = -5.473e-02  |grad| = 5.3e-10  nonproj = 1.7e-02  ranks = [(2, 1, 2, 1, 1, 2, 1, 2), (2, 1, 2, 1, 2, 2, 1, 2), (2, 2, 2, 2, 2, 1, 1, 2), (2, 2, 1, 2, 1, 1, 2, 2)]  below  [25s]
start   16 dkzpert  I = 2.7878795584072  I-I_ME = -1.445e-01  |grad| = 1.8e-10  nonproj = 9.0e-02  ranks = [(1, 2, 3, 2, 2, 1, 1, 2), (1, 2, 2, 1, 2, 1, 2, 2), (2, 2, 2, 2, 3, 2, 2, 2), (2, 2, 1, 2, 2, 2, 2, 1)]  below  [26s]
start   17 dkzcomp  I = 2.8776758967912  I-I_ME = -5.473e-02  |grad| = 4.7e-10  nonproj = 3.7e-02  ranks = [(2, 2, 2, 1, 1, 1, 2, 2), (2, 1, 2, 1, 1, 1, 2, 2), (2, 1, 2, 1, 1, 1, 2, 2), (2, 1, 2, 2, 2, 2, 2, 2)]  below  [27s]
start   18 gauss    I = 2.7005042272072  I-I_ME = -2.319e-01  |grad| = 4.7e-10  nonproj = 7.0e-02  ranks = [(1, 2, 1, 2, 3, 2, 3, 2), (2, 3, 2, 3, 3, 2, 2, 1), (3, 3, 2, 3, 2, 1, 1, 2), (3, 2, 2, 2, 1, 2, 2, 3)]  below  [30s]
start   19 rank     I = 2.5716607766057  I-I_ME = -3.607e-01  |grad| = 7.1e-10  nonproj = 9.7e-02  ranks = [(1, 5, 3, 1, 2, 4, 4, 0), (2, 5, 1, 0, 5, 3, 0, 2), (3, 3, 1, 1, 5, 0, 0, 4), (1, 1, 3, 4, 4, 0, 1, 5)]  below  [31s]
start   20 rank1    I = 2.8776758967912  I-I_ME = -5.473e-02  |grad| = 3.1e-10  nonproj = 5.8e-02  ranks = [(2, 2, 1, 2, 2, 1, 2, 1), (2, 1, 1, 2, 2, 1, 2, 2), (1, 1, 1, 2, 2, 1, 2, 2), (1, 1, 2, 2, 2, 2, 2, 2)]  below  [32s]
start   21 frame    I = 2.8776758967912  I-I_ME = -5.473e-02  |grad| = 5.3e-10  nonproj = 4.8e-02  ranks = [(2, 2, 1, 2, 2, 2, 2, 1), (2, 2, 1, 2, 2, 1, 1, 1), (2, 2, 1, 2, 2, 1, 1, 2), (1, 2, 2, 2, 2, 1, 1, 2)]  below  [34s]
start   22 dkzpert  I = 2.7878795584072  I-I_ME = -1.445e-01  |grad| = 3.5e-10  nonproj = 1.1e-01  ranks = [(2, 1, 2, 2, 2, 2, 1, 2), (2, 2, 2, 2, 1, 1, 2, 2), (2, 1, 1, 2, 1, 2, 3, 2), (2, 2, 2, 2, 2, 2, 2, 1)]  below  [35s]
start   23 dkzcomp  I = 2.8776758967912  I-I_ME = -5.473e-02  |grad| = 1.0e-06  nonproj = 6.3e-02  ranks = [(2, 2, 1, 2, 1, 1, 2, 2), (2, 2, 2, 2, 2, 2, 2, 1), (2, 2, 2, 1, 2, 1, 1, 1), (2, 2, 2, 1, 2, 1, 1, 1)]  below  [37s]
start   24 gauss    I = 2.7878795584072  I-I_ME = -1.445e-01  |grad| = 6.6e-10  nonproj = 6.8e-02  ranks = [(2, 2, 3, 3, 1, 2, 2, 2), (2, 3, 2, 1, 2, 2, 2, 3), (1, 2, 1, 1, 2, 2, 2, 2), (1, 2, 1, 1, 3, 2, 1, 2)]  below  [38s]
start   25 rank     I = 2.2451709740086  I-I_ME = -6.872e-01  |grad| = 5.1e-10  nonproj = 1.3e-01  ranks = [(0, 4, 1, 3, 7, 5, 4, 0), (4, 8, 6, 6, 5, 2, 0, 0), (9, 5, 3, 2, 1, 0, 1, 5), (4, 0, 2, 1, 0, 3, 5, 7)]  below  [40s]
start   26 rank1    I = 2.7878795584072  I-I_ME = -1.445e-01  |grad| = 1.2e-09  nonproj = 5.4e-02  ranks = [(2, 1, 2, 2, 1, 1, 2, 2), (1, 2, 2, 2, 2, 2, 2, 2), (2, 2, 2, 2, 1, 2, 1, 1), (2, 2, 1, 2, 2, 2, 1, 1)]  below  [44s]
start   27 frame    I = 2.8776758967912  I-I_ME = -5.473e-02  |grad| = 2.3e-10  nonproj = 5.7e-02  ranks = [(2, 1, 1, 2, 2, 1, 1, 2), (2, 1, 1, 2, 2, 1, 1, 2), (2, 1, 2, 2, 2, 2, 2, 2), (2, 2, 2, 1, 2, 2, 1, 1)]  below  [45s]
start   28 dkzpert  I = 2.7878795584072  I-I_ME = -1.445e-01  |grad| = 4.6e-10  nonproj = 6.3e-02  ranks = [(2, 2, 2, 1, 2, 2, 3, 2), (1, 2, 1, 2, 3, 2, 2, 2), (1, 2, 1, 2, 2, 1, 1, 2), (2, 2, 2, 3, 2, 1, 1, 2)]  below  [47s]
start   29 dkzcomp  I = 2.8776758967912  I-I_ME = -5.473e-02  |grad| = 1.2e-10  nonproj = 8.0e-02  ranks = [(1, 1, 2, 2, 1, 2, 2, 2), (1, 1, 2, 2, 1, 2, 2, 1), (2, 2, 2, 2, 1, 2, 2, 1), (2, 1, 1, 2, 2, 2, 2, 1)]  below  [49s]
start   30 gauss    I = 2.7794020486118  I-I_ME = -1.530e-01  |grad| = 1.9e-08  nonproj = 7.3e-02  ranks = [(3, 2, 1, 2, 3, 1, 1, 2), (2, 1, 1, 3, 2, 1, 2, 2), (2, 1, 2, 3, 1, 2, 3, 2), (1, 2, 3, 2, 1, 3, 2, 1)]  below  [50s]
start   31 rank     I = 2.1662731526035  I-I_ME = -7.661e-01  |grad| = 6.4e-10  nonproj = 1.5e-01  ranks = [(5, 7, 8, 6, 2, 0, 0, 3), (5, 5, 4, 0, 1, 0, 3, 9), (1, 1, 1, 0, 5, 2, 6, 7), (0, 0, 1, 4, 6, 5, 3, 1)]  below  [56s]
start   32 rank1    I = 2.7878795584072  I-I_ME = -1.445e-01  |grad| = 2.2e-07  nonproj = 8.7e-02  ranks = [(1, 1, 2, 2, 1, 1, 2, 2), (1, 2, 2, 2, 2, 2, 2, 2), (2, 2, 2, 2, 2, 1, 1, 2), (2, 2, 1, 2, 2, 2, 2, 2)]  below  [58s]
start   33 frame    I = 2.8776758967912  I-I_ME = -5.473e-02  |grad| = 4.2e-09  nonproj = 9.7e-02  ranks = [(2, 2, 2, 1, 1, 2, 2, 2), (1, 2, 2, 1, 1, 2, 2, 1), (1, 2, 2, 1, 2, 2, 2, 1), (1, 2, 2, 2, 2, 1, 2, 1)]  below  [59s]
start   34 dkzpert  I = 2.8776758967912  I-I_ME = -5.473e-02  |grad| = 5.3e-07  nonproj = 4.8e-02  ranks = [(2, 2, 2, 1, 1, 1, 2, 2), (2, 1, 2, 1, 1, 1, 2, 2), (2, 1, 2, 1, 1, 1, 2, 2), (2, 1, 2, 2, 2, 2, 2, 2)]  below  [61s]
start   35 dkzcomp  I = 2.8776758967912  I-I_ME = -5.473e-02  |grad| = 1.7e-10  nonproj = 5.1e-02  ranks = [(1, 1, 1, 2, 1, 2, 2, 2), (1, 1, 1, 2, 1, 2, 2, 2), (1, 1, 1, 2, 1, 2, 2, 2), (2, 2, 2, 2, 2, 2, 2, 2)]  below  [63s]
start   36 gauss    I = 2.7878795584072  I-I_ME = -1.445e-01  |grad| = 4.6e-10  nonproj = 5.4e-02  ranks = [(3, 3, 2, 1, 1, 2, 3, 2), (2, 2, 1, 2, 3, 3, 2, 2), (1, 2, 2, 3, 2, 1, 1, 2), (1, 2, 2, 2, 1, 1, 1, 2)]  below  [64s]
start   37 rank     I = 2.5121389819758  I-I_ME = -4.203e-01  |grad| = 5.6e-10  nonproj = 1.1e-01  ranks = [(5, 3, 4, 0, 1, 2, 0, 4), (4, 1, 2, 0, 2, 2, 4, 6), (2, 2, 1, 2, 6, 4, 5, 2), (3, 3, 2, 6, 4, 0, 2, 0)]  below  [68s]
start   38 rank1    I = 2.7878795584072  I-I_ME = -1.445e-01  |grad| = 3.5e-10  nonproj = 6.7e-02  ranks = [(2, 1, 2, 2, 2, 2, 1, 2), (1, 2, 2, 2, 1, 2, 2, 2), (2, 2, 2, 1, 2, 2, 2, 2), (1, 2, 2, 2, 2, 2, 2, 1)]  below  [71s]
start   39 frame    I = 2.7878795584072  I-I_ME = -1.445e-01  |grad| = 7.5e-09  nonproj = 6.1e-02  ranks = [(2, 2, 2, 2, 1, 1, 1, 2), (2, 2, 1, 2, 1, 2, 2, 2), (2, 2, 2, 2, 2, 2, 2, 2), (2, 1, 2, 2, 2, 2, 1, 1)]  below  [73s]
start   40 dkzpert  I = 2.7878795584072  I-I_ME = -1.445e-01  |grad| = 2.8e-10  nonproj = 7.1e-02  ranks = [(3, 2, 2, 2, 3, 2, 2, 2), (1, 1, 2, 2, 2, 2, 2, 2), (1, 2, 2, 2, 1, 2, 2, 1), (1, 2, 2, 1, 1, 2, 2, 1)]  below  [75s]
start   41 dkzcomp  I = 2.7878795584072  I-I_ME = -1.445e-01  |grad| = 5.6e-10  nonproj = 7.0e-02  ranks = [(2, 1, 2, 2, 2, 2, 2, 2), (2, 2, 2, 2, 1, 1, 2, 1), (2, 2, 2, 1, 2, 2, 2, 2), (2, 2, 2, 2, 2, 1, 2, 1)]  below  [77s]
start   42 gauss    I = 2.7878795584072  I-I_ME = -1.445e-01  |grad| = 7.4e-10  nonproj = 6.2e-02  ranks = [(1, 2, 3, 2, 3, 2, 2, 1), (2, 3, 2, 2, 2, 2, 2, 1), (3, 2, 1, 2, 1, 2, 1, 2), (2, 1, 1, 2, 1, 2, 2, 3)]  below  [80s]
start   43 rank     I = 2.4988194578127  I-I_ME = -4.336e-01  |grad| = 9.8e-09  nonproj = 1.3e-01  ranks = [(1, 4, 0, 0, 2, 1, 1, 5), (1, 4, 0, 2, 5, 1, 2, 5), (0, 3, 5, 6, 4, 1, 3, 2), (4, 5, 6, 1, 0, 2, 3, 1)]  below  [81s]
start   44 rank1    I = 2.7878795584072  I-I_ME = -1.445e-01  |grad| = 5.0e-08  nonproj = 5.4e-02  ranks = [(2, 2, 2, 2, 2, 2, 1, 1), (2, 2, 2, 1, 1, 2, 2, 2), (2, 2, 1, 2, 2, 2, 2, 2), (1, 2, 1, 2, 1, 2, 2, 1)]  below  [83s]
start   45 frame    I = 2.7878795584072  I-I_ME = -1.445e-01  |grad| = 1.7e-09  nonproj = 6.1e-02  ranks = [(2, 1, 2, 2, 2, 1, 1, 2), (2, 2, 2, 2, 2, 2, 2, 2), (2, 1, 1, 2, 2, 2, 2, 1), (2, 2, 2, 2, 2, 2, 1, 1)]  below  [84s]
start   46 dkzpert  I = 2.7878795584072  I-I_ME = -1.445e-01  |grad| = 7.8e-10  nonproj = 9.4e-02  ranks = [(2, 1, 2, 3, 3, 2, 2, 2), (1, 1, 2, 2, 2, 1, 2, 1), (2, 1, 2, 2, 2, 2, 2, 2), (1, 2, 2, 1, 2, 2, 2, 2)]  below  [87s]
start   47 dkzcomp  I = 2.8776758967912  I-I_ME = -5.473e-02  |grad| = 2.7e-10  nonproj = 5.5e-02  ranks = [(1, 2, 2, 1, 2, 2, 1, 1), (1, 2, 2, 1, 2, 2, 1, 1), (2, 2, 2, 2, 2, 2, 2, 2), (1, 1, 2, 2, 1, 2, 2, 1)]  below  [88s]
start   48 gauss    I = 2.8776758967912  I-I_ME = -5.473e-02  |grad| = 3.6e-10  nonproj = 5.4e-02  ranks = [(1, 2, 1, 2, 2, 1, 2, 2), (1, 2, 2, 2, 2, 2, 2, 1), (1, 2, 2, 1, 2, 2, 1, 1), (2, 2, 2, 1, 2, 2, 1, 1)]  below  [90s]
start   49 rank     I = 2.7749772268227  I-I_ME = -1.574e-01  |grad| = 2.3e-09  nonproj = 6.6e-02  ranks = [(1, 2, 0, 1, 2, 2, 3, 2), (2, 2, 0, 1, 2, 2, 3, 3), (1, 1, 0, 2, 3, 2, 2, 3), (2, 2, 3, 3, 2, 1, 2, 3)]  below  [94s]
start   50 rank1    I = 2.7878795584072  I-I_ME = -1.445e-01  |grad| = 5.1e-10  nonproj = 8.9e-02  ranks = [(2, 1, 1, 2, 2, 2, 2, 1), (2, 2, 2, 2, 2, 2, 2, 2), (1, 2, 2, 2, 2, 2, 1, 2), (2, 2, 2, 1, 2, 1, 2, 2)]  below  [95s]
start   51 frame    I = 2.8776758967912  I-I_ME = -5.473e-02  |grad| = 7.3e-10  nonproj = 8.0e-02  ranks = [(2, 2, 1, 2, 1, 2, 2, 2), (2, 1, 1, 2, 1, 2, 2, 1), (2, 1, 1, 2, 1, 2, 2, 1), (2, 1, 2, 2, 2, 2, 2, 1)]  below  [96s]
start   52 dkzpert  I = 2.7878795584072  I-I_ME = -1.445e-01  |grad| = 5.0e-10  nonproj = 4.7e-02  ranks = [(2, 2, 2, 2, 2, 2, 2, 1), (2, 2, 1, 2, 1, 2, 1, 2), (2, 1, 2, 2, 1, 2, 1, 2), (2, 2, 2, 1, 2, 2, 2, 2)]  below  [98s]
start   53 dkzcomp  I = 2.8776758967912  I-I_ME = -5.473e-02  |grad| = 5.2e-10  nonproj = 5.7e-02  ranks = [(2, 2, 1, 2, 1, 2, 1, 2), (1, 2, 2, 2, 2, 2, 1, 2), (1, 2, 2, 1, 2, 1, 1, 2), (1, 2, 2, 1, 2, 1, 2, 2)]  below  [99s]
start   54 gauss    I = 2.7878795584071  I-I_ME = -1.445e-01  |grad| = 7.8e-10  nonproj = 9.8e-02  ranks = [(2, 2, 3, 2, 2, 2, 2, 1), (3, 2, 2, 1, 2, 2, 2, 2), (2, 1, 1, 1, 2, 3, 2, 2), (1, 1, 1, 2, 3, 3, 1, 2)]  below  [101s]
start   55 rank     I = 2.3468742125988  I-I_ME = -5.855e-01  |grad| = 1.3e-06  nonproj = 1.2e-01  ranks = [(1, 3, 2, 1, 2, 2, 4, 8), (0, 0, 0, 4, 5, 5, 7, 5), (0, 1, 2, 7, 4, 3, 3, 1), (4, 5, 3, 6, 2, 2, 2, 1)]  below  [104s]
start   56 rank1    I = 2.8776758967911  I-I_ME = -5.473e-02  |grad| = 6.3e-10  nonproj = 8.4e-02  ranks = [(2, 2, 1, 1, 1, 2, 2, 1), (2, 2, 1, 1, 1, 2, 2, 1), (2, 2, 1, 1, 2, 2, 2, 2), (1, 2, 2, 2, 2, 1, 2, 2)]  below  [105s]
start   57 frame    I = 2.8776758967912  I-I_ME = -5.473e-02  |grad| = 2.3e-08  nonproj = 1.1e-01  ranks = [(2, 1, 2, 2, 2, 2, 1, 2), (1, 1, 2, 2, 1, 2, 1, 2), (1, 2, 2, 2, 1, 2, 1, 2), (1, 2, 1, 2, 1, 2, 2, 2)]  below  [107s]
start   58 dkzpert  I = 2.7878795584072  I-I_ME = -1.445e-01  |grad| = 4.4e-10  nonproj = 9.7e-02  ranks = [(2, 2, 2, 2, 2, 2, 2, 1), (2, 2, 2, 2, 2, 1, 1, 1), (2, 2, 1, 2, 2, 1, 1, 2), (2, 1, 2, 2, 2, 1, 2, 3)]  below  [109s]
start   59 dkzcomp  I = 2.7878795584072  I-I_ME = -1.445e-01  |grad| = 2.6e-08  nonproj = 5.3e-02  ranks = [(1, 1, 2, 1, 2, 2, 2, 2), (2, 2, 2, 1, 2, 2, 2, 3), (1, 1, 1, 2, 2, 2, 2, 2), (2, 2, 2, 2, 2, 2, 2, 2)]  below  [110s]
start   60 gauss    I = 2.8776758967912  I-I_ME = -5.473e-02  |grad| = 1.3e-06  nonproj = 5.8e-02  ranks = [(1, 2, 2, 2, 2, 2, 2, 1), (1, 2, 2, 1, 1, 2, 2, 1), (2, 2, 2, 1, 1, 2, 2, 2), (1, 1, 2, 1, 1, 2, 2, 2)]  below  [112s]
start   61 rank     I = 2.5170900149159  I-I_ME = -4.153e-01  |grad| = 5.8e-10  nonproj = 1.2e-01  ranks = [(5, 4, 3, 5, 3, 1, 1, 3), (3, 1, 3, 2, 1, 2, 3, 5), (2, 0, 2, 1, 3, 5, 4, 3), (1, 1, 3, 1, 4, 4, 1, 1)]  below  [114s]
start   62 rank1    I = 2.8776758967912  I-I_ME = -5.473e-02  |grad| = 4.6e-10  nonproj = 5.1e-02  ranks = [(2, 2, 1, 1, 2, 2, 2, 2), (2, 2, 1, 2, 2, 1, 1, 2), (2, 2, 2, 2, 1, 1, 1, 2), (2, 2, 2, 1, 1, 1, 1, 2)]  below  [116s]
start   63 frame    I = 2.7878795584072  I-I_ME = -1.445e-01  |grad| = 1.1e-09  nonproj = 6.1e-02  ranks = [(2, 2, 1, 1, 2, 1, 1, 2), (2, 2, 1, 2, 2, 2, 2, 2), (2, 1, 1, 2, 1, 2, 2, 2), (2, 2, 2, 2, 2, 2, 2, 1)]  below  [117s]
start   64 dkzpert  I = 2.8776758967912  I-I_ME = -5.473e-02  |grad| = 3.6e-10  nonproj = 5.7e-02  ranks = [(1, 1, 2, 2, 2, 2, 1, 2), (1, 2, 2, 2, 2, 1, 1, 2), (2, 2, 1, 2, 2, 1, 1, 2), (2, 1, 1, 2, 2, 1, 2, 2)]  below  [119s]
start   65 dkzcomp  I = 2.7878795584072  I-I_ME = -1.445e-01  |grad| = 6.1e-08  nonproj = 5.8e-02  ranks = [(2, 1, 2, 2, 2, 2, 2, 2), (2, 2, 2, 2, 1, 2, 2, 2), (1, 2, 2, 1, 1, 2, 2, 1), (2, 2, 2, 2, 2, 2, 2, 1)]  below  [122s]
start   66 gauss    I = 2.8776758967912  I-I_ME = -5.473e-02  |grad| = 1.1e-06  nonproj = 8.4e-02  ranks = [(2, 2, 2, 2, 1, 1, 2, 2), (2, 1, 2, 1, 1, 1, 2, 2), (2, 1, 2, 1, 1, 1, 2, 2), (2, 1, 2, 1, 2, 2, 2, 2)]  below  [124s]
start   67 rank     I = 2.6044653461181  I-I_ME = -3.279e-01  |grad| = 1.9e-11  nonproj = 1.4e-01  ranks = [(3, 5, 1, 1, 2, 0, 3, 1), (4, 3, 1, 1, 3, 3, 5, 2), (2, 1, 1, 5, 5, 4, 2, 1), (1, 1, 5, 5, 1, 2, 0, 2)]  below  [127s]
start   68 rank1    I = 2.7878795584072  I-I_ME = -1.445e-01  |grad| = 1.3e-06  nonproj = 1.1e-01  ranks = [(2, 2, 1, 2, 1, 2, 2, 2), (2, 2, 1, 2, 1, 2, 2, 2), (2, 1, 2, 2, 2, 2, 2, 1), (2, 2, 2, 2, 2, 1, 1, 1)]  below  [129s]
start   69 frame    I = 2.8776758967912  I-I_ME = -5.473e-02  |grad| = 4.6e-10  nonproj = 5.7e-02  ranks = [(1, 2, 2, 1, 2, 2, 2, 1), (1, 2, 2, 1, 2, 2, 1, 1), (1, 2, 2, 2, 2, 2, 1, 1), (2, 2, 2, 2, 1, 2, 1, 2)]  below  [130s]
start   70 dkzpert  I = 2.7878795584072  I-I_ME = -1.445e-01  |grad| = 4.1e-10  nonproj = 4.5e-02  ranks = [(1, 1, 2, 2, 2, 2, 2, 2), (2, 2, 2, 2, 2, 2, 2, 2), (2, 1, 2, 2, 1, 1, 2, 1), (2, 2, 2, 2, 1, 1, 2, 2)]  below  [131s]
start   71 dkzcomp  I = 2.8776758967912  I-I_ME = -5.473e-02  |grad| = 6.3e-10  nonproj = 7.7e-02  ranks = [(1, 1, 2, 1, 2, 1, 2, 2), (1, 1, 2, 1, 2, 1, 2, 2), (2, 2, 2, 2, 2, 1, 2, 2), (2, 1, 1, 2, 1, 2, 2, 2)]  below  [132s]
start   72 gauss    I = 2.7878795584072  I-I_ME = -1.445e-01  |grad| = 2.0e-08  nonproj = 9.2e-02  ranks = [(2, 1, 2, 2, 1, 1, 2, 2), (2, 1, 2, 2, 2, 2, 3, 2), (1, 2, 2, 2, 2, 1, 2, 1), (2, 3, 2, 3, 3, 2, 2, 1)]  below  [134s]
start   73 rank     I = 2.5920451866068  I-I_ME = -3.404e-01  |grad| = 8.4e-10  nonproj = 9.9e-02  ranks = [(2, 5, 2, 1, 1, 3, 1, 3), (3, 4, 0, 1, 0, 3, 2, 3), (2, 2, 0, 2, 2, 4, 5, 3), (2, 2, 3, 5, 2, 3, 4, 0)]  below  [136s]
start   74 rank1    I = 2.8776758967911  I-I_ME = -5.473e-02  |grad| = 6.0e-10  nonproj = 6.0e-02  ranks = [(1, 2, 1, 1, 2, 2, 1, 2), (1, 2, 1, 1, 2, 2, 1, 2), (2, 2, 1, 2, 2, 2, 2, 2), (2, 1, 2, 2, 1, 2, 2, 1)]  below  [138s]
start   75 frame    I = 2.8776758967911  I-I_ME = -5.473e-02  |grad| = 6.9e-10  nonproj = 5.4e-02  ranks = [(2, 1, 2, 2, 1, 2, 2, 2), (1, 1, 2, 2, 1, 2, 1, 2), (1, 2, 2, 2, 2, 2, 1, 2), (1, 2, 1, 2, 2, 1, 1, 2)]  below  [139s]
start   76 dkzpert  I = 2.8776758967912  I-I_ME = -5.473e-02  |grad| = 2.6e-10  nonproj = 5.2e-02  ranks = [(1, 1, 2, 2, 1, 2, 1, 2), (1, 1, 2, 2, 1, 2, 1, 2), (2, 2, 2, 2, 2, 2, 2, 2), (2, 1, 1, 2, 2, 1, 2, 1)]  below  [141s]
start   77 dkzcomp  I = 2.8776758967911  I-I_ME = -5.473e-02  |grad| = 4.8e-09  nonproj = 4.4e-02  ranks = [(1, 2, 1, 2, 2, 1, 2, 2), (1, 2, 1, 2, 1, 1, 2, 2), (2, 2, 1, 2, 1, 2, 2, 2), (2, 1, 2, 2, 1, 2, 1, 2)]  below  [145s]
start   78 gauss    I = 2.8776758967911  I-I_ME = -5.473e-02  |grad| = 4.1e-10  nonproj = 3.1e-02  ranks = [(2, 2, 2, 1, 1, 2, 2, 2), (1, 2, 2, 1, 1, 2, 1, 2), (1, 2, 2, 1, 2, 2, 1, 2), (1, 2, 2, 2, 2, 1, 1, 2)]  below  [146s]
start   79 rank     I = 2.4257720340032  I-I_ME = -5.066e-01  |grad| = 1.2e-07  nonproj = 1.2e-01  ranks = [(0, 1, 1, 3, 5, 6, 2, 0), (1, 2, 4, 6, 6, 3, 0, 0), (6, 6, 6, 4, 3, 1, 0, 3), (3, 1, 1, 1, 2, 2, 5, 7)]  below  [149s]
start   80 rank1    I = 2.7878795584072  I-I_ME = -1.445e-01  |grad| = 5.9e-10  nonproj = 7.4e-02  ranks = [(2, 1, 2, 1, 2, 1, 2, 1), (2, 2, 2, 1, 2, 2, 2, 2), (2, 1, 1, 2, 2, 2, 2, 1), (2, 2, 2, 2, 2, 2, 1, 2)]  below  [150s]
start   81 frame    I = 2.7878795584072  I-I_ME = -1.445e-01  |grad| = 9.0e-10  nonproj = 8.7e-02  ranks = [(1, 2, 2, 2, 2, 2, 2, 2), (1, 2, 2, 2, 1, 2, 1, 1), (2, 2, 2, 2, 2, 2, 2, 2), (2, 2, 2, 1, 2, 2, 2, 1)]  below  [152s]
start   82 dkzpert  I = 2.7878795584072  I-I_ME = -1.445e-01  |grad| = 2.7e-10  nonproj = 7.1e-02  ranks = [(2, 2, 1, 1, 2, 2, 2, 2), (1, 2, 1, 2, 2, 2, 2, 2), (2, 2, 2, 2, 2, 2, 2, 1), (2, 2, 2, 2, 1, 2, 1, 2)]  below  [153s]
start   83 dkzcomp  I = 2.8776758967911  I-I_ME = -5.473e-02  |grad| = 1.5e-10  nonproj = 6.7e-02  ranks = [(2, 1, 1, 2, 1, 1, 2, 2), (2, 2, 2, 2, 2, 2, 2, 2), (2, 2, 1, 1, 2, 1, 1, 2), (2, 2, 1, 1, 2, 1, 1, 2)]  below  [156s]
start   84 gauss    I = 2.8776758967912  I-I_ME = -5.473e-02  |grad| = 2.6e-10  nonproj = 7.5e-02  ranks = [(2, 2, 2, 2, 2, 1, 1, 1), (2, 2, 2, 1, 2, 1, 2, 2), (1, 2, 2, 1, 2, 2, 2, 1), (1, 2, 2, 1, 2, 2, 1, 1)]  below  [158s]
start   85 rank     I = 2.6044653461181  I-I_ME = -3.279e-01  |grad| = 3.0e-10  nonproj = 1.1e-01  ranks = [(3, 4, 3, 4, 1, 2, 1, 0), (5, 3, 2, 3, 0, 2, 1, 2), (3, 1, 1, 2, 2, 4, 4, 5), (0, 1, 2, 3, 4, 3, 3, 2)]  below  [163s]
start   86 rank1    I = 2.8776758967912  I-I_ME = -5.473e-02  |grad| = 4.3e-10  nonproj = 7.7e-02  ranks = [(2, 2, 2, 2, 1, 2, 1, 2), (2, 2, 1, 1, 1, 2, 1, 2), (2, 2, 1, 1, 2, 2, 1, 2), (2, 2, 1, 1, 2, 1, 2, 2)]  below  [165s]
start   87 frame    I = 2.8776758967912  I-I_ME = -5.473e-02  |grad| = 3.9e-10  nonproj = 8.2e-02  ranks = [(2, 2, 2, 2, 1, 2, 1, 2), (1, 2, 1, 2, 1, 2, 1, 2), (1, 2, 1, 2, 1, 2, 2, 2), (1, 2, 1, 2, 2, 2, 2, 1)]  below  [166s]
start   88 dkzpert  I = 2.7794020486118  I-I_ME = -1.530e-01  |grad| = 5.0e-10  nonproj = 9.5e-02  ranks = [(1, 1, 2, 2, 1, 2, 2, 2), (1, 2, 3, 2, 2, 2, 2, 1), (3, 3, 2, 2, 2, 2, 2, 2), (2, 1, 1, 2, 2, 1, 1, 2)]  below  [168s]
start   89 dkzcomp  I = 2.8776758967912  I-I_ME = -5.473e-02  |grad| = 5.9e-10  nonproj = 5.5e-02  ranks = [(1, 1, 2, 2, 2, 1, 1, 2), (1, 2, 2, 2, 2, 2, 2, 2), (1, 2, 1, 2, 2, 2, 1, 1), (2, 2, 1, 2, 2, 2, 1, 1)]  below  [170s]
# BEST d=8 D=12: I = 2.8776758967912  I_ME = 2.9324096087045  I-I_ME = -5.473e-02  (init dkzcomp)  counts {'below': 90}
