# d=7 D=13 nstart=90 seed=7013  I_ME(d) = 2.9271609424245
start    0 gauss    I = 2.9121523821166  I-I_ME = -1.501e-02  |grad| = 1.9e-10  nonproj = 1.6e-02  ranks = [(2, 2, 2, 2, 1, 2, 2), (2, 2, 2, 2, 1, 2, 2), (2, 2, 2, 2, 1, 2, 2), (2, 2, 2, 2, 2, 2, 2)]  below  [1s]
start    1 rank     I = 2.2412962511233  I-I_ME = -6.859e-01  |grad| = 5.2e-10  nonproj = 1.6e-01  ranks = [(1, 8, 4, 5, 1, 1, 0), (5, 9, 3, 1, 0, 2, 2), (8, 5, 1, 1, 2, 7, 3), (3, 0, 6, 6, 9, 8, 4)]  below  [3s]
start    2 rank1    I = 2.9121523821166  I-I_ME = -1.501e-02  |grad| = 4.3e-10  nonproj = 2.3e-02  ranks = [(2, 2, 2, 2, 2, 2, 2), (2, 1, 2, 2, 2, 2, 2), (2, 1, 2, 2, 2, 2, 2), (2, 1, 2, 2, 2, 2, 2)]  below  [4s]
start    3 frame    I = 2.9121523821166  I-I_ME = -1.501e-02  |grad| = 1.3e-10  nonproj = 8.3e-05  ranks = [(2, 2, 2, 2, 2, 2, 2), (2, 2, 1, 2, 2, 2, 2), (2, 2, 1, 2, 2, 2, 2), (2, 2, 1, 2, 2, 2, 2)]  below  [5s]
start    4 dkzpert  I = 2.9121523821166  I-I_ME = -1.501e-02  |grad| = 1.9e-10  nonproj = 1.8e-02  ranks = [(2, 1, 2, 2, 2, 2, 2), (2, 1, 2, 2, 2, 2, 2), (2, 1, 2, 2, 2, 2, 2), (2, 2, 2, 2, 2, 2, 2)]  below  [5s]
start    5 dkzcomp  I = 2.9121523821166  I-I_ME = -1.501e-02  |grad| = 1.2e-10  nonproj = 3.1e-02  ranks = [(2, 2, 2, 2, 1, 2, 2), (2, 2, 2, 2, 2, 2, 2), (2, 2, 2, 2, 2, 1, 2), (2, 2, 2, 2, 2, 1, 2)]  below  [6s]
start    6 gauss    I = 2.9121523821166  I-I_ME = -1.501e-02  |grad| = 3.6e-10  nonproj = 8.3e-04  ranks = [(2, 2, 2, 2, 2, 2, 1), (2, 2, 2, 2, 2, 2, 1), (2, 2, 2, 2, 2, 2, 1), (2, 2, 2, 2, 2, 2, 2)]  below  [8s]
start    7 rank     I = 2.5695923453804  I-I_ME = -3.576e-01  |grad| = 5.6e-10  nonproj = 1.1e-01  ranks = [(4, 4, 2, 1, 2, 2, 3), (3, 1, 3, 3, 4, 4, 6), (0, 1, 5, 4, 4, 2, 3), (2, 3, 6, 2, 2, 1, 2)]  below  [12s]
start    8 rank1    I = 2.9121523821166  I-I_ME = -1.501e-02  |grad| = 1.2e-10  nonproj = 1.8e-02  ranks = [(2, 2, 1, 2, 2, 2, 2), (2, 2, 1, 2, 2, 2, 2), (2, 2, 1, 2, 2, 2, 2), (2, 2, 2, 2, 2, 2, 2)]  below  [12s]
start    9 frame    I = 2.8261027462545  I-I_ME = -1.011e-01  |grad| = 3.8e-10  nonproj = 5.9e-02  ranks = [(2, 2, 2, 2, 2, 1, 2), (2, 2, 2, 2, 2, 2, 2), (2, 2, 2, 1, 2, 2, 2), (2, 2, 2, 2, 2, 2, 2)]  below  [14s]
start   10 dkzpert  I = 2.9121523821166  I-I_ME = -1.501e-02  |grad| = 3.0e-10  nonproj = 5.9e-02  ranks = [(2, 2, 2, 2, 2, 1, 2), (2, 2, 2, 2, 2, 2, 2), (2, 2, 2, 2, 2, 2, 1), (2, 2, 2, 2, 2, 2, 1)]  below  [15s]
start   11 dkzcomp  I = 2.9121523821166  I-I_ME = -1.501e-02  |grad| = 9.1e-11  nonproj = 1.0e-02  ranks = [(2, 2, 2, 2, 2, 2, 2), (1, 2, 2, 2, 2, 2, 2), (1, 2, 2, 2, 2, 2, 2), (1, 2, 2, 2, 2, 2, 2)]  below  [15s]
start   12 gauss    I = 2.8261027462545  I-I_ME = -1.011e-01  |grad| = 4.9e-10  nonproj = 8.0e-02  ranks = [(2, 2, 2, 2, 2, 2, 3), (1, 2, 2, 2, 3, 2, 2), (2, 2, 3, 3, 3, 1, 2), (2, 2, 2, 2, 2, 2, 2)]  below  [18s]
start   13 rank     I = 2.5578887335339  I-I_ME = -3.693e-01  |grad| = 7.9e-08  nonproj = 1.1e-01  ranks = [(2, 1, 5, 6, 4, 3, 2), (2, 2, 6, 1, 1, 3, 0), (6, 6, 5, 0, 2, 4, 2), (4, 2, 1, 0, 3, 5, 2)]  below  [20s]
start   14 rank1    I = 2.9121523821166  I-I_ME = -1.501e-02  |grad| = 5.8e-10  nonproj = 2.9e-02  ranks = [(1, 2, 2, 2, 2, 2, 2), (1, 2, 2, 2, 2, 2, 2), (2, 2, 2, 2, 2, 2, 2), (2, 1, 2, 2, 2, 2, 2)]  below  [21s]
start   15 frame    I = 2.9121523821166  I-I_ME = -1.501e-02  |grad| = 3.7e-10  nonproj = 4.6e-02  ranks = [(2, 2, 2, 2, 2, 1, 2), (2, 2, 2, 2, 2, 1, 2), (2, 2, 2, 2, 2, 1, 2), (2, 2, 2, 2, 2, 2, 2)]  below  [22s]
start   16 dkzpert  I = 2.9121523821166  I-I_ME = -1.501e-02  |grad| = 2.3e-10  nonproj = 1.2e-02  ranks = [(2, 2, 2, 2, 2, 2, 1), (2, 2, 2, 2, 2, 2, 1), (2, 2, 2, 2, 2, 2, 2), (1, 2, 2, 2, 2, 2, 2)]  below  [22s]
start   17 dkzcomp  I = 2.9121523821166  I-I_ME = -1.501e-02  |grad| = 2.4e-10  nonproj = 3.1e-02  ranks = [(2, 2, 2, 2, 1, 2, 2), (2, 2, 2, 2, 2, 2, 2), (2, 2, 2, 2, 2, 1, 2), (2, 2, 2, 2, 2, 1, 2)]  below  [23s]
start   18 gauss    I = 2.8261027462545  I-I_ME = -1.011e-01  |grad| = 5.9e-10  nonproj = 5.5e-02  ranks = [(2, 2, 2, 2, 2, 2, 1), (3, 3, 2, 2, 2, 2, 2), (2, 2, 1, 2, 2, 2, 2), (2, 2, 2, 3, 3, 3, 3)]  below  [24s]
start   19 rank     I = 2.5695923453805  I-I_ME = -3.576e-01  |grad| = 4.0e-10  nonproj = 9.2e-02  ranks = [(2, 2, 2, 3, 3, 6, 3), (4, 4, 3, 2, 3, 3, 2), (6, 3, 2, 2, 2, 2, 4), (4, 1, 1, 1, 2, 0, 5)]  below  [32s]
start   20 rank1    I = 2.8261027462545  I-I_ME = -1.011e-01  |grad| = 3.2e-10  nonproj = 6.1e-02  ranks = [(2, 2, 2, 2, 2, 2, 2), (2, 2, 2, 2, 2, 2, 2), (2, 2, 2, 2, 2, 2, 2), (1, 2, 2, 2, 2, 2, 2)]  below  [34s]
start   21 frame    I = 2.9121523821166  I-I_ME = -1.501e-02  |grad| = 1.5e-10  nonproj = 7.6e-02  ranks = [(2, 2, 2, 2, 2, 1, 2), (2, 2, 2, 2, 2, 2, 2), (2, 2, 2, 2, 2, 2, 1), (2, 2, 2, 2, 2, 2, 1)]  below  [34s]
start   22 dkzpert  I = 2.9121523821166  I-I_ME = -1.501e-02  |grad| = 2.2e-10  nonproj = 4.3e-02  ranks = [(2, 2, 2, 2, 2, 2, 2), (1, 2, 2, 2, 2, 2, 2), (1, 2, 2, 2, 2, 2, 2), (1, 2, 2, 2, 2, 2, 2)]  below  [35s]
start   23 dkzcomp  I = 2.9121523821166  I-I_ME = -1.501e-02  |grad| = 4.6e-10  nonproj = 4.0e-02  ranks = [(2, 2, 1, 2, 2, 2, 2), (2, 2, 2, 2, 2, 2, 2), (2, 2, 2, 1, 2, 2, 2), (2, 2, 2, 1, 2, 2, 2)]  below  [36s]
start   24 gauss    I = 2.9121523821166  I-I_ME = -1.501e-02  |grad| = 2.5e-10  nonproj = 1.8e-02  ranks = [(2, 2, 2, 2, 1, 2, 2), (2, 2, 2, 2, 1, 2, 2), (2, 2, 2, 2, 1, 2, 2), (2, 2, 2, 2, 2, 2, 2)]  below  [37s]
start   25 rank     I = 2.3797185427682  I-I_ME = -5.474e-01  |grad| = 1.9e-09  nonproj = 1.2e-01  ranks = [(1, 0, 3, 3, 8, 4, 1), (3, 4, 6, 2, 4, 5, 1), (5, 3, 4, 2, 1, 6, 2), (5, 3, 1, 0, 0, 8, 5)]  below  [41s]
start   26 rank1    I = 2.9121523821166  I-I_ME = -1.501e-02  |grad| = 4.5e-10  nonproj = 4.1e-02  ranks = [(2, 2, 2, 2, 2, 1, 2), (2, 2, 2, 2, 2, 2, 2), (2, 2, 2, 2, 2, 2, 1), (2, 2, 2, 2, 2, 2, 1)]  below  [42s]
start   27 frame    I = 2.9121523821166  I-I_ME = -1.501e-02  |grad| = 4.8e-10  nonproj = 1.9e-02  ranks = [(2, 2, 2, 2, 2, 1, 2), (2, 2, 2, 2, 2, 1, 2), (2, 2, 2, 2, 2, 2, 2), (2, 2, 2, 2, 2, 2, 1)]  below  [42s]
start   28 dkzpert  I = 2.9121523821166  I-I_ME = -1.501e-02  |grad| = 1.7e-10  nonproj = 4.5e-02  ranks = [(2, 2, 2, 2, 2, 1, 2), (2, 2, 2, 2, 2, 1, 2), (2, 2, 2, 2, 2, 1, 2), (2, 2, 2, 2, 2, 2, 2)]  below  [43s]
start   29 dkzcomp  I = 2.9121523821166  I-I_ME = -1.501e-02  |grad| = 2.9e-10  nonproj = 2.0e-02  ranks = [(2, 2, 1, 2, 2, 2, 2), (2, 2, 1, 2, 2, 2, 2), (2, 2, 2, 2, 2, 2, 2), (2, 2, 2, 1, 2, 2, 2)]  below  [44s]
start   30 gauss    I = 2.9121523821166  I-I_ME = -1.501e-02  |grad| = 4.2e-10  nonproj = 7.7e-03  ranks = [(2, 2, 2, 2, 2, 2, 2), (2, 2, 1, 2, 2, 2, 2), (2, 2, 1, 2, 2, 2, 2), (2, 2, 1, 2, 2, 2, 2)]  below  [46s]
start   31 rank     I = 2.7145692042556  I-I_ME = -2.126e-01  |grad| = 2.6e-11  nonproj = 9.8e-02  ranks = [(3, 4, 0, 3, 1, 3, 4), (1, 4, 1, 3, 0, 4, 2), (1, 4, 3, 3, 2, 4, 1), (2, 4, 4, 1, 3, 2, 1)]  below  [47s]
start   32 rank1    I = 2.9121523821166  I-I_ME = -1.501e-02  |grad| = 7.4e-11  nonproj = 6.3e-02  ranks = [(2, 2, 1, 2, 2, 2, 2), (2, 2, 2, 2, 2, 2, 2), (2, 2, 2, 1, 2, 2, 2), (2, 2, 2, 1, 2, 2, 2)]  below  [48s]
start   33 frame    I = 2.9121523821166  I-I_ME = -1.501e-02  |grad| = 8.3e-11  nonproj = 2.1e-02  ranks = [(2, 2, 2, 1, 2, 2, 2), (2, 2, 2, 1, 2, 2, 2), (2, 2, 2, 2, 2, 2, 2), (2, 2, 2, 2, 1, 2, 2)]  below  [49s]
start   34 dkzpert  I = 2.9121523821166  I-I_ME = -1.501e-02  |grad| = 2.4e-10  nonproj = 4.5e-02  ranks = [(2, 2, 2, 1, 2, 2, 2), (2, 2, 2, 2, 2, 2, 2), (2, 2, 2, 2, 1, 2, 2), (2, 2, 2, 2, 1, 2, 2)]  below  [50s]
start   35 dkzcomp  I = 2.9121523821166  I-I_ME = -1.501e-02  |grad| = 2.3e-10  nonproj = 9.8e-02  ranks = [(2, 2, 2, 2, 2, 2, 2), (2, 2, 2, 2, 2, 2, 1), (2, 2, 2, 2, 2, 2, 1), (2, 2, 2, 2, 2, 2, 1)]  below  [50s]
start   36 gauss    I = 2.9121523821166  I-I_ME = -1.501e-02  |grad| = 1.7e-10  nonproj = 2.4e-03  ranks = [(2, 2, 2, 2, 2, 2, 2), (2, 2, 2, 2, 2, 2, 1), (2, 2, 2, 2, 2, 2, 1), (2, 2, 2, 2, 2, 2, 1)]  below  [52s]
start   37 rank     I = 2.3053725187546  I-I_ME = -6.218e-01  |grad| = 3.6e-11  nonproj = 1.6e-01  ranks = [(1, 1, 3, 4, 6, 9, 5), (2, 1, 6, 7, 5, 3, 0), (6, 2, 8, 6, 2, 0, 0), (9, 3, 3, 3, 0, 0, 4)]  below  [54s]
start   38 rank1    I = 2.9121523821166  I-I_ME = -1.501e-02  |grad| = 7.8e-11  nonproj = 1.6e-02  ranks = [(1, 2, 2, 2, 2, 2, 2), (2, 2, 2, 2, 2, 2, 2), (2, 1, 2, 2, 2, 2, 2), (2, 1, 2, 2, 2, 2, 2)]  below  [55s]
start   39 frame    I = 2.8261027462545  I-I_ME = -1.011e-01  |grad| = 2.3e-10  nonproj = 6.0e-02  ranks = [(2, 2, 3, 3, 2, 2, 2), (2, 2, 2, 2, 2, 1, 2), (2, 2, 2, 2, 2, 2, 2), (2, 1, 2, 2, 2, 2, 2)]  below  [56s]
start   40 dkzpert  I = 2.9121523821166  I-I_ME = -1.501e-02  |grad| = 2.2e-10  nonproj = 4.1e-03  ranks = [(1, 2, 2, 2, 2, 2, 2), (1, 2, 2, 2, 2, 2, 2), (2, 2, 2, 2, 2, 2, 2), (2, 1, 2, 2, 2, 2, 2)]  below  [57s]
start   41 dkzcomp  I = 2.9121523821166  I-I_ME = -1.501e-02  |grad| = 3.1e-10  nonproj = 3.8e-02  ranks = [(2, 2, 1, 2, 2, 2, 2), (2, 2, 2, 2, 2, 2, 2), (2, 2, 2, 1, 2, 2, 2), (2, 2, 2, 1, 2, 2, 2)]  below  [58s]
start   42 gauss    I = 2.8261027462544  I-I_ME = -1.011e-01  |grad| = 4.7e-10  nonproj = 5.7e-02  ranks = [(2, 1, 3, 2, 1, 2, 2), (3, 2, 3, 2, 2, 3, 3), (2, 1, 2, 2, 2, 2, 2), (2, 2, 2, 3, 3, 2, 2)]  below  [60s]
start   43 rank     I = 2.3899882991541  I-I_ME = -5.372e-01  |grad| = 6.7e-10  nonproj = 1.5e-01  ranks = [(0, 1, 1, 6, 6, 3, 3), (0, 2, 5, 7, 3, 0, 3), (4, 5, 7, 3, 1, 1, 6), (4, 4, 3, 0, 3, 5, 6)]  below  [63s]
start   44 rank1    I = 2.9121523821166  I-I_ME = -1.501e-02  |grad| = 6.1e-11  nonproj = 2.5e-03  ranks = [(2, 2, 2, 2, 2, 2, 2), (2, 2, 2, 2, 2, 2, 1), (2, 2, 2, 2, 2, 2, 1), (2, 2, 2, 2, 2, 2, 1)]  below  [64s]
start   45 frame    I = 2.9121523821166  I-I_ME = -1.501e-02  |grad| = 1.3e-10  nonproj = 5.5e-02  ranks = [(2, 2, 1, 2, 2, 2, 2), (2, 2, 2, 2, 2, 2, 2), (2, 2, 2, 1, 2, 2, 2), (2, 2, 2, 1, 2, 2, 2)]  below  [65s]
start   46 dkzpert  I = 2.9121523821166  I-I_ME = -1.501e-02  |grad| = 1.6e-10  nonproj = 3.7e-02  ranks = [(1, 2, 2, 2, 2, 2, 2), (2, 2, 2, 2, 2, 2, 2), (2, 1, 2, 2, 2, 2, 2), (2, 1, 2, 2, 2, 2, 2)]  below  [66s]
start   47 dkzcomp  I = 2.9121523821166  I-I_ME = -1.501e-02  |grad| = 7.8e-11  nonproj = 3.8e-02  ranks = [(2, 2, 2, 2, 2, 2, 2), (2, 2, 1, 2, 2, 2, 2), (2, 2, 1, 2, 2, 2, 2), (2, 2, 1, 2, 2, 2, 2)]  below  [67s]
start   48 gauss    I = 2.8148827825986  I-I_ME = -1.123e-01  |grad| = 1.5e-10  nonproj = 7.6e-02  ranks = [(3, 2, 2, 3, 2, 3, 2), (2, 2, 2, 2, 2, 2, 2), (1, 3, 3, 2, 3, 2, 2), (1, 3, 2, 1, 3, 1, 2)]  below  [68s]
start   49 rank     I = 2.5546571925700  I-I_ME = -3.725e-01  |grad| = 1.2e-09  nonproj = 1.3e-01  ranks = [(0, 0, 3, 2, 6, 5, 3), (1, 6, 6, 3, 5, 3, 1), (3, 5, 0, 0, 3, 3, 2), (5, 3, 0, 2, 3, 4, 4)]  below  [69s]
start   50 rank1    I = 2.9121523821166  I-I_ME = -1.501e-02  |grad| = 1.4e-10  nonproj = 4.1e-02  ranks = [(2, 2, 2, 2, 1, 2, 2), (2, 2, 2, 2, 1, 2, 2), (2, 2, 2, 2, 1, 2, 2), (2, 2, 2, 2, 2, 2, 2)]  below  [70s]
start   51 frame    I = 2.9121523821166  I-I_ME = -1.501e-02  |grad| = 2.3e-10  nonproj = 2.4e-02  ranks = [(2, 2, 2, 2, 1, 2, 2), (2, 2, 2, 2, 1, 2, 2), (2, 2, 2, 2, 1, 2, 2), (2, 2, 2, 2, 2, 2, 2)]  below  [70s]
start   52 dkzpert  I = 2.9121523821166  I-I_ME = -1.501e-02  |grad| = 2.2e-10  nonproj = 3.6e-02  ranks = [(2, 2, 2, 1, 2, 2, 2), (2, 2, 2, 2, 2, 2, 2), (2, 2, 2, 2, 1, 2, 2), (2, 2, 2, 2, 1, 2, 2)]  below  [71s]
start   53 dkzcomp  I = 2.9121523821166  I-I_ME = -1.501e-02  |grad| = 3.1e-10  nonproj = 1.7e-03  ranks = [(2, 2, 2, 2, 2, 2, 2), (2, 1, 2, 2, 2, 2, 2), (2, 1, 2, 2, 2, 2, 2), (2, 1, 2, 2, 2, 2, 2)]  below  [72s]
start   54 gauss    I = 2.7405367585829  I-I_ME = -1.866e-01  |grad| = 5.8e-10  nonproj = 6.0e-02  ranks = [(3, 3, 2, 2, 1, 3, 4), (1, 2, 1, 3, 3, 4, 3), (2, 3, 2, 4, 2, 2, 2), (2, 2, 2, 3, 2, 2, 2)]  below  [75s]
start   55 rank     I = 2.4835427095183  I-I_ME = -4.436e-01  |grad| = 5.1e-10  nonproj = 1.2e-01  ranks = [(2, 2, 2, 2, 7, 1, 2), (2, 4, 2, 4, 5, 0, 2), (6, 7, 4, 4, 2, 1, 5), (4, 3, 1, 0, 1, 6, 6)]  below  [77s]
start   56 rank1    I = 2.9121523821166  I-I_ME = -1.501e-02  |grad| = 8.6e-11  nonproj = 4.7e-02  ranks = [(2, 2, 2, 2, 2, 2, 1), (2, 2, 2, 2, 2, 2, 1), (2, 2, 2, 2, 2, 2, 1), (2, 2, 2, 2, 2, 2, 2)]  below  [78s]
start   57 frame    I = 2.9121523821166  I-I_ME = -1.501e-02  |grad| = 4.0e-10  nonproj = 5.7e-02  ranks = [(2, 2, 2, 2, 2, 2, 1), (2, 2, 2, 2, 2, 2, 1), (2, 2, 2, 2, 2, 2, 1), (2, 2, 2, 2, 2, 2, 2)]  below  [79s]
start   58 dkzpert  I = 2.9121523821166  I-I_ME = -1.501e-02  |grad| = 5.9e-07  nonproj = 3.3e-02  ranks = [(2, 2, 2, 1, 2, 2, 2), (2, 2, 2, 2, 2, 2, 2), (2, 2, 2, 2, 1, 2, 2), (2, 2, 2, 2, 1, 2, 2)]  below  [80s]
start   59 dkzcomp  I = 2.8261027462545  I-I_ME = -1.011e-01  |grad| = 8.4e-10  nonproj = 9.5e-02  ranks = [(1, 2, 2, 2, 2, 2, 2), (2, 2, 2, 2, 2, 2, 2), (2, 2, 2, 1, 2, 2, 2), (3, 2, 2, 2, 2, 2, 2)]  below  [81s]
start   60 gauss    I = 2.8148827825985  I-I_ME = -1.123e-01  |grad| = 5.6e-10  nonproj = 6.3e-02  ranks = [(3, 2, 2, 3, 1, 2, 2), (2, 2, 2, 2, 2, 3, 2), (2, 3, 3, 2, 2, 2, 1), (2, 3, 2, 1, 3, 2, 2)]  below  [84s]
start   61 rank     I = 2.3899882991544  I-I_ME = -5.372e-01  |grad| = 3.4e-10  nonproj = 1.4e-01  ranks = [(3, 0, 1, 2, 8, 4, 1), (3, 0, 4, 5, 6, 1, 0), (4, 5, 5, 5, 3, 1, 0), (8, 7, 3, 2, 0, 5, 7)]  below  [86s]
start   62 rank1    I = 2.9121523821166  I-I_ME = -1.501e-02  |grad| = 7.0e-11  nonproj = 5.3e-02  ranks = [(2, 2, 2, 2, 2, 2, 2), (1, 2, 2, 2, 2, 2, 2), (1, 2, 2, 2, 2, 2, 2), (1, 2, 2, 2, 2, 2, 2)]  below  [88s]
start   63 frame    I = 2.9121523821166  I-I_ME = -1.501e-02  |grad| = 7.9e-09  nonproj = 2.5e-03  ranks = [(2, 2, 2, 2, 2, 2, 2), (2, 2, 1, 2, 2, 2, 2), (2, 2, 1, 2, 2, 2, 2), (2, 2, 1, 2, 2, 2, 2)]  below  [89s]
start   64 dkzpert  I = 2.9121523821166  I-I_ME = -1.501e-02  |grad| = 4.6e-10  nonproj = 2.5e-02  ranks = [(2, 2, 2, 1, 2, 2, 2), (2, 2, 2, 1, 2, 2, 2), (2, 2, 2, 2, 2, 2, 2), (2, 2, 2, 2, 1, 2, 2)]  below  [90s]
start   65 dkzcomp  I = 2.9121523821166  I-I_ME = -1.501e-02  |grad| = 4.0e-07  nonproj = 3.9e-02  ranks = [(2, 2, 2, 2, 2, 2, 2), (2, 1, 2, 2, 2, 2, 2), (2, 1, 2, 2, 2, 2, 2), (2, 1, 2, 2, 2, 2, 2)]  below  [91s]
start   66 gauss    I = 2.9121523821166  I-I_ME = -1.501e-02  |grad| = 3.4e-10  nonproj = 3.4e-02  ranks = [(2, 2, 2, 2, 2, 2, 2), (2, 2, 2, 2, 1, 2, 2), (2, 2, 2, 2, 1, 2, 2), (2, 2, 2, 2, 1, 2, 2)]  below  [92s]
start   67 rank     I = 2.5546571925664  I-I_ME = -3.725e-01  |grad| = 6.3e-10  nonproj = 9.2e-02  ranks = [(0, 3, 3, 3, 6, 3, 0), (3, 5, 6, 5, 5, 0, 2), (2, 2, 4, 3, 2, 1, 4), (2, 2, 4, 3, 1, 3, 5)]  below  [95s]
start   68 rank1    I = 2.9121523821166  I-I_ME = -1.501e-02  |grad| = 3.1e-10  nonproj = 7.5e-02  ranks = [(1, 2, 2, 2, 2, 2, 2), (1, 2, 2, 2, 2, 2, 2), (2, 2, 2, 2, 2, 2, 2), (2, 1, 2, 2, 2, 2, 2)]  below  [96s]
start   69 frame    I = 2.9121523821166  I-I_ME = -1.501e-02  |grad| = 1.5e-06  nonproj = 4.0e-02  ranks = [(2, 2, 2, 2, 1, 2, 2), (2, 2, 2, 2, 2, 2, 2), (2, 2, 2, 2, 2, 1, 2), (2, 2, 2, 2, 2, 1, 2)]  below  [97s]
start   70 dkzpert  I = 2.9121523821166  I-I_ME = -1.501e-02  |grad| = 1.9e-10  nonproj = 9.3e-05  ranks = [(2, 2, 2, 2, 1, 2, 2), (2, 2, 2, 2, 1, 2, 2), (2, 2, 2, 2, 2, 2, 2), (2, 2, 2, 2, 2, 1, 2)]  below  [99s]
start   71 dkzcomp  I = 2.9121523821166  I-I_ME = -1.501e-02  |grad| = 3.1e-10  nonproj = 5.8e-02  ranks = [(2, 2, 2, 1, 2, 2, 2), (2, 2, 2, 2, 2, 2, 2), (2, 2, 2, 2, 1, 2, 2), (2, 2, 2, 2, 1, 2, 2)]  below  [100s]
start   72 gauss    I = 2.8261027462545  I-I_ME = -1.011e-01  |grad| = 4.4e-10  nonproj = 6.4e-02  ranks = [(2, 2, 2, 2, 3, 2, 2), (2, 2, 2, 2, 2, 1, 2), (3, 3, 3, 2, 2, 2, 2), (3, 2, 2, 2, 2, 2, 2)]  below  [102s]
start   73 rank     I = 2.6267218828930  I-I_ME = -3.004e-01  |grad| = 8.2e-10  nonproj = 8.1e-02  ranks = [(3, 2, 3, 1, 3, 2, 2), (3, 4, 3, 1, 4, 1, 5), (0, 4, 1, 1, 4, 0, 5), (1, 4, 1, 4, 4, 3, 5)]  below  [104s]
start   74 rank1    I = 2.9121523821166  I-I_ME = -1.501e-02  |grad| = 4.8e-10  nonproj = 3.1e-02  ranks = [(1, 2, 2, 2, 2, 2, 2), (2, 2, 2, 2, 2, 2, 2), (2, 1, 2, 2, 2, 2, 2), (2, 1, 2, 2, 2, 2, 2)]  below  [104s]
start   75 frame    I = 2.9121523821166  I-I_ME = -1.501e-02  |grad| = 3.2e-10  nonproj = 6.8e-02  ranks = [(2, 2, 2, 2, 2, 2, 1), (2, 2, 2, 2, 2, 2, 1), (2, 2, 2, 2, 2, 2, 1), (2, 2, 2, 2, 2, 2, 2)]  below  [105s]
start   76 dkzpert  I = 2.9121523821166  I-I_ME = -1.501e-02  |grad| = 2.3e-10  nonproj = 6.0e-02  ranks = [(2, 2, 2, 2, 2, 2, 2), (1, 2, 2, 2, 2, 2, 2), (1, 2, 2, 2, 2, 2, 2), (1, 2, 2, 2, 2, 2, 2)]  below  [106s]
start   77 dkzcomp  I = 2.9121523821166  I-I_ME = -1.501e-02  |grad| = 2.0e-10  nonproj = 2.3e-02  ranks = [(2, 1, 2, 2, 2, 2, 2), (2, 2, 2, 2, 2, 2, 2), (2, 2, 1, 2, 2, 2, 2), (2, 2, 1, 2, 2, 2, 2)]  below  [107s]
start   78 gauss    I = 2.8261027462545  I-I_ME = -1.011e-01  |grad| = 4.3e-10  nonproj = 7.2e-02  ranks = [(3, 3, 2, 2, 1, 2, 2), (2, 2, 2, 2, 1, 2, 3), (1, 2, 2, 2, 2, 3, 3), (1, 2, 3, 3, 3, 2, 2)]  below  [108s]
start   79 rank     I = 2.5363990134885  I-I_ME = -3.908e-01  |grad| = 1.6e-08  nonproj = 1.2e-01  ranks = [(6, 2, 2, 1, 1, 1, 5), (6, 0, 2, 1, 3, 3, 5), (6, 2, 4, 4, 3, 2, 1), (6, 4, 4, 2, 1, 2, 1)]  below  [111s]
start   80 rank1    I = 2.9121523821166  I-I_ME = -1.501e-02  |grad| = 6.0e-11  nonproj = 3.3e-02  ranks = [(2, 2, 2, 2, 1, 2, 2), (2, 2, 2, 2, 2, 2, 2), (2, 2, 2, 2, 2, 1, 2), (2, 2, 2, 2, 2, 1, 2)]  below  [111s]
start   81 frame    I = 2.9121523821166  I-I_ME = -1.501e-02  |grad| = 3.5e-10  nonproj = 1.1e-02  ranks = [(2, 2, 2, 2, 2, 1, 2), (2, 2, 2, 2, 2, 1, 2), (2, 2, 2, 2, 2, 1, 2), (2, 2, 2, 2, 2, 2, 2)]  below  [112s]
start   82 dkzpert  I = 2.9121523821166  I-I_ME = -1.501e-02  |grad| = 3.0e-10  nonproj = 3.7e-02  ranks = [(2, 2, 2, 1, 2, 2, 2), (2, 2, 2, 1, 2, 2, 2), (2, 2, 2, 2, 2, 2, 2), (2, 2, 2, 2, 1, 2, 2)]  below  [113s]
start   83 dkzcomp  I = 2.9121523821166  I-I_ME = -1.501e-02  |grad| = 5.7e-10  nonproj = 2.4e-03  ranks = [(2, 2, 2, 2, 2, 1, 2), (2, 2, 2, 2, 2, 1, 2), (2, 2, 2, 2, 2, 2, 2), (2, 2, 2, 2, 2, 2, 1)]  below  [114s]
start   84 gauss    I = 2.9121523821166  I-I_ME = -1.501e-02  |grad| = 3.1e-10  nonproj = 2.5e-02  ranks = [(2, 2, 2, 2, 2, 2, 2), (1, 2, 2, 2, 2, 2, 2), (1, 2, 2, 2, 2, 2, 2), (1, 2, 2, 2, 2, 2, 2)]  below  [115s]
start   85 rank     I = 2.4723227458611  I-I_ME = -4.548e-01  |grad| = 2.5e-10  nonproj = 1.1e-01  ranks = [(4, 2, 4, 0, 2, 4, 7), (0, 2, 5, 1, 3, 4, 3), (0, 3, 7, 2, 4, 3, 2), (3, 7, 6, 3, 3, 2, 0)]  below  [117s]
start   86 rank1    I = 2.9121523821166  I-I_ME = -1.501e-02  |grad| = 2.6e-10  nonproj = 1.2e-03  ranks = [(2, 2, 2, 2, 2, 2, 2), (1, 2, 2, 2, 2, 2, 2), (1, 2, 2, 2, 2, 2, 2), (1, 2, 2, 2, 2, 2, 2)]  below  [118s]
start   87 frame    I = 2.9121523821166  I-I_ME = -1.501e-02  |grad| = 4.1e-10  nonproj = 4.1e-02  ranks = [(2, 2, 2, 1, 2, 2, 2), (2, 2, 2, 1, 2, 2, 2), (2, 2, 2, 1, 2, 2, 2), (2, 2, 2, 2, 2, 2, 2)]  below  [119s]
start   88 dkzpert  I = 2.9121523821166  I-I_ME = -1.501e-02  |grad| = 1.3e-10  nonproj = 8.8e-03  ranks = [(2, 2, 2, 2, 2, 2, 2), (2, 2, 2, 1, 2, 2, 2), (2, 2, 2, 1, 2, 2, 2), (2, 2, 2, 1, 2, 2, 2)]  below  [120s]
start   89 dkzcomp  I = 2.9121523821166  I-I_ME = -1.501e-02  |grad| = 1.5e-10  nonproj = 4.2e-02  ranks = [(2, 2, 1, 2, 2, 2, 2), (2, 2, 2, 2, 2, 2, 2), (2, 2, 2, 1, 2, 2, 2), (2, 2, 2, 1, 2, 2, 2)]  below  [120s]
# BEST d=7 D=13: I = 2.9121523821166  I_ME = 2.9271609424245  I-I_ME = -1.501e-02  (init rank1)  counts {'below': 90}
