# BEST d=3 D=2: I = 2.6213203435596  I_ME = 2.8729340511723  I-I_ME = -2.516e-01  (init rank)  counts {'below': 150}
# BEST d=3 D=3: I = 2.8729340511723  I_ME = 2.8729340511723  I-I_ME = +5.773e-15  (init rank1)  counts {'ME': 123, 'below': 27}
# BEST d=3 D=4: I = 2.6547005383793  I_ME = 2.8729340511723  I-I_ME = -2.182e-01  (init dkzpert)  counts {'below': 150}
# BEST d=3 D=5: I = 2.7722885681273  I_ME = 2.8729340511723  I-I_ME = -1.006e-01  (init dkzcomp)  counts {'below': 150}
# BEST d=3 D=6: I = 2.8729340511724  I_ME = 2.8729340511723  I-I_ME = +2.176e-14  (init rank)  counts {'ME': 122, 'below': 28}
# BEST d=4 D=2: I = 2.5522847498308  I_ME = 2.8962432184587  I-I_ME = -3.440e-01  (init frame)  counts {'below': 150}
# BEST d=4 D=3: I = 2.7759413788199  I_ME = 2.8962432184587  I-I_ME = -1.203e-01  (init rank1)  counts {'below': 150}
# BEST d=4 D=4: I = 2.8962432184587  I_ME = 2.8962432184587  I-I_ME = +4.441e-15  (init frame)  counts {'ME': 116, 'below': 34}
# BEST d=4 D=5: I = 2.7169945747670  I_ME = 2.8962432184587  I-I_ME = -1.792e-01  (init dkzcomp)  counts {'below': 150}
# BEST d=4 D=6: I = 2.7815903955827  I_ME = 2.8962432184587  I-I_ME = -1.147e-01  (init frame)  counts {'below': 150}
# BEST d=4 D=7: I = 2.8446852871849  I_ME = 2.8962432184587  I-I_ME = -5.156e-02  (init rank1)  counts {'below': 150}
# BEST d=4 D=8: I = 2.8962432184587  I_ME = 2.8962432184587  I-I_ME = +4.441e-15  (init gauss)  counts {'ME': 116, 'below': 34}
# BEST d=5 D=2: I = 2.5177669529664  I_ME = 2.9105448080721  I-I_ME = -3.928e-01  (init gauss)  counts {'below': 150}
# BEST d=5 D=3: I = 2.7274450426436  I_ME = 2.9105448080721  I-I_ME = -1.831e-01  (init dkzcomp)  counts {'below': 150}
# BEST d=5 D=4: I = 2.8402280173050  I_ME = 2.9105448080721  I-I_ME = -7.032e-02  (init rank1)  counts {'below': 150}
# BEST d=5 D=5: I = 2.9105448080721  I_ME = 2.9105448080721  I-I_ME = +3.109e-15  (init gauss)  counts {'below': 42, 'ME': 108}
# BEST d=5 D=6: I = 2.7587873400601  I_ME = 2.9105448080721  I-I_ME = -1.518e-01  (init frame)  counts {'below': 150}
# BEST d=5 D=7: I = 2.7983225637562  I_ME = 2.9105448080721  I-I_ME = -1.122e-01  (init frame)  counts {'below': 150}
# BEST d=5 D=8: I = 2.8418823960364  I_ME = 2.9105448080721  I-I_ME = -6.866e-02  (init frame)  counts {'below': 150}
# BEST d=5 D=9: I = 2.8792929010645  I_ME = 2.9105448080721  I-I_ME = -3.125e-02  (init frame)  counts {'below': 150}
# BEST d=5 D=10: I = 2.9105448080721  I_ME = 2.9105448080721  I-I_ME = +3.109e-15  (init dkzpert)  counts {'below': 43, 'ME': 107}
# BEST d=6 D=2: I = 2.4970562748477  I_ME = 2.9202036063791  I-I_ME = -4.231e-01  (init frame)  counts {'below': 90}
# BEST d=6 D=3: I = 2.6983472409379  I_ME = 2.9202036063791  I-I_ME = -2.219e-01  (init frame)  counts {'below': 90}
# BEST d=6 D=4: I = 2.8066188966128  I_ME = 2.9202036063791  I-I_ME = -1.136e-01  (init rank1)  counts {'below': 90}
# BEST d=6 D=5: I = 2.8741230157492  I_ME = 2.9202036063791  I-I_ME = -4.608e-02  (init frame)  counts {'below': 90}
# BEST d=6 D=6: I = 2.9202036063791  I_ME = 2.9202036063791  I-I_ME = +3.109e-15  (init dkzcomp)  counts {'ME': 67, 'below': 23}
# BEST d=6 D=7: I = 2.7887459483249  I_ME = 2.9202036063791  I-I_ME = -1.315e-01  (init dkzpert)  counts {'below': 90}
# BEST d=6 D=8: I = 2.8144167734962  I_ME = 2.9202036063791  I-I_ME = -1.058e-01  (init dkzpert)  counts {'below': 90}
# BEST d=6 D=9: I = 2.8462514845653  I_ME = 2.9202036063791  I-I_ME = -7.395e-02  (init dkzpert)  counts {'below': 90}
# BEST d=6 D=10: I = 2.8747697224726  I_ME = 2.9202036063791  I-I_ME = -4.543e-02  (init frame)  counts {'below': 90}
# BEST d=6 D=11: I = 2.8992578833655  I_ME = 2.9202036063791  I-I_ME = -2.095e-02  (init dkzpert)  counts {'below': 90}
# BEST d=6 D=12: I = 2.9202036063791  I_ME = 2.9202036063791  I-I_ME = +3.109e-15  (init gauss)  counts {'below': 24, 'ME': 66}
# BEST d=7 D=2: I = 2.4832491561019  I_ME = 2.9271609424245  I-I_ME = -4.439e-01  (init gauss)  counts {'below': 90}
# BEST d=7 D=3: I = 2.6789487064674  I_ME = 2.9271609424245  I-I_ME = -2.482e-01  (init gauss)  counts {'below': 90}
# BEST d=7 D=4: I = 2.7842128161514  I_ME = 2.9271609424245  I-I_ME = -1.429e-01  (init dkzpert)  counts {'below': 90}
# BEST d=7 D=5: I = 2.8498418208673  I_ME = 2.9271609424245  I-I_ME = -7.732e-02  (init dkzcomp)  counts {'below': 90}
# BEST d=7 D=6: I = 2.8946423950908  I_ME = 2.9271609424245  I-I_ME = -3.252e-02  (init dkzpert)  counts {'below': 90}
# BEST d=7 D=7: I = 2.9271609424245  I_ME = 2.9271609424245  I-I_ME = +3.553e-15  (init dkzpert)  counts {'below': 26, 'ME': 64}
# BEST d=7 D=8: I = 2.8112658246215  I_ME = 2.9271609424245  I-I_ME = -1.159e-01  (init frame)  counts {'below': 90}
# BEST d=7 D=9: I = 2.8285138787973  I_ME = 2.9271609424245  I-I_ME = -9.865e-02  (init dkzpert)  counts {'below': 90}
# BEST d=7 D=10: I = 2.8526972716374  I_ME = 2.9271609424245  I-I_ME = -7.446e-02  (init dkzcomp)  counts {'below': 90}
# BEST d=7 D=11: I = 2.8751798055979  I_ME = 2.9271609424245  I-I_ME = -5.198e-02  (init rank1)  counts {'below': 90}
# BEST d=7 D=12: I = 2.8949446417757  I_ME = 2.9271609424245  I-I_ME = -3.222e-02  (init frame)  counts {'below': 90}
# BEST d=7 D=13: I = 2.9121523821166  I_ME = 2.9271609424245  I-I_ME = -1.501e-02  (init rank1)  counts {'below': 90}
# BEST d=7 D=14: I = 2.9271609424245  I_ME = 2.9271609424245  I-I_ME = +3.553e-15  (init dkzpert)  counts {'below': 29, 'ME': 61}
# BEST d=8 D=2: I = 2.4733869284264  I_ME = 2.9324096087045  I-I_ME = -4.590e-01  (init frame)  counts {'below': 90}
# BEST d=8 D=3: I = 2.6650926104170  I_ME = 2.9324096087045  I-I_ME = -2.673e-01  (init dkzpert)  counts {'below': 90}
# BEST d=8 D=4: I = 2.7682084729646  I_ME = 2.9324096087045  I-I_ME = -1.642e-01  (init dkzcomp)  counts {'below': 90}
# BEST d=8 D=5: I = 2.8324981102373  I_ME = 2.9324096087045  I-I_ME = -9.991e-02  (init rank1)  counts {'below': 90}
# BEST d=8 D=6: I = 2.8763843870277  I_ME = 2.9324096087045  I-I_ME = -5.603e-02  (init dkzcomp)  counts {'below': 90}
# BEST d=8 D=7: I = 2.9082392905383  I_ME = 2.9324096087045  I-I_ME = -2.417e-02  (init dkzcomp)  counts {'below': 90}
# BEST d=8 D=8: I = 2.9324096087045  I_ME = 2.9324096087045  I-I_ME = +4.441e-15  (init dkzcomp)  counts {'below': 27, 'ME': 63}
# BEST d=8 D=9: I = 2.8288085410706  I_ME = 2.9324096087045  I-I_ME = -1.036e-01  (init rank1)  counts {'below': 90}
# BEST d=8 D=10: I = 2.8406050726488  I_ME = 2.9324096087045  I-I_ME = -9.180e-02  (init dkzpert)  counts {'below': 90}
# BEST d=8 D=11: I = 2.8595049728079  I_ME = 2.9324096087045  I-I_ME = -7.290e-02  (init dkzcomp)  counts {'below': 90}
# BEST d=8 D=12: I = 2.8776758967912  I_ME = 2.9324096087045  I-I_ME = -5.473e-02  (init dkzcomp)  counts {'below': 90}
# BEST d=8 D=13: I = 2.8939821092940  I_ME = 2.9324096087045  I-I_ME = -3.843e-02  (init dkzcomp)  counts {'below': 90}
# BEST d=8 D=14: I = 2.9083987994144  I_ME = 2.9324096087045  I-I_ME = -2.401e-02  (init dkzpert)  counts {'below': 90}
# BEST d=8 D=15: I = 2.9211301268936  I_ME = 2.9324096087045  I-I_ME = -1.128e-02  (init frame)  counts {'below': 90}
# BEST d=8 D=16: I = 2.9324096087045  I_ME = 2.9324096087045  I-I_ME = +3.553e-15  (init rank1)  counts {'below': 28, 'ME': 62}
SWEEP DONE
