# d=8 D=7 nstart=90 seed=8007  I_ME(d) = 2.9324096087045
start    0 gauss    I = 2.7511866174523  I-I_ME = -1.812e-01  |grad| = 8.8e-10  nonproj = 1.1e-01  ranks = [(1, 1, 1, 0, 1, 1, 1, 1), (1, 1, 1, 1, 2, 2, 2, 2), (0, 2, 2, 2, 1, 1, 1, 1), (1, 2, 1, 1, 0, 1, 1, 1)]  below  [0s]
start    1 rank     I = 2.5742296783873  I-I_ME = -3.582e-01  |grad| = 1.5e-09  nonproj = 1.3e-01  ranks = [(3, 1, 0, 2, 2, 1, 2, 2), (1, 0, 2, 2, 2, 3, 2, 2), (0, 0, 3, 1, 2, 2, 0, 1), (0, 2, 3, 0, 1, 2, 0, 1)]  below  [0s]
start    2 rank1    I = 2.9082392905383  I-I_ME = -2.417e-02  |grad| = 5.7e-10  nonproj = 6.6e-02  ranks = [(1, 1, 1, 1, 1, 0, 1, 1), (1, 1, 1, 1, 1, 0, 1, 1), (1, 1, 1, 1, 1, 1, 1, 1), (1, 1, 1, 1, 1, 1, 0, 1)]  below  [1s]
start    3 frame    I = 2.9082392905383  I-I_ME = -2.417e-02  |grad| = 9.4e-11  nonproj = 4.5e-02  ranks = [(1, 0, 1, 1, 1, 1, 1, 1), (1, 0, 1, 1, 1, 1, 1, 1), (1, 0, 1, 1, 1, 1, 1, 1), (1, 1, 1, 1, 1, 1, 1, 1)]  below  [1s]
start    4 dkzpert  I = 2.9082392905383  I-I_ME = -2.417e-02  |grad| = 5.4e-10  nonproj = 2.6e-04  ranks = [(1, 1, 1, 1, 1, 1, 1, 1), (1, 1, 0, 1, 1, 1, 1, 1), (1, 1, 0, 1, 1, 1, 1, 1), (1, 1, 0, 1, 1, 1, 1, 1)]  below  [1s]
start    5 dkzcomp  I = 2.9082392905383  I-I_ME = -2.417e-02  |grad| = 3.6e-10  nonproj = 3.2e-02  ranks = [(1, 1, 1, 1, 1, 1, 1, 1), (1, 1, 0, 1, 1, 1, 1, 1), (1, 1, 0, 1, 1, 1, 1, 1), (1, 1, 0, 1, 1, 1, 1, 1)]  below  [1s]
start    6 gauss    I = 2.7511866174523  I-I_ME = -1.812e-01  |grad| = 6.8e-10  nonproj = 1.0e-01  ranks = [(1, 0, 1, 1, 1, 1, 1, 1), (1, 1, 2, 1, 1, 1, 1, 1), (1, 2, 1, 0, 1, 1, 1, 1), (2, 2, 0, 1, 2, 2, 2, 2)]  below  [1s]
start    7 rank     I = 2.5742296783806  I-I_ME = -3.582e-01  |grad| = 1.2e-09  nonproj = 8.5e-02  ranks = [(0, 2, 2, 1, 3, 3, 2, 0), (1, 2, 1, 1, 2, 2, 1, 1), (1, 2, 1, 1, 1, 2, 1, 3), (0, 0, 1, 1, 0, 2, 2, 3)]  below  [1s]
start    8 rank1    I = 2.7511866174523  I-I_ME = -1.812e-01  |grad| = 3.4e-10  nonproj = 7.5e-02  ranks = [(1, 1, 1, 1, 1, 1, 1, 1), (1, 1, 1, 1, 1, 1, 1, 1), (1, 1, 1, 1, 1, 1, 1, 1), (1, 1, 1, 1, 1, 1, 1, 1)]  below  [1s]
start    9 frame    I = 2.9082392905383  I-I_ME = -2.417e-02  |grad| = 2.1e-10  nonproj = 1.2e-02  ranks = [(1, 0, 1, 1, 1, 1, 1, 1), (1, 1, 1, 1, 1, 1, 1, 1), (1, 1, 0, 1, 1, 1, 1, 1), (1, 1, 0, 1, 1, 1, 1, 1)]  below  [2s]
start   10 dkzpert  I = 2.9082392905383  I-I_ME = -2.417e-02  |grad| = 3.2e-10  nonproj = 8.6e-03  ranks = [(1, 1, 1, 1, 0, 1, 1, 1), (1, 1, 1, 1, 1, 1, 1, 1), (1, 1, 1, 1, 1, 0, 1, 1), (1, 1, 1, 1, 1, 0, 1, 1)]  below  [2s]
start   11 dkzcomp  I = 2.9082392905383  I-I_ME = -2.417e-02  |grad| = 5.3e-10  nonproj = 5.1e-02  ranks = [(0, 1, 1, 1, 1, 1, 1, 1), (0, 1, 1, 1, 1, 1, 1, 1), (0, 1, 1, 1, 1, 1, 1, 1), (1, 1, 1, 1, 1, 1, 1, 1)]  below  [2s]
start   12 gauss    I = 2.7511866174523  I-I_ME = -1.812e-01  |grad| = 6.5e-10  nonproj = 1.4e-01  ranks = [(1, 1, 2, 1, 1, 1, 0, 1), (1, 1, 2, 1, 1, 1, 1, 1), (1, 1, 2, 1, 0, 1, 1, 0), (2, 2, 2, 1, 1, 2, 2, 1)]  below  [2s]
start   13 rank     I = 2.4202930983001  I-I_ME = -5.121e-01  |grad| = 1.5e-10  nonproj = 1.5e-01  ranks = [(3, 3, 4, 3, 0, 1, 2, 2), (1, 1, 1, 0, 1, 1, 3, 3), (1, 0, 0, 1, 2, 2, 4, 3), (0, 0, 0, 1, 3, 2, 2, 2)]  below  [2s]
start   14 rank1    I = 2.9082392905383  I-I_ME = -2.417e-02  |grad| = 9.2e-10  nonproj = 6.9e-02  ranks = [(0, 1, 1, 1, 1, 1, 1, 1), (0, 1, 1, 1, 1, 1, 1, 1), (1, 1, 1, 1, 1, 1, 1, 1), (1, 0, 1, 1, 1, 1, 1, 1)]  below  [3s]
start   15 frame    I = 2.9082392905383  I-I_ME = -2.417e-02  |grad| = 1.0e-10  nonproj = 5.3e-02  ranks = [(1, 1, 0, 1, 1, 1, 1, 1), (1, 1, 0, 1, 1, 1, 1, 1), (1, 1, 1, 1, 1, 1, 1, 1), (1, 1, 1, 0, 1, 1, 1, 1)]  below  [3s]
start   16 dkzpert  I = 2.9082392905383  I-I_ME = -2.417e-02  |grad| = 3.9e-10  nonproj = 3.0e-02  ranks = [(1, 1, 1, 1, 1, 1, 1, 1), (1, 1, 1, 1, 1, 1, 0, 1), (1, 1, 1, 1, 1, 1, 0, 1), (1, 1, 1, 1, 1, 1, 0, 1)]  below  [3s]
start   17 dkzcomp  I = 2.9082392905383  I-I_ME = -2.417e-02  |grad| = 9.4e-10  nonproj = 5.1e-02  ranks = [(1, 1, 0, 1, 1, 1, 1, 1), (1, 1, 0, 1, 1, 1, 1, 1), (1, 1, 1, 1, 1, 1, 1, 1), (1, 1, 1, 0, 1, 1, 1, 1)]  below  [3s]
start   18 gauss    I = 2.9082392905383  I-I_ME = -2.417e-02  |grad| = 8.9e-12  nonproj = 5.8e-02  ranks = [(1, 1, 1, 1, 1, 1, 1, 1), (1, 1, 1, 1, 0, 1, 1, 1), (1, 1, 1, 1, 0, 1, 1, 1), (1, 1, 1, 1, 0, 1, 1, 1)]  below  [3s]
start   19 rank     I = 2.4202930983005  I-I_ME = -5.121e-01  |grad| = 2.0e-10  nonproj = 1.5e-01  ranks = [(2, 2, 2, 0, 0, 2, 3, 1), (2, 2, 1, 0, 2, 4, 2, 1), (1, 1, 0, 2, 4, 2, 0, 2), (1, 1, 1, 4, 2, 0, 1, 3)]  below  [3s]
start   20 rank1    I = 2.9082392905383  I-I_ME = -2.417e-02  |grad| = 7.4e-09  nonproj = 1.9e-02  ranks = [(1, 0, 1, 1, 1, 1, 1, 1), (1, 0, 1, 1, 1, 1, 1, 1), (1, 1, 1, 1, 1, 1, 1, 1), (1, 1, 0, 1, 1, 1, 1, 1)]  below  [4s]
start   21 frame    I = 2.9082392905383  I-I_ME = -2.417e-02  |grad| = 1.6e-10  nonproj = 4.8e-03  ranks = [(1, 1, 1, 1, 1, 1, 1, 1), (1, 1, 1, 1, 1, 1, 1, 0), (1, 1, 1, 1, 1, 1, 1, 0), (1, 1, 1, 1, 1, 1, 1, 0)]  below  [4s]
start   22 dkzpert  I = 2.9082392905383  I-I_ME = -2.417e-02  |grad| = 2.4e-10  nonproj = 5.6e-03  ranks = [(1, 1, 1, 1, 1, 1, 0, 1), (1, 1, 1, 1, 1, 1, 0, 1), (1, 1, 1, 1, 1, 1, 0, 1), (1, 1, 1, 1, 1, 1, 1, 1)]  below  [4s]
start   23 dkzcomp  I = 2.9082392905383  I-I_ME = -2.417e-02  |grad| = 3.1e-10  nonproj = 2.7e-02  ranks = [(1, 1, 0, 1, 1, 1, 1, 1), (1, 1, 1, 1, 1, 1, 1, 1), (1, 1, 1, 0, 1, 1, 1, 1), (1, 1, 1, 0, 1, 1, 1, 1)]  below  [5s]
start   24 gauss    I = 2.9082392905383  I-I_ME = -2.417e-02  |grad| = 2.6e-11  nonproj = 6.6e-02  ranks = [(0, 1, 1, 1, 1, 1, 1, 1), (1, 1, 1, 1, 1, 1, 1, 1), (1, 0, 1, 1, 1, 1, 1, 1), (1, 0, 1, 1, 1, 1, 1, 1)]  below  [5s]
start   25 rank     I = 2.7298949154342  I-I_ME = -2.025e-01  |grad| = 7.3e-10  nonproj = 1.1e-01  ranks = [(1, 1, 2, 0, 1, 0, 2, 1), (1, 2, 2, 2, 2, 0, 2, 0), (1, 2, 1, 2, 0, 0, 1, 0), (2, 2, 1, 2, 0, 1, 1, 1)]  below  [5s]
start   26 rank1    I = 2.9082392905383  I-I_ME = -2.417e-02  |grad| = 2.1e-10  nonproj = 1.3e-01  ranks = [(1, 1, 1, 1, 1, 1, 1, 1), (1, 1, 1, 1, 0, 1, 1, 1), (1, 1, 1, 1, 0, 1, 1, 1), (1, 1, 1, 1, 0, 1, 1, 1)]  below  [6s]
start   27 frame    I = 2.9082392905383  I-I_ME = -2.417e-02  |grad| = 7.9e-10  nonproj = 6.2e-02  ranks = [(1, 1, 1, 1, 1, 0, 1, 1), (1, 1, 1, 1, 1, 0, 1, 1), (1, 1, 1, 1, 1, 1, 1, 1), (1, 1, 1, 1, 1, 1, 0, 1)]  below  [6s]
start   28 dkzpert  I = 2.9082392905383  I-I_ME = -2.417e-02  |grad| = 7.1e-08  nonproj = 5.6e-02  ranks = [(1, 1, 1, 1, 1, 1, 1, 1), (1, 1, 1, 1, 1, 0, 1, 1), (1, 1, 1, 1, 1, 0, 1, 1), (1, 1, 1, 1, 1, 0, 1, 1)]  below  [6s]
start   29 dkzcomp  I = 2.9082392905383  I-I_ME = -2.417e-02  |grad| = 4.1e-10  nonproj = 7.6e-02  ranks = [(1, 1, 1, 1, 1, 0, 1, 1), (1, 1, 1, 1, 1, 0, 1, 1), (1, 1, 1, 1, 1, 0, 1, 1), (1, 1, 1, 1, 1, 1, 1, 1)]  below  [6s]
start   30 gauss    I = 2.7511866174523  I-I_ME = -1.812e-01  |grad| = 1.1e-09  nonproj = 1.2e-01  ranks = [(2, 2, 2, 2, 2, 0, 2, 2), (1, 1, 1, 0, 1, 0, 2, 1), (1, 1, 1, 0, 1, 1, 2, 1), (1, 1, 1, 0, 1, 2, 1, 1)]  below  [7s]
start   31 rank     I = 2.2850396901783  I-I_ME = -6.474e-01  |grad| = 2.1e-08  nonproj = 1.9e-01  ranks = [(3, 5, 3, 2, 1, 0, 1, 3), (2, 1, 0, 0, 0, 3, 5, 2), (1, 1, 0, 1, 3, 5, 2, 0), (0, 1, 2, 3, 3, 2, 0, 1)]  below  [7s]
start   32 rank1    I = 2.9082392905383  I-I_ME = -2.417e-02  |grad| = 6.3e-10  nonproj = 3.9e-02  ranks = [(1, 0, 1, 1, 1, 1, 1, 1), (1, 1, 1, 1, 1, 1, 1, 1), (1, 1, 0, 1, 1, 1, 1, 1), (1, 1, 0, 1, 1, 1, 1, 1)]  below  [7s]
start   33 frame    I = 2.9082392905383  I-I_ME = -2.417e-02  |grad| = 3.1e-10  nonproj = 6.0e-03  ranks = [(1, 1, 1, 1, 0, 1, 1, 1), (1, 1, 1, 1, 1, 1, 1, 1), (1, 1, 1, 1, 1, 0, 1, 1), (1, 1, 1, 1, 1, 0, 1, 1)]  below  [8s]
start   34 dkzpert  I = 2.9082392905383  I-I_ME = -2.417e-02  |grad| = 8.5e-10  nonproj = 4.8e-02  ranks = [(1, 1, 1, 1, 1, 1, 1, 1), (1, 1, 1, 1, 1, 0, 1, 1), (1, 1, 1, 1, 1, 0, 1, 1), (1, 1, 1, 1, 1, 0, 1, 1)]  below  [8s]
start   35 dkzcomp  I = 2.9082392905383  I-I_ME = -2.417e-02  |grad| = 8.9e-10  nonproj = 3.5e-02  ranks = [(1, 1, 1, 1, 1, 1, 1, 1), (1, 1, 1, 1, 0, 1, 1, 1), (1, 1, 1, 1, 0, 1, 1, 1), (1, 1, 1, 1, 0, 1, 1, 1)]  below  [8s]
start   36 gauss    I = 2.7511866174523  I-I_ME = -1.812e-01  |grad| = 2.8e-11  nonproj = 9.3e-02  ranks = [(1, 1, 2, 2, 2, 2, 1, 0), (2, 2, 2, 1, 1, 1, 0, 1), (1, 1, 1, 1, 1, 1, 1, 2), (0, 1, 1, 1, 1, 1, 1, 1)]  below  [8s]
start   37 rank     I = 2.4202930983004  I-I_ME = -5.121e-01  |grad| = 2.1e-10  nonproj = 1.8e-01  ranks = [(1, 2, 3, 1, 1, 0, 3, 4), (0, 2, 1, 0, 2, 3, 4, 1), (3, 3, 1, 2, 3, 3, 1, 0), (3, 0, 0, 2, 2, 2, 0, 0)]  below  [9s]
start   38 rank1    I = 2.9082392905383  I-I_ME = -2.417e-02  |grad| = 1.5e-10  nonproj = 5.3e-02  ranks = [(0, 1, 1, 1, 1, 1, 1, 1), (0, 1, 1, 1, 1, 1, 1, 1), (0, 1, 1, 1, 1, 1, 1, 1), (1, 1, 1, 1, 1, 1, 1, 1)]  below  [9s]
start   39 frame    I = 2.9082392905383  I-I_ME = -2.417e-02  |grad| = 7.3e-10  nonproj = 7.6e-02  ranks = [(1, 1, 1, 1, 1, 1, 1, 0), (1, 1, 1, 1, 1, 1, 1, 1), (0, 1, 1, 1, 1, 1, 1, 1), (0, 1, 1, 1, 1, 1, 1, 1)]  below  [9s]
start   40 dkzpert  I = 2.9082392905383  I-I_ME = -2.417e-02  |grad| = 7.3e-10  nonproj = 4.7e-02  ranks = [(1, 1, 1, 1, 1, 1, 1, 1), (1, 1, 1, 1, 1, 1, 0, 1), (1, 1, 1, 1, 1, 1, 0, 1), (1, 1, 1, 1, 1, 1, 0, 1)]  below  [9s]
start   41 dkzcomp  I = 2.9082392905383  I-I_ME = -2.417e-02  |grad| = 8.7e-10  nonproj = 8.7e-03  ranks = [(1, 1, 1, 1, 1, 0, 1, 1), (1, 1, 1, 1, 1, 0, 1, 1), (1, 1, 1, 1, 1, 0, 1, 1), (1, 1, 1, 1, 1, 1, 1, 1)]  below  [10s]
start   42 gauss    I = 2.7511866174523  I-I_ME = -1.812e-01  |grad| = 9.2e-10  nonproj = 1.4e-01  ranks = [(1, 2, 2, 2, 1, 1, 1, 1), (1, 1, 1, 1, 0, 1, 1, 1), (2, 1, 1, 1, 1, 2, 2, 2), (1, 0, 1, 1, 1, 1, 1, 1)]  below  [10s]
start   43 rank     I = 2.4389762702654  I-I_ME = -4.934e-01  |grad| = 2.2e-09  nonproj = 1.1e-01  ranks = [(4, 2, 1, 1, 0, 2, 2, 3), (2, 0, 1, 1, 1, 3, 0, 2), (1, 0, 2, 2, 4, 3, 0, 1), (1, 2, 4, 3, 3, 0, 0, 0)]  below  [11s]
start   44 rank1    I = 2.9082392905383  I-I_ME = -2.417e-02  |grad| = 2.5e-10  nonproj = 5.7e-03  ranks = [(1, 1, 1, 1, 1, 1, 1, 1), (1, 1, 1, 1, 1, 1, 1, 0), (1, 1, 1, 1, 1, 1, 1, 0), (1, 1, 1, 1, 1, 1, 1, 0)]  below  [11s]
start   45 frame    I = 2.9082392905383  I-I_ME = -2.417e-02  |grad| = 6.1e-10  nonproj = 5.1e-02  ranks = [(1, 1, 1, 1, 1, 1, 1, 1), (1, 1, 1, 1, 1, 1, 1, 0), (1, 1, 1, 1, 1, 1, 1, 0), (1, 1, 1, 1, 1, 1, 1, 0)]  below  [11s]
start   46 dkzpert  I = 2.9082392905383  I-I_ME = -2.417e-02  |grad| = 5.1e-10  nonproj = 6.6e-02  ranks = [(1, 1, 0, 1, 1, 1, 1, 1), (1, 1, 0, 1, 1, 1, 1, 1), (1, 1, 1, 1, 1, 1, 1, 1), (1, 1, 1, 0, 1, 1, 1, 1)]  below  [12s]
start   47 dkzcomp  I = 2.9082392905383  I-I_ME = -2.417e-02  |grad| = 3.6e-10  nonproj = 1.4e-03  ranks = [(1, 1, 1, 1, 1, 1, 1, 1), (1, 1, 1, 1, 0, 1, 1, 1), (1, 1, 1, 1, 0, 1, 1, 1), (1, 1, 1, 1, 0, 1, 1, 1)]  below  [12s]
start   48 gauss    I = 2.9082392905383  I-I_ME = -2.417e-02  |grad| = 6.6e-10  nonproj = 3.5e-03  ranks = [(1, 1, 1, 1, 0, 1, 1, 1), (1, 1, 1, 1, 1, 1, 1, 1), (1, 1, 1, 1, 1, 0, 1, 1), (1, 1, 1, 1, 1, 0, 1, 1)]  below  [12s]
start   49 rank     I = 2.7240159604442  I-I_ME = -2.084e-01  |grad| = 6.9e-10  nonproj = 1.2e-01  ranks = [(0, 2, 1, 2, 2, 1, 0, 0), (2, 2, 0, 2, 2, 1, 0, 0), (2, 0, 1, 2, 2, 2, 2, 2), (0, 0, 1, 1, 2, 2, 1, 0)]  below  [12s]
start   50 rank1    I = 2.9082392905383  I-I_ME = -2.417e-02  |grad| = 6.8e-11  nonproj = 2.6e-02  ranks = [(1, 1, 1, 1, 1, 1, 1, 1), (1, 1, 0, 1, 1, 1, 1, 1), (1, 1, 0, 1, 1, 1, 1, 1), (1, 1, 0, 1, 1, 1, 1, 1)]  below  [12s]
start   51 frame    I = 2.9082392905383  I-I_ME = -2.417e-02  |grad| = 1.2e-09  nonproj = 5.6e-02  ranks = [(1, 1, 1, 0, 1, 1, 1, 1), (1, 1, 1, 0, 1, 1, 1, 1), (1, 1, 1, 0, 1, 1, 1, 1), (1, 1, 1, 1, 1, 1, 1, 1)]  below  [13s]
start   52 dkzpert  I = 2.9082392905383  I-I_ME = -2.417e-02  |grad| = 6.4e-10  nonproj = 1.9e-02  ranks = [(1, 1, 1, 1, 0, 1, 1, 1), (1, 1, 1, 1, 1, 1, 1, 1), (1, 1, 1, 1, 1, 0, 1, 1), (1, 1, 1, 1, 1, 0, 1, 1)]  below  [13s]
start   53 dkzcomp  I = 2.9082392905383  I-I_ME = -2.417e-02  |grad| = 7.9e-10  nonproj = 9.8e-04  ranks = [(1, 1, 1, 1, 0, 1, 1, 1), (1, 1, 1, 1, 1, 1, 1, 1), (1, 1, 1, 1, 1, 0, 1, 1), (1, 1, 1, 1, 1, 0, 1, 1)]  below  [13s]
start   54 gauss    I = 2.7511866174523  I-I_ME = -1.812e-01  |grad| = 2.0e-11  nonproj = 1.1e-01  ranks = [(1, 1, 1, 1, 1, 0, 2, 2), (1, 1, 1, 1, 1, 1, 2, 1), (1, 0, 1, 1, 1, 1, 1, 1), (1, 1, 2, 2, 2, 2, 1, 1)]  below  [13s]
start   55 rank     I = 2.4202930982997  I-I_ME = -5.121e-01  |grad| = 6.9e-10  nonproj = 1.3e-01  ranks = [(1, 3, 1, 1, 2, 0, 2, 2), (0, 3, 1, 1, 1, 0, 3, 1), (2, 3, 0, 2, 1, 2, 4, 0), (2, 1, 2, 3, 1, 2, 2, 1)]  below  [14s]
start   56 rank1    I = 2.9082392905383  I-I_ME = -2.417e-02  |grad| = 7.5e-10  nonproj = 1.1e-02  ranks = [(1, 1, 1, 1, 1, 1, 1, 0), (1, 1, 1, 1, 1, 1, 1, 0), (1, 1, 1, 1, 1, 1, 1, 0), (1, 1, 1, 1, 1, 1, 1, 1)]  below  [14s]
start   57 frame    I = 2.9082392905383  I-I_ME = -2.417e-02  |grad| = 2.5e-10  nonproj = 3.4e-02  ranks = [(1, 1, 1, 1, 0, 1, 1, 1), (1, 1, 1, 1, 0, 1, 1, 1), (1, 1, 1, 1, 1, 1, 1, 1), (1, 1, 1, 1, 1, 0, 1, 1)]  below  [14s]
start   58 dkzpert  I = 2.9082392905383  I-I_ME = -2.417e-02  |grad| = 4.5e-10  nonproj = 7.7e-02  ranks = [(1, 1, 1, 1, 1, 1, 1, 0), (1, 1, 1, 1, 1, 1, 1, 0), (1, 1, 1, 1, 1, 1, 1, 0), (1, 1, 1, 1, 1, 1, 1, 1)]  below  [14s]
start   59 dkzcomp  I = 2.9082392905383  I-I_ME = -2.417e-02  |grad| = 2.9e-10  nonproj = 8.6e-02  ranks = [(1, 0, 1, 1, 1, 1, 1, 1), (1, 1, 1, 1, 1, 1, 1, 1), (1, 1, 0, 1, 1, 1, 1, 1), (1, 1, 0, 1, 1, 1, 1, 1)]  below  [14s]
start   60 gauss    I = 2.7511866174523  I-I_ME = -1.812e-01  |grad| = 5.2e-10  nonproj = 1.3e-01  ranks = [(1, 1, 1, 1, 2, 1, 0, 1), (2, 2, 2, 2, 2, 0, 2, 2), (1, 1, 1, 1, 1, 1, 2, 0), (1, 1, 1, 1, 1, 1, 1, 0)]  below  [15s]
start   61 rank     I = 2.4389762702655  I-I_ME = -4.934e-01  |grad| = 1.3e-09  nonproj = 1.3e-01  ranks = [(0, 3, 3, 3, 1, 2, 1, 0), (3, 4, 2, 1, 1, 1, 0, 2), (1, 1, 1, 1, 1, 0, 1, 4), (0, 0, 2, 2, 3, 2, 3, 2)]  below  [15s]
start   62 rank1    I = 2.9082392905383  I-I_ME = -2.417e-02  |grad| = 1.3e-09  nonproj = 5.9e-02  ranks = [(1, 1, 1, 1, 1, 1, 1, 1), (1, 0, 1, 1, 1, 1, 1, 1), (1, 0, 1, 1, 1, 1, 1, 1), (1, 0, 1, 1, 1, 1, 1, 1)]  below  [15s]
start   63 frame    I = 2.7511866174523  I-I_ME = -1.812e-01  |grad| = 5.2e-10  nonproj = 4.7e-02  ranks = [(1, 1, 1, 1, 0, 1, 1, 1), (1, 1, 1, 1, 1, 1, 1, 1), (1, 1, 1, 1, 1, 1, 1, 1), (1, 1, 1, 1, 1, 1, 1, 1)]  below  [16s]
start   64 dkzpert  I = 2.9082392905383  I-I_ME = -2.417e-02  |grad| = 4.1e-10  nonproj = 8.3e-02  ranks = [(0, 1, 1, 1, 1, 1, 1, 1), (0, 1, 1, 1, 1, 1, 1, 1), (0, 1, 1, 1, 1, 1, 1, 1), (1, 1, 1, 1, 1, 1, 1, 1)]  below  [16s]
start   65 dkzcomp  I = 2.7511866174523  I-I_ME = -1.812e-01  |grad| = 9.0e-10  nonproj = 3.8e-02  ranks = [(1, 1, 1, 1, 0, 1, 1, 1), (1, 1, 1, 1, 1, 1, 1, 1), (0, 1, 1, 1, 1, 1, 1, 1), (1, 2, 2, 1, 1, 1, 1, 1)]  below  [16s]
start   66 gauss    I = 2.7511866174523  I-I_ME = -1.812e-01  |grad| = 1.4e-09  nonproj = 8.7e-02  ranks = [(1, 1, 2, 2, 2, 2, 0, 1), (1, 1, 1, 1, 1, 1, 1, 1), (2, 2, 1, 1, 1, 1, 1, 1), (1, 1, 0, 1, 1, 1, 2, 1)]  below  [17s]
start   67 rank     I = 2.4389762702655  I-I_ME = -4.934e-01  |grad| = 1.4e-09  nonproj = 1.5e-01  ranks = [(4, 4, 0, 1, 1, 1, 0, 1), (3, 0, 0, 2, 2, 3, 3, 4), (0, 0, 1, 3, 2, 3, 2, 0), (0, 0, 4, 3, 2, 2, 1, 0)]  below  [17s]
start   68 rank1    I = 2.9082392905383  I-I_ME = -2.417e-02  |grad| = 3.2e-10  nonproj = 6.3e-02  ranks = [(1, 1, 1, 1, 1, 1, 1, 1), (1, 0, 1, 1, 1, 1, 1, 1), (1, 0, 1, 1, 1, 1, 1, 1), (1, 0, 1, 1, 1, 1, 1, 1)]  below  [18s]
start   69 frame    I = 2.9082392905383  I-I_ME = -2.417e-02  |grad| = 4.6e-10  nonproj = 5.0e-02  ranks = [(1, 1, 1, 1, 1, 0, 1, 1), (1, 1, 1, 1, 1, 0, 1, 1), (1, 1, 1, 1, 1, 0, 1, 1), (1, 1, 1, 1, 1, 1, 1, 1)]  below  [18s]
start   70 dkzpert  I = 2.9082392905383  I-I_ME = -2.417e-02  |grad| = 2.0e-10  nonproj = 8.7e-02  ranks = [(1, 1, 0, 1, 1, 1, 1, 1), (1, 1, 1, 1, 1, 1, 1, 1), (1, 1, 1, 0, 1, 1, 1, 1), (1, 1, 1, 0, 1, 1, 1, 1)]  below  [18s]
start   71 dkzcomp  I = 2.9082392905383  I-I_ME = -2.417e-02  |grad| = 6.6e-10  nonproj = 7.7e-02  ranks = [(1, 1, 1, 0, 1, 1, 1, 1), (1, 1, 1, 0, 1, 1, 1, 1), (1, 1, 1, 1, 1, 1, 1, 1), (1, 1, 1, 1, 0, 1, 1, 1)]  below  [18s]
start   72 gauss    I = 2.7511866174523  I-I_ME = -1.812e-01  |grad| = 7.7e-10  nonproj = 8.1e-02  ranks = [(1, 1, 0, 1, 2, 1, 1, 1), (1, 1, 1, 2, 1, 1, 1, 1), (1, 2, 2, 1, 0, 1, 1, 1), (2, 2, 1, 0, 0, 2, 2, 2)]  below  [18s]
start   73 rank     I = 2.4389762702655  I-I_ME = -4.934e-01  |grad| = 7.6e-10  nonproj = 1.4e-01  ranks = [(3, 0, 2, 1, 0, 3, 4, 4), (1, 0, 1, 3, 3, 3, 2, 0), (1, 1, 2, 4, 1, 0, 1, 0), (2, 3, 1, 3, 0, 0, 1, 0)]  below  [19s]
start   74 rank1    I = 2.9082392905383  I-I_ME = -2.417e-02  |grad| = 9.1e-10  nonproj = 4.4e-02  ranks = [(1, 1, 1, 1, 1, 1, 1, 1), (1, 1, 1, 1, 0, 1, 1, 1), (1, 1, 1, 1, 0, 1, 1, 1), (1, 1, 1, 1, 0, 1, 1, 1)]  below  [19s]
start   75 frame    I = 2.9082392905383  I-I_ME = -2.417e-02  |grad| = 3.0e-10  nonproj = 4.0e-03  ranks = [(1, 1, 0, 1, 1, 1, 1, 1), (1, 1, 0, 1, 1, 1, 1, 1), (1, 1, 1, 1, 1, 1, 1, 1), (1, 1, 1, 0, 1, 1, 1, 1)]  below  [19s]
start   76 dkzpert  I = 2.9082392905383  I-I_ME = -2.417e-02  |grad| = 3.0e-10  nonproj = 1.5e-02  ranks = [(1, 1, 1, 1, 1, 0, 1, 1), (1, 1, 1, 1, 1, 0, 1, 1), (1, 1, 1, 1, 1, 0, 1, 1), (1, 1, 1, 1, 1, 1, 1, 1)]  below  [20s]
start   77 dkzcomp  I = 2.9082392905383  I-I_ME = -2.417e-02  |grad| = 7.0e-10  nonproj = 5.1e-02  ranks = [(0, 1, 1, 1, 1, 1, 1, 1), (0, 1, 1, 1, 1, 1, 1, 1), (0, 1, 1, 1, 1, 1, 1, 1), (1, 1, 1, 1, 1, 1, 1, 1)]  below  [20s]
start   78 gauss    I = 2.9082392905383  I-I_ME = -2.417e-02  |grad| = 1.6e-11  nonproj = 2.0e-02  ranks = [(0, 1, 1, 1, 1, 1, 1, 1), (0, 1, 1, 1, 1, 1, 1, 1), (0, 1, 1, 1, 1, 1, 1, 1), (1, 1, 1, 1, 1, 1, 1, 1)]  below  [20s]
start   79 rank     I = 2.2850396901721  I-I_ME = -6.474e-01  |grad| = 1.7e-09  nonproj = 1.7e-01  ranks = [(3, 1, 1, 1, 0, 2, 3, 4), (0, 1, 1, 0, 0, 4, 4, 2), (1, 2, 2, 3, 3, 5, 3, 0), (2, 3, 1, 2, 2, 2, 1, 1)]  below  [20s]
start   80 rank1    I = 2.9082392905383  I-I_ME = -2.417e-02  |grad| = 3.5e-10  nonproj = 5.5e-02  ranks = [(1, 1, 1, 0, 1, 1, 1, 1), (1, 1, 1, 0, 1, 1, 1, 1), (1, 1, 1, 0, 1, 1, 1, 1), (1, 1, 1, 1, 1, 1, 1, 1)]  below  [21s]
start   81 frame    I = 2.9082392905383  I-I_ME = -2.417e-02  |grad| = 8.6e-11  nonproj = 4.2e-02  ranks = [(1, 1, 1, 1, 1, 1, 1, 0), (1, 1, 1, 1, 1, 1, 1, 0), (1, 1, 1, 1, 1, 1, 1, 1), (0, 1, 1, 1, 1, 1, 1, 1)]  below  [21s]
start   82 dkzpert  I = 2.9082392905383  I-I_ME = -2.417e-02  |grad| = 3.3e-10  nonproj = 6.9e-02  ranks = [(1, 0, 1, 1, 1, 1, 1, 1), (1, 0, 1, 1, 1, 1, 1, 1), (1, 0, 1, 1, 1, 1, 1, 1), (1, 1, 1, 1, 1, 1, 1, 1)]  below  [21s]
start   83 dkzcomp  I = 2.7511866174523  I-I_ME = -1.812e-01  |grad| = 4.4e-09  nonproj = 8.7e-02  ranks = [(1, 1, 1, 1, 1, 1, 1, 0), (1, 1, 2, 1, 2, 1, 1, 1), (1, 1, 1, 1, 1, 1, 0, 1), (1, 1, 1, 1, 1, 1, 1, 1)]  below  [21s]
start   84 gauss    I = 2.7511866174523  I-I_ME = -1.812e-01  |grad| = 1.5e-09  nonproj = 1.1e-01  ranks = [(1, 1, 2, 1, 1, 1, 1, 0), (1, 2, 1, 1, 1, 1, 1, 0), (2, 2, 0, 1, 1, 1, 1, 1), (0, 1, 0, 2, 2, 2, 2, 2)]  below  [22s]
start   85 rank     I = 2.5742296783873  I-I_ME = -3.582e-01  |grad| = 1.6e-08  nonproj = 1.5e-01  ranks = [(1, 1, 1, 1, 2, 0, 3, 0), (1, 0, 1, 1, 1, 1, 3, 0), (2, 1, 2, 1, 1, 2, 2, 1), (2, 1, 1, 2, 2, 3, 1, 3)]  below  [22s]
start   86 rank1    I = 2.9082392905383  I-I_ME = -2.417e-02  |grad| = 8.9e-10  nonproj = 3.3e-02  ranks = [(1, 1, 1, 1, 1, 1, 1, 0), (1, 1, 1, 1, 1, 1, 1, 1), (0, 1, 1, 1, 1, 1, 1, 1), (0, 1, 1, 1, 1, 1, 1, 1)]  below  [22s]
start   87 frame    I = 2.9082392905383  I-I_ME = -2.417e-02  |grad| = 4.5e-10  nonproj = 1.2e-01  ranks = [(1, 1, 1, 0, 1, 1, 1, 1), (1, 1, 1, 1, 1, 1, 1, 1), (1, 1, 1, 1, 0, 1, 1, 1), (1, 1, 1, 1, 0, 1, 1, 1)]  below  [23s]
start   88 dkzpert  I = 2.9082392905383  I-I_ME = -2.417e-02  |grad| = 9.0e-08  nonproj = 4.0e-02  ranks = [(1, 1, 1, 1, 0, 1, 1, 1), (1, 1, 1, 1, 0, 1, 1, 1), (1, 1, 1, 1, 0, 1, 1, 1), (1, 1, 1, 1, 1, 1, 1, 1)]  below  [23s]
start   89 dkzcomp  I = 2.9082392905383  I-I_ME = -2.417e-02  |grad| = 4.8e-10  nonproj = 3.2e-02  ranks = [(1, 1, 1, 1, 1, 1, 1, 1), (0, 1, 1, 1, 1, 1, 1, 1), (0, 1, 1, 1, 1, 1, 1, 1), (0, 1, 1, 1, 1, 1, 1, 1)]  below  [23s]
# BEST d=8 D=7: I = 2.9082392905383  I_ME = 2.9324096087045  I-I_ME = -2.417e-02  (init dkzcomp)  counts {'below': 90}
