waited 2s; free MB at start: 10056; slot 1
'OQP27.optimality_le_twenty_of_RI' depends on axioms: [propext, Classical.choice, Quot.sound]
'OQP27.optimality_all_of_RI' depends on axioms: [propext, Classical.choice, Quot.sound]
'OQP27.rigidity_two_of_RI' depends on axioms: [propext, Classical.choice, Quot.sound]
'OQP27.rigidity_le_twenty_of_RI' depends on axioms: [propext, Classical.choice, Quot.sound]
'OQP27.maxEntClause_every_d_of_RI' depends on axioms: [propext, Classical.choice, Quot.sound]
'OQP27.dkz_cglmp' depends on axioms: [propext, Classical.choice, Quot.sound]
'OQP27.Red.hyp_reduction' depends on axioms: [propext, Classical.choice, Quot.sound]
'OQP27.Cell.continuumCell' depends on axioms: [propext, Classical.choice, Quot.sound]
'OQP27.coneCert_le_twenty' depends on axioms: [propext, Classical.choice, Quot.sound]
'OQP27.coneCertPos_le_twenty' depends on axioms: [propext, Classical.choice, Quot.sound]
'OQP27.StripL3a.hyp_StripInequality_of_RI' depends on axioms: [propext, Classical.choice, Quot.sound]
'OQP27.StripL3a.hyp_StripEquality_of_RI' depends on axioms: [propext, Classical.choice, Quot.sound]
'OQP27.stripInequality' depends on axioms: [propext, Classical.choice, Quot.sound]
'OQP27.stripEquality' depends on axioms: [propext, Classical.choice, Quot.sound]
'OQP27.optimality_le_twenty' depends on axioms: [propext, Classical.choice, Quot.sound]
'OQP27.optimality_every_d' depends on axioms: [propext, Classical.choice, Quot.sound]
'OQP27.rigidity_two' depends on axioms: [propext, Classical.choice, Quot.sound]
'OQP27.rigidity_le_twenty' depends on axioms: [propext, Classical.choice, Quot.sound]
'OQP27.maxEntClause_every_d' depends on axioms: [propext, Classical.choice, Quot.sound]
'OQP27.StripL3b.hyp_RI' depends on axioms: [propext, Classical.choice, Quot.sound]
'OQP27.maxEntClause_le_twenty' depends on axioms: [propext, Classical.choice, Quot.sound]
'OQP27.maxEntClause_all' depends on axioms: [propext, Classical.choice, Quot.sound]
'OQP27.ClassB.classicalTheoremB_all' depends on axioms: [propext, Classical.choice, Quot.sound]
'OQP27.StripL3b.theorem1_bmv2' depends on axioms: [propext, Classical.choice, Quot.sound]
'OQP27.ConeCertificate.fullCheck_sound' depends on axioms: [propext, Classical.choice, Quot.sound]
exit code: 0; elapsed s: 26
