waited 2s; free MB at start: 10232; slot 1
'OQP27.StripL3a.stripKernel_pos' depends on axioms: [propext, Classical.choice, Quot.sound]
'OQP27.StripL3a.stripKernel_le' depends on axioms: [propext, Classical.choice, Quot.sound]
'OQP27.StripL3a.fourier_stripKernel' depends on axioms: [propext, Classical.choice, Quot.sound]
'OQP27.StripL3a.integral_stripKernel' depends on axioms: [propext, Classical.choice, Quot.sound]
'OQP27.StripL3a.integral_mul_stripKernel' depends on axioms: [propext, Classical.choice, Quot.sound]
'OQP27.StripL3a.laplace_stripKernel' depends on axioms: [propext, Classical.choice, Quot.sound]
'OQP27.StripL3a.sin_mul_kernelLaplace' depends on axioms: [propext, Classical.choice, Quot.sound]
'OQP27.StripL3a.laplace_stripKernel_sub' depends on axioms: [propext, Classical.choice, Quot.sound]
'OQP27.StripL3a.fourier_stripKernel_sub' depends on axioms: [propext, Classical.choice, Quot.sound]
'OQP27.StripL3a.fourier_rampKer' depends on axioms: [propext, Classical.choice, Quot.sound]
'OQP27.StripL3a.fourier_rampDefect' depends on axioms: [propext, Classical.choice, Quot.sound]
'OQP27.StripL3a.eq_zero_of_fourier_eq_zero' depends on axioms: [propext, Classical.choice, Quot.sound]
'OQP27.StripL3a.trace_pow_eq_sum_roots' depends on axioms: [propext, Classical.choice, Quot.sound]
'OQP27.StripL3a.trace_exp_smul_eq_sum_roots' depends on axioms: [propext, Classical.choice, Quot.sound]
'OQP27.StripL3a.re_mem_Icc_of_mem_roots' depends on axioms: [propext, Classical.choice, Quot.sound]
'OQP27.StripL3a.exists_compression_basis' depends on axioms: [propext, Classical.choice, Quot.sound]
'OQP27.StripL3a.posPartTrace_compress_eq' depends on axioms: [propext, Classical.choice, Quot.sound]
'OQP27.StripL3a.mass_moment_eq' depends on axioms: [propext, Classical.choice, Quot.sound]
'OQP27.StripL3a.stripD_sub_eq' depends on axioms: [propext, Classical.choice, Quot.sound]
'OQP27.StripL3a.stripD_eq_sub_pinch' depends on axioms: [propext, Classical.choice, Quot.sound]
'OQP27.StripL3a.stripD_zero_of_commute' depends on axioms: [propext, Classical.choice, Quot.sound]
'OQP27.StripL3a.commute_of_stripD_zero' depends on axioms: [propext, Classical.choice, Quot.sound]
'OQP27.StripL3a.strip_defect_formula' depends on axioms: [propext, Classical.choice, Quot.sound]
'OQP27.StripL3a.strip_inequality' depends on axioms: [propext, Classical.choice, Quot.sound]
'OQP27.StripL3a.strip_equality_iff' depends on axioms: [propext, Classical.choice, Quot.sound]
'OQP27.StripL3a.hyp_BMV2_of_RI' depends on axioms: [propext, Classical.choice, Quot.sound]
'OQP27.StripL3a.strip_defect_formula_of_RI' depends on axioms: [propext, Classical.choice, Quot.sound]
'OQP27.StripL3a.strip_inequality_of_RI' depends on axioms: [propext, Classical.choice, Quot.sound]
'OQP27.StripL3a.strip_equality_iff_of_RI' depends on axioms: [propext, Classical.choice, Quot.sound]
'OQP27.StripL3a.hyp_StripInequality_of_RI' depends on axioms: [propext, Classical.choice, Quot.sound]
'OQP27.StripL3a.hyp_StripEquality_of_RI' depends on axioms: [propext, Classical.choice, Quot.sound]
exit code: 0; elapsed s: 15
