waited 2s; free MB at start: 10228; slot 1
'OQP27.StripL3b.jensen_identity' depends on axioms: [propext, Classical.choice, Quot.sound]
'OQP27.StripL3b.tendsto_integral_log_norm_eval' depends on axioms: [propext, Classical.choice, Quot.sound]
'OQP27.StripL3b.measurable_stripF' depends on axioms: [propext, Classical.choice, Quot.sound]
'OQP27.StripL3b.pencilRoots_pinch_im' depends on axioms: [propext, Classical.choice, Quot.sound]
'OQP27.StripL3b.sum_pencilRoots_pinch' depends on axioms: [propext, Classical.choice, Quot.sound]
'OQP27.StripL3b.pencilRoots_eq_roots_det' depends on axioms: [propext, Classical.choice, Quot.sound]
'OQP27.StripL3b.stripF_eq_jensen' depends on axioms: [propext, Classical.choice, Quot.sound]
'OQP27.StripL3b.normSq_nonreal_root_le' depends on axioms: [propext, Classical.choice, Quot.sound]
'OQP27.StripL3b.stripF_le' depends on axioms: [propext, Classical.choice, Quot.sound]
'OQP27.StripL3b.stripF_eq_zero_of_semidef' depends on axioms: [propext, Classical.choice, Quot.sound]
'OQP27.StripL3b.stripF_support' depends on axioms: [propext, Classical.choice, Quot.sound]
'OQP27.StripL3b.stripF_bound' depends on axioms: [propext, Classical.choice, Quot.sound]
'OQP27.StripL3b.trace_exp_smul_isHermitian' depends on axioms: [propext, Classical.choice, Quot.sound]
'OQP27.StripL3b.integral_exp_mul_sliceU' depends on axioms: [propext, Classical.choice, Quot.sound]
'OQP27.StripL3b.trace_exp_pinch' depends on axioms: [propext, Classical.choice, Quot.sound]
'OQP27.StripL3b.bmvD_eq_paper' depends on axioms: [propext, Classical.choice, Quot.sound]
'OQP27.StripL3b.radon_eq_sliceFun' depends on axioms: [propext, Classical.choice, Quot.sound]
'OQP27.StripL3b.integral_exp_mul_stripF' depends on axioms: [propext, Classical.choice, Quot.sound]
'OQP27.StripL3b.bmv2_real' depends on axioms: [propext, Classical.choice, Quot.sound]
'OQP27.StripL3b.bmv2_of_RI' depends on axioms: [propext, Classical.choice, Quot.sound]
'OQP27.StripL3b.bmv2_of_RI_complex' depends on axioms: [propext, Classical.choice, Quot.sound]
'OQP27.StripL3b.laplaceF_eq_iterated' depends on axioms: [propext, Classical.choice, Quot.sound]
'OQP27.StripL3b.bmv2_package' depends on axioms: [propext, Classical.choice, Quot.sound]
'OQP27.StripL3b.circleIntegral_mul_logDeriv' depends on axioms: [propext, Classical.choice, Quot.sound]
'OQP27.StripL3b.hasDerivAt_circleIntegral' depends on axioms: [propext, Classical.choice, Quot.sound]
'OQP27.StripL3b.penPolyDt_eq' depends on axioms: [propext, Classical.choice, Quot.sound]
'OQP27.StripL3b.pencilRoot_im_bounds' depends on axioms: [propext, Classical.choice, Quot.sound]
'OQP27.StripL3b.pencilRoot_norm_bound' depends on axioms: [propext, Classical.choice, Quot.sound]
'OQP27.StripL3b.pencilRoot_norm_bound_all' depends on axioms: [propext, Classical.choice, Quot.sound]
'OQP27.StripL3b.norm_Sup_sub_le' depends on axioms: [propext, Classical.choice, Quot.sound]
'OQP27.StripL3b.upper_global' depends on axioms: [propext, Classical.choice, Quot.sound]
'OQP27.StripL3b.lower_global' depends on axioms: [propext, Classical.choice, Quot.sound]
'OQP27.StripL3b.upper_end' depends on axioms: [propext, Classical.choice, Quot.sound]
'OQP27.StripL3b.lower_end' depends on axioms: [propext, Classical.choice, Quot.sound]
'OQP27.StripL3b.jensen_error' depends on axioms: [propext, Classical.choice, Quot.sound]
'OQP27.StripL3b.norm_det_add_I_mono' depends on axioms: [propext, Classical.choice, Quot.sound]
'OQP27.StripL3b.tendsto_imAbsSum_vertical' depends on axioms: [propext, Classical.choice, Quot.sound]
'OQP27.StripL3b.tendsto_im_omegaF' depends on axioms: [propext, Classical.choice, Quot.sound]
'OQP27.StripL3b.hasDerivAt_Efun' depends on axioms: [propext, Classical.choice, Quot.sound]
'OQP27.StripL3b.exp_Gup_add_Glo' depends on axioms: [propext, Classical.choice, Quot.sound]
'OQP27.StripL3b.hasDerivAt_PsiD' depends on axioms: [propext, Classical.choice, Quot.sound]
'OQP27.StripL3b.tendsto_PsiD' depends on axioms: [propext, Classical.choice, Quot.sound]
'OQP27.StripL3b.exists_int_Gup_add_Glo' depends on axioms: [propext, Classical.choice, Quot.sound]
'OQP27.StripL3b.Psi_sub_E_affine' depends on axioms: [propext, Classical.choice, Quot.sound]
'OQP27.StripL3b.tendsto_im_Psi' depends on axioms: [propext, Classical.choice, Quot.sound]
'OQP27.StripL3b.tendsto_im_Efun' depends on axioms: [propext, Classical.choice, Quot.sound]
'OQP27.StripL3b.radon_identity' depends on axioms: [propext, Classical.choice, Quot.sound]
'OQP27.StripL3b.integrableOn_imAbsSum' depends on axioms: [propext, Classical.choice, Quot.sound]
'OQP27.StripL3b.hyp_RI' depends on axioms: [propext, Classical.choice, Quot.sound]
'OQP27.StripL3b.theorem1_bmv2' depends on axioms: [propext, Classical.choice, Quot.sound]
'OQP27.StripL3b.theorem1_iterated' depends on axioms: [propext, Classical.choice, Quot.sound]
'OQP27.StripL3b.theorem1_package' depends on axioms: [propext, Classical.choice, Quot.sound]
'OQP27.StripL3b.radon_slices' depends on axioms: [propext, Classical.choice, Quot.sound]
'OQP27.StripL3b.hyp_BMV2_stripF' depends on axioms: [propext, Classical.choice, Quot.sound]
'OQP27.StripL3b.strip_defect_formula_noHyp' depends on axioms: [propext, Classical.choice, Quot.sound]
'OQP27.StripL3b.strip_inequality_noHyp' depends on axioms: [propext, Classical.choice, Quot.sound]
'OQP27.StripL3b.strip_equality_iff_noHyp' depends on axioms: [propext, Classical.choice, Quot.sound]
'OQP27.StripL3b.hyp_StripInequality' depends on axioms: [propext, Classical.choice, Quot.sound]
'OQP27.StripL3b.hyp_StripEquality' depends on axioms: [propext, Classical.choice, Quot.sound]
exit code: 0; elapsed s: 15
