CertDefs exit=0 elapsed s: 17
CellHerglotz exit=0 elapsed s: 21
CellClausen exit=0 elapsed s: 21
CellRoots exit=0 elapsed s: 18
CellContour exit=0 elapsed s: 20
CellMeanValue exit=0 elapsed s: 21
Statement exit=0 elapsed s: 20
Skeleton exit=0 elapsed s: 21
CellQT1 exit=0 elapsed s: 19
CellLegendre exit=0 elapsed s: 21
ReductionBasic exit=0 elapsed s: 18
ReductionChain exit=0 elapsed s: 20
ReductionClock exit=0 elapsed s: 18
ReductionQ exit=0 elapsed s: 29
CellEmbedding exit=0 elapsed s: 22
CellFinal exit=0 elapsed s: 18
StripKernel exit=0 elapsed s: 22
StripPoisson exit=0 elapsed s: 20
CellStripFn exit=0 elapsed s: 22
ReductionCsc exit=0 elapsed s: 17
ReductionSpectral exit=0 elapsed s: 17
ReductionCovariant exit=0 elapsed s: 17
ReductionProj exit=0 elapsed s: 19
ReductionTwirl exit=0 elapsed s: 17
Reduction exit=0 elapsed s: 19
RigidityClassical exit=0 elapsed s: 18
RigidityBlocks exit=0 elapsed s: 32
RigidityUnits exit=0 elapsed s: 18
RigidityReduction exit=0 elapsed s: 33
RigidityDKZ exit=0 elapsed s: 33
RigidityResidue exit=0 elapsed s: 19
RigidityMain exit=0 elapsed s: 31
RigidityWindow exit=0 elapsed s: 32
RigidityStrip exit=0 elapsed s: 30
CellRigidity exit=0 elapsed s: 31
CertInterval exit=0 elapsed s: 10
CertCheck exit=0 elapsed s: 14
CertTrig exit=0 elapsed s: 14
CertClausen exit=0 elapsed s: 13
CertPipeline exit=0 elapsed s: 13
CertSmall exit=0 elapsed s: 36
CertMid exit=0 elapsed s: 103
CertStaged exit=0 elapsed s: 12
CertD13 exit=0 elapsed s: 56
CertD14 exit=0 elapsed s: 69
CertD15 exit=0 elapsed s: 84
CertD16 exit=0 elapsed s: 131
CertD17 exit=0 elapsed s: 169
CertD18 exit=0 elapsed s: 214
CertD19 exit=0 elapsed s: 388
CertD20 exit=127 elapsed s: 391
FAILED at CertD20
--- resumed 2026-10-02T08:22:55-04:00 from CertD20 (slots=1)
CertD20 exit=0 elapsed s: 657
CertAll exit=0 elapsed s: 16
CertChunked exit=0 elapsed s: 14
CertLP exit=0 elapsed s: 2559
CertPos exit=0 elapsed s: 17
CertAxioms exit=0 elapsed s: 15
ClassicalDefs exit=0 elapsed s: 14
ClassicalExchange exit=0 elapsed s: 15
ClassicalWinding exit=0 elapsed s: 15
ClassicalTheoremA exit=0 elapsed s: 16
ClassicalJunction exit=0 elapsed s: 21
ClassicalContinuum exit=0 elapsed s: 19
ClassicalCot exit=0 elapsed s: 15
ClassicalTheoremB exit=0 elapsed s: 17
RigidityClassicalTwo exit=0 elapsed s: 15
RigidityFinal exit=0 elapsed s: 54
RigidityCellBridge exit=0 elapsed s: 27
RigidityTight exit=0 elapsed s: 30
ClassicalRigidity exit=0 elapsed s: 27
ClassicalAxioms exit=0 elapsed s: 26
StripSpectral exit=0 elapsed s: 16
StripFromBMV exit=0 elapsed s: 16
StripJensen exit=0 elapsed s: 18
StripPencil exit=0 elapsed s: 17
StripSlice exit=0 elapsed s: 17
StripBounds exit=0 elapsed s: 15
StripBMV exit=0 elapsed s: 16
StripTheorem2 exit=0 elapsed s: 15
StripSkeleton exit=0 elapsed s: 15
StripRIContour exit=0 elapsed s: 15
StripRIPencil exit=0 elapsed s: 17
StripRISums exit=0 elapsed s: 17
StripRISmooth exit=0 elapsed s: 19
StripRIEnds exit=0 elapsed s: 18
StripRIBoundary exit=0 elapsed s: 19
StripRIAssembly exit=0 elapsed s: 18
StripRIMain exit=0 elapsed s: 17
Main exit=0 elapsed s: 27
MainAxioms exit=0 elapsed s: 26
ReductionAxioms exit=0 elapsed s: 16
RigiditySpectral exit=0 elapsed s: 17
RigidityAxioms exit=0 elapsed s: 26
StripLaplace exit=0 elapsed s: 17
StripAxiomsL3a exit=0 elapsed s: 15
StripRIChain exit=0 elapsed s: 15
StripAxiomsL3b exit=0 elapsed s: 15
ALL OK; total 4171 s
