run_alld: 34 jobs, 12 parallel, python 3.14.3
[06:23:03] slackW_O0b: rc=0  401s  | min lower = 0.831819474287777  exact: 552838866331202127826208070378295857/664613997892457936451903530140172288
[06:23:39] zoneI_b3: rc=0  438s  | min lower = 8.92200915565883  exact: 92651440221492646108193868061351195/10384593717069655257060992658440192
[06:23:45] slackW_O1a: rc=0  444s  | min lower = 0.7017032289180498  exact: 932723576610543424144531187684377273/1329227995784915872903807060280344576
[06:23:47] slackW_O0a: rc=0  446s  | min lower = 0.83937691574386  exact: 557861647711167656266065717967659659/664613997892457936451903530140172288
[06:25:17] zoneO_0a2: rc=0  536s  | min Q_O lower = 8.942841622782627  exact: 742942215429579765597166633784299815/83076749736557242056487941267521536
[06:25:37] zoneO_3c: rc=0  556s  | min Q_O lower = 11.88046544073181  exact: 986990454173493901922182916086229801/83076749736557242056487941267521536
[06:25:39] zoneO_0a1: rc=0  557s  | min Q_O lower = 7.419183780621694  exact: 616361674192233120732983781765696767/83076749736557242056487941267521536
[06:25:56] a14_identities: rc=0  575s  | IDENTITIES: ALL CONSISTENT  [575s]
[06:26:06] a10_pointwise: rc=0  147s  | boxes 159: all ok = True;  worst ratio |Phi_*-Phi_e|/eps^2 <= 6.6468e-04 at ('x*', 0.44999999999999996, 0.45999999999999996);  min Fp = 0.15204  [146s
[06:26:10] a12_fp_alld: rc=0  145s  | boxes 159; all ok = True;  min Fp = 0.152041 (exact lower bound 404192990571632014441896146584393721/2658455991569831745807614120560689152)  [144s]
[06:26:36] slackW_I2b: rc=0  168s  | min lower = 0.8371258382239283  exact: 278182775040539982167486221766249763/332306998946228968225951765070086144
[06:26:37] zoneO_2: rc=0  615s  | min Q_O lower = 11.405460742383637  exact: 473764303862566939645342055513708769/41538374868278621028243970633760768
[06:27:32] slackW_O1b: rc=0  670s  | min lower = 0.6510542290557148  exact: 865399508035021309944420459407512469/1329227995784915872903807060280344576
[06:27:49] slackW_I1: rc=0  112s  | min lower = 0.8621214710499067  exact: 286488998771702737174370250372089173/332306998946228968225951765070086144
[06:27:49] t35_polya: rc=0  0s  | QD2-L12: True ; A(theta) >= 2f(1) - f(2) >= [0.1054878997577386263965861527415644234078511639111847785533634410208378561867, 0.10548789975773862639658
[06:27:50] a08_A2: rc=0  1s  | A2 CLAIMS CERTIFIED: True
[06:27:51] a13_constants: rc=0  1s  | F_A tail term: |A0 eps Delta^4 f(d-b)| <= [0.00000000002022867568295195907840914312456743318134, 0.00000000002022867568295195907840914312456743318134]
[06:27:52] test_exact: rc=0  1s  | TEST_EXACT: PASS
[06:27:57] zoneI_b1: rc=0  111s  | min lower = 6.022431278397155  exact: 500324016121015006628025167482569863/83076749736557242056487941267521536
[06:27:57] slack_m1: rc=0  6s  | Delta^2 W_e(1)/eps in [0.91004, 0.92719]  [5s]
[06:27:58] a01_model_d1000: rc=0  0s  | m=499: Phi model 36.473743948435842488  cert-mid 36.4737439484358424298  rel diff 1.59e-18 | u=0.146480311117 A0/B=0.570796708852 Ch1=0.003483826123 B
[06:27:58] a01_model_d2000: rc=0  0s  | m=999: Phi model 73.053304431205532723  cert-mid 73.0533044312055327156  rel diff 1.03e-19 | u=0.146399260985 A0/B=0.570796422118 Ch1=0.001743314222 B
[06:28:02] zoneI_w3: rc=0  6s  | min lower = 8.782405310215553  exact: 729613688041788913489418075845542623/83076749736557242056487941267521536
[06:28:07] a09_smallm: rc=0  9s  | SMALL-m CERTIFIED: True
[06:28:08] zoneI_w2: rc=0  91s  | min lower = 8.698330248220861  exact: 722629005157370438734714464209617273/83076749736557242056487941267521536
[06:28:12] slackW_I2a: rc=0  175s  | min lower = 0.8535269559560398  exact: 567265962506923526945000067027586731/664613997892457936451903530140172288
[06:28:17] zoneI_w1: rc=0  102s  | min lower = 8.237888115007976  exact: 342188484644138485490924823829541827/41538374868278621028243970633760768
[06:28:21] slackW_I3: rc=0  49s  | min lower = 0.8260983311943283  exact: 549036514547350361257252066147952607/664613997892457936451903530140172288
[06:28:25] zoneI_b2: rc=0  168s  | min lower = 9.033183386916672  exact: 375223757779651453344336612799585969/41538374868278621028243970633760768
[06:28:36] zoneO_3b: rc=0  146s  | min Q_O lower = 13.925812666621193  exact: 1156911253783067762215215070206858625/83076749736557242056487941267521536
[06:28:40] zoneO_3a: rc=0  337s  | min Q_O lower = 12.696331351619042  exact: 527384971135430373616875129959490827/41538374868278621028243970633760768
[06:29:16] zoneO_1: rc=0  218s  | min Q_O lower = 9.149155336268551  exact: 190020522043017415996247131852680901/20769187434139310514121985316880384
[06:29:25] zoneO_0b2: rc=0  784s  | min Q_O lower = 10.058640269260643  exact: 104454892542427903319666098231273383/10384593717069655257060992658440192
[06:30:09] zoneO_0b1: rc=0  828s  | min Q_O lower = 9.119011187902652  exact: 47348613143890887739262672706159813/5192296858534827628530496329220096
all jobs finished in 828s; nonzero exit codes: []
D_B zones: outer [0.011, 0.501] min Q_O >= 7.419184;  inner (x <= 0.0130, b >= 1) min Lambda(R2) >= 6.022431
slack: min density (Delta^2 W_e / eps) >= 0.651054
m = 1, 2: D_B(1) >= -2.765192 eps^2, D_B(2) >= 206.884 eps^3;  pointwise |Phi_* - Phi_e| <= 6.6468e-04 eps^2
constants (a13): |G - G_4| <= 138.1028 eps^3, |d_t G_4| <= 11.5703 d, Dd = 235.5916, F_A tail <= 2.023e-11 eps^3;  A_min >= 0.105487899758 (t35)
Lemma P: gamma = 2.765192, beta = 6.022431, P >= 0.962733394;  at_k >= w_k eps^2 * 0.1186944
slack: Delta^2 W / eps >= 0.651054 - 0.030900 = 0.620154
tail lemma (d = 2001, decreasing in d): log P(E^c) <= -864.18, log eps_t <= -847.31;  fixed point: Fp_min >= 0.15204, Hc' >= 9.6744e-05, log rho <= -837.37
   log-margins (> 0 needed): at_k vs 2 rho 819.3, slack vs 4(eps_t + rho d^2) 812.7, rho vs 1e-6 eps 816.0
d >= 2001: CERTIFIED
fixed point (201 <= d <= 2000, verify_fixedpoint.py): 1800 certificates, missing 0, failing 0, min derivative ratio 4.0010 (need >= 1)
FAILS: none
ALL-D CERTIFIED

