b in [5,5.25]: Lambda(R2) in [9.4934, 10.2112]  (term1 [9.8147,9.8361], term2 +-3.752e-01, x1 0.0026) [8s]
b in [5.25,5.5]: Lambda(R2) in [9.5078, 10.2009]  (term1 [9.8192,9.8319], term2 +-3.690e-01, x1 0.0027) [16s]
b in [5.5,5.75]: Lambda(R2) in [9.5179, 10.1948]  (term1 [9.8218,9.8296], term2 +-3.652e-01, x1 0.0029) [24s]
b in [5.75,6]: Lambda(R2) in [9.5250, 10.1916]  (term1 [9.8234,9.8282], term2 +-3.634e-01, x1 0.0030) [32s]
b in [6,6.25]: Lambda(R2) in [9.5299, 10.1906]  (term1 [9.8243,9.8274], term2 +-3.632e-01, x1 0.0031) [40s]
b in [6.25,6.5]: Lambda(R2) in [9.5330, 10.1913]  (term1 [9.8249,9.8269], term2 +-3.644e-01, x1 0.0032) [47s]
b in [6.5,6.75]: Lambda(R2) in [9.5347, 10.1934]  (term1 [9.8253,9.8266], term2 +-3.669e-01, x1 0.0034) [56s]
b in [6.75,7]: Lambda(R2) in [9.5352, 10.1968]  (term1 [9.8255,9.8264], term2 +-3.704e-01, x1 0.0035) [64s]
b in [7,7.25]: Lambda(R2) in [9.5347, 10.2012]  (term1 [9.8257,9.8262], term2 +-3.749e-01, x1 0.0036) [73s]
b in [7.25,7.5]: Lambda(R2) in [9.5334, 10.2064]  (term1 [9.8258,9.8262], term2 +-3.803e-01, x1 0.0037) [81s]
b in [7.5,7.75]: Lambda(R2) in [9.5312, 10.2125]  (term1 [9.8258,9.8261], term2 +-3.864e-01, x1 0.0039) [89s]
b in [7.75,8]: Lambda(R2) in [9.5283, 10.2192]  (term1 [9.8259,9.8261], term2 +-3.932e-01, x1 0.0040) [97s]
b in [8,8.25]: Lambda(R2) in [9.5247, 10.2269]  (term1 [9.8259,9.8260], term2 +-4.009e-01, x1 0.0041) [105s]
b in [8.25,8.5]: Lambda(R2) in [9.5206, 10.2354]  (term1 [9.8259,9.8260], term2 +-4.094e-01, x1 0.0042) [112s]
b in [8.5,8.75]: Lambda(R2) in [9.5159, 10.2444]  (term1 [9.8259,9.8260], term2 +-4.184e-01, x1 0.0044) [121s]
b in [8.75,9]: Lambda(R2) in [9.5107, 10.2540]  (term1 [9.8259,9.8260], term2 +-4.280e-01, x1 0.0045) [128s]
b in [9,9.25]: Lambda(R2) in [9.5050, 10.2640]  (term1 [9.8259,9.8260], term2 +-4.381e-01, x1 0.0046) [136s]
b in [9.25,9.5]: Lambda(R2) in [9.4988, 10.2746]  (term1 [9.8259,9.8260], term2 +-4.486e-01, x1 0.0047) [144s]
b in [9.5,9.75]: Lambda(R2) in [9.4922, 10.2855]  (term1 [9.8259,9.8260], term2 +-4.596e-01, x1 0.0049) [152s]
b in [9.75,10]: Lambda(R2) in [9.4852, 10.2969]  (term1 [9.8259,9.8260], term2 +-4.710e-01, x1 0.0050) [160s]
b in [10,10.25]: Lambda(R2) in [9.4777, 10.3087]  (term1 [9.8259,9.8260], term2 +-4.828e-01, x1 0.0051) [169s]
b in [10.25,10.5]: Lambda(R2) in [9.4699, 10.3210]  (term1 [9.8259,9.8260], term2 +-4.950e-01, x1 0.0052) [177s]
b in [10.5,10.75]: Lambda(R2) in [9.4616, 10.3336]  (term1 [9.8259,9.8260], term2 +-5.076e-01, x1 0.0054) [185s]
b in [10.75,11]: Lambda(R2) in [9.4530, 10.3466]  (term1 [9.8259,9.8260], term2 +-5.206e-01, x1 0.0055) [193s]
b in [11,11.25]: Lambda(R2) in [9.4440, 10.3600]  (term1 [9.8259,9.8259], term2 +-5.340e-01, x1 0.0056) [202s]
b in [11.25,11.5]: Lambda(R2) in [9.4347, 10.3737]  (term1 [9.8259,9.8259], term2 +-5.478e-01, x1 0.0057) [210s]
b in [11.5,11.75]: Lambda(R2) in [9.4250, 10.3878]  (term1 [9.8259,9.8259], term2 +-5.619e-01, x1 0.0059) [218s]
b in [11.75,12]: Lambda(R2) in [9.4149, 10.4023]  (term1 [9.8259,9.8259], term2 +-5.763e-01, x1 0.0060) [226s]
b in [12,12.25]: Lambda(R2) in [9.4046, 10.4171]  (term1 [9.8259,9.8259], term2 +-5.911e-01, x1 0.0061) [234s]
b in [12.25,12.5]: Lambda(R2) in [9.3938, 10.4322]  (term1 [9.8259,9.8259], term2 +-6.063e-01, x1 0.0062) [242s]
b in [12.5,12.75]: Lambda(R2) in [9.3828, 10.4477]  (term1 [9.8259,9.8259], term2 +-6.218e-01, x1 0.0064) [250s]
b in [12.75,13]: Lambda(R2) in [9.3714, 10.4636]  (term1 [9.8259,9.8259], term2 +-6.376e-01, x1 0.0065) [259s]
b in [13,13.25]: Lambda(R2) in [9.3597, 10.4798]  (term1 [9.8259,9.8259], term2 +-6.538e-01, x1 0.0066) [267s]
b in [13.25,13.5]: Lambda(R2) in [9.3477, 10.4963]  (term1 [9.8259,9.8259], term2 +-6.703e-01, x1 0.0067) [275s]
b in [13.5,13.75]: Lambda(R2) in [9.3353, 10.5131]  (term1 [9.8259,9.8259], term2 +-6.872e-01, x1 0.0069) [283s]
b in [13.75,14]: Lambda(R2) in [9.3226, 10.5303]  (term1 [9.8259,9.8259], term2 +-7.044e-01, x1 0.0070) [291s]
b in [14,14.25]: Lambda(R2) in [9.3096, 10.5478]  (term1 [9.8259,9.8259], term2 +-7.219e-01, x1 0.0071) [298s]
b in [14.25,14.5]: Lambda(R2) in [9.2963, 10.5657]  (term1 [9.8259,9.8259], term2 +-7.397e-01, x1 0.0072) [306s]
b in [14.5,14.75]: Lambda(R2) in [9.2826, 10.5838]  (term1 [9.8259,9.8259], term2 +-7.579e-01, x1 0.0074) [314s]
b in [14.75,15]: Lambda(R2) in [9.2687, 10.6023]  (term1 [9.8259,9.8259], term2 +-7.764e-01, x1 0.0075) [321s]
b in [15,15.25]: Lambda(R2) in [9.2544, 10.6212]  (term1 [9.8259,9.8259], term2 +-7.953e-01, x1 0.0076) [328s]
b in [15.25,15.5]: Lambda(R2) in [9.2398, 10.6404]  (term1 [9.8259,9.8259], term2 +-8.144e-01, x1 0.0077) [334s]
b in [15.5,15.75]: Lambda(R2) in [9.2249, 10.6599]  (term1 [9.8259,9.8259], term2 +-8.339e-01, x1 0.0079) [340s]
b in [15.75,16]: Lambda(R2) in [9.2096, 10.6797]  (term1 [9.8259,9.8259], term2 +-8.538e-01, x1 0.0080) [347s]
b in [16,16.25]: Lambda(R2) in [9.1941, 10.6998]  (term1 [9.8259,9.8259], term2 +-8.739e-01, x1 0.0081) [353s]
b in [16.25,16.5]: Lambda(R2) in [9.1782, 10.7203]  (term1 [9.8259,9.8259], term2 +-8.944e-01, x1 0.0082) [358s]
b in [16.5,16.75]: Lambda(R2) in [9.1620, 10.7412]  (term1 [9.8259,9.8259], term2 +-9.152e-01, x1 0.0084) [364s]
b in [16.75,17]: Lambda(R2) in [9.1455, 10.7623]  (term1 [9.8259,9.8259], term2 +-9.364e-01, x1 0.0085) [369s]
b in [17,17.25]: Lambda(R2) in [9.1287, 10.7838]  (term1 [9.8259,9.8259], term2 +-9.579e-01, x1 0.0086) [375s]
b in [17.25,17.5]: Lambda(R2) in [9.1115, 10.8056]  (term1 [9.8259,9.8259], term2 +-9.797e-01, x1 0.0087) [380s]
b in [17.5,17.75]: Lambda(R2) in [9.0941, 10.8278]  (term1 [9.8259,9.8259], term2 +-1.002e+00, x1 0.0089) [386s]
b in [17.75,18]: Lambda(R2) in [9.0763, 10.8503]  (term1 [9.8259,9.8259], term2 +-1.024e+00, x1 0.0090) [391s]
b in [18,18.25]: Lambda(R2) in [9.0582, 10.8731]  (term1 [9.8259,9.8259], term2 +-1.047e+00, x1 0.0091) [397s]
b in [18.25,18.5]: Lambda(R2) in [9.0397, 10.8963]  (term1 [9.8259,9.8259], term2 +-1.070e+00, x1 0.0092) [402s]
b in [18.5,18.75]: Lambda(R2) in [9.0209, 10.9198]  (term1 [9.8259,9.8259], term2 +-1.094e+00, x1 0.0094) [407s]
b in [18.75,19]: Lambda(R2) in [9.0018, 10.9436]  (term1 [9.8259,9.8259], term2 +-1.118e+00, x1 0.0095) [413s]
b in [19,19.25]: Lambda(R2) in [8.9823, 10.9678]  (term1 [9.8259,9.8259], term2 +-1.142e+00, x1 0.0096) [418s]
b in [19.25,19.5]: Lambda(R2) in [8.9626, 10.9924]  (term1 [9.8259,9.8259], term2 +-1.166e+00, x1 0.0097) [424s]
b in [19.5,19.75]: Lambda(R2) in [8.9424, 11.0173]  (term1 [9.8259,9.8259], term2 +-1.191e+00, x1 0.0099) [430s]
b in [19.75,20]: Lambda(R2) in [8.9220, 11.0425]  (term1 [9.8259,9.8259], term2 +-1.217e+00, x1 0.0100) [437s]
min lower = 8.92200915565883  exact: 92651440221492646108193868061351195/10384593717069655257060992658440192
