b in [1,1.05]: Lambda(R2) in [6.0224, 10.0634]  (term1 [7.9096,8.1808], term2 +-1.887e+00, x1 0.0005) [5s]
b in [1.05,1.1]: Lambda(R2) in [6.4793, 10.0261]  (term1 [8.1402,8.3710], term2 +-1.661e+00, x1 0.0005) [11s]
b in [1.1,1.15]: Lambda(R2) in [6.8694, 10.0089]  (term1 [8.3434,8.5416], term2 +-1.474e+00, x1 0.0006) [17s]
b in [1.15,1.2]: Lambda(R2) in [7.2046, 10.0037]  (term1 [8.5223,8.6933], term2 +-1.318e+00, x1 0.0006) [22s]
b in [1.2,1.25]: Lambda(R2) in [7.4938, 10.0059]  (term1 [8.6797,8.8276], term2 +-1.186e+00, x1 0.0006) [28s]
b in [1.25,1.3]: Lambda(R2) in [7.7440, 10.0125]  (term1 [8.8179,8.9463], term2 +-1.074e+00, x1 0.0006) [33s]
b in [1.3,1.35]: Lambda(R2) in [7.9611, 10.0212]  (term1 [8.9392,9.0508], term2 +-9.781e-01, x1 0.0007) [39s]
b in [1.35,1.4]: Lambda(R2) in [8.1498, 10.0308]  (term1 [9.0455,9.1427], term2 +-8.957e-01, x1 0.0007) [44s]
b in [1.4,1.45]: Lambda(R2) in [8.3144, 10.0405]  (term1 [9.1387,9.2234], term2 +-8.243e-01, x1 0.0007) [49s]
b in [1.45,1.5]: Lambda(R2) in [8.4581, 10.0496]  (term1 [9.2204,9.2943], term2 +-7.623e-01, x1 0.0007) [55s]
b in [1.5,1.55]: Lambda(R2) in [8.5836, 10.0583]  (term1 [9.2920,9.3564], term2 +-7.084e-01, x1 0.0008) [61s]
b in [1.55,1.6]: Lambda(R2) in [8.6937, 10.0660]  (term1 [9.3546,9.4110], term2 +-6.610e-01, x1 0.0008) [66s]
b in [1.6,1.65]: Lambda(R2) in [8.7906, 10.0725]  (term1 [9.4096,9.4589], term2 +-6.190e-01, x1 0.0008) [72s]
b in [1.65,1.7]: Lambda(R2) in [8.8760, 10.0778]  (term1 [9.4577,9.5009], term2 +-5.817e-01, x1 0.0008) [77s]
b in [1.7,1.75]: Lambda(R2) in [8.9516, 10.0821]  (term1 [9.5000,9.5378], term2 +-5.484e-01, x1 0.0009) [83s]
b in [1.75,1.8]: Lambda(R2) in [9.0185, 10.0854]  (term1 [9.5371,9.5703], term2 +-5.186e-01, x1 0.0009) [88s]
b in [1.8,1.85]: Lambda(R2) in [9.0776, 10.0881]  (term1 [9.5696,9.5988], term2 +-4.921e-01, x1 0.0009) [94s]
b in [1.85,1.9]: Lambda(R2) in [9.1300, 10.0902]  (term1 [9.5983,9.6239], term2 +-4.683e-01, x1 0.0009) [99s]
b in [1.9,1.95]: Lambda(R2) in [9.1767, 10.0915]  (term1 [9.6235,9.6461], term2 +-4.468e-01, x1 0.0010) [105s]
b in [1.95,2]: Lambda(R2) in [9.2185, 10.0921]  (term1 [9.6457,9.6656], term2 +-4.272e-01, x1 0.0010) [110s]
min lower = 6.022431278397155  exact: 500324016121015006628025167482569863/83076749736557242056487941267521536
