=== t03: M=3 r=1  spec g = [-2.9523  0.5972 77.3551]   (dps=50)
  tau-marginal tau=0.137: int = 597.40703461317474407  ||BgP||^2 = 597.40703461317474407  rel.dev = 1.15e-50  (quad err 1.0e-46, 2 bps)
  tau-marginal tau=0.5: int = 597.40703461317474407  ||BgP||^2 = 597.40703461317474407  rel.dev = 0.0  (quad err 1.0e-54, 4 bps)
  tau-marginal tau=0.911: int = 597.40703461317474407  ||BgP||^2 = 597.40703461317474407  rel.dev = 2.29e-51  (quad err 1.0e-54, 4 bps)
  Radon xi=0.049395 w=56.2979: int = 8.655934123401494155  U = 8.655934123401494155  rel.dev = 1.19e-49  (quad err 1.1e-51, 2 bps)
  Radon xi=-11.008 w=29.7212: int = 7.5605359894790702918  U = 7.5605359894790702918  rel.dev = 5.37e-50  (quad err 2.0e-52, 2 bps)
  Radon xi=-18.257 w=68.41: int = 6.9708167854912428744  U = 6.9708167854912428744  rel.dev = 7.21e-50  (quad err 1.1e-51, 2 bps)
  --> worst relative deviation 1.19e-49   [152s]
=== t59: M=3 r=1  spec g = [-0.581  -0.0031  0.5736]   (dps=50)
  tau-marginal tau=0.137: int = 0.29624581749685419843  ||BgP||^2 = 0.29624581749685419843  rel.dev = 9.02e-51  (quad err 1.0e-65, 2 bps)
  tau-marginal tau=0.5: int = 0.29624581749685419843  ||BgP||^2 = 0.29624581749685419843  rel.dev = 0.0  (quad err 1.0e-56, 2 bps)
  tau-marginal tau=0.911: int = 0.29624581749685419843  ||BgP||^2 = 0.29624581749685419843  rel.dev = 2.03e-50  (quad err 2.0e-59, 4 bps)
  Radon xi=0.00071015 w=0.271068: int = 0.30211949731178707695  U = 0.30211949731178707695  rel.dev = 1.99e-50  (quad err 6.2e-56, 2 bps)
  Radon xi=-0.15826 w=-0.108331: int = 0.39123081471571853786  U = 0.39123081471571853786  rel.dev = 8.54e-51  (quad err 2.6e-56, 2 bps)
  Radon xi=-0.26248 w=0.408417: int = 0.28496697274910442475  U = 0.28496697274910442475  rel.dev = 9.38e-51  (quad err 4.5e-56, 2 bps)
  --> worst relative deviation 2.03e-50   [28s]
=== r3_1: M=3 r=1  spec g = [-0.207   0.5447  1.0429]   (dps=50)
  tau-marginal tau=0.137: int = 0.29133606285073150582  ||BgP||^2 = 0.29133606285073150582  rel.dev = 2.29e-51  (quad err 3.1e-66, 2 bps)
  tau-marginal tau=0.5: int = 0.29133606285073150582  ||BgP||^2 = 0.29133606285073150582  rel.dev = 2.29e-51  (quad err 7.0e-68, 2 bps)
  tau-marginal tau=0.911: int = 0.29133606285073150582  ||BgP||^2 = 0.29133606285073150582  rel.dev = 4.59e-51  (quad err 4.2e-66, 4 bps)
  Radon xi=0.00076874 w=0.715315: int = 0.21085790669280384291  U = 0.21085790669280384291  rel.dev = 4.12e-50  (quad err 2.0e-52, 2 bps)
  Radon xi=-0.17131 w=0.307608: int = 0.43047051845600443732  U = 0.43047051845600443732  rel.dev = 5.24e-46  (quad err 2.0e-52, 2 bps)
  Radon xi=-0.28413 w=0.893542: int = 0.15034068878542781219  U = 0.15034068878542781219  rel.dev = 3.56e-50  (quad err 5.8e-52, 2 bps)
  --> worst relative deviation 5.24e-46   [53s]
=== r3_2big: M=3 r=2  spec g = [ -1.0675   0.3829 150.    ]   (dps=50)
  tau-marginal tau=0.137: int = 5439.6361771874337856  ||BgP||^2 = 5439.6361771874337856  rel.dev = 6.04e-51  (quad err 1.0e-55, 4 bps)
  tau-marginal tau=0.5: int = 5439.6361771874337856  ||BgP||^2 = 5439.6361771874337856  rel.dev = 6.04e-51  (quad err 1.7e-60, 4 bps)
  tau-marginal tau=0.911: int = 5439.6361771874337856  ||BgP||^2 = 5439.6361771874337856  rel.dev = 7.45e-50  (quad err 9.5e-59, 2 bps)
  Radon xi=0.092918 w=110.433: int = 39.53032703218251616  U = 39.53032703218251616  rel.dev = 8.65e-51  (quad err 1.1e-51, 2 bps)
  Radon xi=-20.707 w=53.1839: int = 42.032576681712576881  U = 42.032576681712576881  rel.dev = 4.15e-49  (quad err 1.1e-51, 2 bps)
  Radon xi=-34.343 w=119.924: int = 45.731983871707890885  U = 45.731983871707890885  rel.dev = 3.18e-50  (quad err 2.1e-52, 2 bps)
  --> worst relative deviation 4.15e-49   [200s]
=== r4_2big: M=4 r=2  spec g = [-300.        2.8718    3.6374    5.8105]   (dps=50)
  tau-marginal tau=0.137: int = 14757.693471511395163  ||BgP||^2 = 14757.693471511395163  rel.dev = 0.0  (quad err 8.5e-62, 4 bps)
  tau-marginal tau=0.5: int = 14757.693471511395163  ||BgP||^2 = 14757.693471511395163  rel.dev = 0.0  (quad err 3.7e-62, 4 bps)
  tau-marginal tau=0.911: int = 14757.693471511395163  ||BgP||^2 = 14757.693471511395163  rel.dev = 1.48e-51  (quad err 1.1e-57, 4 bps)
  Radon xi=0.1881 w=-74.2781: int = 60.711147367918393058  U = 60.711147367918393058  rel.dev = 1.27e-49  (quad err 1.1e-50, 2 bps)
  Radon xi=-41.917 w=-179.074: int = 53.15505154504841076  U = 53.15505154504841076  rel.dev = 8.05e-51  (quad err 2.0e-51, 2 bps)
  Radon xi=-69.522 w=-26.3146: int = 49.012546508188314205  U = 49.012546508188314205  rel.dev = 1.13e-49  (quad err 1.2e-51, 2 bps)
  --> worst relative deviation 1.27e-49   [388s]
=== r4_1: M=4 r=1  spec g = [-16.1079 -12.1358  -7.0547   3.1648]   (dps=50)
  tau-marginal tau=0.137: int = 62.573611030398415626  ||BgP||^2 = 62.573611030398415626  rel.dev = 4.1e-51  (quad err 1.0e-52, 2 bps)
  tau-marginal tau=0.5: int = 62.573611030398415626  ||BgP||^2 = 62.573611030398415626  rel.dev = 1.37e-51  (quad err 5.6e-66, 2 bps)
  tau-marginal tau=0.911: int = 62.573611030398415626  ||BgP||^2 = 62.573611030398415626  rel.dev = 1.56e-23  (quad err 1.0e-20, 4 bps)
  Radon xi=0.011854 w=-1.88516: int = 5.0444530590356131428  U = 5.0444530590356131428  rel.dev = 4.45e-50  (quad err 1.0e-52, 2 bps)
  Radon xi=-2.6417 w=-7.69194: int = 3.7790373113150168628  U = 3.7790373113150168628  rel.dev = 8.49e-51  (quad err 2.0e-52, 2 bps)
  Radon xi=-4.3814 w=0.551425: int = 4.975786024853949096  U = 4.975786024853949096  rel.dev = 0.0  (quad err 2.0e-52, 2 bps)
  --> worst relative deviation 1.56e-23   [136s]
=== c4_2: M=4 r=2  spec g = [ 3.     40.0003 40.0009 40.0016]   (dps=50)
  tau-marginal tau=0.137: int = 297.21413731282113294  ||BgP||^2 = 297.21413774774820303  rel.dev = 1.46e-9  (quad err 1.4e-63, 2 bps)
  tau-marginal tau=0.5: int = 297.21413774777679765  ||BgP||^2 = 297.21413774774820303  rel.dev = 9.62e-14  (quad err 1.0e-11, 2 bps)
  tau-marginal tau=0.911: int = 297.21413757252770833  ||BgP||^2 = 297.21413774774820303  rel.dev = 5.9e-10  (quad err 2.1e-63, 2 bps)
  Radon xi=0.022759 w=30.3169: int = 9.6687891291979484145  U = 9.6687891291979484145  rel.dev = 1.99e-50  (quad err 2.0e-52, 2 bps)
  Radon xi=-5.0718 w=18.0786: int = 10.315481750275609028  U = 10.315481750275609028  rel.dev = 3.94e-50  (quad err 2.0e-52, 2 bps)
  Radon xi=-8.4118 w=36.5191: int = 9.4880718736920056685  U = 9.4880718736920056685  rel.dev = 1.76e-49  (quad err 2.0e-52, 2 bps)
  --> worst relative deviation 1.46e-9   [285s]
=== r5_2: M=5 r=2  spec g = [-84.4011 -70.2245 -45.2283  19.5313  27.8891]   (dps=50)
  tau-marginal tau=0.137: int = 3324.5642077141731186  ||BgP||^2 = 3324.5642077141731186  rel.dev = 3.29e-51  (quad err 8.6e-63, 4 bps)
  tau-marginal tau=0.5: int = 3324.5642077141731186  ||BgP||^2 = 3324.5642077141731186  rel.dev = 3.29e-51  (quad err 1.0e-58, 4 bps)
  tau-marginal tau=0.911: int = 3324.5642077141731186  ||BgP||^2 = 3324.5642077141731186  rel.dev = 3.29e-51  (quad err 3.2e-59, 6 bps)
  Radon xi=0.069067 w=-1.53874: int = 40.279795606941530542  U = 40.279795606941530542  rel.dev = 1.08e-49  (quad err 2.1e-52, 4 bps)
  Radon xi=-15.391 w=-40.0895: int = 39.677139216488939133  U = 39.677139216488939133  rel.dev = 1.51e-50  (quad err 1.1e-51, 6 bps)
  Radon xi=-25.528 w=13.546: int = 31.556811347465937535  U = 31.556811347465937535  rel.dev = 2.17e-50  (quad err 1.1e-51, 4 bps)
  --> worst relative deviation 1.08e-49   [993s]
