=== t03: M=3 spec g = [-2.9523  0.5972 77.3551]
  lam=0.59718: Psi - Tr(PgP-lam)_+ = 0.1325580861543016   V(lam) = 0.13255808615262 (+-5.6e-12)   diff = 1.68e-12   [37s]
  lam=68.40470: Psi - Tr(PgP-lam)_+ = 7.649727362385996   V(lam) = 7.64972736238544 (+-3.6e-10)   diff = 5.54e-13   [564s]
=== t59: M=3 spec g = [-0.581  -0.0031  0.5736]
  lam=-0.00307: Psi - Tr(PgP-lam)_+ = 0.1160530068565162   V(lam) = 0.11605300685652 (+-3.5e-12)   diff = -6.80e-16   [20s]
  lam=-0.11090: Psi - Tr(PgP-lam)_+ = 0.1308999720500295   V(lam) = 0.13089997205003 (+-4.1e-12)   diff = -1.05e-15   [33s]
=== r3_2big: M=3 spec g = [ -1.0675   0.3829 150.    ]
  lam=0.38291: Psi - Tr(PgP-lam)_+ = 0.6208573000290554   V(lam) = 0.62085729999006 (+-5.0e-11)   diff = 3.90e-11   [53s]
  lam=59.23852: Psi - Tr(PgP-lam)_+ = 35.93915282919448   V(lam) = 35.93669124435634 (+-3.5e-09)   diff = 2.46e-03   [1714s]
=== r4_1: M=4 spec g = [-16.1079 -12.1358  -7.0547   3.1648]
  lam=-9.59523: Psi - Tr(PgP-lam)_+ = 1.924993497441112   V(lam) = 1.92499349744113 (+-5.8e-11)   diff = -2.11e-14   [159s]
  lam=-0.30000: Psi - Tr(PgP-lam)_+ = 1.604193119007522   V(lam) = 1.60419311900754 (+-8.2e-11)   diff = -1.67e-14   [69s]
=== r4_2big: M=4 spec g = [-300.        2.8718    3.6374    5.8105]
  lam=3.25457: Psi - Tr(PgP-lam)_+ = 0.7058019544465728   V(lam) = 0.70580195430498 (+-3.9e-11)   diff = 1.42e-10   [157s]
  lam=3.65549: Psi - Tr(PgP-lam)_+ = 0.6569926293078702   V(lam) = 0.65699262930522 (+-2.5e-11)   diff = 2.65e-12   [257s]
=== c4_2: M=4 spec g = [ 3.     40.0003 40.0009 40.0016]
  lam=40.00060: Psi - Tr(PgP-lam)_+ = 0.1009700141767123   V(lam) = 0.10096996501079 (+-1.4e-12)   diff = 4.92e-08   [287s]
  lam=39.70066: Psi - Tr(PgP-lam)_+ = 0.2381870122583928   V(lam) = 0.23818699859180 (+-2.2e-11)   diff = 1.37e-08   [156s]
=== r5_2: M=5 spec g = [-84.4011 -70.2245 -45.2283  19.5313  27.8891]
  lam=-45.22834: Psi - Tr(PgP-lam)_+ = 11.56761473970581   V(lam) = 11.56761473970584 (+-7.3e-10)   diff = -3.02e-14   [149s]
  lam=6.62878: Psi - Tr(PgP-lam)_+ = 26.60627930393573   V(lam) = 26.60627930427343 (+-2.3e-09)   diff = -3.38e-10   [745s]
