=== M=3 spec B = [0.0, 0.37, 1.0] mult [1, 1, 1], scale 1.0  spec A = [-1.476 -0.867  1.346]
  marginal tau=0.15325: int = 1.41233702751145832  predicted = 1.41233702751145832  rel.dev 0.0 (qerr 1.0e-46)
  marginal tau=0.63095: int = 1.39793937574025018  predicted = 1.39793937574025018  rel.dev 0.0 (qerr 1.0e-34)
  Radon xi=-2.3151 w=1.16395: int = 0.700613214397776667  U = 0.700613214397776667  rel.dev 1.55e-30 (qerr 1.5e-37)
  Radon xi=1.5617 w=-1.58966: int = 0.424480952719333256  U = 0.424480952719333256  rel.dev 2.32e-31 (qerr 1.4e-36)
  Radon xi=-1.9228 w=0.949005: int = 0.818090326542970731  U = 0.818090326542970731  rel.dev 4.82e-31 (qerr 1.0e-33)
  --> worst 1.55e-30  [22s]
=== M=4 spec B = [-1.0, 0.2, 0.5, 2.0] mult [1, 1, 1, 1], scale 3.0  spec A = [-6.632 -3.443 -0.763  3.025]
  marginal tau=-0.50296: int = 4.63404389003089425  predicted = 4.63404389003089425  rel.dev 1.7e-31 (qerr 1.0e-54)
  marginal tau=0.32426: int = 21.4758568359002885  predicted = 21.4758568359002885  rel.dev 1.47e-31 (qerr 1.0e-34)
  marginal tau=1.1213: int = 4.230195014431107  predicted = 4.230195014431107  rel.dev 0.0 (qerr 1.0e-44)
  Radon xi=-4.7409 w=-0.124998: int = 3.07663096246269636  U = 3.07663096246269636  rel.dev 6.41e-29 (qerr 1.0e-32)
  Radon xi=3.6198 w=-2.60477: int = 1.58551839010234752  U = 1.58551839010234752  rel.dev 2.24e-30 (qerr 8.3e-37)
  Radon xi=-1.8581 w=0.748815: int = 2.43278191654260618  U = 2.43278191654260618  rel.dev 4.86e-31 (qerr 1.0e-32)
  --> worst 6.41e-29  [148s]
=== M=4 spec B = [0.0, 0.6, 1.0] mult [1, 2, 1], scale 20.0  spec A = [-30.959   5.262  27.401  48.43 ]
  marginal tau=0.24852: int = 1573.43267112478943  predicted = 1573.43267112478943  rel.dev 0.0 (qerr 1.0e-53)
  marginal tau=0.76568: int = 1009.89220353823303  predicted = 1009.89220353823303  rel.dev 0.0 (qerr 1.0e-40)
  Radon xi=25.029 w=0.855447: int = 21.6739334027880402  U = 21.6739345930502214  rel.dev 5.49e-8 (qerr 1.0e-5)
  Radon xi=38.222 w=-17.5023: int = 19.0858074935040079  U = 19.0858074935040079  rel.dev 8.27e-31 (qerr 4.2e-36)
  Radon xi=-23.747 w=18.8888: int = 24.6546260933634301  U = 24.6546260933634301  rel.dev 3.84e-31 (qerr 1.0e-33)
  --> worst 5.49e-8  [131s]
=== M=5 spec B = [0.0, 0.3, 0.31, 1.0] mult [1, 2, 1, 1], scale 5.0  spec A = [-18.1   -10.834  -1.578   5.954  10.839]
  marginal tau=0.12426: int = 192.903318358896204  predicted = 192.903318358896204  rel.dev 6.24e-25 (qerr 1.0e-21)
  marginal tau=0.30414: int = 7620.13852532947117  predicted = 7620.13852532947117  rel.dev 1.06e-31 (qerr 1.0e-34)
  marginal tau=0.5958: int = 112.661249951451124  predicted = 112.661249951451124  rel.dev 0.0 (qerr 1.0e-47)
  Radon xi=11.033 w=-12.0623: int = 9.54006165183418034  U = 9.54006165183418034  rel.dev 8.27e-31 (qerr 1.8e-36)
  Radon xi=6.4815 w=-1.06112: int = 11.9918639724692357  U = 11.9918639724692357  rel.dev 1.97e-30 (qerr 4.6e-36)
  Radon xi=10.718 w=-13.681: int = 7.75820617895692145  U = 7.75820617895692145  rel.dev 1.02e-31 (qerr 1.0e-32)
  --> worst 6.24e-25  [423s]
