=== seed 0 M=3 r=1: spec g = [-60.506 -21.039  31.692]  ||BgP||^2 = 0.0033702753
  marginal tau=0.2718: 0.003370275319990888 vs 0.003370275319990888  rel.dev 1.06e-40  (4 bps, qerr 6.3e-51)
  marginal tau=0.7071: 0.003370275319990888 vs 0.003370275319990888  rel.dev 1.78e-39  (4 bps, qerr 4.4e-51)
  Radon xi=29.183 w=-4.69813: 3.82188848060209e-5 vs U = 3.82188848060209e-5  rel.dev 2.03e-35  (6 bps, qerr 1.0e-42)
  Radon xi=40.16 w=3.11141: 3.39162797695792e-5 vs U = 3.39162797695792e-5  rel.dev 9.98e-35  (6 bps, qerr 2.0e-42)
  Radon xi=99.953 w=-47.445: 2.108211455078876e-5 vs U = 2.108211455078876e-5  rel.dev 4.68e-34  (5 bps, qerr 2.1e-42)
  --> worst 4.68e-34  [36s]
=== seed 1 M=3 r=2: spec g = [-66.078  40.99   41.958]  ||BgP||^2 = 0.0092272109
  marginal tau=0.2718: 0.009227210895243608 vs 0.009227210895243608  rel.dev 3.3e-40  (4 bps, qerr 3.8e-52)
  marginal tau=0.7071: 0.009227210895243608 vs 0.009227210895243608  rel.dev 3.69e-40  (4 bps, qerr 3.9e-52)
  Radon xi=-34.507 w=-11.3021: 5.504573410656594e-5 vs U = 5.504573410656594e-5  rel.dev 1.15e-35  (3 bps, qerr 2.0e-42)
  Radon xi=4.8153 w=-30.3631: 7.601558781190244e-5 vs U = 7.601558781190244e-5  rel.dev 2.74e-35  (2 bps, qerr 1.1e-42)
  Radon xi=-19.434 w=-24.0105: 6.155474275192893e-5 vs U = 6.155474275192893e-5  rel.dev 1.18e-35  (4 bps, qerr 2.0e-42)
  --> worst 2.74e-35  [13s]
=== seed 2 M=4 r=2: spec g = [-37.093   9.29   65.681  87.457]  ||BgP||^2 = 0.0060449464
  marginal tau=0.2718: 0.006044946430370418 vs 0.006044946430370418  rel.dev 1.82e-39  (8 bps, qerr 1.6e-50)
  marginal tau=0.7071: 0.006044946430370418 vs 0.006044946430370418  rel.dev 1.81e-39  (8 bps, qerr 1.3e-50)
  Radon xi=-49.557 w=45.8566: 3.536043307279223e-5 vs U = 3.536043307279223e-5  rel.dev 1.96e-34  (6 bps, qerr 2.2e-42)
  Radon xi=-3.8311 w=-11.7058: 6.534646057849889e-5 vs U = 6.534646057849889e-5  rel.dev 6.18e-36  (8 bps, qerr 1.0e-42)
  Radon xi=19.407 w=60.1806: 4.314208271429166e-5 vs U = 4.314208271429166e-5  rel.dev 1.71e-34  (7 bps, qerr 1.2e-42)
  --> worst 1.96e-34  [61s]
=== seed 3 M=4 r=1: spec g = [-43.148  -9.218  38.787 123.904]  ||BgP||^2 = 0.0049539466
  marginal tau=0.2718: 0.004953946564588994 vs 0.004953946564588994  rel.dev 6.16e-40  (6 bps, qerr 2.7e-51)
  marginal tau=0.7071: 0.004953946564588994 vs 0.004953946564588994  rel.dev 1.07e-39  (6 bps, qerr 2.6e-51)
  Radon xi=6.2809 w=56.0385: 4.131761353376669e-5 vs U = 4.131761353376669e-5  rel.dev 1.79e-34  (2 bps, qerr 2.0e-42)
  Radon xi=53.518 w=30.2683: 1.307223713207149e-5 vs U = 1.307223713207149e-5  rel.dev 8.42e-34  (5 bps, qerr 2.0e-42)
  Radon xi=-68.14 w=125.2: 2.125393500420241e-5 vs U = 2.125393500420241e-5  rel.dev 3.82e-34  (3 bps, qerr 1.1e-42)
  --> worst 8.42e-34  [76s]
