M=3 r=1 scale=2.5: max rel.err over 7 complex (a,t) = 4.60e-14  (quad est 1.7e-09, 63 tau-slices, 1s)
     a=    (0.7+0.3j) t=  (1.1-0.4j): D/a^2 = +5.9950522788114e+00+2.2342993542825e+01i   int e^(as-t tau)F = +5.9950522788114e+00+2.2342993542825e+01i   rel 7.7e-16
     a=   (-1.3+0.8j) t=   (-0.5+2j): D/a^2 = +2.0981001908252e+02+2.4280886708721e+02i   int e^(as-t tau)F = +2.0981001908252e+02+2.4280886708720e+02i   rel 4.3e-15
     a=    (0.4-1.5j) t=      (3+1j): D/a^2 = +4.6050653814917e-01-4.3817216855656e-01i   int e^(as-t tau)F = +4.6050653814917e-01-4.3817216855656e-01i   rel 3.7e-16
     a=           2.0 t=        -1.5: D/a^2 = +5.0857876159178e+04+1.9345622330670e-41i   int e^(as-t tau)F = +5.0857876159178e+04+0.0000000000000e+00i   rel 1.1e-15
     a=          1.2j t=        0.3j: D/a^2 = -1.6363598914181e-01+1.4471709940254e-01i   int e^(as-t tau)F = -1.6363598914181e-01+1.4471709940253e-01i   rel 1.5e-14
     a=   (-0.9-0.2j) t=          4j: D/a^2 = -2.4775868758983e+01-3.1547202795143e+01i   int e^(as-t tau)F = -2.4775868758983e+01-3.1547202795143e+01i   rel 5.6e-15
     a=  (0.05+0.02j) t=     (-6+1j): D/a^2 = +4.1839914714922e+02-4.2455563289885e+02i   int e^(as-t tau)F = +4.1839914714923e+02-4.2455563289883e+02i   rel 4.6e-14
M=3 r=2 scale=1.0: max rel.err over 7 complex (a,t) = 6.83e-13  (quad est 1.3e-12, 63 tau-slices, 1s)
     a=    (0.7+0.3j) t=  (1.1-0.4j): D/a^2 = +2.2457093833943e-01-2.3696659499927e-02i   int e^(as-t tau)F = +2.2457093833944e-01-2.3696659499929e-02i   rel 1.3e-14
     a=   (-1.3+0.8j) t=   (-0.5+2j): D/a^2 = -1.7855323798546e+00-3.9599037929968e+00i   int e^(as-t tau)F = -1.7855323798546e+00-3.9599037929968e+00i   rel 7.0e-16
     a=    (0.4-1.5j) t=      (3+1j): D/a^2 = +3.5829692860478e-04+1.0284012232518e-01i   int e^(as-t tau)F = +3.5829692860541e-04+1.0284012232518e-01i   rel 1.2e-14
     a=           2.0 t=        -1.5: D/a^2 = +3.9521553093130e-01-3.3409351715310e-46i   int e^(as-t tau)F = +3.9521553093130e-01+0.0000000000000e+00i   rel 1.7e-15
     a=          1.2j t=        0.3j: D/a^2 = +5.7719827541376e-02-6.9067785732629e-01i   int e^(as-t tau)F = +5.7719827541377e-02-6.9067785732629e-01i   rel 8.4e-16
     a=   (-0.9-0.2j) t=          4j: D/a^2 = +1.3431468792809e-01-1.0345043674882e+00i   int e^(as-t tau)F = +1.3431468792810e-01-1.0345043674882e+00i   rel 5.9e-15
     a=  (0.05+0.02j) t=     (-6+1j): D/a^2 = +3.3248724561430e+01-3.8245161743591e+01i   int e^(as-t tau)F = +3.3248724561417e+01-3.8245161743623e+01i   rel 6.8e-13
M=4 r=1 scale=1.0: max rel.err over 7 complex (a,t) = 2.05e-13  (quad est 6.3e-12, 63 tau-slices, 2s)
     a=    (0.7+0.3j) t=  (1.1-0.4j): D/a^2 = +1.0946576836355e+00+5.7749335245430e-02i   int e^(as-t tau)F = +1.0946576836355e+00+5.7749335245431e-02i   rel 1.7e-15
     a=   (-1.3+0.8j) t=   (-0.5+2j): D/a^2 = -6.6535466326173e+01+6.3303532048921e+01i   int e^(as-t tau)F = -6.6535466326173e+01+6.3303532048921e+01i   rel 1.5e-15
     a=    (0.4-1.5j) t=      (3+1j): D/a^2 = +1.4861996806856e-02+2.8628962860382e-01i   int e^(as-t tau)F = +1.4861996806856e-02+2.8628962860382e-01i   rel 5.1e-16
     a=           2.0 t=        -1.5: D/a^2 = +1.6944783448098e+01-1.5421331383111e-44i   int e^(as-t tau)F = +1.6944783448098e+01+0.0000000000000e+00i   rel 4.6e-15
     a=          1.2j t=        0.3j: D/a^2 = -9.3938492950179e-01-5.4685423610266e-01i   int e^(as-t tau)F = -9.3938492950179e-01-5.4685423610266e-01i   rel 1.0e-15
     a=   (-0.9-0.2j) t=          4j: D/a^2 = -7.4575640003456e+00-1.5958148609853e+01i   int e^(as-t tau)F = -7.4575640003456e+00-1.5958148609853e+01i   rel 1.8e-15
     a=  (0.05+0.02j) t=     (-6+1j): D/a^2 = +1.5145092653130e+02-1.8075499163991e+02i   int e^(as-t tau)F = +1.5145092653131e+02-1.8075499163986e+02i   rel 2.1e-13
M=4 r=2 scale=2.5: max rel.err over 7 complex (a,t) = 6.86e-14  (quad est 1.0e-09, 63 tau-slices, 2s)
     a=    (0.7+0.3j) t=  (1.1-0.4j): D/a^2 = +7.1352962780499e+00+2.9416002036378e+01i   int e^(as-t tau)F = +7.1352962780499e+00+2.9416002036378e+01i   rel 1.6e-15
     a=   (-1.3+0.8j) t=   (-0.5+2j): D/a^2 = -1.1645442799996e+02+4.9468147489479e+01i   int e^(as-t tau)F = -1.1645442799996e+02+4.9468147489479e+01i   rel 1.6e-15
     a=    (0.4-1.5j) t=      (3+1j): D/a^2 = +2.5509147955277e+00-6.4117091548332e-02i   int e^(as-t tau)F = +2.5509147955277e+00-6.4117091548324e-02i   rel 3.2e-15
     a=           2.0 t=        -1.5: D/a^2 = +3.0323035476116e+04+8.6394070856457e-43i   int e^(as-t tau)F = +3.0323035476116e+04+0.0000000000000e+00i   rel 3.6e-16
     a=          1.2j t=        0.3j: D/a^2 = -1.3089649792106e+00-1.0595000956281e+00i   int e^(as-t tau)F = -1.3089649792106e+00-1.0595000956281e+00i   rel 2.5e-15
     a=   (-0.9-0.2j) t=          4j: D/a^2 = +2.2991673971375e+01-7.5864704411657e+00i   int e^(as-t tau)F = +2.2991673971375e+01-7.5864704411657e+00i   rel 2.9e-15
     a=  (0.05+0.02j) t=     (-6+1j): D/a^2 = +4.4302645596460e+02-4.5101852914462e+02i   int e^(as-t tau)F = +4.4302645596461e+02-4.5101852914458e+02i   rel 6.9e-14
M=4 r=3 scale=1.0: max rel.err over 7 complex (a,t) = 3.38e-14  (quad est 8.4e-12, 63 tau-slices, 2s)
     a=    (0.7+0.3j) t=  (1.1-0.4j): D/a^2 = +3.7816659460797e+00+2.5216603779468e+00i   int e^(as-t tau)F = +3.7816659460797e+00+2.5216603779468e+00i   rel 1.0e-15
     a=   (-1.3+0.8j) t=   (-0.5+2j): D/a^2 = -2.5443007233691e-01-5.7260876034604e+00i   int e^(as-t tau)F = -2.5443007233691e-01-5.7260876034604e+00i   rel 2.3e-16
     a=    (0.4-1.5j) t=      (3+1j): D/a^2 = -6.4957665918491e-01+1.5146564332002e-01i   int e^(as-t tau)F = -6.4957665918491e-01+1.5146564332002e-01i   rel 2.8e-15
     a=           2.0 t=        -1.5: D/a^2 = +1.4162987684875e+02-8.5853333284575e-44i   int e^(as-t tau)F = +1.4162987684875e+02+0.0000000000000e+00i   rel 6.0e-16
     a=          1.2j t=        0.3j: D/a^2 = +1.1280083442631e+00+1.9859487573419e-01i   int e^(as-t tau)F = +1.1280083442631e+00+1.9859487573419e-01i   rel 1.5e-15
     a=   (-0.9-0.2j) t=          4j: D/a^2 = -2.0900211541595e-01-1.8723990623226e+00i   int e^(as-t tau)F = -2.0900211541595e-01-1.8723990623226e+00i   rel 4.3e-15
     a=  (0.05+0.02j) t=     (-6+1j): D/a^2 = +1.7770825423101e+02-1.9390779403360e+02i   int e^(as-t tau)F = +1.7770825423101e+02-1.9390779403359e+02i   rel 3.4e-14
M=5 r=1 scale=2.5: max rel.err over 7 complex (a,t) = 3.94e-14  (quad est 1.3e-06, 63 tau-slices, 12s)
     a=    (0.7+0.3j) t=  (1.1-0.4j): D/a^2 = -1.1615372201583e+02+1.8350981960597e+02i   int e^(as-t tau)F = -1.1615372201583e+02+1.8350981960597e+02i   rel 3.5e-15
     a=   (-1.3+0.8j) t=   (-0.5+2j): D/a^2 = -2.9711312430877e+05+5.0075291652424e+05i   int e^(as-t tau)F = -2.9711312430876e+05+5.0075291652422e+05i   rel 3.9e-14
     a=    (0.4-1.5j) t=      (3+1j): D/a^2 = +1.1015983843860e+00+2.1017476807276e+00i   int e^(as-t tau)F = +1.1015983843860e+00+2.1017476807276e+00i   rel 2.4e-15
     a=           2.0 t=        -1.5: D/a^2 = +3.8173086943440e+07+3.5245852826168e-40i   int e^(as-t tau)F = +3.8173086943440e+07+0.0000000000000e+00i   rel 4.5e-15
     a=          1.2j t=        0.3j: D/a^2 = -2.5419805354835e+00-5.6226951304757e-02i   int e^(as-t tau)F = -2.5419805354835e+00-5.6226951304764e-02i   rel 4.8e-15
     a=   (-0.9-0.2j) t=          4j: D/a^2 = +8.2492911553775e+01-6.7677629358435e+03i   int e^(as-t tau)F = +8.2492911553875e+01-6.7677629358433e+03i   rel 3.8e-14
     a=  (0.05+0.02j) t=     (-6+1j): D/a^2 = +1.1721575854108e+03-1.2417652466561e+03i   int e^(as-t tau)F = +1.1721575854108e+03-1.2417652466561e+03i   rel 2.3e-14
M=5 r=2 scale=1.0: max rel.err over 7 complex (a,t) = 9.58e-14  (quad est 1.2e-11, 63 tau-slices, 3s)
     a=    (0.7+0.3j) t=  (1.1-0.4j): D/a^2 = +4.9580850755723e+00+2.3580172243272e+00i   int e^(as-t tau)F = +4.9580850755723e+00+2.3580172243272e+00i   rel 3.6e-16
     a=   (-1.3+0.8j) t=   (-0.5+2j): D/a^2 = -1.6573056489411e+01-7.5720047310524e+00i   int e^(as-t tau)F = -1.6573056489411e+01-7.5720047310524e+00i   rel 1.6e-15
     a=    (0.4-1.5j) t=      (3+1j): D/a^2 = -4.7687172572186e-01-6.5154319770836e-01i   int e^(as-t tau)F = -4.7687172572186e-01-6.5154319770836e-01i   rel 3.4e-16
     a=           2.0 t=        -1.5: D/a^2 = +1.0195385725704e+02-8.6120302813656e-45i   int e^(as-t tau)F = +1.0195385725704e+02+0.0000000000000e+00i   rel 4.2e-16
     a=          1.2j t=        0.3j: D/a^2 = +1.6149591407337e+00-1.5804620469272e-01i   int e^(as-t tau)F = +1.6149591407337e+00-1.5804620469272e-01i   rel 2.1e-16
     a=   (-0.9-0.2j) t=          4j: D/a^2 = -2.7044632115144e+00-5.4781444422978e+00i   int e^(as-t tau)F = -2.7044632115144e+00-5.4781444422978e+00i   rel 2.1e-15
     a=  (0.05+0.02j) t=     (-6+1j): D/a^2 = +2.8097473832053e+02-3.1435973462105e+02i   int e^(as-t tau)F = +2.8097473832054e+02-3.1435973462101e+02i   rel 9.6e-14
M=5 r=3 scale=2.5: max rel.err over 7 complex (a,t) = 2.43e-14  (quad est 1.0e-08, 63 tau-slices, 3s)
     a=    (0.7+0.3j) t=  (1.1-0.4j): D/a^2 = +4.0712581757304e+00+5.6298273981666e+01i   int e^(as-t tau)F = +4.0712581757304e+00+5.6298273981666e+01i   rel 2.6e-16
     a=   (-1.3+0.8j) t=   (-0.5+2j): D/a^2 = -2.9475274826815e+00+5.6104441768170e+02i   int e^(as-t tau)F = -2.9475274826817e+00+5.6104441768170e+02i   rel 3.1e-15
     a=    (0.4-1.5j) t=      (3+1j): D/a^2 = +2.2717541259633e-01+5.2226838529301e-01i   int e^(as-t tau)F = +2.2717541259633e-01+5.2226838529301e-01i   rel 5.0e-15
     a=           2.0 t=        -1.5: D/a^2 = +3.0012192359013e+05+1.1483999191001e-41i   int e^(as-t tau)F = +3.0012192359013e+05+0.0000000000000e+00i   rel 3.8e-47
     a=          1.2j t=        0.3j: D/a^2 = -4.3943900157076e-02-2.5406926628972e-01i   int e^(as-t tau)F = -4.3943900157074e-02-2.5406926628972e-01i   rel 2.3e-14
     a=   (-0.9-0.2j) t=          4j: D/a^2 = -1.5885241409350e+01-3.3665377309800e+01i   int e^(as-t tau)F = -1.5885241409350e+01-3.3665377309800e+01i   rel 4.1e-15
     a=  (0.05+0.02j) t=     (-6+1j): D/a^2 = +6.7197110547603e+02-7.1518297478447e+02i   int e^(as-t tau)F = +6.7197110547602e+02-7.1518297478450e+02i   rel 2.4e-14
M=5 r=4 scale=1.0: max rel.err over 7 complex (a,t) = 4.12e-13  (quad est 3.8e-12, 63 tau-slices, 3s)
     a=    (0.7+0.3j) t=  (1.1-0.4j): D/a^2 = +9.9327115174548e-01+3.0928798406994e-01i   int e^(as-t tau)F = +9.9327115174545e-01+3.0928798406993e-01i   rel 2.9e-14
     a=   (-1.3+0.8j) t=   (-0.5+2j): D/a^2 = -2.4621317893138e+01-6.7424368085223e+00i   int e^(as-t tau)F = -2.4621317893138e+01-6.7424368085223e+00i   rel 2.4e-15
     a=    (0.4-1.5j) t=      (3+1j): D/a^2 = +1.0539095401492e-01-3.5720589268493e-02i   int e^(as-t tau)F = +1.0539095401492e-01-3.5720589268494e-02i   rel 3.1e-14
     a=           2.0 t=        -1.5: D/a^2 = +1.8741007056423e+01+5.0037131500683e-44i   int e^(as-t tau)F = +1.8741007056423e+01+0.0000000000000e+00i   rel 3.3e-14
     a=          1.2j t=        0.3j: D/a^2 = +5.4535004914569e-01-5.2809297663077e-01i   int e^(as-t tau)F = +5.4535004914569e-01-5.2809297663077e-01i   rel 1.2e-15
     a=   (-0.9-0.2j) t=          4j: D/a^2 = +3.4621044661564e+00-2.1390481763789e+00i   int e^(as-t tau)F = +3.4621044661564e+00-2.1390481763789e+00i   rel 3.9e-15
     a=  (0.05+0.02j) t=     (-6+1j): D/a^2 = +9.0528772001050e+01-1.0230661240039e+02i   int e^(as-t tau)F = +9.0528772001033e+01-1.0230661240045e+02i   rel 4.1e-13
WORST relative error: 6.83e-13
