big M=3 r=2 spec(-40,3,100): spec g = [-40.   3. 100.]  (2415 tau-slices, quad est 2.3e-11, 71s)
    lam=  -41.0000: defect = 3.05842156636456e-03   V = 3.05842156640980e-03   diff = -4.5e-14   rel 1.5e-11
    lam=  -20.0000: defect = 5.06891538693055e+00   V = 5.06891538693059e+00   diff = -4.2e-14   rel 8.2e-15
    lam=   +0.0000: defect = 1.01384939652055e+01   V = 1.01384939652055e+01   diff = -4.3e-14   rel 4.2e-15
    lam=   +2.5000: defect = 1.07883665292274e+01   V = 1.07883665292274e+01   diff = -4.3e-14   rel 4.0e-15
    lam=  +50.0000: defect = 2.21654001942171e+01   V = 2.21654001942171e+01   diff = -3.9e-14   rel 1.8e-15
    lam=  +99.0000: defect = 4.46678725744414e-01   V = 4.46678725744415e-01   diff = -2.8e-16   rel 6.2e-16
    lam= +104.0000: defect = 3.45373382372820e-07   V = 3.45373382372817e-07   diff = +3.2e-21   rel 9.4e-15
big M=4 r=2 spec(-60,-59.5,12,95): spec g = [-60.  -59.5  12.   95. ]  (2415 tau-slices, quad est 1.3e-11, 114s)
    lam=  -61.0000: defect = 2.60473498953701e-03   V = 2.60473498981591e-03   diff = -2.8e-13   rel 1.1e-10
    lam=  -59.7000: defect = 1.97746756724203e-01   V = 1.97746756724478e-01   diff = -2.8e-13   rel 1.4e-12
    lam=   +0.0000: defect = 1.29102629339261e+01   V = 1.29102629339263e+01   diff = -1.1e-13   rel 8.4e-15
    lam=  +12.3000: defect = 1.17362319669892e+01   V = 1.17362319669893e+01   diff = -8.5e-14   rel 7.3e-15
    lam=  +60.0000: defect = 1.42047376652539e+01   V = 1.42047376652540e+01   diff = -4.1e-14   rel 2.9e-15
    lam=  +94.0000: defect = 4.09160733368418e-01   V = 4.09160733368419e-01   diff = -9.4e-16   rel 2.3e-15
big+cluster M=5 r=3 spec(-30,0,.001,.002,88): spec g = [-3.0e+01 -0.0e+00  1.0e-03  2.0e-03  8.8e+01]  (903 tau-slices, quad est 1.6e-12, 54s)
    lam=  -29.0000: defect = 5.95357299157193e-01   V = 5.95357299157069e-01   diff = +1.2e-13   rel 2.1e-13
    lam=   -0.5000: defect = 2.66751946935449e+00   V = 2.66751946935442e+00   diff = +7.3e-14   rel 2.7e-14
    lam=   +0.0015: defect = 2.57225565466053e+00   V = 2.57225565466045e+00   diff = +7.3e-14   rel 2.8e-14
    lam=   +1.0000: defect = 2.83890293863525e+00   V = 2.83890293863518e+00   diff = +7.2e-14   rel 2.5e-14
    lam=  +87.5000: defect = 3.21554817839957e-01   V = 3.21554817839956e-01   diff = +5.6e-16   rel 1.7e-15
big M=4 r=1 spec(-150,1,2,150): spec g = [-150.    1.    2.  150.]  (2541 tau-slices, quad est 5.8e-11, 122s)
    lam= -140.0000: defect = 5.49597524116539e+00   V = 5.49597524116509e+00   diff = +3.0e-13   rel 5.5e-14
    lam=   +0.0000: defect = 4.87699284667251e+01   V = 4.87699284667247e+01   diff = +3.7e-13   rel 7.6e-15
    lam=   +1.5000: defect = 4.83229912329615e+01   V = 4.83229912329611e+01   diff = +3.9e-13   rel 8.1e-15
    lam=   +3.0000: defect = 4.86021719898689e+01   V = 4.86021719898685e+01   diff = +3.7e-13   rel 7.6e-15
    lam= +149.0000: defect = 4.92900414056095e-01   V = 4.92900414056093e-01   diff = +2.3e-15   rel 4.7e-15
