t03 (M=3, r=1, spec to 77.4): max rel.err = 9.94e-15 (399 tau-slices, 6s)
     a=     (0.05+1j) t=    (0.5-1j): D/a^2 = +4.3460035555621e+01+6.4159762258293e+00i   integral = +4.3460035555621e+01+6.4159762258295e+00i   rel 9.9e-15
     a=   (0.02-0.3j) t=     (-3+2j): D/a^2 = -1.4433873135049e+03+5.6643080252188e+02i   integral = -1.4433873135049e+03+5.6643080252189e+02i   rel 6.8e-15
     a=  (-0.1+0.05j) t=          7j: D/a^2 = +3.3488357509046e+01-2.0815852347813e+01i   integral = +3.3488357509046e+01-2.0815852347813e+01i   rel 6.9e-15
     a=          0.08 t=         2.0: D/a^2 = +8.6551268766378e+03-3.0128309461921e-41i   integral = +8.6551268766378e+03+0.0000000000000e+00i   rel 2.5e-15
     a=         -0.07 t=        -4.0: D/a^2 = +4.0807448891755e+02-9.5109144003858e-42i   integral = +4.0807448891755e+02+0.0000000000000e+00i   rel 2.9e-15
     a=          0.6j t=        25.0: D/a^2 = +9.6521219376685e-01-2.7928937453981e+00i   integral = +9.6521219376684e-01-2.7928937453980e+00i   rel 4.1e-15
M=4 r=2, large |t|, large |a|: max rel.err = 4.37e-13 (147 tau-slices, 5s)
     a=    (0.8+0.2j) t=        30.0: D/a^2 = +4.5888251755783e-01+1.4138389617537e-01i   integral = +4.5888251755795e-01+1.4138389617535e-01i   rel 2.6e-13
     a=    (0.8+0.2j) t=       -30.0: D/a^2 = +1.3240594164031e+12+3.5010484612861e+10i   integral = +1.3240594164031e+12+3.5010484612858e+10i   rel 1.7e-14
     a=          -1.1 t=     (60+5j): D/a^2 = +3.4968752458475e-02-3.0683365876543e-03i   integral = +3.4968752458490e-02-3.0683365876528e-03i   rel 4.4e-13
     a=        (4-2j) t=      (1+1j): D/a^2 = +1.5029955050486e+02+2.0866789573133e+03i   integral = +1.5029955050486e+02+2.0866789573133e+03i   rel 9.6e-16
     a=          0.3j t=   (-45+10j): D/a^2 = -2.9325104490562e+18+2.1330407953528e+18i   integral = -2.9325104490560e+18+2.1330407953536e+18i   rel 2.2e-13
M=6 r=3: max rel.err = 1.73e-15 (63 tau-slices, 4s)
     a=    (0.7+0.3j) t=  (1.1-0.4j): D/a^2 = +8.8458881882015e+00+8.8072184988663e+00i   integral = +8.8458881882015e+00+8.8072184988663e+00i   rel 9.5e-16
     a=   (-1.3+0.8j) t=   (-0.5+2j): D/a^2 = -7.2600696533828e+01+7.2485758763316e+01i   integral = -7.2600696533828e+01+7.2485758763316e+01i   rel 1.0e-15
     a=          1.2j t=        0.3j: D/a^2 = +4.7411319052836e-01+3.3061885561433e-01i   integral = +4.7411319052836e-01+3.3061885561434e-01i   rel 1.7e-15
     a=           2.0 t=        -1.5: D/a^2 = +1.1593451239847e+03-2.1121699935143e-43i   integral = +1.1593451239847e+03+0.0000000000000e+00i   rel 1.6e-15
M=6 r=1 (scale 3): max rel.err = 3.72e-15 (63 tau-slices, 10s)
     a=    (0.7+0.3j) t=  (1.1-0.4j): D/a^2 = -2.6085431522954e+03-1.3270824711767e+04i   integral = -2.6085431522954e+03-1.3270824711767e+04i   rel 8.8e-16
     a=   (-1.3+0.8j) t=   (-0.5+2j): D/a^2 = -5.9016700753868e+04-4.3213102907763e+04i   integral = -5.9016700753868e+04-4.3213102907763e+04i   rel 7.8e-16
     a=          1.2j t=        0.3j: D/a^2 = -1.1012855002789e+00+1.8024448672478e+00i   integral = -1.1012855002789e+00+1.8024448672478e+00i   rel 1.4e-15
     a=           2.0 t=        -1.5: D/a^2 = +2.9387470801567e+13+4.4939574650240e-34i   integral = +2.9387470801567e+13+0.0000000000000e+00i   rel 3.7e-15
WORST relative error: 4.37e-13
