waited 3s; free MB at start: 7645; slot 3
'OQP27.ConeCertificate.sound' depends on axioms: [propext, Classical.choice, Quot.sound]
'OQP27.ConeCertificate.sound_strong' depends on axioms: [propext, Classical.choice, Quot.sound]
'OQP27.ConeCertificate.fullCheck_sound' depends on axioms: [propext, Classical.choice, Quot.sound]
'OQP27.ConeCertificate.fullCheck_sound_strong' depends on axioms: [propext, Classical.choice, Quot.sound]
'OQP27.ConeCertificate.fullCheckU_sound' depends on axioms: [propext, Classical.choice, Quot.sound]
'OQP27.ConeCertificate.fullCheckWith_sound' depends on axioms: [propext, Classical.choice, Quot.sound]
'OQP27.ConeCertificate.coneCertPos_of_check' depends on axioms: [propext, Classical.choice, Quot.sound]
'OQP27.clausen2_rat' depends on axioms: [propext, Classical.choice, Quot.sound]
'OQP27.tail_bounds' depends on axioms: [propext, Classical.choice, Quot.sound]
'OQP27.mem_sinPi' depends on axioms: [propext, Classical.choice, Quot.sound]
'OQP27.mem_gEnc' depends on axioms: [propext, Classical.choice, Quot.sound]
'OQP27.mem_uList' depends on axioms: [propext, Classical.choice, Quot.sound]
'OQP27.coneCert_le_twenty' depends on axioms: [propext, Classical.choice, Quot.sound]
'OQP27.coneCertPos_le_twenty' depends on axioms: [propext, Classical.choice, Quot.sound]
'OQP27.coneCert_all' depends on axioms: [propext, Classical.choice, Quot.sound]
'OQP27.coneCertPos_all' depends on axioms: [propext, Classical.choice, Quot.sound]
'OQP27.coneCert_2_lp' depends on axioms: [propext, Classical.choice, Quot.sound]
'OQP27.coneCert_3_lp' depends on axioms: [propext, Classical.choice, Quot.sound]
exit code: 0; elapsed s: 13
