waited 3s; free MB at start: 8463; slot 1
'OQP27.ClassB.classicalTheoremB' depends on axioms: [propext, Classical.choice, Quot.sound]
'OQP27.ClassB.classicalTheoremB_all' depends on axioms: [propext, Classical.choice, Quot.sound]
'OQP27.ClassB.classical_thmA' depends on axioms: [propext, Classical.choice, Quot.sound]
'OQP27.ClassB.thmA_abstract' depends on axioms: [propext, Classical.choice, Quot.sound]
'OQP27.ClassB.clockFa_eq_pairK' depends on axioms: [propext, Classical.choice, Quot.sound]
'OQP27.ClassB.FDKZ_eq_pairK' depends on axioms: [propext, Classical.choice, Quot.sound]
'OQP27.ClassB.isOneStep_of_Sa_eq' depends on axioms: [propext, Classical.choice, Quot.sound]
'OQP27.ClassB.card_Sa' depends on axioms: [propext, Classical.choice, Quot.sound]
'OQP27.ClassB.disjoint_Sa' depends on axioms: [propext, Classical.choice, Quot.sound]
'OQP27.ClassB.pairK_cyc' depends on axioms: [propext, Classical.choice, Quot.sound]
'OQP27.ClassB.cycOrd_of_isMax' depends on axioms: [propext, Classical.choice, Quot.sound]
'OQP27.ClassB.one_le_wind' depends on axioms: [propext, Classical.choice, Quot.sound]
'OQP27.ClassB.eq_ico_of_wind_eq_one' depends on axioms: [propext, Classical.choice, Quot.sound]
'OQP27.ClassB.pairK_le_wind' depends on axioms: [propext, Classical.choice, Quot.sound]
'OQP27.ClassB.pairK_ico_ge' depends on axioms: [propext, Classical.choice, Quot.sound]
'OQP27.ClassB.cot_le_kbarR' depends on axioms: [propext, Classical.choice, Quot.sound]
'OQP27.ClassB.kbarR_sub_cot_le' depends on axioms: [propext, Classical.choice, Quot.sound]
'OQP27.ClassB.kbarR_one_sub_cot' depends on axioms: [propext, Classical.choice, Quot.sound]
'OQP27.ClassB.junction_margin' depends on axioms: [propext, Classical.choice, Quot.sound]
'OQP27.ClassB.kap_strictAnti' depends on axioms: [propext, Classical.choice, Quot.sound]
'OQP27.ClassB.ejun_nonpos' depends on axioms: [propext, Classical.choice, Quot.sound]
'OQP27.ClassB.starAt_one' depends on axioms: [propext, Classical.choice, Quot.sound]
'OQP27.ClassB.kbar_pair_le' depends on axioms: [propext, Classical.choice, Quot.sound]
'OQP27.ClassB.kbar_continuum' depends on axioms: [propext, Classical.choice, Quot.sound]
'OQP27.ClassB.clockF_le_commuting' depends on axioms: [propext, Classical.choice, Quot.sound]
'OQP27.ClassB.jp_eq_zero_commuting' depends on axioms: [propext, Classical.choice, Quot.sound]
'OQP27.ClassB.commuting_optimal_relations'' depends on axioms: [propext, Classical.choice, Quot.sound]
'OQP27.ClassB.hyp_reductionRig_all' depends on axioms: [propext, Classical.choice, Quot.sound]
'OQP27.ClassB.theoremR_of_strip_cone' depends on axioms: [propext, Classical.choice, Quot.sound]
'OQP27.ClassB.theoremR_le_twenty_of_strip'' depends on axioms: [propext, Classical.choice, Quot.sound]
'OQP27.ClassB.theoremR_every_d_of_strip'' depends on axioms: [propext, Classical.choice, Quot.sound]
'OQP27.ClassB.maxEntClause_of_strip_cone' depends on axioms: [propext, Classical.choice, Quot.sound]
exit code: 0; elapsed s: 22
