(1) DKZ strategy with the Lean definitions:
  d=2: projection/PVM err 6.7e-16, eq.(15) err 2.2e-16, I_d(DKZ) = 2.828427124746, I_ME(d) = 2.828427124746, check_reduction.cglmp_standard = 2.828427124746
  d=3: projection/PVM err 5.1e-16, eq.(15) err 2.8e-16, I_d(DKZ) = 2.872934051172, I_ME(d) = 2.872934051172, check_reduction.cglmp_standard = 2.872934051172
  d=4: projection/PVM err 5.0e-16, eq.(15) err 8.9e-16, I_d(DKZ) = 2.896243218459, I_ME(d) = 2.896243218459, check_reduction.cglmp_standard = 2.896243218459
  d=5: projection/PVM err 1.8e-15, eq.(15) err 1.4e-16, I_d(DKZ) = 2.910544808072, I_ME(d) = 2.910544808072, check_reduction.cglmp_standard = 2.910544808072
  d=6: projection/PVM err 1.3e-15, eq.(15) err 6.1e-16, I_d(DKZ) = 2.920203606379, I_ME(d) = 2.920203606379, check_reduction.cglmp_standard = 2.920203606379
  d=7: projection/PVM err 7.1e-16, eq.(15) err 1.4e-16, I_d(DKZ) = 2.927160942425, I_ME(d) = 2.927160942425, check_reduction.cglmp_standard = 2.927160942425
  d=8: projection/PVM err 1.3e-15, eq.(15) err 4.3e-16, I_d(DKZ) = 2.932409608704, I_ME(d) = 2.932409608704, check_reduction.cglmp_standard = 2.932409608704
  d=9: projection/PVM err 2.4e-15, eq.(15) err 9.7e-17, I_d(DKZ) = 2.936509531681, I_ME(d) = 2.936509531681, check_reduction.cglmp_standard = 2.936509531681
(2) Hyp_Reduction: I_d = I_ME + 2/(d(d-1)) <v, delta(Q)> on random strategies:
  d=2: max of |I_d - (I_ME + 2<v,delta>/(d(d-1)))|, config axioms, |N(d)-d|, |N(2d-m)-N(m)|: 1.1e-15
  d=3: max of |I_d - (I_ME + 2<v,delta>/(d(d-1)))|, config axioms, |N(d)-d|, |N(2d-m)-N(m)|: 8.0e-15
  d=4: max of |I_d - (I_ME + 2<v,delta>/(d(d-1)))|, config axioms, |N(d)-d|, |N(2d-m)-N(m)|: 1.5e-14
  d=5: max of |I_d - (I_ME + 2<v,delta>/(d(d-1)))|, config axioms, |N(d)-d|, |N(2d-m)-N(m)|: 2.5e-14
  d=6: max of |I_d - (I_ME + 2<v,delta>/(d(d-1)))|, config axioms, |N(d)-d|, |N(2d-m)-N(m)|: 1.4e-14
(3) CONE certificates with the kernel-form cell directions: max |sum_k lam_k u^{ell_k} - v|:
  d=2: K=7, all n_r >= 1: True, max residual 2.89e-16
  d=3: K=14, all n_r >= 1: True, max residual 3.26e-15
  d=4: K=20, all n_r >= 1: True, max residual 3.11e-15
  d=5: K=27, all n_r >= 1: True, max residual 1.00e-14
  d=7: K=40, all n_r >= 1: True, max residual 1.14e-14
  d=10: K=53, all n_r >= 1: True, max residual 1.15e-14
(4) cell inequalities <u^ell, delta> <= 0 (random ell, random configurations); window delta:
  d=3: max <u,delta> = -4.6742; window max|delta| = 0.0e+00
  d=4: max <u,delta> = -15.4707; window max|delta| = 0.0e+00
  d=5: max <u,delta> = -10.8936; window max|delta| = 0.0e+00
(5) QD2-R2: two-residue cells (ell_0 = a, ell_s = d - a) give c (e_s + e_{d-s}), c > 0:
  d=4: all s, two cell sizes: True
  d=5: all s, two cell sizes: True
  d=7: all s, two cell sizes: True
(6) strip function: Poisson integral vs -(1/pi^2) Im Li2(e^{pi(y-lam)} e^{-i pi x}); kernel mass:
  lam=0.0, x=0.3, y=0.2: Poisson 0.190620432339327, Li2 0.190620432339327, diff 0.0e+00
  lam=0.4, x=0.7, y=-1.1: Poisson 0.000734423841581, Li2 0.000734423841581, diff 2.6e-19
  lam=-0.5, x=0.05, y=1.3: Poisson 1.710055578533183, Li2 1.710055578533183, diff 0.0e+00
  lam=0.2, x=0.95, y=2.0: Poisson 0.090055386710359, Li2 0.090055386710359, diff 2.8e-18
  lam=0.1, x=0.5, y=0.1: Poisson 0.092806718177693, Li2 0.092806718177693, diff 0.0e+00
  mass of K_x, x=0.2: 0.800000000000000 (1-x = 0.8)
  mass of K_x, x=0.6: 0.400000000000000 (1-x = 0.4)
