waited 3s; free MB at start: 5350; slot 1
'OQP27.Red.val_eq_fourier' depends on axioms: [propext, Classical.choice, Quot.sound]
'OQP27.Red.hd_mul_zd_pow' depends on axioms: [propext, Classical.choice, Quot.sound]
'OQP27.Red.cglmp_eq_chain' depends on axioms: [propext, Classical.choice, Quot.sound]
'OQP27.Red.chainS_trace' depends on axioms: [propext, Classical.choice, Quot.sound]
'OQP27.Red.Vred_unitary' depends on axioms: [propext, Classical.choice, Quot.sound]
'OQP27.Red.Vred_pow_four' depends on axioms: [propext, Classical.choice, Quot.sound]
'OQP27.Red.ntr_Vred' depends on axioms: [propext, Classical.choice, Quot.sound]
'OQP27.Red.chainS_eq_clockF' depends on axioms: [propext, Classical.choice, Quot.sound]
'OQP27.Red.cglmp_eq_clockF' depends on axioms: [propext, Classical.choice, Quot.sound]
'OQP27.Red.Nnet_pair' depends on axioms: [propext, Classical.choice, Quot.sound]
'OQP27.Red.Qcfg_isConfig' depends on axioms: [propext, Classical.choice, Quot.sound]
'OQP27.Red.clockF_eq_csc' depends on axioms: [propext, Classical.choice, Quot.sound]
'OQP27.Red.Nnet_d' depends on axioms: [propext, Classical.choice, Quot.sound]
'OQP27.Red.Nnet_reflect' depends on axioms: [propext, Classical.choice, Quot.sound]
'OQP27.Red.Nnet_add_reflect_le' depends on axioms: [propext, Classical.choice, Quot.sound]
'OQP27.Red.Qcfg_famOf' depends on axioms: [propext, Classical.choice, Quot.sound]
'OQP27.Red.pairing_odd_kernel' depends on axioms: [propext, Classical.choice, Quot.sound]
'OQP27.Red.pairing_cot' depends on axioms: [propext, Classical.choice, Quot.sound]
'OQP27.Red.projform' depends on axioms: [propext, Classical.choice, Quot.sound]
'OQP27.Red.specPVM_isPVM' depends on axioms: [propext, Classical.choice, Quot.sound]
'OQP27.Red.pvmU_specPVM' depends on axioms: [propext, Classical.choice, Quot.sound]
'OQP27.Red.Lam_Rcov' depends on axioms: [propext, Classical.choice, Quot.sound]
'OQP27.Red.sum_cd_Lam_Rcov' depends on axioms: [propext, Classical.choice, Quot.sound]
'OQP27.Red.cglmp_cov' depends on axioms: [propext, Classical.choice, Quot.sound]
'OQP27.Red.Jt_isometry' depends on axioms: [propext, Classical.choice, Quot.sound]
'OQP27.Red.direct_summand' depends on axioms: [propext, Classical.choice, Quot.sound]
'OQP27.Red.redFamily_direct_summand' depends on axioms: [propext, Classical.choice, Quot.sound]
'OQP27.Red.cglmp_strategy' depends on axioms: [propext, Classical.choice, Quot.sound]
'OQP27.Red.cglmp_eq_csc_strategy' depends on axioms: [propext, Classical.choice, Quot.sound]
'OQP27.Red.deficit_strategy' depends on axioms: [propext, Classical.choice, Quot.sound]
'OQP27.Red.cglmp_le_IME_iff' depends on axioms: [propext, Classical.choice, Quot.sound]
'OQP27.Red.cglmp_eq_cglmp_cov' depends on axioms: [propext, Classical.choice, Quot.sound]
'OQP27.Red.hyp_reduction' depends on axioms: [propext, Classical.choice, Quot.sound]
'OQP27.Red.optimality_of_clock' depends on axioms: [propext, Classical.choice, Quot.sound]
'OQP27.Red.clock_of_optimality' depends on axioms: [propext, Classical.choice, Quot.sound]
'OQP27.Red.optimality_iff_clock' depends on axioms: [propext, Classical.choice, Quot.sound]
'OQP27.Red.optimality_iff_config' depends on axioms: [propext, Classical.choice, Quot.sound]
exit code: 0; elapsed s: 16
