waited 2s; free MB at start: 9866; slot 1
'OQP27.residue_scalar' depends on axioms: [propext, Classical.choice, Quot.sound]
'OQP27.residue_lemma' depends on axioms: [propext, Classical.choice, Quot.sound]
'OQP27.residue_lemma_paper' depends on axioms: [propext, Classical.choice, Quot.sound]
'OQP27.log_residue' depends on axioms: [propext, Classical.choice, Quot.sound]
'OQP27.commute_of_ae_commute' depends on axioms: [propext, Classical.choice, Quot.sound]
'OQP27.Rig.clockF_eq_sum' depends on axioms: [propext, Classical.choice, Quot.sound]
'OQP27.Rig.clockF_le' depends on axioms: [propext, Classical.choice, Quot.sound]
'OQP27.Rig.jp_eq_zero' depends on axioms: [propext, Classical.choice, Quot.sound]
'OQP27.Rig.commuting_optimal_relations' depends on axioms: [propext, Classical.choice, Quot.sound]
'OQP27.Rig.classicalTheoremB_two' depends on axioms: [propext, Classical.choice, Quot.sound]
'OQP27.Rig.specConfig_isConfig' depends on axioms: [propext, Classical.choice, Quot.sound]
'OQP27.Rig.redV_specConfig' depends on axioms: [propext, Classical.choice, Quot.sound]
'OQP27.Rig.links_of_Vred_comm' depends on axioms: [propext, Classical.choice, Quot.sound]
'OQP27.Rig.twoValued_of_Vred' depends on axioms: [propext, Classical.choice, Quot.sound]
'OQP27.Rig.rigidity_of_Vred' depends on axioms: [propext, Classical.choice, Quot.sound]
'OQP27.Rig.exists_isometry_of_proj' depends on axioms: [propext, Classical.choice, Quot.sound]
'OQP27.Rig.exists_unitary_of_matrixUnits' depends on axioms: [propext, Classical.choice, Quot.sound]
'OQP27.Rig.canonical_form' depends on axioms: [propext, Classical.choice, Quot.sound]
'OQP27.Rig.Gdkz_conj_canonR' depends on axioms: [propext, Classical.choice, Quot.sound]
'OQP27.Rig.pvm_inversion' depends on axioms: [propext, Classical.choice, Quot.sound]
'OQP27.Rig.isDKZTensorId_of_canonical' depends on axioms: [propext, Classical.choice, Quot.sound]
'OQP27.Rig.rigidity_clause' depends on axioms: [propext, Classical.choice, Quot.sound]
'OQP27.Rig.hyp_reductionRig' depends on axioms: [propext, Classical.choice, Quot.sound]
'OQP27.Rig.window_sum' depends on axioms: [propext, Classical.choice, Quot.sound]
'OQP27.Rig.window_identity' depends on axioms: [propext, Classical.choice, Quot.sound]
'OQP27.Rig.cellInequalities_of_single' depends on axioms: [propext, Classical.choice, Quot.sound]
'OQP27.Rig.cellEqualityAE_of_continuum' depends on axioms: [propext, Classical.choice, Quot.sound]
'OQP27.Rig.hyp_cellEquality_of_ae' depends on axioms: [propext, Classical.choice, Quot.sound]
'OQP27.Rig.continuumEquality_of_tight' depends on axioms: [propext, Classical.choice, Quot.sound]
'OQP27.Rig.continuumCell_of_single' depends on axioms: [propext, Classical.choice, Quot.sound]
'OQP27.Rig.continuumCellEq_of_tight' depends on axioms: [propext, Classical.choice, Quot.sound]
'OQP27.Rig.rigidity_all_d' depends on axioms: [propext, Classical.choice, Quot.sound]
'OQP27.Rig.rigidity_all_d'' depends on axioms: [propext, Classical.choice, Quot.sound]
'OQP27.Rig.rigidity_all_d''' depends on axioms: [propext, Classical.choice, Quot.sound]
'OQP27.Rig.rigidity_of_strip_tight' depends on axioms: [propext, Classical.choice, Quot.sound]
'OQP27.Rig.optimality_of_single' depends on axioms: [propext, Classical.choice, Quot.sound]
'OQP27.Rig.maxEntClause_of_strip_tight' depends on axioms: [propext, Classical.choice, Quot.sound]
'OQP27.Rig.rigidity_two' depends on axioms: [propext, Classical.choice, Quot.sound]
'OQP27.Rig.rigidity_le_twenty' depends on axioms: [propext, Classical.choice, Quot.sound]
'OQP27.Rig.rigidity_every_d' depends on axioms: [propext, Classical.choice, Quot.sound]
'OQP27.Rig.rigidity_every_d_strip' depends on axioms: [propext, Classical.choice, Quot.sound]
'OQP27.Rig.cellIneqSinglePos_of_strip' depends on axioms: [propext, Classical.choice, Quot.sound]
'OQP27.Rig.rigidity_of_strip_regular' depends on axioms: [propext, Classical.choice, Quot.sound]
'OQP27.Rig.rigidity_two_of_strip' depends on axioms: [propext, Classical.choice, Quot.sound]
'OQP27.Rig.conjField_eq_gconj' depends on axioms: [propext, Classical.choice, Quot.sound]
'OQP27.Rig.pointwise_first' depends on axioms: [propext, Classical.choice, Quot.sound]
'OQP27.Rig.continuumTight_of_strip' depends on axioms: [propext, Classical.choice, Quot.sound]
'OQP27.Rig.hyp_continuumEquality' depends on axioms: [propext, Classical.choice, Quot.sound]
'OQP27.Rig.hyp_cellEqualityAE' depends on axioms: [propext, Classical.choice, Quot.sound]
'OQP27.Rig.hyp_continuumCellEq' depends on axioms: [propext, Classical.choice, Quot.sound]
'OQP27.Rig.theoremR_of_strip' depends on axioms: [propext, Classical.choice, Quot.sound]
'OQP27.Rig.maxEntClause_of_strip_thmB' depends on axioms: [propext, Classical.choice, Quot.sound]
'OQP27.Rig.theoremR_two_of_strip' depends on axioms: [propext, Classical.choice, Quot.sound]
'OQP27.Rig.theoremR_le_twenty_of_strip' depends on axioms: [propext, Classical.choice, Quot.sound]
'OQP27.Rig.theoremR_every_d_of_strip' depends on axioms: [propext, Classical.choice, Quot.sound]
exit code: 0; elapsed s: 21
